2026-10-08 21:40:36,942 INFO o.a.j.u.JMeterUtils: Setting Locale to en_EN
2026-10-08 21:40:36,953 INFO o.a.j.JMeter: Loading user properties from: C:\meter\bin\user.properties
2026-10-08 21:40:36,955 INFO o.a.j.JMeter: Loading system properties from: C:\meter\bin\system.properties
2026-10-08 21:40:36,955 INFO o.a.j.JMeter: Setting JMeter property: host=192.168.86.33
2026-10-08 21:40:36,966 INFO o.a.j.JMeter: Copyright (c) 1998-2024 The Apache Software Foundation
2026-10-08 21:40:36,966 INFO o.a.j.JMeter: Version 5.6.3
2026-10-08 21:40:36,966 INFO o.a.j.JMeter: java.version=1.8.0_431
2026-10-08 21:40:36,966 INFO o.a.j.JMeter: java.vm.name=Java HotSpot(TM) Client VM
2026-10-08 21:40:36,966 INFO o.a.j.JMeter: os.name=Windows 11
2026-10-08 21:40:36,966 INFO o.a.j.JMeter: os.arch=x86
2026-10-08 21:40:36,966 INFO o.a.j.JMeter: os.version=10.0
2026-10-08 21:40:36,966 INFO o.a.j.JMeter: file.encoding=Cp1252
2026-10-08 21:40:36,966 INFO o.a.j.JMeter: java.awt.headless=true
2026-10-08 21:40:36,966 INFO o.a.j.JMeter: Max memory     =1073741824
2026-10-08 21:40:36,966 INFO o.a.j.JMeter: Available Processors =16
2026-10-08 21:40:36,969 INFO o.a.j.JMeter: Default Locale=English (EN)
2026-10-08 21:40:36,969 INFO o.a.j.JMeter: JMeter  Locale=English (EN)
2026-10-08 21:40:36,969 INFO o.a.j.JMeter: JMeterHome=C:\meter
2026-10-08 21:40:36,969 INFO o.a.j.JMeter: user.dir  =C:\Projects\ICT3113-A1-Team8
2026-10-08 21:40:36,974 INFO o.a.j.JMeter: PWD       =C:\Projects\ICT3113-A1-Team8
2026-10-08 21:40:36,990 INFO o.a.j.JMeter: IP: 192.168.86.25 Name: Samuel-Laptop FullName: Samuel-Laptop.lan
2026-10-08 21:40:37,037 INFO o.a.j.s.FileServer: Default base='C:\Projects\ICT3113-A1-Team8'
2026-10-08 21:40:37,037 INFO o.a.j.s.FileServer: Set new base='C:\Projects\ICT3113-A1-Team8\results\load\gemma3_1b\0.20rps'
2026-10-08 21:40:37,185 INFO o.a.j.s.SaveService: Testplan (JMX) version: 2.2. Testlog (JTL) version: 2.2
2026-10-08 21:40:37,201 INFO o.a.j.s.SaveService: Using SaveService properties file encoding UTF-8
2026-10-08 21:40:37,201 INFO o.a.j.s.SaveService: Using SaveService properties version 5.0
2026-10-08 21:40:37,217 INFO o.a.j.s.SaveService: Loading file: C:\Projects\ICT3113-A1-Team8\results\load\gemma3_1b\0.20rps\run1.jmx
2026-10-08 21:40:37,280 INFO o.a.j.p.h.s.HTTPSamplerBase: Parser for text/html is org.apache.jmeter.protocol.http.parser.LagartoBasedHtmlParser
2026-10-08 21:40:37,280 INFO o.a.j.p.h.s.HTTPSamplerBase: Parser for application/xhtml+xml is org.apache.jmeter.protocol.http.parser.LagartoBasedHtmlParser
2026-10-08 21:40:37,280 INFO o.a.j.p.h.s.HTTPSamplerBase: Parser for application/xml is org.apache.jmeter.protocol.http.parser.LagartoBasedHtmlParser
2026-10-08 21:40:37,280 INFO o.a.j.p.h.s.HTTPSamplerBase: Parser for text/xml is org.apache.jmeter.protocol.http.parser.LagartoBasedHtmlParser
2026-10-08 21:40:37,280 INFO o.a.j.p.h.s.HTTPSamplerBase: Parser for text/vnd.wap.wml is org.apache.jmeter.protocol.http.parser.RegexpHTMLParser
2026-10-08 21:40:37,280 INFO o.a.j.p.h.s.HTTPSamplerBase: Parser for text/css is org.apache.jmeter.protocol.http.parser.CssParser
2026-10-08 21:40:37,459 INFO o.a.j.JMeter: Creating summariser <summary>
2026-10-08 21:40:37,483 INFO o.a.j.e.StandardJMeterEngine: Running the test!
2026-10-08 21:40:37,483 INFO o.a.j.s.SampleEvent: List of sample_variables: []
2026-10-08 21:40:37,483 INFO o.a.j.s.SampleEvent: List of sample_variables: []
2026-10-08 21:40:37,483 INFO o.a.j.e.u.CompoundVariable: Note: Function class names must contain the string: '.functions.'
2026-10-08 21:40:37,483 INFO o.a.j.e.u.CompoundVariable: Note: Function class names must not contain the string: '.gui.'
2026-10-08 21:40:37,723 INFO o.a.j.JMeter: Running test (1791466837723)
2026-10-08 21:40:37,763 INFO o.a.j.e.StandardJMeterEngine: Starting ThreadGroup: 1 : Ticket intake
2026-10-08 21:40:37,763 INFO o.a.j.e.StandardJMeterEngine: Starting 0 threads for group Ticket intake.
2026-10-08 21:40:37,763 INFO o.a.j.e.StandardJMeterEngine: Thread will continue on error
2026-10-08 21:40:37,763 INFO o.a.j.t.o.OpenModelThreadGroup: Starting OpenModelThreadGroup#1 with schedule rate(12/min) random_arrivals(5 min) rate(12/min) pause(1 min)
2026-10-08 21:40:37,802 INFO o.a.j.e.StandardJMeterEngine: All thread groups have been started
2026-10-08 21:40:37,802 INFO o.a.j.t.o.OpenModelThreadGroup: Thread starting init
2026-10-08 21:40:37,802 INFO o.a.j.t.o.PoissonArrivalsRamp: Generating 60 events, beginRate = 0.2 / sec, endRate = 0.2 / sec, duration = 300.0 sec
2026-10-08 21:40:52,264 INFO o.a.j.t.JMeterThread: Thread started: Ticket intake 1-1
2026-10-08 21:40:52,265 INFO o.a.j.s.FileServer: Stored: run1.data.txt
2026-10-08 21:40:52,287 INFO o.a.j.p.h.s.HTTPHCAbstractImpl: Local host = Samuel-Laptop
2026-10-08 21:40:52,291 INFO o.a.j.p.h.s.HTTPHC4Impl: HTTP request retry count = 0
2026-10-08 21:40:52,293 INFO o.a.j.s.SampleResult: Note: Sample TimeStamps are START times
2026-10-08 21:40:52,293 INFO o.a.j.s.SampleResult: sampleresult.default.encoding is set to UTF-8
2026-10-08 21:40:52,293 INFO o.a.j.s.SampleResult: sampleresult.useNanoTime=true
2026-10-08 21:40:52,293 INFO o.a.j.s.SampleResult: sampleresult.nanoThreadSleep=5000
2026-10-08 21:40:54,165 INFO o.a.j.t.JMeterThread: Thread started: Ticket intake 1-2
2026-10-08 21:40:54,917 INFO o.a.j.t.JMeterThread: Thread is done: Ticket intake 1-1
2026-10-08 21:40:54,917 INFO o.a.j.t.JMeterThread: Thread finished: Ticket intake 1-1
2026-10-08 21:40:56,446 INFO o.a.j.t.JMeterThread: Thread is done: Ticket intake 1-2
2026-10-08 21:40:56,446 INFO o.a.j.t.JMeterThread: Thread finished: Ticket intake 1-2
2026-10-08 21:40:59,169 INFO o.a.j.t.JMeterThread: Thread started: Ticket intake 1-3
2026-10-08 21:41:01,095 INFO o.a.j.r.Summariser: summary +      3 in 00:00:23 =    0.1/s Avg:  2259 Min:  1924 Max:  2577 Err:     0 (0.00%) Active: 1 Started: 3 Finished: 2
2026-10-08 21:41:01,096 INFO o.a.j.t.JMeterThread: Thread is done: Ticket intake 1-3
2026-10-08 21:41:01,096 INFO o.a.j.t.JMeterThread: Thread finished: Ticket intake 1-3
2026-10-08 21:41:02,932 INFO o.a.j.t.JMeterThread: Thread started: Ticket intake 1-4
2026-10-08 21:41:04,124 INFO o.a.j.t.JMeterThread: Thread started: Ticket intake 1-5
2026-10-08 21:41:04,358 INFO o.a.j.t.JMeterThread: Thread is done: Ticket intake 1-4
2026-10-08 21:41:04,358 INFO o.a.j.t.JMeterThread: Thread finished: Ticket intake 1-4
2026-10-08 21:41:05,504 INFO o.a.j.t.JMeterThread: Thread is done: Ticket intake 1-5
2026-10-08 21:41:05,504 INFO o.a.j.t.JMeterThread: Thread finished: Ticket intake 1-5
2026-10-08 21:41:05,641 INFO o.a.j.t.JMeterThread: Thread started: Ticket intake 1-6
2026-10-08 21:41:07,653 INFO o.a.j.t.JMeterThread: Thread is done: Ticket intake 1-6
2026-10-08 21:41:07,653 INFO o.a.j.t.JMeterThread: Thread finished: Ticket intake 1-6
2026-10-08 21:41:10,053 INFO o.a.j.t.JMeterThread: Thread started: Ticket intake 1-7
2026-10-08 21:41:11,504 INFO o.a.j.t.JMeterThread: Thread is done: Ticket intake 1-7
2026-10-08 21:41:11,504 INFO o.a.j.t.JMeterThread: Thread finished: Ticket intake 1-7
2026-10-08 21:41:11,819 INFO o.a.j.t.JMeterThread: Thread started: Ticket intake 1-8
2026-10-08 21:41:11,865 INFO o.a.j.t.JMeterThread: Thread started: Ticket intake 1-9
2026-10-08 21:41:13,095 INFO o.a.j.t.JMeterThread: Thread is done: Ticket intake 1-8
2026-10-08 21:41:13,095 INFO o.a.j.t.JMeterThread: Thread finished: Ticket intake 1-8
2026-10-08 21:41:15,071 INFO o.a.j.t.JMeterThread: Thread is done: Ticket intake 1-9
2026-10-08 21:41:15,071 INFO o.a.j.t.JMeterThread: Thread finished: Ticket intake 1-9
2026-10-08 21:41:19,827 INFO o.a.j.t.JMeterThread: Thread started: Ticket intake 1-10
2026-10-08 21:41:21,166 INFO o.a.j.t.JMeterThread: Thread is done: Ticket intake 1-10
2026-10-08 21:41:21,166 INFO o.a.j.t.JMeterThread: Thread finished: Ticket intake 1-10
2026-10-08 21:41:23,765 INFO o.a.j.t.JMeterThread: Thread started: Ticket intake 1-11
2026-10-08 21:41:23,793 INFO o.a.j.t.JMeterThread: Thread started: Ticket intake 1-12
2026-10-08 21:41:25,184 INFO o.a.j.t.JMeterThread: Thread is done: Ticket intake 1-11
2026-10-08 21:41:25,184 INFO o.a.j.t.JMeterThread: Thread finished: Ticket intake 1-11
2026-10-08 21:41:26,794 INFO o.a.j.t.JMeterThread: Thread is done: Ticket intake 1-12
2026-10-08 21:41:26,794 INFO o.a.j.t.JMeterThread: Thread finished: Ticket intake 1-12
2026-10-08 21:41:33,271 INFO o.a.j.t.JMeterThread: Thread started: Ticket intake 1-13
2026-10-08 21:41:34,283 INFO o.a.j.r.Summariser: summary +     10 in 00:00:33 =    0.3/s Avg:  1751 Min:  1010 Max:  3218 Err:     0 (0.00%) Active: 1 Started: 13 Finished: 12
2026-10-08 21:41:34,284 INFO o.a.j.r.Summariser: summary =     13 in 00:00:57 =    0.2/s Avg:  1869 Min:  1010 Max:  3218 Err:     0 (0.00%)
2026-10-08 21:41:34,285 INFO o.a.j.t.JMeterThread: Thread is done: Ticket intake 1-13
2026-10-08 21:41:34,285 INFO o.a.j.t.JMeterThread: Thread finished: Ticket intake 1-13
2026-10-08 21:41:35,239 INFO o.a.j.t.JMeterThread: Thread started: Ticket intake 1-14
2026-10-08 21:41:37,694 INFO o.a.j.t.JMeterThread: Thread is done: Ticket intake 1-14
2026-10-08 21:41:37,694 INFO o.a.j.t.JMeterThread: Thread finished: Ticket intake 1-14
2026-10-08 21:41:39,061 INFO o.a.j.t.JMeterThread: Thread started: Ticket intake 1-15
2026-10-08 21:41:39,980 INFO o.a.j.t.JMeterThread: Thread is done: Ticket intake 1-15
2026-10-08 21:41:39,980 INFO o.a.j.t.JMeterThread: Thread finished: Ticket intake 1-15
2026-10-08 21:41:41,275 INFO o.a.j.t.JMeterThread: Thread started: Ticket intake 1-16
2026-10-08 21:41:41,838 INFO o.a.j.t.JMeterThread: Thread started: Ticket intake 1-17
2026-10-08 21:41:42,360 INFO o.a.j.t.JMeterThread: Thread is done: Ticket intake 1-16
2026-10-08 21:41:42,360 INFO o.a.j.t.JMeterThread: Thread finished: Ticket intake 1-16
2026-10-08 21:41:42,501 INFO o.a.j.t.JMeterThread: Thread started: Ticket intake 1-18
2026-10-08 21:41:43,519 INFO o.a.j.t.JMeterThread: Thread is done: Ticket intake 1-17
2026-10-08 21:41:43,519 INFO o.a.j.t.JMeterThread: Thread finished: Ticket intake 1-17
2026-10-08 21:41:46,182 INFO o.a.j.t.JMeterThread: Thread is done: Ticket intake 1-18
2026-10-08 21:41:46,183 INFO o.a.j.t.JMeterThread: Thread finished: Ticket intake 1-18
2026-10-08 21:41:47,205 INFO o.a.j.t.JMeterThread: Thread started: Ticket intake 1-19
2026-10-08 21:41:49,323 INFO o.a.j.t.JMeterThread: Thread is done: Ticket intake 1-19
2026-10-08 21:41:49,323 INFO o.a.j.t.JMeterThread: Thread finished: Ticket intake 1-19
2026-10-08 21:41:52,618 INFO o.a.j.t.JMeterThread: Thread started: Ticket intake 1-20
2026-10-08 21:41:55,718 INFO o.a.j.t.JMeterThread: Thread is done: Ticket intake 1-20
2026-10-08 21:41:55,718 INFO o.a.j.t.JMeterThread: Thread finished: Ticket intake 1-20
2026-10-08 21:41:56,853 INFO o.a.j.t.JMeterThread: Thread started: Ticket intake 1-21
2026-10-08 21:41:58,073 INFO o.a.j.t.JMeterThread: Thread is done: Ticket intake 1-21
2026-10-08 21:41:58,073 INFO o.a.j.t.JMeterThread: Thread finished: Ticket intake 1-21
2026-10-08 21:42:00,272 INFO o.a.j.t.JMeterThread: Thread started: Ticket intake 1-22
2026-10-08 21:42:01,205 INFO o.a.j.t.JMeterThread: Thread started: Ticket intake 1-23
2026-10-08 21:42:01,364 INFO o.a.j.r.Summariser: summary +      9 in 00:00:27 =    0.3/s Avg:  1927 Min:   917 Max:  3681 Err:     0 (0.00%) Active: 2 Started: 23 Finished: 21
2026-10-08 21:42:01,364 INFO o.a.j.r.Summariser: summary =     22 in 00:01:24 =    0.3/s Avg:  1892 Min:   917 Max:  3681 Err:     0 (0.00%)
2026-10-08 21:42:01,365 INFO o.a.j.t.JMeterThread: Thread is done: Ticket intake 1-22
2026-10-08 21:42:01,365 INFO o.a.j.t.JMeterThread: Thread finished: Ticket intake 1-22
2026-10-08 21:42:02,465 INFO o.a.j.t.JMeterThread: Thread started: Ticket intake 1-24
2026-10-08 21:42:02,809 INFO o.a.j.t.JMeterThread: Thread is done: Ticket intake 1-23
2026-10-08 21:42:02,809 INFO o.a.j.t.JMeterThread: Thread finished: Ticket intake 1-23
2026-10-08 21:42:04,524 INFO o.a.j.t.JMeterThread: Thread is done: Ticket intake 1-24
2026-10-08 21:42:04,524 INFO o.a.j.t.JMeterThread: Thread finished: Ticket intake 1-24
2026-10-08 21:42:12,548 INFO o.a.j.t.JMeterThread: Thread started: Ticket intake 1-25
2026-10-08 21:42:13,827 INFO o.a.j.t.JMeterThread: Thread is done: Ticket intake 1-25
2026-10-08 21:42:13,827 INFO o.a.j.t.JMeterThread: Thread finished: Ticket intake 1-25
2026-10-08 21:42:22,978 INFO o.a.j.t.JMeterThread: Thread started: Ticket intake 1-26
2026-10-08 21:42:24,707 INFO o.a.j.t.JMeterThread: Thread is done: Ticket intake 1-26
2026-10-08 21:42:24,707 INFO o.a.j.t.JMeterThread: Thread finished: Ticket intake 1-26
2026-10-08 21:42:25,095 INFO o.a.j.t.JMeterThread: Thread started: Ticket intake 1-27
2026-10-08 21:42:26,473 INFO o.a.j.t.JMeterThread: Thread is done: Ticket intake 1-27
2026-10-08 21:42:26,473 INFO o.a.j.t.JMeterThread: Thread finished: Ticket intake 1-27
2026-10-08 21:42:41,618 INFO o.a.j.t.JMeterThread: Thread started: Ticket intake 1-28
2026-10-08 21:42:42,826 INFO o.a.j.t.JMeterThread: Thread is done: Ticket intake 1-28
2026-10-08 21:42:42,826 INFO o.a.j.t.JMeterThread: Thread finished: Ticket intake 1-28
2026-10-08 21:42:48,798 INFO o.a.j.t.JMeterThread: Thread started: Ticket intake 1-29
2026-10-08 21:42:50,495 INFO o.a.j.t.JMeterThread: Thread is done: Ticket intake 1-29
2026-10-08 21:42:50,495 INFO o.a.j.t.JMeterThread: Thread finished: Ticket intake 1-29
2026-10-08 21:42:53,076 INFO o.a.j.t.JMeterThread: Thread started: Ticket intake 1-30
2026-10-08 21:42:54,400 INFO o.a.j.t.JMeterThread: Thread is done: Ticket intake 1-30
2026-10-08 21:42:54,400 INFO o.a.j.t.JMeterThread: Thread finished: Ticket intake 1-30
2026-10-08 21:43:05,535 INFO o.a.j.t.JMeterThread: Thread started: Ticket intake 1-31
2026-10-08 21:43:06,540 INFO o.a.j.t.JMeterThread: Thread is done: Ticket intake 1-31
2026-10-08 21:43:06,540 INFO o.a.j.t.JMeterThread: Thread finished: Ticket intake 1-31
2026-10-08 21:43:07,091 INFO o.a.j.t.JMeterThread: Thread started: Ticket intake 1-32
2026-10-08 21:43:07,381 INFO o.a.j.t.JMeterThread: Thread started: Ticket intake 1-33
2026-10-08 21:43:10,155 INFO o.a.j.t.JMeterThread: Thread is done: Ticket intake 1-32
2026-10-08 21:43:10,155 INFO o.a.j.t.JMeterThread: Thread finished: Ticket intake 1-32
2026-10-08 21:43:11,818 INFO o.a.j.t.JMeterThread: Thread is done: Ticket intake 1-33
2026-10-08 21:43:11,818 INFO o.a.j.t.JMeterThread: Thread finished: Ticket intake 1-33
2026-10-08 21:43:19,403 INFO o.a.j.t.JMeterThread: Thread started: Ticket intake 1-34
2026-10-08 21:43:20,324 INFO o.a.j.t.JMeterThread: Thread is done: Ticket intake 1-34
2026-10-08 21:43:20,324 INFO o.a.j.t.JMeterThread: Thread finished: Ticket intake 1-34
2026-10-08 21:43:28,717 INFO o.a.j.t.JMeterThread: Thread started: Ticket intake 1-35
2026-10-08 21:43:29,857 INFO o.a.j.t.JMeterThread: Thread is done: Ticket intake 1-35
2026-10-08 21:43:29,857 INFO o.a.j.t.JMeterThread: Thread finished: Ticket intake 1-35
2026-10-08 21:43:36,264 INFO o.a.j.t.JMeterThread: Thread started: Ticket intake 1-36
2026-10-08 21:43:36,839 INFO o.a.j.t.JMeterThread: Thread started: Ticket intake 1-37
2026-10-08 21:43:37,565 INFO o.a.j.t.JMeterThread: Thread started: Ticket intake 1-38
2026-10-08 21:43:38,245 INFO o.a.j.t.JMeterThread: Thread started: Ticket intake 1-39
2026-10-08 21:43:38,431 INFO o.a.j.t.JMeterThread: Thread is done: Ticket intake 1-36
2026-10-08 21:43:38,431 INFO o.a.j.t.JMeterThread: Thread finished: Ticket intake 1-36
2026-10-08 21:43:40,811 INFO o.a.j.t.JMeterThread: Thread is done: Ticket intake 1-37
2026-10-08 21:43:40,812 INFO o.a.j.t.JMeterThread: Thread finished: Ticket intake 1-37
2026-10-08 21:43:42,218 INFO o.a.j.t.JMeterThread: Thread is done: Ticket intake 1-38
2026-10-08 21:43:42,218 INFO o.a.j.t.JMeterThread: Thread finished: Ticket intake 1-38
2026-10-08 21:43:43,298 INFO o.a.j.t.JMeterThread: Thread is done: Ticket intake 1-39
2026-10-08 21:43:43,298 INFO o.a.j.t.JMeterThread: Thread finished: Ticket intake 1-39
2026-10-08 21:43:44,580 INFO o.a.j.t.JMeterThread: Thread started: Ticket intake 1-40
2026-10-08 21:43:46,279 INFO o.a.j.t.JMeterThread: Thread started: Ticket intake 1-41
2026-10-08 21:43:46,794 INFO o.a.j.t.JMeterThread: Thread is done: Ticket intake 1-40
2026-10-08 21:43:46,794 INFO o.a.j.t.JMeterThread: Thread finished: Ticket intake 1-40
2026-10-08 21:43:49,650 INFO o.a.j.t.JMeterThread: Thread is done: Ticket intake 1-41
2026-10-08 21:43:49,651 INFO o.a.j.t.JMeterThread: Thread finished: Ticket intake 1-41
2026-10-08 21:43:50,913 INFO o.a.j.t.JMeterThread: Thread started: Ticket intake 1-42
2026-10-08 21:43:51,016 INFO o.a.j.t.JMeterThread: Thread started: Ticket intake 1-43
2026-10-08 21:43:52,139 INFO o.a.j.t.JMeterThread: Thread is done: Ticket intake 1-42
2026-10-08 21:43:52,139 INFO o.a.j.t.JMeterThread: Thread finished: Ticket intake 1-42
2026-10-08 21:43:53,498 INFO o.a.j.t.JMeterThread: Thread is done: Ticket intake 1-43
2026-10-08 21:43:53,499 INFO o.a.j.t.JMeterThread: Thread finished: Ticket intake 1-43
2026-10-08 21:43:56,623 INFO o.a.j.t.JMeterThread: Thread started: Ticket intake 1-44
2026-10-08 21:43:56,806 INFO o.a.j.t.JMeterThread: Thread started: Ticket intake 1-45
2026-10-08 21:43:57,281 INFO o.a.j.t.JMeterThread: Thread started: Ticket intake 1-46
2026-10-08 21:43:59,048 INFO o.a.j.t.JMeterThread: Thread is done: Ticket intake 1-44
2026-10-08 21:43:59,048 INFO o.a.j.t.JMeterThread: Thread finished: Ticket intake 1-44
2026-10-08 21:44:00,674 INFO o.a.j.r.Summariser: summary +     23 in 00:01:59 =    0.2/s Avg:  2358 Min:   921 Max:  5051 Err:     0 (0.00%) Active: 2 Started: 46 Finished: 44
2026-10-08 21:44:00,675 INFO o.a.j.r.Summariser: summary =     45 in 00:03:23 =    0.2/s Avg:  2130 Min:   917 Max:  5051 Err:     0 (0.00%)
2026-10-08 21:44:00,676 INFO o.a.j.t.JMeterThread: Thread is done: Ticket intake 1-45
2026-10-08 21:44:00,676 INFO o.a.j.t.JMeterThread: Thread finished: Ticket intake 1-45
2026-10-08 21:44:03,673 INFO o.a.j.t.JMeterThread: Thread is done: Ticket intake 1-46
2026-10-08 21:44:03,673 INFO o.a.j.t.JMeterThread: Thread finished: Ticket intake 1-46
2026-10-08 21:44:05,986 INFO o.a.j.t.JMeterThread: Thread started: Ticket intake 1-47
2026-10-08 21:44:07,438 INFO o.a.j.t.JMeterThread: Thread is done: Ticket intake 1-47
2026-10-08 21:44:07,438 INFO o.a.j.t.JMeterThread: Thread finished: Ticket intake 1-47
2026-10-08 21:44:07,740 INFO o.a.j.t.JMeterThread: Thread started: Ticket intake 1-48
2026-10-08 21:44:10,547 INFO o.a.j.t.JMeterThread: Thread is done: Ticket intake 1-48
2026-10-08 21:44:10,547 INFO o.a.j.t.JMeterThread: Thread finished: Ticket intake 1-48
2026-10-08 21:44:12,244 INFO o.a.j.t.JMeterThread: Thread started: Ticket intake 1-49
2026-10-08 21:44:13,552 INFO o.a.j.t.JMeterThread: Thread is done: Ticket intake 1-49
2026-10-08 21:44:13,552 INFO o.a.j.t.JMeterThread: Thread finished: Ticket intake 1-49
2026-10-08 21:44:16,145 INFO o.a.j.t.JMeterThread: Thread started: Ticket intake 1-50
2026-10-08 21:44:17,796 INFO o.a.j.t.JMeterThread: Thread is done: Ticket intake 1-50
2026-10-08 21:44:17,796 INFO o.a.j.t.JMeterThread: Thread finished: Ticket intake 1-50
2026-10-08 21:44:24,330 INFO o.a.j.t.JMeterThread: Thread started: Ticket intake 1-51
2026-10-08 21:44:26,498 INFO o.a.j.t.JMeterThread: Thread is done: Ticket intake 1-51
2026-10-08 21:44:26,498 INFO o.a.j.t.JMeterThread: Thread finished: Ticket intake 1-51
2026-10-08 21:44:28,907 INFO o.a.j.t.JMeterThread: Thread started: Ticket intake 1-52
2026-10-08 21:44:30,298 INFO o.a.j.r.Summariser: summary +      7 in 00:00:30 =    0.2/s Avg:  2451 Min:  1308 Max:  6390 Err:     0 (0.00%) Active: 1 Started: 52 Finished: 51
2026-10-08 21:44:30,299 INFO o.a.j.r.Summariser: summary =     52 in 00:03:53 =    0.2/s Avg:  2173 Min:   917 Max:  6390 Err:     0 (0.00%)
2026-10-08 21:44:30,300 INFO o.a.j.t.JMeterThread: Thread is done: Ticket intake 1-52
2026-10-08 21:44:30,300 INFO o.a.j.t.JMeterThread: Thread finished: Ticket intake 1-52
2026-10-08 21:44:54,448 INFO o.a.j.t.JMeterThread: Thread started: Ticket intake 1-53
2026-10-08 21:44:56,717 INFO o.a.j.t.JMeterThread: Thread started: Ticket intake 1-54
2026-10-08 21:44:56,957 INFO o.a.j.t.JMeterThread: Thread is done: Ticket intake 1-53
2026-10-08 21:44:56,957 INFO o.a.j.t.JMeterThread: Thread finished: Ticket intake 1-53
2026-10-08 21:44:58,280 INFO o.a.j.t.JMeterThread: Thread started: Ticket intake 1-55
2026-10-08 21:44:59,820 INFO o.a.j.t.JMeterThread: Thread is done: Ticket intake 1-54
2026-10-08 21:44:59,820 INFO o.a.j.t.JMeterThread: Thread finished: Ticket intake 1-54
2026-10-08 21:45:01,634 INFO o.a.j.r.Summariser: summary +      3 in 00:00:31 =    0.1/s Avg:  2986 Min:  2507 Max:  3352 Err:     0 (0.00%) Active: 1 Started: 55 Finished: 54
2026-10-08 21:45:01,635 INFO o.a.j.r.Summariser: summary =     55 in 00:04:24 =    0.2/s Avg:  2218 Min:   917 Max:  6390 Err:     0 (0.00%)
2026-10-08 21:45:01,635 INFO o.a.j.t.JMeterThread: Thread is done: Ticket intake 1-55
2026-10-08 21:45:01,635 INFO o.a.j.t.JMeterThread: Thread finished: Ticket intake 1-55
2026-10-08 21:45:04,630 INFO o.a.j.t.JMeterThread: Thread started: Ticket intake 1-56
2026-10-08 21:45:06,385 INFO o.a.j.t.JMeterThread: Thread is done: Ticket intake 1-56
2026-10-08 21:45:06,385 INFO o.a.j.t.JMeterThread: Thread finished: Ticket intake 1-56
2026-10-08 21:45:09,196 INFO o.a.j.t.JMeterThread: Thread started: Ticket intake 1-57
2026-10-08 21:45:11,344 INFO o.a.j.t.JMeterThread: Thread is done: Ticket intake 1-57
2026-10-08 21:45:11,344 INFO o.a.j.t.JMeterThread: Thread finished: Ticket intake 1-57
2026-10-08 21:45:16,632 INFO o.a.j.t.JMeterThread: Thread started: Ticket intake 1-58
2026-10-08 21:45:18,754 INFO o.a.j.t.JMeterThread: Thread is done: Ticket intake 1-58
2026-10-08 21:45:18,754 INFO o.a.j.t.JMeterThread: Thread finished: Ticket intake 1-58
2026-10-08 21:45:26,342 INFO o.a.j.t.JMeterThread: Thread started: Ticket intake 1-59
2026-10-08 21:45:27,218 INFO o.a.j.t.o.EvenArrivalsRamp: Generating 0 events, beginRate = 0.0 / sec, endRate = 0.0 / sec, duration = 60.0 sec
2026-10-08 21:45:27,218 INFO o.a.j.t.o.OpenModelThreadGroup: There will be no more events, so will wait for 70 sec till the end of the schedule
2026-10-08 21:45:27,218 INFO o.a.j.t.JMeterThread: Thread started: Ticket intake 1-60
2026-10-08 21:45:29,233 INFO o.a.j.t.JMeterThread: Thread is done: Ticket intake 1-59
2026-10-08 21:45:29,233 INFO o.a.j.t.JMeterThread: Thread finished: Ticket intake 1-59
2026-10-08 21:45:30,901 INFO o.a.j.r.Summariser: summary +      5 in 00:00:29 =    0.2/s Avg:  2518 Min:  1754 Max:  3681 Err:     0 (0.00%) Active: 1 Started: 60 Finished: 59
2026-10-08 21:45:30,902 INFO o.a.j.r.Summariser: summary =     60 in 00:04:53 =    0.2/s Avg:  2243 Min:   917 Max:  6390 Err:     0 (0.00%)
2026-10-08 21:45:30,902 INFO o.a.j.t.JMeterThread: Thread is done: Ticket intake 1-60
2026-10-08 21:45:30,902 INFO o.a.j.t.JMeterThread: Thread finished: Ticket intake 1-60
2026-10-08 21:46:37,484 INFO o.a.j.t.o.OpenModelThreadGroup: There will be no more events, will shutdown the thread pool
2026-10-08 21:46:37,484 INFO o.a.j.t.o.OpenModelThreadGroup: Thread starting done
2026-10-08 21:46:37,484 INFO o.a.j.e.StandardJMeterEngine: Notifying test listeners of end of test
2026-10-08 21:46:37,485 INFO o.a.j.s.FileServer: Close: run1.data.txt
2026-10-08 21:46:37,488 INFO o.a.j.r.Summariser: summary =     60 in 00:06:00 =    0.2/s Avg:  2243 Min:   917 Max:  6390 Err:     0 (0.00%)
