2026-10-08 17:23:21,704 INFO o.a.j.u.JMeterUtils: Setting Locale to en_EN
2026-10-08 17:23:21,711 INFO o.a.j.JMeter: Loading user properties from: C:\meter\bin\user.properties
2026-10-08 17:23:21,711 INFO o.a.j.JMeter: Loading system properties from: C:\meter\bin\system.properties
2026-10-08 17:23:21,711 INFO o.a.j.JMeter: Setting JMeter property: host=192.168.86.33
2026-10-08 17:23:21,723 INFO o.a.j.JMeter: Copyright (c) 1998-2024 The Apache Software Foundation
2026-10-08 17:23:21,723 INFO o.a.j.JMeter: Version 5.6.3
2026-10-08 17:23:21,723 INFO o.a.j.JMeter: java.version=1.8.0_431
2026-10-08 17:23:21,723 INFO o.a.j.JMeter: java.vm.name=Java HotSpot(TM) Client VM
2026-10-08 17:23:21,723 INFO o.a.j.JMeter: os.name=Windows 11
2026-10-08 17:23:21,723 INFO o.a.j.JMeter: os.arch=x86
2026-10-08 17:23:21,723 INFO o.a.j.JMeter: os.version=10.0
2026-10-08 17:23:21,724 INFO o.a.j.JMeter: file.encoding=Cp1252
2026-10-08 17:23:21,724 INFO o.a.j.JMeter: java.awt.headless=true
2026-10-08 17:23:21,724 INFO o.a.j.JMeter: Max memory     =1073741824
2026-10-08 17:23:21,724 INFO o.a.j.JMeter: Available Processors =16
2026-10-08 17:23:21,726 INFO o.a.j.JMeter: Default Locale=English (EN)
2026-10-08 17:23:21,726 INFO o.a.j.JMeter: JMeter  Locale=English (EN)
2026-10-08 17:23:21,726 INFO o.a.j.JMeter: JMeterHome=C:\meter
2026-10-08 17:23:21,726 INFO o.a.j.JMeter: user.dir  =C:\Projects\ICT3113-A1-Team8
2026-10-08 17:23:21,726 INFO o.a.j.JMeter: PWD       =C:\Projects\ICT3113-A1-Team8
2026-10-08 17:23:21,734 INFO o.a.j.JMeter: IP: 192.168.86.25 Name: Samuel-Laptop FullName: Samuel-Laptop.lan
2026-10-08 17:23:21,754 INFO o.a.j.s.FileServer: Default base='C:\Projects\ICT3113-A1-Team8'
2026-10-08 17:23:21,755 INFO o.a.j.s.FileServer: Set new base='C:\Projects\ICT3113-A1-Team8\results\load\gemma3_1b\0.20rps'
2026-10-08 17:23:21,888 INFO o.a.j.s.SaveService: Testplan (JMX) version: 2.2. Testlog (JTL) version: 2.2
2026-10-08 17:23:21,904 INFO o.a.j.s.SaveService: Using SaveService properties file encoding UTF-8
2026-10-08 17:23:21,904 INFO o.a.j.s.SaveService: Using SaveService properties version 5.0
2026-10-08 17:23:21,920 INFO o.a.j.s.SaveService: Loading file: C:\Projects\ICT3113-A1-Team8\results\load\gemma3_1b\0.20rps\run2.jmx
2026-10-08 17:23:21,995 INFO o.a.j.p.h.s.HTTPSamplerBase: Parser for text/html is org.apache.jmeter.protocol.http.parser.LagartoBasedHtmlParser
2026-10-08 17:23:21,995 INFO o.a.j.p.h.s.HTTPSamplerBase: Parser for application/xhtml+xml is org.apache.jmeter.protocol.http.parser.LagartoBasedHtmlParser
2026-10-08 17:23:21,995 INFO o.a.j.p.h.s.HTTPSamplerBase: Parser for application/xml is org.apache.jmeter.protocol.http.parser.LagartoBasedHtmlParser
2026-10-08 17:23:21,995 INFO o.a.j.p.h.s.HTTPSamplerBase: Parser for text/xml is org.apache.jmeter.protocol.http.parser.LagartoBasedHtmlParser
2026-10-08 17:23:21,995 INFO o.a.j.p.h.s.HTTPSamplerBase: Parser for text/vnd.wap.wml is org.apache.jmeter.protocol.http.parser.RegexpHTMLParser
2026-10-08 17:23:21,995 INFO o.a.j.p.h.s.HTTPSamplerBase: Parser for text/css is org.apache.jmeter.protocol.http.parser.CssParser
2026-10-08 17:23:22,166 INFO o.a.j.JMeter: Creating summariser <summary>
2026-10-08 17:23:22,185 INFO o.a.j.e.StandardJMeterEngine: Running the test!
2026-10-08 17:23:22,185 INFO o.a.j.s.SampleEvent: List of sample_variables: []
2026-10-08 17:23:22,187 INFO o.a.j.s.SampleEvent: List of sample_variables: []
2026-10-08 17:23:22,191 INFO o.a.j.e.u.CompoundVariable: Note: Function class names must contain the string: '.functions.'
2026-10-08 17:23:22,191 INFO o.a.j.e.u.CompoundVariable: Note: Function class names must not contain the string: '.gui.'
2026-10-08 17:23:22,428 INFO o.a.j.JMeter: Running test (1791451402428)
2026-10-08 17:23:22,458 INFO o.a.j.e.StandardJMeterEngine: Starting ThreadGroup: 1 : Ticket intake
2026-10-08 17:23:22,458 INFO o.a.j.e.StandardJMeterEngine: Starting 0 threads for group Ticket intake.
2026-10-08 17:23:22,458 INFO o.a.j.e.StandardJMeterEngine: Thread will continue on error
2026-10-08 17:23:22,458 INFO o.a.j.t.o.OpenModelThreadGroup: Starting OpenModelThreadGroup#1 with schedule rate(12/min) random_arrivals(5 min) rate(12/min) pause(1 min)
2026-10-08 17:23:22,490 INFO o.a.j.e.StandardJMeterEngine: All thread groups have been started
2026-10-08 17:23:22,490 INFO o.a.j.t.o.OpenModelThreadGroup: Thread starting init
2026-10-08 17:23:22,490 INFO o.a.j.t.o.PoissonArrivalsRamp: Generating 60 events, beginRate = 0.2 / sec, endRate = 0.2 / sec, duration = 300.0 sec
2026-10-08 17:23:24,550 INFO o.a.j.t.JMeterThread: Thread started: Ticket intake 1-1
2026-10-08 17:23:24,551 INFO o.a.j.s.FileServer: Stored: run2.data.txt
2026-10-08 17:23:24,574 INFO o.a.j.p.h.s.HTTPHCAbstractImpl: Local host = Samuel-Laptop
2026-10-08 17:23:24,580 INFO o.a.j.p.h.s.HTTPHC4Impl: HTTP request retry count = 0
2026-10-08 17:23:24,581 INFO o.a.j.s.SampleResult: Note: Sample TimeStamps are START times
2026-10-08 17:23:24,582 INFO o.a.j.s.SampleResult: sampleresult.default.encoding is set to UTF-8
2026-10-08 17:23:24,582 INFO o.a.j.s.SampleResult: sampleresult.useNanoTime=true
2026-10-08 17:23:24,582 INFO o.a.j.s.SampleResult: sampleresult.nanoThreadSleep=5000
2026-10-08 17:23:26,425 INFO o.a.j.t.JMeterThread: Thread is done: Ticket intake 1-1
2026-10-08 17:23:26,425 INFO o.a.j.t.JMeterThread: Thread finished: Ticket intake 1-1
2026-10-08 17:23:28,322 INFO o.a.j.t.JMeterThread: Thread started: Ticket intake 1-2
2026-10-08 17:23:30,717 INFO o.a.j.r.Summariser: summary +      2 in 00:00:08 =    0.2/s Avg:  2090 Min:  1789 Max:  2391 Err:     0 (0.00%) Active: 1 Started: 2 Finished: 1
2026-10-08 17:23:30,718 INFO o.a.j.t.JMeterThread: Thread is done: Ticket intake 1-2
2026-10-08 17:23:30,718 INFO o.a.j.t.JMeterThread: Thread finished: Ticket intake 1-2
2026-10-08 17:23:33,453 INFO o.a.j.t.JMeterThread: Thread started: Ticket intake 1-3
2026-10-08 17:23:34,515 INFO o.a.j.t.JMeterThread: Thread is done: Ticket intake 1-3
2026-10-08 17:23:34,515 INFO o.a.j.t.JMeterThread: Thread finished: Ticket intake 1-3
2026-10-08 17:23:38,220 INFO o.a.j.t.JMeterThread: Thread started: Ticket intake 1-4
2026-10-08 17:23:40,381 INFO o.a.j.t.JMeterThread: Thread is done: Ticket intake 1-4
2026-10-08 17:23:40,381 INFO o.a.j.t.JMeterThread: Thread finished: Ticket intake 1-4
2026-10-08 17:23:44,201 INFO o.a.j.t.JMeterThread: Thread started: Ticket intake 1-5
2026-10-08 17:23:45,765 INFO o.a.j.t.JMeterThread: Thread is done: Ticket intake 1-5
2026-10-08 17:23:45,765 INFO o.a.j.t.JMeterThread: Thread finished: Ticket intake 1-5
2026-10-08 17:24:01,919 INFO o.a.j.t.JMeterThread: Thread started: Ticket intake 1-6
2026-10-08 17:24:03,519 INFO o.a.j.r.Summariser: summary +      4 in 00:00:33 =    0.1/s Avg:  1595 Min:  1062 Max:  2160 Err:     0 (0.00%) Active: 1 Started: 6 Finished: 5
2026-10-08 17:24:03,520 INFO o.a.j.r.Summariser: summary =      6 in 00:00:41 =    0.1/s Avg:  1760 Min:  1062 Max:  2391 Err:     0 (0.00%)
2026-10-08 17:24:03,521 INFO o.a.j.t.JMeterThread: Thread is done: Ticket intake 1-6
2026-10-08 17:24:03,521 INFO o.a.j.t.JMeterThread: Thread finished: Ticket intake 1-6
2026-10-08 17:24:06,445 INFO o.a.j.t.JMeterThread: Thread started: Ticket intake 1-7
2026-10-08 17:24:09,181 INFO o.a.j.t.JMeterThread: Thread is done: Ticket intake 1-7
2026-10-08 17:24:09,181 INFO o.a.j.t.JMeterThread: Thread finished: Ticket intake 1-7
2026-10-08 17:24:10,623 INFO o.a.j.t.JMeterThread: Thread started: Ticket intake 1-8
2026-10-08 17:24:12,796 INFO o.a.j.t.JMeterThread: Thread is done: Ticket intake 1-8
2026-10-08 17:24:12,796 INFO o.a.j.t.JMeterThread: Thread finished: Ticket intake 1-8
2026-10-08 17:24:17,904 INFO o.a.j.t.JMeterThread: Thread started: Ticket intake 1-9
2026-10-08 17:24:18,834 INFO o.a.j.t.JMeterThread: Thread started: Ticket intake 1-10
2026-10-08 17:24:20,294 INFO o.a.j.t.JMeterThread: Thread is done: Ticket intake 1-9
2026-10-08 17:24:20,294 INFO o.a.j.t.JMeterThread: Thread finished: Ticket intake 1-9
2026-10-08 17:24:22,821 INFO o.a.j.t.JMeterThread: Thread started: Ticket intake 1-11
2026-10-08 17:24:22,871 INFO o.a.j.t.JMeterThread: Thread is done: Ticket intake 1-10
2026-10-08 17:24:22,872 INFO o.a.j.t.JMeterThread: Thread finished: Ticket intake 1-10
2026-10-08 17:24:25,134 INFO o.a.j.t.JMeterThread: Thread is done: Ticket intake 1-11
2026-10-08 17:24:25,134 INFO o.a.j.t.JMeterThread: Thread finished: Ticket intake 1-11
2026-10-08 17:24:29,831 INFO o.a.j.t.JMeterThread: Thread started: Ticket intake 1-12
2026-10-08 17:24:30,108 INFO o.a.j.t.JMeterThread: Thread started: Ticket intake 1-13
2026-10-08 17:24:31,757 INFO o.a.j.r.Summariser: summary +      6 in 00:00:28 =    0.2/s Avg:  2594 Min:  1924 Max:  4037 Err:     0 (0.00%) Active: 2 Started: 13 Finished: 11
2026-10-08 17:24:31,757 INFO o.a.j.r.Summariser: summary =     12 in 00:01:09 =    0.2/s Avg:  2177 Min:  1062 Max:  4037 Err:     0 (0.00%)
2026-10-08 17:24:31,757 INFO o.a.j.t.JMeterThread: Thread is done: Ticket intake 1-12
2026-10-08 17:24:31,757 INFO o.a.j.t.JMeterThread: Thread finished: Ticket intake 1-12
2026-10-08 17:24:33,119 INFO o.a.j.t.JMeterThread: Thread is done: Ticket intake 1-13
2026-10-08 17:24:33,119 INFO o.a.j.t.JMeterThread: Thread finished: Ticket intake 1-13
2026-10-08 17:24:34,855 INFO o.a.j.t.JMeterThread: Thread started: Ticket intake 1-14
2026-10-08 17:24:36,797 INFO o.a.j.t.JMeterThread: Thread started: Ticket intake 1-15
2026-10-08 17:24:37,265 INFO o.a.j.t.JMeterThread: Thread is done: Ticket intake 1-14
2026-10-08 17:24:37,265 INFO o.a.j.t.JMeterThread: Thread finished: Ticket intake 1-14
2026-10-08 17:24:38,550 INFO o.a.j.t.JMeterThread: Thread is done: Ticket intake 1-15
2026-10-08 17:24:38,550 INFO o.a.j.t.JMeterThread: Thread finished: Ticket intake 1-15
2026-10-08 17:24:45,200 INFO o.a.j.t.JMeterThread: Thread started: Ticket intake 1-16
2026-10-08 17:24:47,024 INFO o.a.j.t.JMeterThread: Thread is done: Ticket intake 1-16
2026-10-08 17:24:47,025 INFO o.a.j.t.JMeterThread: Thread finished: Ticket intake 1-16
2026-10-08 17:24:48,918 INFO o.a.j.t.JMeterThread: Thread started: Ticket intake 1-17
2026-10-08 17:24:50,423 INFO o.a.j.t.JMeterThread: Thread is done: Ticket intake 1-17
2026-10-08 17:24:50,423 INFO o.a.j.t.JMeterThread: Thread finished: Ticket intake 1-17
2026-10-08 17:24:50,729 INFO o.a.j.t.JMeterThread: Thread started: Ticket intake 1-18
2026-10-08 17:24:52,961 INFO o.a.j.t.JMeterThread: Thread is done: Ticket intake 1-18
2026-10-08 17:24:52,962 INFO o.a.j.t.JMeterThread: Thread finished: Ticket intake 1-18
2026-10-08 17:24:58,786 INFO o.a.j.t.JMeterThread: Thread started: Ticket intake 1-19
2026-10-08 17:24:59,938 INFO o.a.j.t.JMeterThread: Thread is done: Ticket intake 1-19
2026-10-08 17:24:59,938 INFO o.a.j.t.JMeterThread: Thread finished: Ticket intake 1-19
2026-10-08 17:25:02,381 INFO o.a.j.t.JMeterThread: Thread started: Ticket intake 1-20
2026-10-08 17:25:03,943 INFO o.a.j.r.Summariser: summary +      8 in 00:00:32 =    0.2/s Avg:  1929 Min:  1150 Max:  3010 Err:     0 (0.00%) Active: 1 Started: 20 Finished: 19
2026-10-08 17:25:03,943 INFO o.a.j.r.Summariser: summary =     20 in 00:01:42 =    0.2/s Avg:  2078 Min:  1062 Max:  4037 Err:     0 (0.00%)
2026-10-08 17:25:03,943 INFO o.a.j.t.JMeterThread: Thread is done: Ticket intake 1-20
2026-10-08 17:25:03,943 INFO o.a.j.t.JMeterThread: Thread finished: Ticket intake 1-20
2026-10-08 17:25:06,802 INFO o.a.j.t.JMeterThread: Thread started: Ticket intake 1-21
2026-10-08 17:25:08,467 INFO o.a.j.t.JMeterThread: Thread is done: Ticket intake 1-21
2026-10-08 17:25:08,468 INFO o.a.j.t.JMeterThread: Thread finished: Ticket intake 1-21
2026-10-08 17:25:10,186 INFO o.a.j.t.JMeterThread: Thread started: Ticket intake 1-22
2026-10-08 17:25:12,697 INFO o.a.j.t.JMeterThread: Thread is done: Ticket intake 1-22
2026-10-08 17:25:12,697 INFO o.a.j.t.JMeterThread: Thread finished: Ticket intake 1-22
2026-10-08 17:25:15,866 INFO o.a.j.t.JMeterThread: Thread started: Ticket intake 1-23
2026-10-08 17:25:16,058 INFO o.a.j.t.JMeterThread: Thread started: Ticket intake 1-24
2026-10-08 17:25:17,046 INFO o.a.j.t.JMeterThread: Thread is done: Ticket intake 1-23
2026-10-08 17:25:17,046 INFO o.a.j.t.JMeterThread: Thread finished: Ticket intake 1-23
2026-10-08 17:25:17,977 INFO o.a.j.t.JMeterThread: Thread started: Ticket intake 1-25
2026-10-08 17:25:18,123 INFO o.a.j.t.JMeterThread: Thread is done: Ticket intake 1-24
2026-10-08 17:25:18,123 INFO o.a.j.t.JMeterThread: Thread finished: Ticket intake 1-24
2026-10-08 17:25:19,696 INFO o.a.j.t.JMeterThread: Thread is done: Ticket intake 1-25
2026-10-08 17:25:19,696 INFO o.a.j.t.JMeterThread: Thread finished: Ticket intake 1-25
2026-10-08 17:25:20,103 INFO o.a.j.t.JMeterThread: Thread started: Ticket intake 1-26
2026-10-08 17:25:21,247 INFO o.a.j.t.JMeterThread: Thread is done: Ticket intake 1-26
2026-10-08 17:25:21,247 INFO o.a.j.t.JMeterThread: Thread finished: Ticket intake 1-26
2026-10-08 17:25:29,660 INFO o.a.j.t.JMeterThread: Thread started: Ticket intake 1-27
2026-10-08 17:25:31,727 INFO o.a.j.r.Summariser: summary +      7 in 00:00:28 =    0.3/s Avg:  1762 Min:  1142 Max:  2509 Err:     0 (0.00%) Active: 1 Started: 27 Finished: 26
2026-10-08 17:25:31,727 INFO o.a.j.r.Summariser: summary =     27 in 00:02:09 =    0.2/s Avg:  1996 Min:  1062 Max:  4037 Err:     0 (0.00%)
2026-10-08 17:25:31,727 INFO o.a.j.t.JMeterThread: Thread is done: Ticket intake 1-27
2026-10-08 17:25:31,727 INFO o.a.j.t.JMeterThread: Thread finished: Ticket intake 1-27
2026-10-08 17:25:34,354 INFO o.a.j.t.JMeterThread: Thread started: Ticket intake 1-28
2026-10-08 17:25:36,890 INFO o.a.j.t.JMeterThread: Thread is done: Ticket intake 1-28
2026-10-08 17:25:36,891 INFO o.a.j.t.JMeterThread: Thread finished: Ticket intake 1-28
2026-10-08 17:25:42,920 INFO o.a.j.t.JMeterThread: Thread started: Ticket intake 1-29
2026-10-08 17:25:44,548 INFO o.a.j.t.JMeterThread: Thread is done: Ticket intake 1-29
2026-10-08 17:25:44,549 INFO o.a.j.t.JMeterThread: Thread finished: Ticket intake 1-29
2026-10-08 17:25:45,345 INFO o.a.j.t.JMeterThread: Thread started: Ticket intake 1-30
2026-10-08 17:25:46,542 INFO o.a.j.t.JMeterThread: Thread is done: Ticket intake 1-30
2026-10-08 17:25:46,542 INFO o.a.j.t.JMeterThread: Thread finished: Ticket intake 1-30
2026-10-08 17:25:52,057 INFO o.a.j.t.JMeterThread: Thread started: Ticket intake 1-31
2026-10-08 17:25:53,256 INFO o.a.j.t.JMeterThread: Thread is done: Ticket intake 1-31
2026-10-08 17:25:53,256 INFO o.a.j.t.JMeterThread: Thread finished: Ticket intake 1-31
2026-10-08 17:25:56,561 INFO o.a.j.t.JMeterThread: Thread started: Ticket intake 1-32
2026-10-08 17:25:58,631 INFO o.a.j.t.JMeterThread: Thread is done: Ticket intake 1-32
2026-10-08 17:25:58,631 INFO o.a.j.t.JMeterThread: Thread finished: Ticket intake 1-32
2026-10-08 17:26:07,336 INFO o.a.j.t.JMeterThread: Thread started: Ticket intake 1-33
2026-10-08 17:26:09,021 INFO o.a.j.t.JMeterThread: Thread is done: Ticket intake 1-33
2026-10-08 17:26:09,022 INFO o.a.j.t.JMeterThread: Thread finished: Ticket intake 1-33
2026-10-08 17:26:15,835 INFO o.a.j.t.JMeterThread: Thread started: Ticket intake 1-34
2026-10-08 17:26:17,475 INFO o.a.j.t.JMeterThread: Thread is done: Ticket intake 1-34
2026-10-08 17:26:17,475 INFO o.a.j.t.JMeterThread: Thread finished: Ticket intake 1-34
2026-10-08 17:26:20,483 INFO o.a.j.t.JMeterThread: Thread started: Ticket intake 1-35
2026-10-08 17:26:22,692 INFO o.a.j.t.JMeterThread: Thread is done: Ticket intake 1-35
2026-10-08 17:26:22,692 INFO o.a.j.t.JMeterThread: Thread finished: Ticket intake 1-35
2026-10-08 17:26:23,637 INFO o.a.j.t.JMeterThread: Thread started: Ticket intake 1-36
2026-10-08 17:26:25,230 INFO o.a.j.t.JMeterThread: Thread is done: Ticket intake 1-36
2026-10-08 17:26:25,230 INFO o.a.j.t.JMeterThread: Thread finished: Ticket intake 1-36
2026-10-08 17:26:27,623 INFO o.a.j.t.JMeterThread: Thread started: Ticket intake 1-37
2026-10-08 17:26:29,486 INFO o.a.j.t.JMeterThread: Thread is done: Ticket intake 1-37
2026-10-08 17:26:29,486 INFO o.a.j.t.JMeterThread: Thread finished: Ticket intake 1-37
2026-10-08 17:26:34,853 INFO o.a.j.t.JMeterThread: Thread started: Ticket intake 1-38
2026-10-08 17:26:37,409 INFO o.a.j.t.JMeterThread: Thread is done: Ticket intake 1-38
2026-10-08 17:26:37,409 INFO o.a.j.t.JMeterThread: Thread finished: Ticket intake 1-38
2026-10-08 17:26:45,878 INFO o.a.j.t.JMeterThread: Thread started: Ticket intake 1-39
2026-10-08 17:26:47,850 INFO o.a.j.t.JMeterThread: Thread is done: Ticket intake 1-39
2026-10-08 17:26:47,850 INFO o.a.j.t.JMeterThread: Thread finished: Ticket intake 1-39
2026-10-08 17:26:48,252 INFO o.a.j.t.JMeterThread: Thread started: Ticket intake 1-40
2026-10-08 17:26:49,975 INFO o.a.j.t.JMeterThread: Thread started: Ticket intake 1-41
2026-10-08 17:26:50,180 INFO o.a.j.t.JMeterThread: Thread started: Ticket intake 1-42
2026-10-08 17:26:50,793 INFO o.a.j.t.JMeterThread: Thread is done: Ticket intake 1-40
2026-10-08 17:26:50,793 INFO o.a.j.t.JMeterThread: Thread finished: Ticket intake 1-40
2026-10-08 17:26:51,377 INFO o.a.j.t.JMeterThread: Thread started: Ticket intake 1-43
2026-10-08 17:26:52,846 INFO o.a.j.t.JMeterThread: Thread started: Ticket intake 1-44
2026-10-08 17:26:52,889 INFO o.a.j.t.JMeterThread: Thread is done: Ticket intake 1-41
2026-10-08 17:26:52,889 INFO o.a.j.t.JMeterThread: Thread finished: Ticket intake 1-41
2026-10-08 17:26:56,202 INFO o.a.j.t.JMeterThread: Thread is done: Ticket intake 1-42
2026-10-08 17:26:56,202 INFO o.a.j.t.JMeterThread: Thread finished: Ticket intake 1-42
2026-10-08 17:26:58,977 INFO o.a.j.t.JMeterThread: Thread is done: Ticket intake 1-43
2026-10-08 17:26:58,977 INFO o.a.j.t.JMeterThread: Thread finished: Ticket intake 1-43
2026-10-08 17:27:01,393 INFO o.a.j.r.Summariser: summary +     17 in 00:01:30 =    0.2/s Avg:  2926 Min:  1196 Max:  8546 Err:     0 (0.00%) Active: 1 Started: 44 Finished: 43
2026-10-08 17:27:01,394 INFO o.a.j.r.Summariser: summary =     44 in 00:03:39 =    0.2/s Avg:  2355 Min:  1062 Max:  8546 Err:     0 (0.00%)
2026-10-08 17:27:01,394 INFO o.a.j.t.JMeterThread: Thread is done: Ticket intake 1-44
2026-10-08 17:27:01,394 INFO o.a.j.t.JMeterThread: Thread finished: Ticket intake 1-44
2026-10-08 17:27:02,023 INFO o.a.j.t.JMeterThread: Thread started: Ticket intake 1-45
2026-10-08 17:27:04,973 INFO o.a.j.t.JMeterThread: Thread is done: Ticket intake 1-45
2026-10-08 17:27:04,973 INFO o.a.j.t.JMeterThread: Thread finished: Ticket intake 1-45
2026-10-08 17:27:12,692 INFO o.a.j.t.JMeterThread: Thread started: Ticket intake 1-46
2026-10-08 17:27:14,038 INFO o.a.j.t.JMeterThread: Thread is done: Ticket intake 1-46
2026-10-08 17:27:14,038 INFO o.a.j.t.JMeterThread: Thread finished: Ticket intake 1-46
2026-10-08 17:27:15,234 INFO o.a.j.t.JMeterThread: Thread started: Ticket intake 1-47
2026-10-08 17:27:16,612 INFO o.a.j.t.JMeterThread: Thread is done: Ticket intake 1-47
2026-10-08 17:27:16,612 INFO o.a.j.t.JMeterThread: Thread finished: Ticket intake 1-47
2026-10-08 17:27:23,884 INFO o.a.j.t.JMeterThread: Thread started: Ticket intake 1-48
2026-10-08 17:27:25,173 INFO o.a.j.t.JMeterThread: Thread is done: Ticket intake 1-48
2026-10-08 17:27:25,173 INFO o.a.j.t.JMeterThread: Thread finished: Ticket intake 1-48
2026-10-08 17:27:25,402 INFO o.a.j.t.JMeterThread: Thread started: Ticket intake 1-49
2026-10-08 17:27:27,015 INFO o.a.j.t.JMeterThread: Thread is done: Ticket intake 1-49
2026-10-08 17:27:27,015 INFO o.a.j.t.JMeterThread: Thread finished: Ticket intake 1-49
2026-10-08 17:27:35,514 INFO o.a.j.t.JMeterThread: Thread started: Ticket intake 1-50
2026-10-08 17:27:37,256 INFO o.a.j.t.JMeterThread: Thread is done: Ticket intake 1-50
2026-10-08 17:27:37,256 INFO o.a.j.t.JMeterThread: Thread finished: Ticket intake 1-50
2026-10-08 17:27:42,728 INFO o.a.j.t.JMeterThread: Thread started: Ticket intake 1-51
2026-10-08 17:27:44,462 INFO o.a.j.t.JMeterThread: Thread is done: Ticket intake 1-51
2026-10-08 17:27:44,462 INFO o.a.j.t.JMeterThread: Thread finished: Ticket intake 1-51
2026-10-08 17:27:46,414 INFO o.a.j.t.JMeterThread: Thread started: Ticket intake 1-52
2026-10-08 17:27:49,181 INFO o.a.j.t.JMeterThread: Thread is done: Ticket intake 1-52
2026-10-08 17:27:49,181 INFO o.a.j.t.JMeterThread: Thread finished: Ticket intake 1-52
2026-10-08 17:27:49,977 INFO o.a.j.t.JMeterThread: Thread started: Ticket intake 1-53
2026-10-08 17:27:52,770 INFO o.a.j.t.JMeterThread: Thread is done: Ticket intake 1-53
2026-10-08 17:27:52,771 INFO o.a.j.t.JMeterThread: Thread finished: Ticket intake 1-53
2026-10-08 17:27:53,666 INFO o.a.j.t.JMeterThread: Thread started: Ticket intake 1-54
2026-10-08 17:27:54,570 INFO o.a.j.t.JMeterThread: Thread started: Ticket intake 1-55
2026-10-08 17:27:55,053 INFO o.a.j.t.JMeterThread: Thread is done: Ticket intake 1-54
2026-10-08 17:27:55,053 INFO o.a.j.t.JMeterThread: Thread finished: Ticket intake 1-54
2026-10-08 17:27:57,044 INFO o.a.j.t.JMeterThread: Thread is done: Ticket intake 1-55
2026-10-08 17:27:57,044 INFO o.a.j.t.JMeterThread: Thread finished: Ticket intake 1-55
2026-10-08 17:27:57,833 INFO o.a.j.t.JMeterThread: Thread started: Ticket intake 1-56
2026-10-08 17:27:59,880 INFO o.a.j.t.JMeterThread: Thread is done: Ticket intake 1-56
2026-10-08 17:27:59,880 INFO o.a.j.t.JMeterThread: Thread finished: Ticket intake 1-56
2026-10-08 17:28:10,299 INFO o.a.j.t.JMeterThread: Thread started: Ticket intake 1-57
2026-10-08 17:28:11,481 INFO o.a.j.t.JMeterThread: Thread is done: Ticket intake 1-57
2026-10-08 17:28:11,481 INFO o.a.j.t.JMeterThread: Thread finished: Ticket intake 1-57
2026-10-08 17:28:11,896 INFO o.a.j.t.JMeterThread: Thread started: Ticket intake 1-58
2026-10-08 17:28:13,980 INFO o.a.j.t.JMeterThread: Thread is done: Ticket intake 1-58
2026-10-08 17:28:13,980 INFO o.a.j.t.JMeterThread: Thread finished: Ticket intake 1-58
2026-10-08 17:28:15,296 INFO o.a.j.t.JMeterThread: Thread started: Ticket intake 1-59
2026-10-08 17:28:15,460 INFO o.a.j.t.o.EvenArrivalsRamp: Generating 0 events, beginRate = 0.0 / sec, endRate = 0.0 / sec, duration = 60.0 sec
2026-10-08 17:28:15,460 INFO o.a.j.t.o.OpenModelThreadGroup: There will be no more events, so will wait for 66 sec till the end of the schedule
2026-10-08 17:28:15,461 INFO o.a.j.t.JMeterThread: Thread started: Ticket intake 1-60
2026-10-08 17:28:17,062 INFO o.a.j.t.JMeterThread: Thread is done: Ticket intake 1-59
2026-10-08 17:28:17,062 INFO o.a.j.t.JMeterThread: Thread finished: Ticket intake 1-59
2026-10-08 17:28:18,714 INFO o.a.j.t.JMeterThread: Thread is done: Ticket intake 1-60
2026-10-08 17:28:18,714 INFO o.a.j.t.JMeterThread: Thread finished: Ticket intake 1-60
2026-10-08 17:29:22,190 INFO o.a.j.t.o.OpenModelThreadGroup: There will be no more events, will shutdown the thread pool
2026-10-08 17:29:22,190 INFO o.a.j.t.o.OpenModelThreadGroup: Thread starting done
2026-10-08 17:29:22,190 INFO o.a.j.e.StandardJMeterEngine: Notifying test listeners of end of test
2026-10-08 17:29:22,190 INFO o.a.j.s.FileServer: Close: run2.data.txt
2026-10-08 17:29:22,190 INFO o.a.j.r.Summariser: summary +     16 in 00:02:21 =    0.1/s Avg:  1986 Min:  1180 Max:  3251 Err:     0 (0.00%) Active: 0 Started: 60 Finished: 60
2026-10-08 17:29:22,190 INFO o.a.j.r.Summariser: summary =     60 in 00:06:00 =    0.2/s Avg:  2257 Min:  1062 Max:  8546 Err:     0 (0.00%)
