2026-10-08 17:37:25,752 INFO o.a.j.u.JMeterUtils: Setting Locale to en_EN
2026-10-08 17:37:25,764 INFO o.a.j.JMeter: Loading user properties from: C:\meter\bin\user.properties
2026-10-08 17:37:25,765 INFO o.a.j.JMeter: Loading system properties from: C:\meter\bin\system.properties
2026-10-08 17:37:25,765 INFO o.a.j.JMeter: Setting JMeter property: host=192.168.86.33
2026-10-08 17:37:25,771 INFO o.a.j.JMeter: Copyright (c) 1998-2024 The Apache Software Foundation
2026-10-08 17:37:25,771 INFO o.a.j.JMeter: Version 5.6.3
2026-10-08 17:37:25,771 INFO o.a.j.JMeter: java.version=1.8.0_431
2026-10-08 17:37:25,771 INFO o.a.j.JMeter: java.vm.name=Java HotSpot(TM) Client VM
2026-10-08 17:37:25,771 INFO o.a.j.JMeter: os.name=Windows 11
2026-10-08 17:37:25,772 INFO o.a.j.JMeter: os.arch=x86
2026-10-08 17:37:25,772 INFO o.a.j.JMeter: os.version=10.0
2026-10-08 17:37:25,772 INFO o.a.j.JMeter: file.encoding=Cp1252
2026-10-08 17:37:25,772 INFO o.a.j.JMeter: java.awt.headless=true
2026-10-08 17:37:25,772 INFO o.a.j.JMeter: Max memory     =1073741824
2026-10-08 17:37:25,772 INFO o.a.j.JMeter: Available Processors =16
2026-10-08 17:37:25,776 INFO o.a.j.JMeter: Default Locale=English (EN)
2026-10-08 17:37:25,776 INFO o.a.j.JMeter: JMeter  Locale=English (EN)
2026-10-08 17:37:25,776 INFO o.a.j.JMeter: JMeterHome=C:\meter
2026-10-08 17:37:25,776 INFO o.a.j.JMeter: user.dir  =C:\Projects\ICT3113-A1-Team8
2026-10-08 17:37:25,776 INFO o.a.j.JMeter: PWD       =C:\Projects\ICT3113-A1-Team8
2026-10-08 17:37:25,784 INFO o.a.j.JMeter: IP: 192.168.86.25 Name: Samuel-Laptop FullName: Samuel-Laptop.lan
2026-10-08 17:37:25,806 INFO o.a.j.s.FileServer: Default base='C:\Projects\ICT3113-A1-Team8'
2026-10-08 17:37:25,806 INFO o.a.j.s.FileServer: Set new base='C:\Projects\ICT3113-A1-Team8\results\load\gemma3_1b\0.20rps'
2026-10-08 17:37:25,927 INFO o.a.j.s.SaveService: Testplan (JMX) version: 2.2. Testlog (JTL) version: 2.2
2026-10-08 17:37:25,948 INFO o.a.j.s.SaveService: Using SaveService properties file encoding UTF-8
2026-10-08 17:37:25,955 INFO o.a.j.s.SaveService: Using SaveService properties version 5.0
2026-10-08 17:37:25,961 INFO o.a.j.s.SaveService: Loading file: C:\Projects\ICT3113-A1-Team8\results\load\gemma3_1b\0.20rps\run3.jmx
2026-10-08 17:37:26,029 INFO o.a.j.p.h.s.HTTPSamplerBase: Parser for text/html is org.apache.jmeter.protocol.http.parser.LagartoBasedHtmlParser
2026-10-08 17:37:26,029 INFO o.a.j.p.h.s.HTTPSamplerBase: Parser for application/xhtml+xml is org.apache.jmeter.protocol.http.parser.LagartoBasedHtmlParser
2026-10-08 17:37:26,029 INFO o.a.j.p.h.s.HTTPSamplerBase: Parser for application/xml is org.apache.jmeter.protocol.http.parser.LagartoBasedHtmlParser
2026-10-08 17:37:26,029 INFO o.a.j.p.h.s.HTTPSamplerBase: Parser for text/xml is org.apache.jmeter.protocol.http.parser.LagartoBasedHtmlParser
2026-10-08 17:37:26,029 INFO o.a.j.p.h.s.HTTPSamplerBase: Parser for text/vnd.wap.wml is org.apache.jmeter.protocol.http.parser.RegexpHTMLParser
2026-10-08 17:37:26,029 INFO o.a.j.p.h.s.HTTPSamplerBase: Parser for text/css is org.apache.jmeter.protocol.http.parser.CssParser
2026-10-08 17:37:26,208 INFO o.a.j.JMeter: Creating summariser <summary>
2026-10-08 17:37:26,225 INFO o.a.j.e.StandardJMeterEngine: Running the test!
2026-10-08 17:37:26,226 INFO o.a.j.s.SampleEvent: List of sample_variables: []
2026-10-08 17:37:26,226 INFO o.a.j.s.SampleEvent: List of sample_variables: []
2026-10-08 17:37:26,230 INFO o.a.j.e.u.CompoundVariable: Note: Function class names must contain the string: '.functions.'
2026-10-08 17:37:26,230 INFO o.a.j.e.u.CompoundVariable: Note: Function class names must not contain the string: '.gui.'
2026-10-08 17:37:26,463 INFO o.a.j.JMeter: Running test (1791452246463)
2026-10-08 17:37:26,501 INFO o.a.j.e.StandardJMeterEngine: Starting ThreadGroup: 1 : Ticket intake
2026-10-08 17:37:26,501 INFO o.a.j.e.StandardJMeterEngine: Starting 0 threads for group Ticket intake.
2026-10-08 17:37:26,501 INFO o.a.j.e.StandardJMeterEngine: Thread will continue on error
2026-10-08 17:37:26,501 INFO o.a.j.t.o.OpenModelThreadGroup: Starting OpenModelThreadGroup#1 with schedule rate(12/min) random_arrivals(5 min) rate(12/min) pause(1 min)
2026-10-08 17:37:26,528 INFO o.a.j.e.StandardJMeterEngine: All thread groups have been started
2026-10-08 17:37:26,528 INFO o.a.j.t.o.OpenModelThreadGroup: Thread starting init
2026-10-08 17:37:26,543 INFO o.a.j.t.o.PoissonArrivalsRamp: Generating 60 events, beginRate = 0.2 / sec, endRate = 0.2 / sec, duration = 300.0 sec
2026-10-08 17:37:37,651 INFO o.a.j.t.JMeterThread: Thread started: Ticket intake 1-1
2026-10-08 17:37:37,651 INFO o.a.j.s.FileServer: Stored: run3.data.txt
2026-10-08 17:37:37,669 INFO o.a.j.p.h.s.HTTPHCAbstractImpl: Local host = Samuel-Laptop
2026-10-08 17:37:37,669 INFO o.a.j.p.h.s.HTTPHC4Impl: HTTP request retry count = 0
2026-10-08 17:37:37,669 INFO o.a.j.s.SampleResult: Note: Sample TimeStamps are START times
2026-10-08 17:37:37,669 INFO o.a.j.s.SampleResult: sampleresult.default.encoding is set to UTF-8
2026-10-08 17:37:37,669 INFO o.a.j.s.SampleResult: sampleresult.useNanoTime=true
2026-10-08 17:37:37,669 INFO o.a.j.s.SampleResult: sampleresult.nanoThreadSleep=5000
2026-10-08 17:37:39,888 INFO o.a.j.t.JMeterThread: Thread started: Ticket intake 1-2
2026-10-08 17:37:40,781 INFO o.a.j.t.JMeterThread: Thread is done: Ticket intake 1-1
2026-10-08 17:37:40,781 INFO o.a.j.t.JMeterThread: Thread finished: Ticket intake 1-1
2026-10-08 17:37:41,678 INFO o.a.j.t.JMeterThread: Thread is done: Ticket intake 1-2
2026-10-08 17:37:41,678 INFO o.a.j.t.JMeterThread: Thread finished: Ticket intake 1-2
2026-10-08 17:37:42,695 INFO o.a.j.t.JMeterThread: Thread started: Ticket intake 1-3
2026-10-08 17:37:45,056 INFO o.a.j.t.JMeterThread: Thread is done: Ticket intake 1-3
2026-10-08 17:37:45,057 INFO o.a.j.t.JMeterThread: Thread finished: Ticket intake 1-3
2026-10-08 17:37:51,932 INFO o.a.j.t.JMeterThread: Thread started: Ticket intake 1-4
2026-10-08 17:37:53,870 INFO o.a.j.t.JMeterThread: Thread is done: Ticket intake 1-4
2026-10-08 17:37:53,870 INFO o.a.j.t.JMeterThread: Thread finished: Ticket intake 1-4
2026-10-08 17:38:00,867 INFO o.a.j.t.JMeterThread: Thread started: Ticket intake 1-5
2026-10-08 17:38:03,564 INFO o.a.j.r.Summariser: summary +      5 in 00:00:37 =    0.1/s Avg:  2366 Min:  1786 Max:  3054 Err:     0 (0.00%) Active: 1 Started: 5 Finished: 4
2026-10-08 17:38:03,565 INFO o.a.j.t.JMeterThread: Thread is done: Ticket intake 1-5
2026-10-08 17:38:03,565 INFO o.a.j.t.JMeterThread: Thread finished: Ticket intake 1-5
2026-10-08 17:38:04,709 INFO o.a.j.t.JMeterThread: Thread started: Ticket intake 1-6
2026-10-08 17:38:07,351 INFO o.a.j.t.JMeterThread: Thread is done: Ticket intake 1-6
2026-10-08 17:38:07,352 INFO o.a.j.t.JMeterThread: Thread finished: Ticket intake 1-6
2026-10-08 17:38:08,909 INFO o.a.j.t.JMeterThread: Thread started: Ticket intake 1-7
2026-10-08 17:38:10,183 INFO o.a.j.t.JMeterThread: Thread is done: Ticket intake 1-7
2026-10-08 17:38:10,183 INFO o.a.j.t.JMeterThread: Thread finished: Ticket intake 1-7
2026-10-08 17:38:12,325 INFO o.a.j.t.JMeterThread: Thread started: Ticket intake 1-8
2026-10-08 17:38:12,752 INFO o.a.j.t.JMeterThread: Thread started: Ticket intake 1-9
2026-10-08 17:38:15,134 INFO o.a.j.t.JMeterThread: Thread is done: Ticket intake 1-8
2026-10-08 17:38:15,135 INFO o.a.j.t.JMeterThread: Thread finished: Ticket intake 1-8
2026-10-08 17:38:17,139 INFO o.a.j.t.JMeterThread: Thread is done: Ticket intake 1-9
2026-10-08 17:38:17,139 INFO o.a.j.t.JMeterThread: Thread finished: Ticket intake 1-9
2026-10-08 17:38:18,070 INFO o.a.j.t.JMeterThread: Thread started: Ticket intake 1-10
2026-10-08 17:38:19,162 INFO o.a.j.t.JMeterThread: Thread is done: Ticket intake 1-10
2026-10-08 17:38:19,163 INFO o.a.j.t.JMeterThread: Thread finished: Ticket intake 1-10
2026-10-08 17:38:28,569 INFO o.a.j.t.JMeterThread: Thread started: Ticket intake 1-11
2026-10-08 17:38:30,275 INFO o.a.j.r.Summariser: summary +      6 in 00:00:27 =    0.2/s Avg:  2317 Min:  1090 Max:  4386 Err:     0 (0.00%) Active: 1 Started: 11 Finished: 10
2026-10-08 17:38:30,276 INFO o.a.j.r.Summariser: summary =     11 in 00:01:04 =    0.2/s Avg:  2339 Min:  1090 Max:  4386 Err:     0 (0.00%)
2026-10-08 17:38:30,277 INFO o.a.j.t.JMeterThread: Thread is done: Ticket intake 1-11
2026-10-08 17:38:30,277 INFO o.a.j.t.JMeterThread: Thread finished: Ticket intake 1-11
2026-10-08 17:38:37,158 INFO o.a.j.t.JMeterThread: Thread started: Ticket intake 1-12
2026-10-08 17:38:38,803 INFO o.a.j.t.JMeterThread: Thread is done: Ticket intake 1-12
2026-10-08 17:38:38,803 INFO o.a.j.t.JMeterThread: Thread finished: Ticket intake 1-12
2026-10-08 17:38:43,284 INFO o.a.j.t.JMeterThread: Thread started: Ticket intake 1-13
2026-10-08 17:38:43,663 INFO o.a.j.t.JMeterThread: Thread started: Ticket intake 1-14
2026-10-08 17:38:44,055 INFO o.a.j.t.JMeterThread: Thread started: Ticket intake 1-15
2026-10-08 17:38:45,394 INFO o.a.j.t.JMeterThread: Thread is done: Ticket intake 1-13
2026-10-08 17:38:45,394 INFO o.a.j.t.JMeterThread: Thread finished: Ticket intake 1-13
2026-10-08 17:38:46,942 INFO o.a.j.t.JMeterThread: Thread is done: Ticket intake 1-14
2026-10-08 17:38:46,942 INFO o.a.j.t.JMeterThread: Thread finished: Ticket intake 1-14
2026-10-08 17:38:48,351 INFO o.a.j.t.JMeterThread: Thread is done: Ticket intake 1-15
2026-10-08 17:38:48,351 INFO o.a.j.t.JMeterThread: Thread finished: Ticket intake 1-15
2026-10-08 17:38:50,105 INFO o.a.j.t.JMeterThread: Thread started: Ticket intake 1-16
2026-10-08 17:38:53,499 INFO o.a.j.t.JMeterThread: Thread is done: Ticket intake 1-16
2026-10-08 17:38:53,499 INFO o.a.j.t.JMeterThread: Thread finished: Ticket intake 1-16
2026-10-08 17:38:54,171 INFO o.a.j.t.JMeterThread: Thread started: Ticket intake 1-17
2026-10-08 17:38:55,331 INFO o.a.j.t.JMeterThread: Thread is done: Ticket intake 1-17
2026-10-08 17:38:55,331 INFO o.a.j.t.JMeterThread: Thread finished: Ticket intake 1-17
2026-10-08 17:39:00,919 INFO o.a.j.t.JMeterThread: Thread started: Ticket intake 1-18
2026-10-08 17:39:01,123 INFO o.a.j.t.JMeterThread: Thread started: Ticket intake 1-19
2026-10-08 17:39:02,279 INFO o.a.j.r.Summariser: summary +      7 in 00:00:32 =    0.2/s Avg:  2461 Min:  1158 Max:  4294 Err:     0 (0.00%) Active: 2 Started: 19 Finished: 17
2026-10-08 17:39:02,280 INFO o.a.j.r.Summariser: summary =     18 in 00:01:36 =    0.2/s Avg:  2386 Min:  1090 Max:  4386 Err:     0 (0.00%)
2026-10-08 17:39:02,281 INFO o.a.j.t.JMeterThread: Thread is done: Ticket intake 1-18
2026-10-08 17:39:02,281 INFO o.a.j.t.JMeterThread: Thread finished: Ticket intake 1-18
2026-10-08 17:39:03,391 INFO o.a.j.t.JMeterThread: Thread is done: Ticket intake 1-19
2026-10-08 17:39:03,391 INFO o.a.j.t.JMeterThread: Thread finished: Ticket intake 1-19
2026-10-08 17:39:25,258 INFO o.a.j.t.JMeterThread: Thread started: Ticket intake 1-20
2026-10-08 17:39:27,784 INFO o.a.j.t.JMeterThread: Thread started: Ticket intake 1-21
2026-10-08 17:39:28,138 INFO o.a.j.t.JMeterThread: Thread is done: Ticket intake 1-20
2026-10-08 17:39:28,138 INFO o.a.j.t.JMeterThread: Thread finished: Ticket intake 1-20
2026-10-08 17:39:29,654 INFO o.a.j.t.JMeterThread: Thread is done: Ticket intake 1-21
2026-10-08 17:39:29,654 INFO o.a.j.t.JMeterThread: Thread finished: Ticket intake 1-21
2026-10-08 17:39:30,664 INFO o.a.j.t.JMeterThread: Thread started: Ticket intake 1-22
2026-10-08 17:39:33,617 INFO o.a.j.t.JMeterThread: Thread started: Ticket intake 1-23
2026-10-08 17:39:33,619 INFO o.a.j.r.Summariser: summary +      4 in 00:00:31 =    0.1/s Avg:  2491 Min:  1868 Max:  2954 Err:     0 (0.00%) Active: 2 Started: 23 Finished: 21
2026-10-08 17:39:33,620 INFO o.a.j.r.Summariser: summary =     22 in 00:02:07 =    0.2/s Avg:  2405 Min:  1090 Max:  4386 Err:     0 (0.00%)
2026-10-08 17:39:33,621 INFO o.a.j.t.JMeterThread: Thread is done: Ticket intake 1-22
2026-10-08 17:39:33,621 INFO o.a.j.t.JMeterThread: Thread finished: Ticket intake 1-22
2026-10-08 17:39:34,595 INFO o.a.j.t.JMeterThread: Thread started: Ticket intake 1-24
2026-10-08 17:39:34,989 INFO o.a.j.t.JMeterThread: Thread is done: Ticket intake 1-23
2026-10-08 17:39:34,989 INFO o.a.j.t.JMeterThread: Thread finished: Ticket intake 1-23
2026-10-08 17:39:36,881 INFO o.a.j.t.JMeterThread: Thread is done: Ticket intake 1-24
2026-10-08 17:39:36,881 INFO o.a.j.t.JMeterThread: Thread finished: Ticket intake 1-24
2026-10-08 17:39:38,473 INFO o.a.j.t.JMeterThread: Thread started: Ticket intake 1-25
2026-10-08 17:39:39,082 INFO o.a.j.t.JMeterThread: Thread started: Ticket intake 1-26
2026-10-08 17:39:39,712 INFO o.a.j.t.JMeterThread: Thread is done: Ticket intake 1-25
2026-10-08 17:39:39,712 INFO o.a.j.t.JMeterThread: Thread finished: Ticket intake 1-25
2026-10-08 17:39:41,275 INFO o.a.j.t.JMeterThread: Thread is done: Ticket intake 1-26
2026-10-08 17:39:41,275 INFO o.a.j.t.JMeterThread: Thread finished: Ticket intake 1-26
2026-10-08 17:39:44,704 INFO o.a.j.t.JMeterThread: Thread started: Ticket intake 1-27
2026-10-08 17:39:45,721 INFO o.a.j.t.JMeterThread: Thread is done: Ticket intake 1-27
2026-10-08 17:39:45,721 INFO o.a.j.t.JMeterThread: Thread finished: Ticket intake 1-27
2026-10-08 17:39:46,925 INFO o.a.j.t.JMeterThread: Thread started: Ticket intake 1-28
2026-10-08 17:39:46,947 INFO o.a.j.t.JMeterThread: Thread started: Ticket intake 1-29
2026-10-08 17:39:48,905 INFO o.a.j.t.JMeterThread: Thread is done: Ticket intake 1-28
2026-10-08 17:39:48,905 INFO o.a.j.t.JMeterThread: Thread finished: Ticket intake 1-28
2026-10-08 17:39:50,538 INFO o.a.j.t.JMeterThread: Thread is done: Ticket intake 1-29
2026-10-08 17:39:50,538 INFO o.a.j.t.JMeterThread: Thread finished: Ticket intake 1-29
2026-10-08 17:39:51,042 INFO o.a.j.t.JMeterThread: Thread started: Ticket intake 1-30
2026-10-08 17:39:53,340 INFO o.a.j.t.JMeterThread: Thread started: Ticket intake 1-31
2026-10-08 17:39:53,758 INFO o.a.j.t.JMeterThread: Thread is done: Ticket intake 1-30
2026-10-08 17:39:53,758 INFO o.a.j.t.JMeterThread: Thread finished: Ticket intake 1-30
2026-10-08 17:39:55,551 INFO o.a.j.t.JMeterThread: Thread is done: Ticket intake 1-31
2026-10-08 17:39:55,551 INFO o.a.j.t.JMeterThread: Thread finished: Ticket intake 1-31
2026-10-08 17:39:57,787 INFO o.a.j.t.JMeterThread: Thread started: Ticket intake 1-32
2026-10-08 17:39:58,057 INFO o.a.j.t.JMeterThread: Thread started: Ticket intake 1-33
2026-10-08 17:40:00,349 INFO o.a.j.r.Summariser: summary +     10 in 00:00:27 =    0.4/s Avg:  2114 Min:  1014 Max:  3590 Err:     0 (0.00%) Active: 2 Started: 33 Finished: 31
2026-10-08 17:40:00,349 INFO o.a.j.r.Summariser: summary =     32 in 00:02:34 =    0.2/s Avg:  2314 Min:  1014 Max:  4386 Err:     0 (0.00%)
2026-10-08 17:40:00,350 INFO o.a.j.t.JMeterThread: Thread is done: Ticket intake 1-32
2026-10-08 17:40:00,350 INFO o.a.j.t.JMeterThread: Thread finished: Ticket intake 1-32
2026-10-08 17:40:03,164 INFO o.a.j.t.JMeterThread: Thread is done: Ticket intake 1-33
2026-10-08 17:40:03,164 INFO o.a.j.t.JMeterThread: Thread finished: Ticket intake 1-33
2026-10-08 17:40:04,523 INFO o.a.j.t.JMeterThread: Thread started: Ticket intake 1-34
2026-10-08 17:40:06,503 INFO o.a.j.t.JMeterThread: Thread is done: Ticket intake 1-34
2026-10-08 17:40:06,503 INFO o.a.j.t.JMeterThread: Thread finished: Ticket intake 1-34
2026-10-08 17:40:09,226 INFO o.a.j.t.JMeterThread: Thread started: Ticket intake 1-35
2026-10-08 17:40:11,208 INFO o.a.j.t.JMeterThread: Thread is done: Ticket intake 1-35
2026-10-08 17:40:11,209 INFO o.a.j.t.JMeterThread: Thread finished: Ticket intake 1-35
2026-10-08 17:40:17,519 INFO o.a.j.t.JMeterThread: Thread started: Ticket intake 1-36
2026-10-08 17:40:18,714 INFO o.a.j.t.JMeterThread: Thread started: Ticket intake 1-37
2026-10-08 17:40:18,946 INFO o.a.j.t.JMeterThread: Thread is done: Ticket intake 1-36
2026-10-08 17:40:18,946 INFO o.a.j.t.JMeterThread: Thread finished: Ticket intake 1-36
2026-10-08 17:40:21,392 INFO o.a.j.t.JMeterThread: Thread is done: Ticket intake 1-37
2026-10-08 17:40:21,392 INFO o.a.j.t.JMeterThread: Thread finished: Ticket intake 1-37
2026-10-08 17:40:37,239 INFO o.a.j.t.JMeterThread: Thread started: Ticket intake 1-38
2026-10-08 17:40:40,121 INFO o.a.j.t.JMeterThread: Thread is done: Ticket intake 1-38
2026-10-08 17:40:40,121 INFO o.a.j.t.JMeterThread: Thread finished: Ticket intake 1-38
2026-10-08 17:40:43,741 INFO o.a.j.t.JMeterThread: Thread started: Ticket intake 1-39
2026-10-08 17:40:45,755 INFO o.a.j.t.JMeterThread: Thread is done: Ticket intake 1-39
2026-10-08 17:40:45,755 INFO o.a.j.t.JMeterThread: Thread finished: Ticket intake 1-39
2026-10-08 17:40:54,773 INFO o.a.j.t.JMeterThread: Thread started: Ticket intake 1-40
2026-10-08 17:40:56,261 INFO o.a.j.t.JMeterThread: Thread is done: Ticket intake 1-40
2026-10-08 17:40:56,261 INFO o.a.j.t.JMeterThread: Thread finished: Ticket intake 1-40
2026-10-08 17:40:59,070 INFO o.a.j.t.JMeterThread: Thread started: Ticket intake 1-41
2026-10-08 17:40:59,739 INFO o.a.j.t.JMeterThread: Thread started: Ticket intake 1-42
2026-10-08 17:41:01,138 INFO o.a.j.r.Summariser: summary +      9 in 00:01:01 =    0.1/s Avg:  2401 Min:  1426 Max:  5106 Err:     0 (0.00%) Active: 2 Started: 42 Finished: 40
2026-10-08 17:41:01,138 INFO o.a.j.r.Summariser: summary =     41 in 00:03:35 =    0.2/s Avg:  2333 Min:  1014 Max:  5106 Err:     0 (0.00%)
2026-10-08 17:41:01,139 INFO o.a.j.t.JMeterThread: Thread is done: Ticket intake 1-41
2026-10-08 17:41:01,139 INFO o.a.j.t.JMeterThread: Thread finished: Ticket intake 1-41
2026-10-08 17:41:01,522 INFO o.a.j.t.JMeterThread: Thread started: Ticket intake 1-43
2026-10-08 17:41:02,189 INFO o.a.j.t.JMeterThread: Thread started: Ticket intake 1-44
2026-10-08 17:41:02,253 INFO o.a.j.t.JMeterThread: Thread started: Ticket intake 1-45
2026-10-08 17:41:03,327 INFO o.a.j.t.JMeterThread: Thread is done: Ticket intake 1-42
2026-10-08 17:41:03,328 INFO o.a.j.t.JMeterThread: Thread finished: Ticket intake 1-42
2026-10-08 17:41:05,996 INFO o.a.j.t.JMeterThread: Thread is done: Ticket intake 1-43
2026-10-08 17:41:05,997 INFO o.a.j.t.JMeterThread: Thread finished: Ticket intake 1-43
2026-10-08 17:41:08,266 INFO o.a.j.t.JMeterThread: Thread is done: Ticket intake 1-44
2026-10-08 17:41:08,266 INFO o.a.j.t.JMeterThread: Thread finished: Ticket intake 1-44
2026-10-08 17:41:10,311 INFO o.a.j.t.JMeterThread: Thread is done: Ticket intake 1-45
2026-10-08 17:41:10,311 INFO o.a.j.t.JMeterThread: Thread finished: Ticket intake 1-45
2026-10-08 17:41:10,371 INFO o.a.j.t.JMeterThread: Thread started: Ticket intake 1-46
2026-10-08 17:41:12,922 INFO o.a.j.t.JMeterThread: Thread started: Ticket intake 1-47
2026-10-08 17:41:13,252 INFO o.a.j.t.JMeterThread: Thread is done: Ticket intake 1-46
2026-10-08 17:41:13,252 INFO o.a.j.t.JMeterThread: Thread finished: Ticket intake 1-46
2026-10-08 17:41:15,686 INFO o.a.j.t.JMeterThread: Thread is done: Ticket intake 1-47
2026-10-08 17:41:15,686 INFO o.a.j.t.JMeterThread: Thread finished: Ticket intake 1-47
2026-10-08 17:41:24,415 INFO o.a.j.t.JMeterThread: Thread started: Ticket intake 1-48
2026-10-08 17:41:25,893 INFO o.a.j.t.JMeterThread: Thread is done: Ticket intake 1-48
2026-10-08 17:41:25,893 INFO o.a.j.t.JMeterThread: Thread finished: Ticket intake 1-48
2026-10-08 17:41:29,125 INFO o.a.j.t.JMeterThread: Thread started: Ticket intake 1-49
2026-10-08 17:41:29,162 INFO o.a.j.t.JMeterThread: Thread started: Ticket intake 1-50
2026-10-08 17:41:29,660 INFO o.a.j.t.JMeterThread: Thread started: Ticket intake 1-51
2026-10-08 17:41:30,312 INFO o.a.j.t.JMeterThread: Thread started: Ticket intake 1-52
2026-10-08 17:41:31,002 INFO o.a.j.r.Summariser: summary +      8 in 00:00:30 =    0.3/s Avg:  3898 Min:  1476 Max:  8057 Err:     0 (0.00%) Active: 4 Started: 52 Finished: 48
2026-10-08 17:41:31,002 INFO o.a.j.r.Summariser: summary =     49 in 00:04:05 =    0.2/s Avg:  2589 Min:  1014 Max:  8057 Err:     0 (0.00%)
2026-10-08 17:41:31,002 INFO o.a.j.t.JMeterThread: Thread is done: Ticket intake 1-49
2026-10-08 17:41:31,002 INFO o.a.j.t.JMeterThread: Thread finished: Ticket intake 1-49
2026-10-08 17:41:32,934 INFO o.a.j.t.JMeterThread: Thread is done: Ticket intake 1-50
2026-10-08 17:41:32,934 INFO o.a.j.t.JMeterThread: Thread finished: Ticket intake 1-50
2026-10-08 17:41:34,414 INFO o.a.j.t.JMeterThread: Thread is done: Ticket intake 1-51
2026-10-08 17:41:34,414 INFO o.a.j.t.JMeterThread: Thread finished: Ticket intake 1-51
2026-10-08 17:41:35,567 INFO o.a.j.t.JMeterThread: Thread is done: Ticket intake 1-52
2026-10-08 17:41:35,568 INFO o.a.j.t.JMeterThread: Thread finished: Ticket intake 1-52
2026-10-08 17:41:42,773 INFO o.a.j.t.JMeterThread: Thread started: Ticket intake 1-53
2026-10-08 17:41:44,892 INFO o.a.j.t.JMeterThread: Thread is done: Ticket intake 1-53
2026-10-08 17:41:44,892 INFO o.a.j.t.JMeterThread: Thread finished: Ticket intake 1-53
2026-10-08 17:41:59,026 INFO o.a.j.t.JMeterThread: Thread started: Ticket intake 1-54
2026-10-08 17:41:59,469 INFO o.a.j.t.JMeterThread: Thread started: Ticket intake 1-55
2026-10-08 17:42:00,727 INFO o.a.j.r.Summariser: summary +      5 in 00:00:30 =    0.2/s Avg:  3518 Min:  1699 Max:  5253 Err:     0 (0.00%) Active: 2 Started: 55 Finished: 53
2026-10-08 17:42:00,727 INFO o.a.j.r.Summariser: summary =     54 in 00:04:34 =    0.2/s Avg:  2675 Min:  1014 Max:  8057 Err:     0 (0.00%)
2026-10-08 17:42:00,728 INFO o.a.j.t.JMeterThread: Thread is done: Ticket intake 1-54
2026-10-08 17:42:00,728 INFO o.a.j.t.JMeterThread: Thread finished: Ticket intake 1-54
2026-10-08 17:42:02,853 INFO o.a.j.t.JMeterThread: Thread is done: Ticket intake 1-55
2026-10-08 17:42:02,853 INFO o.a.j.t.JMeterThread: Thread finished: Ticket intake 1-55
2026-10-08 17:42:07,819 INFO o.a.j.t.JMeterThread: Thread started: Ticket intake 1-56
2026-10-08 17:42:08,844 INFO o.a.j.t.JMeterThread: Thread is done: Ticket intake 1-56
2026-10-08 17:42:08,844 INFO o.a.j.t.JMeterThread: Thread finished: Ticket intake 1-56
2026-10-08 17:42:11,211 INFO o.a.j.t.JMeterThread: Thread started: Ticket intake 1-57
2026-10-08 17:42:12,174 INFO o.a.j.t.JMeterThread: Thread started: Ticket intake 1-58
2026-10-08 17:42:12,974 INFO o.a.j.t.JMeterThread: Thread is done: Ticket intake 1-57
2026-10-08 17:42:12,975 INFO o.a.j.t.JMeterThread: Thread finished: Ticket intake 1-57
2026-10-08 17:42:15,903 INFO o.a.j.t.JMeterThread: Thread is done: Ticket intake 1-58
2026-10-08 17:42:15,903 INFO o.a.j.t.JMeterThread: Thread finished: Ticket intake 1-58
2026-10-08 17:42:20,316 INFO o.a.j.t.JMeterThread: Thread started: Ticket intake 1-59
2026-10-08 17:42:22,873 INFO o.a.j.t.JMeterThread: Thread is done: Ticket intake 1-59
2026-10-08 17:42:22,873 INFO o.a.j.t.JMeterThread: Thread finished: Ticket intake 1-59
2026-10-08 17:42:22,919 INFO o.a.j.t.o.EvenArrivalsRamp: Generating 0 events, beginRate = 0.0 / sec, endRate = 0.0 / sec, duration = 60.0 sec
2026-10-08 17:42:22,919 INFO o.a.j.t.o.OpenModelThreadGroup: There will be no more events, so will wait for 63 sec till the end of the schedule
2026-10-08 17:42:22,919 INFO o.a.j.t.JMeterThread: Thread started: Ticket intake 1-60
2026-10-08 17:42:24,593 INFO o.a.j.t.JMeterThread: Thread is done: Ticket intake 1-60
2026-10-08 17:42:24,593 INFO o.a.j.t.JMeterThread: Thread finished: Ticket intake 1-60
2026-10-08 17:43:26,230 INFO o.a.j.t.o.OpenModelThreadGroup: There will be no more events, will shutdown the thread pool
2026-10-08 17:43:26,230 INFO o.a.j.t.o.OpenModelThreadGroup: Thread starting done
2026-10-08 17:43:26,230 INFO o.a.j.e.StandardJMeterEngine: Notifying test listeners of end of test
2026-10-08 17:43:26,230 INFO o.a.j.s.FileServer: Close: run3.data.txt
2026-10-08 17:43:26,230 INFO o.a.j.r.Summariser: summary +      6 in 00:01:26 =    0.1/s Avg:  2353 Min:  1025 Max:  3727 Err:     0 (0.00%) Active: 0 Started: 60 Finished: 60
2026-10-08 17:43:26,230 INFO o.a.j.r.Summariser: summary =     60 in 00:06:00 =    0.2/s Avg:  2643 Min:  1014 Max:  8057 Err:     0 (0.00%)
