2026-10-08 15:41:25,726 INFO o.a.j.u.JMeterUtils: Setting Locale to en_EN
2026-10-08 15:41:25,742 INFO o.a.j.JMeter: Loading user properties from: C:\meter\bin\user.properties
2026-10-08 15:41:25,742 INFO o.a.j.JMeter: Loading system properties from: C:\meter\bin\system.properties
2026-10-08 15:41:25,742 INFO o.a.j.JMeter: Setting JMeter property: host=192.168.86.33
2026-10-08 15:41:25,748 INFO o.a.j.JMeter: Copyright (c) 1998-2024 The Apache Software Foundation
2026-10-08 15:41:25,748 INFO o.a.j.JMeter: Version 5.6.3
2026-10-08 15:41:25,748 INFO o.a.j.JMeter: java.version=1.8.0_431
2026-10-08 15:41:25,748 INFO o.a.j.JMeter: java.vm.name=Java HotSpot(TM) Client VM
2026-10-08 15:41:25,748 INFO o.a.j.JMeter: os.name=Windows 11
2026-10-08 15:41:25,748 INFO o.a.j.JMeter: os.arch=x86
2026-10-08 15:41:25,748 INFO o.a.j.JMeter: os.version=10.0
2026-10-08 15:41:25,748 INFO o.a.j.JMeter: file.encoding=Cp1252
2026-10-08 15:41:25,748 INFO o.a.j.JMeter: java.awt.headless=true
2026-10-08 15:41:25,748 INFO o.a.j.JMeter: Max memory     =1073741824
2026-10-08 15:41:25,748 INFO o.a.j.JMeter: Available Processors =16
2026-10-08 15:41:25,748 INFO o.a.j.JMeter: Default Locale=English (EN)
2026-10-08 15:41:25,748 INFO o.a.j.JMeter: JMeter  Locale=English (EN)
2026-10-08 15:41:25,748 INFO o.a.j.JMeter: JMeterHome=C:\meter
2026-10-08 15:41:25,748 INFO o.a.j.JMeter: user.dir  =C:\Projects\ICT3113-A1-Team8
2026-10-08 15:41:25,748 INFO o.a.j.JMeter: PWD       =C:\Projects\ICT3113-A1-Team8
2026-10-08 15:41:25,758 INFO o.a.j.JMeter: IP: 192.168.86.25 Name: Samuel-Laptop FullName: Samuel-Laptop.lan
2026-10-08 15:41:25,773 INFO o.a.j.s.FileServer: Default base='C:\Projects\ICT3113-A1-Team8'
2026-10-08 15:41:25,773 INFO o.a.j.s.FileServer: Set new base='C:\Projects\ICT3113-A1-Team8\jmeter'
2026-10-08 15:41:25,900 INFO o.a.j.s.SaveService: Testplan (JMX) version: 2.2. Testlog (JTL) version: 2.2
2026-10-08 15:41:25,916 INFO o.a.j.s.SaveService: Using SaveService properties file encoding UTF-8
2026-10-08 15:41:25,916 INFO o.a.j.s.SaveService: Using SaveService properties version 5.0
2026-10-08 15:41:25,932 INFO o.a.j.s.SaveService: Loading file: jmeter\load_0.10rps.jmx
2026-10-08 15:41:26,000 INFO o.a.j.p.h.s.HTTPSamplerBase: Parser for text/html is org.apache.jmeter.protocol.http.parser.LagartoBasedHtmlParser
2026-10-08 15:41:26,000 INFO o.a.j.p.h.s.HTTPSamplerBase: Parser for application/xhtml+xml is org.apache.jmeter.protocol.http.parser.LagartoBasedHtmlParser
2026-10-08 15:41:26,000 INFO o.a.j.p.h.s.HTTPSamplerBase: Parser for application/xml is org.apache.jmeter.protocol.http.parser.LagartoBasedHtmlParser
2026-10-08 15:41:26,000 INFO o.a.j.p.h.s.HTTPSamplerBase: Parser for text/xml is org.apache.jmeter.protocol.http.parser.LagartoBasedHtmlParser
2026-10-08 15:41:26,000 INFO o.a.j.p.h.s.HTTPSamplerBase: Parser for text/vnd.wap.wml is org.apache.jmeter.protocol.http.parser.RegexpHTMLParser
2026-10-08 15:41:26,000 INFO o.a.j.p.h.s.HTTPSamplerBase: Parser for text/css is org.apache.jmeter.protocol.http.parser.CssParser
2026-10-08 15:41:26,163 INFO o.a.j.JMeter: Creating summariser <summary>
2026-10-08 15:41:26,191 INFO o.a.j.e.StandardJMeterEngine: Running the test!
2026-10-08 15:41:26,193 INFO o.a.j.s.SampleEvent: List of sample_variables: []
2026-10-08 15:41:26,193 INFO o.a.j.s.SampleEvent: List of sample_variables: []
2026-10-08 15:41:26,197 INFO o.a.j.e.u.CompoundVariable: Note: Function class names must contain the string: '.functions.'
2026-10-08 15:41:26,197 INFO o.a.j.e.u.CompoundVariable: Note: Function class names must not contain the string: '.gui.'
2026-10-08 15:41:26,422 INFO o.a.j.JMeter: Running test (1791445286422)
2026-10-08 15:41:26,453 INFO o.a.j.e.StandardJMeterEngine: Starting ThreadGroup: 1 : Ticket intake
2026-10-08 15:41:26,453 INFO o.a.j.e.StandardJMeterEngine: Starting 0 threads for group Ticket intake.
2026-10-08 15:41:26,453 INFO o.a.j.e.StandardJMeterEngine: Thread will continue on error
2026-10-08 15:41:26,453 INFO o.a.j.t.o.OpenModelThreadGroup: Starting OpenModelThreadGroup#1 with schedule rate(6/min) random_arrivals(5 min) rate(6/min)
2026-10-08 15:41:26,485 INFO o.a.j.e.StandardJMeterEngine: All thread groups have been started
2026-10-08 15:41:26,485 INFO o.a.j.t.o.OpenModelThreadGroup: Thread starting init
2026-10-08 15:41:26,501 INFO o.a.j.t.o.PoissonArrivalsRamp: Generating 30 events, beginRate = 0.1 / sec, endRate = 0.1 / sec, duration = 300.0 sec
2026-10-08 15:41:32,262 INFO o.a.j.t.JMeterThread: Thread started: Ticket intake 1-1
2026-10-08 15:41:32,263 INFO o.a.j.s.FileServer: Stored: load_data.txt
2026-10-08 15:41:32,285 INFO o.a.j.p.h.s.HTTPHCAbstractImpl: Local host = Samuel-Laptop
2026-10-08 15:41:32,290 INFO o.a.j.p.h.s.HTTPHC4Impl: HTTP request retry count = 0
2026-10-08 15:41:32,291 INFO o.a.j.s.SampleResult: Note: Sample TimeStamps are START times
2026-10-08 15:41:32,291 INFO o.a.j.s.SampleResult: sampleresult.default.encoding is set to UTF-8
2026-10-08 15:41:32,291 INFO o.a.j.s.SampleResult: sampleresult.useNanoTime=true
2026-10-08 15:41:32,291 INFO o.a.j.s.SampleResult: sampleresult.nanoThreadSleep=5000
2026-10-08 15:41:33,081 INFO o.a.j.t.JMeterThread: Thread started: Ticket intake 1-2
2026-10-08 15:41:33,723 INFO o.a.j.r.Summariser: summary +      1 in 00:00:07 =    0.1/s Avg:  1384 Min:  1384 Max:  1384 Err:     0 (0.00%) Active: 2 Started: 2 Finished: 0
2026-10-08 15:41:33,723 INFO o.a.j.t.JMeterThread: Thread is done: Ticket intake 1-1
2026-10-08 15:41:33,723 INFO o.a.j.t.JMeterThread: Thread finished: Ticket intake 1-1
2026-10-08 15:41:35,049 INFO o.a.j.t.JMeterThread: Thread is done: Ticket intake 1-2
2026-10-08 15:41:35,049 INFO o.a.j.t.JMeterThread: Thread finished: Ticket intake 1-2
2026-10-08 15:41:55,799 INFO o.a.j.t.JMeterThread: Thread started: Ticket intake 1-3
2026-10-08 15:41:55,978 INFO o.a.j.t.JMeterThread: Thread is done: Ticket intake 1-3
2026-10-08 15:41:55,978 INFO o.a.j.t.JMeterThread: Thread finished: Ticket intake 1-3
2026-10-08 15:42:02,133 INFO o.a.j.t.JMeterThread: Thread started: Ticket intake 1-4
2026-10-08 15:42:02,359 INFO o.a.j.r.Summariser: summary +      3 in 00:00:29 =    0.1/s Avg:   792 Min:   177 Max:  1974 Err:     0 (0.00%) Active: 1 Started: 4 Finished: 3
2026-10-08 15:42:02,360 INFO o.a.j.r.Summariser: summary =      4 in 00:00:36 =    0.1/s Avg:   940 Min:   177 Max:  1974 Err:     0 (0.00%)
2026-10-08 15:42:02,360 INFO o.a.j.t.JMeterThread: Thread is done: Ticket intake 1-4
2026-10-08 15:42:02,361 INFO o.a.j.t.JMeterThread: Thread finished: Ticket intake 1-4
2026-10-08 15:42:09,024 INFO o.a.j.t.JMeterThread: Thread started: Ticket intake 1-5
2026-10-08 15:42:09,058 INFO o.a.j.t.JMeterThread: Thread started: Ticket intake 1-6
2026-10-08 15:42:09,196 INFO o.a.j.t.JMeterThread: Thread is done: Ticket intake 1-5
2026-10-08 15:42:09,196 INFO o.a.j.t.JMeterThread: Thread finished: Ticket intake 1-5
2026-10-08 15:42:09,409 INFO o.a.j.t.JMeterThread: Thread is done: Ticket intake 1-6
2026-10-08 15:42:09,409 INFO o.a.j.t.JMeterThread: Thread finished: Ticket intake 1-6
2026-10-08 15:42:16,520 INFO o.a.j.t.JMeterThread: Thread started: Ticket intake 1-7
2026-10-08 15:42:16,735 INFO o.a.j.t.JMeterThread: Thread is done: Ticket intake 1-7
2026-10-08 15:42:16,735 INFO o.a.j.t.JMeterThread: Thread finished: Ticket intake 1-7
2026-10-08 15:42:17,581 INFO o.a.j.t.JMeterThread: Thread started: Ticket intake 1-8
2026-10-08 15:42:18,616 INFO o.a.j.t.JMeterThread: Thread is done: Ticket intake 1-8
2026-10-08 15:42:18,616 INFO o.a.j.t.JMeterThread: Thread finished: Ticket intake 1-8
2026-10-08 15:42:40,993 INFO o.a.j.t.JMeterThread: Thread started: Ticket intake 1-9
2026-10-08 15:42:42,034 INFO o.a.j.t.JMeterThread: Thread is done: Ticket intake 1-9
2026-10-08 15:42:42,035 INFO o.a.j.t.JMeterThread: Thread finished: Ticket intake 1-9
2026-10-08 15:42:50,978 INFO o.a.j.t.JMeterThread: Thread started: Ticket intake 1-10
2026-10-08 15:42:52,163 INFO o.a.j.t.JMeterThread: Thread is done: Ticket intake 1-10
2026-10-08 15:42:52,163 INFO o.a.j.t.JMeterThread: Thread finished: Ticket intake 1-10
2026-10-08 15:43:07,695 INFO o.a.j.t.JMeterThread: Thread started: Ticket intake 1-11
2026-10-08 15:43:08,746 INFO o.a.j.t.JMeterThread: Thread started: Ticket intake 1-12
2026-10-08 15:43:10,165 INFO o.a.j.t.JMeterThread: Thread is done: Ticket intake 1-11
2026-10-08 15:43:10,165 INFO o.a.j.t.JMeterThread: Thread finished: Ticket intake 1-11
2026-10-08 15:43:10,320 INFO o.a.j.t.JMeterThread: Thread is done: Ticket intake 1-12
2026-10-08 15:43:10,320 INFO o.a.j.t.JMeterThread: Thread finished: Ticket intake 1-12
2026-10-08 15:43:13,043 INFO o.a.j.t.JMeterThread: Thread started: Ticket intake 1-13
2026-10-08 15:43:13,262 INFO o.a.j.t.JMeterThread: Thread is done: Ticket intake 1-13
2026-10-08 15:43:13,263 INFO o.a.j.t.JMeterThread: Thread finished: Ticket intake 1-13
2026-10-08 15:43:31,613 INFO o.a.j.t.JMeterThread: Thread started: Ticket intake 1-14
2026-10-08 15:43:31,801 INFO o.a.j.r.Summariser: summary +     10 in 00:01:29 =    0.1/s Avg:   843 Min:   168 Max:  2467 Err:     0 (0.00%) Active: 1 Started: 14 Finished: 13
2026-10-08 15:43:31,802 INFO o.a.j.r.Summariser: summary =     14 in 00:02:05 =    0.1/s Avg:   871 Min:   168 Max:  2467 Err:     0 (0.00%)
2026-10-08 15:43:31,803 INFO o.a.j.t.JMeterThread: Thread is done: Ticket intake 1-14
2026-10-08 15:43:31,803 INFO o.a.j.t.JMeterThread: Thread finished: Ticket intake 1-14
2026-10-08 15:43:34,343 INFO o.a.j.t.JMeterThread: Thread started: Ticket intake 1-15
2026-10-08 15:43:34,522 INFO o.a.j.t.JMeterThread: Thread is done: Ticket intake 1-15
2026-10-08 15:43:34,522 INFO o.a.j.t.JMeterThread: Thread finished: Ticket intake 1-15
2026-10-08 15:43:46,469 INFO o.a.j.t.JMeterThread: Thread started: Ticket intake 1-16
2026-10-08 15:43:47,480 INFO o.a.j.t.JMeterThread: Thread is done: Ticket intake 1-16
2026-10-08 15:43:47,480 INFO o.a.j.t.JMeterThread: Thread finished: Ticket intake 1-16
2026-10-08 15:43:57,807 INFO o.a.j.t.JMeterThread: Thread started: Ticket intake 1-17
2026-10-08 15:44:00,099 INFO o.a.j.r.Summariser: summary +      3 in 00:00:28 =    0.1/s Avg:  1158 Min:   177 Max:  2290 Err:     0 (0.00%) Active: 1 Started: 17 Finished: 16
2026-10-08 15:44:00,100 INFO o.a.j.r.Summariser: summary =     17 in 00:02:34 =    0.1/s Avg:   921 Min:   168 Max:  2467 Err:     0 (0.00%)
2026-10-08 15:44:00,101 INFO o.a.j.t.JMeterThread: Thread is done: Ticket intake 1-17
2026-10-08 15:44:00,101 INFO o.a.j.t.JMeterThread: Thread finished: Ticket intake 1-17
2026-10-08 15:44:00,535 INFO o.a.j.t.JMeterThread: Thread started: Ticket intake 1-18
2026-10-08 15:44:02,838 INFO o.a.j.t.JMeterThread: Thread is done: Ticket intake 1-18
2026-10-08 15:44:02,838 INFO o.a.j.t.JMeterThread: Thread finished: Ticket intake 1-18
2026-10-08 15:44:06,301 INFO o.a.j.t.JMeterThread: Thread started: Ticket intake 1-19
2026-10-08 15:44:07,495 INFO o.a.j.t.JMeterThread: Thread is done: Ticket intake 1-19
2026-10-08 15:44:07,495 INFO o.a.j.t.JMeterThread: Thread finished: Ticket intake 1-19
2026-10-08 15:44:20,744 INFO o.a.j.t.JMeterThread: Thread started: Ticket intake 1-20
2026-10-08 15:44:21,091 INFO o.a.j.t.JMeterThread: Thread started: Ticket intake 1-21
2026-10-08 15:44:21,661 INFO o.a.j.t.JMeterThread: Thread started: Ticket intake 1-22
2026-10-08 15:44:22,957 INFO o.a.j.t.JMeterThread: Thread is done: Ticket intake 1-20
2026-10-08 15:44:22,957 INFO o.a.j.t.JMeterThread: Thread finished: Ticket intake 1-20
2026-10-08 15:44:25,437 INFO o.a.j.t.JMeterThread: Thread is done: Ticket intake 1-21
2026-10-08 15:44:25,437 INFO o.a.j.t.JMeterThread: Thread finished: Ticket intake 1-21
2026-10-08 15:44:28,204 INFO o.a.j.t.JMeterThread: Thread is done: Ticket intake 1-22
2026-10-08 15:44:28,204 INFO o.a.j.t.JMeterThread: Thread finished: Ticket intake 1-22
2026-10-08 15:44:54,734 INFO o.a.j.t.JMeterThread: Thread started: Ticket intake 1-23
2026-10-08 15:44:56,896 INFO o.a.j.t.JMeterThread: Thread is done: Ticket intake 1-23
2026-10-08 15:44:56,896 INFO o.a.j.t.JMeterThread: Thread finished: Ticket intake 1-23
2026-10-08 15:45:03,431 INFO o.a.j.t.JMeterThread: Thread started: Ticket intake 1-24
2026-10-08 15:45:03,581 INFO o.a.j.t.JMeterThread: Thread started: Ticket intake 1-25
2026-10-08 15:45:05,315 INFO o.a.j.r.Summariser: summary +      7 in 00:01:05 =    0.1/s Avg:  2947 Min:  1192 Max:  6541 Err:     0 (0.00%) Active: 2 Started: 25 Finished: 23
2026-10-08 15:45:05,316 INFO o.a.j.r.Summariser: summary =     24 in 00:03:39 =    0.1/s Avg:  1512 Min:   168 Max:  6541 Err:     0 (0.00%)
2026-10-08 15:45:05,317 INFO o.a.j.t.JMeterThread: Thread is done: Ticket intake 1-24
2026-10-08 15:45:05,317 INFO o.a.j.t.JMeterThread: Thread finished: Ticket intake 1-24
2026-10-08 15:45:08,383 INFO o.a.j.t.JMeterThread: Thread is done: Ticket intake 1-25
2026-10-08 15:45:08,383 INFO o.a.j.t.JMeterThread: Thread finished: Ticket intake 1-25
2026-10-08 15:45:13,805 INFO o.a.j.t.JMeterThread: Thread started: Ticket intake 1-26
2026-10-08 15:45:15,624 INFO o.a.j.t.JMeterThread: Thread is done: Ticket intake 1-26
2026-10-08 15:45:15,625 INFO o.a.j.t.JMeterThread: Thread finished: Ticket intake 1-26
2026-10-08 15:45:32,308 INFO o.a.j.t.JMeterThread: Thread started: Ticket intake 1-27
2026-10-08 15:45:33,646 INFO o.a.j.r.Summariser: summary +      3 in 00:00:28 =    0.1/s Avg:  2651 Min:  1336 Max:  4801 Err:     0 (0.00%) Active: 1 Started: 27 Finished: 26
2026-10-08 15:45:33,646 INFO o.a.j.r.Summariser: summary =     27 in 00:04:07 =    0.1/s Avg:  1639 Min:   168 Max:  6541 Err:     0 (0.00%)
2026-10-08 15:45:33,646 INFO o.a.j.t.JMeterThread: Thread is done: Ticket intake 1-27
2026-10-08 15:45:33,646 INFO o.a.j.t.JMeterThread: Thread finished: Ticket intake 1-27
2026-10-08 15:45:46,335 INFO o.a.j.t.JMeterThread: Thread started: Ticket intake 1-28
2026-10-08 15:45:47,329 INFO o.a.j.t.JMeterThread: Thread is done: Ticket intake 1-28
2026-10-08 15:45:47,329 INFO o.a.j.t.JMeterThread: Thread finished: Ticket intake 1-28
2026-10-08 15:45:52,764 INFO o.a.j.t.JMeterThread: Thread started: Ticket intake 1-29
2026-10-08 15:45:53,829 INFO o.a.j.t.JMeterThread: Thread is done: Ticket intake 1-29
2026-10-08 15:45:53,829 INFO o.a.j.t.JMeterThread: Thread finished: Ticket intake 1-29
2026-10-08 15:46:16,069 INFO o.a.j.t.o.OpenModelThreadGroup: There will be no more events, so will wait for 10 sec till the end of the schedule
2026-10-08 15:46:16,070 INFO o.a.j.t.JMeterThread: Thread started: Ticket intake 1-30
2026-10-08 15:46:17,671 INFO o.a.j.t.JMeterThread: Thread is done: Ticket intake 1-30
2026-10-08 15:46:17,671 INFO o.a.j.t.JMeterThread: Thread finished: Ticket intake 1-30
2026-10-08 15:46:26,195 INFO o.a.j.t.o.OpenModelThreadGroup: There will be no more events, will shutdown the thread pool
2026-10-08 15:46:26,195 INFO o.a.j.t.o.OpenModelThreadGroup: Thread starting done
2026-10-08 15:46:26,195 INFO o.a.j.e.StandardJMeterEngine: Notifying test listeners of end of test
2026-10-08 15:46:26,195 INFO o.a.j.s.FileServer: Close: load_data.txt
2026-10-08 15:46:26,198 INFO o.a.j.r.Summariser: summary +      3 in 00:00:53 =    0.1/s Avg:  1218 Min:   992 Max:  1600 Err:     0 (0.00%) Active: 0 Started: 30 Finished: 30
2026-10-08 15:46:26,198 INFO o.a.j.r.Summariser: summary =     30 in 00:05:00 =    0.1/s Avg:  1597 Min:   168 Max:  6541 Err:     0 (0.00%)
