2026-10-08 16:01:01,667 INFO o.a.j.u.JMeterUtils: Setting Locale to en_EN
2026-10-08 16:01:01,682 INFO o.a.j.JMeter: Loading user properties from: C:\meter\bin\user.properties
2026-10-08 16:01:01,682 INFO o.a.j.JMeter: Loading system properties from: C:\meter\bin\system.properties
2026-10-08 16:01:01,682 INFO o.a.j.JMeter: Setting JMeter property: host=192.168.86.33
2026-10-08 16:01:01,688 INFO o.a.j.JMeter: Copyright (c) 1998-2024 The Apache Software Foundation
2026-10-08 16:01:01,688 INFO o.a.j.JMeter: Version 5.6.3
2026-10-08 16:01:01,688 INFO o.a.j.JMeter: java.version=1.8.0_431
2026-10-08 16:01:01,688 INFO o.a.j.JMeter: java.vm.name=Java HotSpot(TM) Client VM
2026-10-08 16:01:01,688 INFO o.a.j.JMeter: os.name=Windows 11
2026-10-08 16:01:01,688 INFO o.a.j.JMeter: os.arch=x86
2026-10-08 16:01:01,688 INFO o.a.j.JMeter: os.version=10.0
2026-10-08 16:01:01,688 INFO o.a.j.JMeter: file.encoding=Cp1252
2026-10-08 16:01:01,688 INFO o.a.j.JMeter: java.awt.headless=true
2026-10-08 16:01:01,688 INFO o.a.j.JMeter: Max memory     =1073741824
2026-10-08 16:01:01,688 INFO o.a.j.JMeter: Available Processors =16
2026-10-08 16:01:01,688 INFO o.a.j.JMeter: Default Locale=English (EN)
2026-10-08 16:01:01,688 INFO o.a.j.JMeter: JMeter  Locale=English (EN)
2026-10-08 16:01:01,688 INFO o.a.j.JMeter: JMeterHome=C:\meter
2026-10-08 16:01:01,688 INFO o.a.j.JMeter: user.dir  =C:\Projects\ICT3113-A1-Team8
2026-10-08 16:01:01,688 INFO o.a.j.JMeter: PWD       =C:\Projects\ICT3113-A1-Team8
2026-10-08 16:01:01,697 INFO o.a.j.JMeter: IP: 192.168.86.25 Name: Samuel-Laptop FullName: Samuel-Laptop.lan
2026-10-08 16:01:01,713 INFO o.a.j.s.FileServer: Default base='C:\Projects\ICT3113-A1-Team8'
2026-10-08 16:01:01,713 INFO o.a.j.s.FileServer: Set new base='C:\Projects\ICT3113-A1-Team8\jmeter'
2026-10-08 16:01:01,823 INFO o.a.j.s.SaveService: Testplan (JMX) version: 2.2. Testlog (JTL) version: 2.2
2026-10-08 16:01:01,839 INFO o.a.j.s.SaveService: Using SaveService properties file encoding UTF-8
2026-10-08 16:01:01,839 INFO o.a.j.s.SaveService: Using SaveService properties version 5.0
2026-10-08 16:01:01,839 INFO o.a.j.s.SaveService: Loading file: jmeter\load_0.10rps.jmx
2026-10-08 16:01:01,902 INFO o.a.j.p.h.s.HTTPSamplerBase: Parser for text/html is org.apache.jmeter.protocol.http.parser.LagartoBasedHtmlParser
2026-10-08 16:01:01,902 INFO o.a.j.p.h.s.HTTPSamplerBase: Parser for application/xhtml+xml is org.apache.jmeter.protocol.http.parser.LagartoBasedHtmlParser
2026-10-08 16:01:01,902 INFO o.a.j.p.h.s.HTTPSamplerBase: Parser for application/xml is org.apache.jmeter.protocol.http.parser.LagartoBasedHtmlParser
2026-10-08 16:01:01,902 INFO o.a.j.p.h.s.HTTPSamplerBase: Parser for text/xml is org.apache.jmeter.protocol.http.parser.LagartoBasedHtmlParser
2026-10-08 16:01:01,902 INFO o.a.j.p.h.s.HTTPSamplerBase: Parser for text/vnd.wap.wml is org.apache.jmeter.protocol.http.parser.RegexpHTMLParser
2026-10-08 16:01:01,902 INFO o.a.j.p.h.s.HTTPSamplerBase: Parser for text/css is org.apache.jmeter.protocol.http.parser.CssParser
2026-10-08 16:01:02,064 INFO o.a.j.JMeter: Creating summariser <summary>
2026-10-08 16:01:02,084 INFO o.a.j.e.StandardJMeterEngine: Running the test!
2026-10-08 16:01:02,085 INFO o.a.j.s.SampleEvent: List of sample_variables: []
2026-10-08 16:01:02,085 INFO o.a.j.s.SampleEvent: List of sample_variables: []
2026-10-08 16:01:02,087 INFO o.a.j.e.u.CompoundVariable: Note: Function class names must contain the string: '.functions.'
2026-10-08 16:01:02,087 INFO o.a.j.e.u.CompoundVariable: Note: Function class names must not contain the string: '.gui.'
2026-10-08 16:01:02,316 INFO o.a.j.JMeter: Running test (1791446462316)
2026-10-08 16:01:02,340 INFO o.a.j.e.StandardJMeterEngine: Starting ThreadGroup: 1 : Ticket intake
2026-10-08 16:01:02,340 INFO o.a.j.e.StandardJMeterEngine: Starting 0 threads for group Ticket intake.
2026-10-08 16:01:02,340 INFO o.a.j.e.StandardJMeterEngine: Thread will continue on error
2026-10-08 16:01:02,340 INFO o.a.j.t.o.OpenModelThreadGroup: Starting OpenModelThreadGroup#1 with schedule rate(6/min) random_arrivals(5 min) rate(6/min)
2026-10-08 16:01:02,387 INFO o.a.j.e.StandardJMeterEngine: All thread groups have been started
2026-10-08 16:01:02,387 INFO o.a.j.t.o.OpenModelThreadGroup: Thread starting init
2026-10-08 16:01:02,387 INFO o.a.j.t.o.PoissonArrivalsRamp: Generating 30 events, beginRate = 0.1 / sec, endRate = 0.1 / sec, duration = 300.0 sec
2026-10-08 16:01:08,502 INFO o.a.j.t.JMeterThread: Thread started: Ticket intake 1-1
2026-10-08 16:01:08,503 INFO o.a.j.s.FileServer: Stored: load_data.txt
2026-10-08 16:01:08,534 INFO o.a.j.p.h.s.HTTPHCAbstractImpl: Local host = Samuel-Laptop
2026-10-08 16:01:08,540 INFO o.a.j.p.h.s.HTTPHC4Impl: HTTP request retry count = 0
2026-10-08 16:01:08,541 INFO o.a.j.s.SampleResult: Note: Sample TimeStamps are START times
2026-10-08 16:01:08,541 INFO o.a.j.s.SampleResult: sampleresult.default.encoding is set to UTF-8
2026-10-08 16:01:08,541 INFO o.a.j.s.SampleResult: sampleresult.useNanoTime=true
2026-10-08 16:01:08,541 INFO o.a.j.s.SampleResult: sampleresult.nanoThreadSleep=5000
2026-10-08 16:01:08,790 INFO o.a.j.t.JMeterThread: Thread is done: Ticket intake 1-1
2026-10-08 16:01:08,790 INFO o.a.j.t.JMeterThread: Thread finished: Ticket intake 1-1
2026-10-08 16:01:42,585 INFO o.a.j.t.JMeterThread: Thread started: Ticket intake 1-2
2026-10-08 16:01:42,744 INFO o.a.j.t.JMeterThread: Thread is done: Ticket intake 1-2
2026-10-08 16:01:42,744 INFO o.a.j.t.JMeterThread: Thread finished: Ticket intake 1-2
2026-10-08 16:01:48,661 INFO o.a.j.t.JMeterThread: Thread started: Ticket intake 1-3
2026-10-08 16:01:48,824 INFO o.a.j.t.JMeterThread: Thread is done: Ticket intake 1-3
2026-10-08 16:01:48,824 INFO o.a.j.t.JMeterThread: Thread finished: Ticket intake 1-3
2026-10-08 16:01:51,788 INFO o.a.j.t.JMeterThread: Thread started: Ticket intake 1-4
2026-10-08 16:01:52,000 INFO o.a.j.t.JMeterThread: Thread is done: Ticket intake 1-4
2026-10-08 16:01:52,000 INFO o.a.j.t.JMeterThread: Thread finished: Ticket intake 1-4
2026-10-08 16:01:53,036 INFO o.a.j.t.JMeterThread: Thread started: Ticket intake 1-5
2026-10-08 16:01:53,201 INFO o.a.j.t.JMeterThread: Thread is done: Ticket intake 1-5
2026-10-08 16:01:53,201 INFO o.a.j.t.JMeterThread: Thread finished: Ticket intake 1-5
2026-10-08 16:02:01,720 INFO o.a.j.t.JMeterThread: Thread started: Ticket intake 1-6
2026-10-08 16:02:01,943 INFO o.a.j.r.Summariser: summary +      6 in 00:01:00 =    0.1/s Avg:   184 Min:   156 Max:   221 Err:     0 (0.00%) Active: 1 Started: 6 Finished: 5
2026-10-08 16:02:01,943 INFO o.a.j.t.JMeterThread: Thread is done: Ticket intake 1-6
2026-10-08 16:02:01,944 INFO o.a.j.t.JMeterThread: Thread finished: Ticket intake 1-6
2026-10-08 16:02:04,095 INFO o.a.j.t.JMeterThread: Thread started: Ticket intake 1-7
2026-10-08 16:02:04,310 INFO o.a.j.t.JMeterThread: Thread is done: Ticket intake 1-7
2026-10-08 16:02:04,310 INFO o.a.j.t.JMeterThread: Thread finished: Ticket intake 1-7
2026-10-08 16:02:15,231 INFO o.a.j.t.JMeterThread: Thread started: Ticket intake 1-8
2026-10-08 16:02:16,181 INFO o.a.j.t.JMeterThread: Thread is done: Ticket intake 1-8
2026-10-08 16:02:16,181 INFO o.a.j.t.JMeterThread: Thread finished: Ticket intake 1-8
2026-10-08 16:02:16,215 INFO o.a.j.t.JMeterThread: Thread started: Ticket intake 1-9
2026-10-08 16:02:17,213 INFO o.a.j.t.JMeterThread: Thread is done: Ticket intake 1-9
2026-10-08 16:02:17,213 INFO o.a.j.t.JMeterThread: Thread finished: Ticket intake 1-9
2026-10-08 16:02:38,654 INFO o.a.j.t.JMeterThread: Thread started: Ticket intake 1-10
2026-10-08 16:02:39,779 INFO o.a.j.t.JMeterThread: Thread is done: Ticket intake 1-10
2026-10-08 16:02:39,779 INFO o.a.j.t.JMeterThread: Thread finished: Ticket intake 1-10
2026-10-08 16:02:44,639 INFO o.a.j.t.JMeterThread: Thread started: Ticket intake 1-11
2026-10-08 16:02:47,096 INFO o.a.j.t.JMeterThread: Thread is done: Ticket intake 1-11
2026-10-08 16:02:47,096 INFO o.a.j.t.JMeterThread: Thread finished: Ticket intake 1-11
2026-10-08 16:02:51,416 INFO o.a.j.t.JMeterThread: Thread started: Ticket intake 1-12
2026-10-08 16:02:51,580 INFO o.a.j.t.JMeterThread: Thread is done: Ticket intake 1-12
2026-10-08 16:02:51,580 INFO o.a.j.t.JMeterThread: Thread finished: Ticket intake 1-12
2026-10-08 16:03:03,425 INFO o.a.j.t.JMeterThread: Thread started: Ticket intake 1-13
2026-10-08 16:03:03,643 INFO o.a.j.r.Summariser: summary +      7 in 00:01:02 =    0.1/s Avg:   873 Min:   163 Max:  2455 Err:     0 (0.00%) Active: 1 Started: 13 Finished: 12
2026-10-08 16:03:03,643 INFO o.a.j.r.Summariser: summary =     13 in 00:02:01 =    0.1/s Avg:   555 Min:   156 Max:  2455 Err:     0 (0.00%)
2026-10-08 16:03:03,644 INFO o.a.j.t.JMeterThread: Thread is done: Ticket intake 1-13
2026-10-08 16:03:03,644 INFO o.a.j.t.JMeterThread: Thread finished: Ticket intake 1-13
2026-10-08 16:03:33,743 INFO o.a.j.t.JMeterThread: Thread started: Ticket intake 1-14
2026-10-08 16:03:33,917 INFO o.a.j.r.Summariser: summary +      1 in 00:00:30 =    0.0/s Avg:   172 Min:   172 Max:   172 Err:     0 (0.00%) Active: 1 Started: 14 Finished: 13
2026-10-08 16:03:33,918 INFO o.a.j.r.Summariser: summary =     14 in 00:02:32 =    0.1/s Avg:   528 Min:   156 Max:  2455 Err:     0 (0.00%)
2026-10-08 16:03:33,918 INFO o.a.j.t.JMeterThread: Thread is done: Ticket intake 1-14
2026-10-08 16:03:33,918 INFO o.a.j.t.JMeterThread: Thread finished: Ticket intake 1-14
2026-10-08 16:03:40,225 INFO o.a.j.t.JMeterThread: Thread started: Ticket intake 1-15
2026-10-08 16:03:40,385 INFO o.a.j.t.JMeterThread: Thread is done: Ticket intake 1-15
2026-10-08 16:03:40,385 INFO o.a.j.t.JMeterThread: Thread finished: Ticket intake 1-15
2026-10-08 16:03:50,364 INFO o.a.j.t.JMeterThread: Thread started: Ticket intake 1-16
2026-10-08 16:03:51,145 INFO o.a.j.t.JMeterThread: Thread started: Ticket intake 1-17
2026-10-08 16:03:51,320 INFO o.a.j.t.JMeterThread: Thread is done: Ticket intake 1-16
2026-10-08 16:03:51,320 INFO o.a.j.t.JMeterThread: Thread finished: Ticket intake 1-16
2026-10-08 16:03:53,563 INFO o.a.j.t.JMeterThread: Thread is done: Ticket intake 1-17
2026-10-08 16:03:53,563 INFO o.a.j.t.JMeterThread: Thread finished: Ticket intake 1-17
2026-10-08 16:03:53,694 INFO o.a.j.t.JMeterThread: Thread started: Ticket intake 1-18
2026-10-08 16:03:53,866 INFO o.a.j.t.JMeterThread: Thread is done: Ticket intake 1-18
2026-10-08 16:03:53,867 INFO o.a.j.t.JMeterThread: Thread finished: Ticket intake 1-18
2026-10-08 16:03:56,842 INFO o.a.j.t.JMeterThread: Thread started: Ticket intake 1-19
2026-10-08 16:03:58,032 INFO o.a.j.t.JMeterThread: Thread is done: Ticket intake 1-19
2026-10-08 16:03:58,032 INFO o.a.j.t.JMeterThread: Thread finished: Ticket intake 1-19
2026-10-08 16:04:02,184 INFO o.a.j.t.JMeterThread: Thread started: Ticket intake 1-20
2026-10-08 16:04:04,386 INFO o.a.j.r.Summariser: summary +      6 in 00:00:30 =    0.2/s Avg:  1182 Min:   166 Max:  2415 Err:     0 (0.00%) Active: 1 Started: 20 Finished: 19
2026-10-08 16:04:04,387 INFO o.a.j.r.Summariser: summary =     20 in 00:03:02 =    0.1/s Avg:   724 Min:   156 Max:  2455 Err:     0 (0.00%)
2026-10-08 16:04:04,388 INFO o.a.j.t.JMeterThread: Thread is done: Ticket intake 1-20
2026-10-08 16:04:04,388 INFO o.a.j.t.JMeterThread: Thread finished: Ticket intake 1-20
2026-10-08 16:04:23,386 INFO o.a.j.t.JMeterThread: Thread started: Ticket intake 1-21
2026-10-08 16:04:23,561 INFO o.a.j.t.JMeterThread: Thread is done: Ticket intake 1-21
2026-10-08 16:04:23,561 INFO o.a.j.t.JMeterThread: Thread finished: Ticket intake 1-21
2026-10-08 16:04:24,799 INFO o.a.j.t.JMeterThread: Thread started: Ticket intake 1-22
2026-10-08 16:04:24,969 INFO o.a.j.t.JMeterThread: Thread is done: Ticket intake 1-22
2026-10-08 16:04:24,969 INFO o.a.j.t.JMeterThread: Thread finished: Ticket intake 1-22
2026-10-08 16:04:30,145 INFO o.a.j.t.JMeterThread: Thread started: Ticket intake 1-23
2026-10-08 16:04:30,320 INFO o.a.j.r.Summariser: summary +      3 in 00:00:26 =    0.1/s Avg:   172 Min:   169 Max:   176 Err:     0 (0.00%) Active: 1 Started: 23 Finished: 22
2026-10-08 16:04:30,320 INFO o.a.j.r.Summariser: summary =     23 in 00:03:28 =    0.1/s Avg:   652 Min:   156 Max:  2455 Err:     0 (0.00%)
2026-10-08 16:04:30,320 INFO o.a.j.t.JMeterThread: Thread is done: Ticket intake 1-23
2026-10-08 16:04:30,320 INFO o.a.j.t.JMeterThread: Thread finished: Ticket intake 1-23
2026-10-08 16:04:46,228 INFO o.a.j.t.JMeterThread: Thread started: Ticket intake 1-24
2026-10-08 16:04:46,397 INFO o.a.j.t.JMeterThread: Thread is done: Ticket intake 1-24
2026-10-08 16:04:46,397 INFO o.a.j.t.JMeterThread: Thread finished: Ticket intake 1-24
2026-10-08 16:04:49,507 INFO o.a.j.t.JMeterThread: Thread started: Ticket intake 1-25
2026-10-08 16:04:49,730 INFO o.a.j.t.JMeterThread: Thread is done: Ticket intake 1-25
2026-10-08 16:04:49,730 INFO o.a.j.t.JMeterThread: Thread finished: Ticket intake 1-25
2026-10-08 16:04:58,670 INFO o.a.j.t.JMeterThread: Thread started: Ticket intake 1-26
2026-10-08 16:04:58,828 INFO o.a.j.t.JMeterThread: Thread is done: Ticket intake 1-26
2026-10-08 16:04:58,828 INFO o.a.j.t.JMeterThread: Thread finished: Ticket intake 1-26
2026-10-08 16:05:28,686 INFO o.a.j.t.JMeterThread: Thread started: Ticket intake 1-27
2026-10-08 16:05:29,160 INFO o.a.j.t.JMeterThread: Thread started: Ticket intake 1-28
2026-10-08 16:05:30,050 INFO o.a.j.r.Summariser: summary +      4 in 00:01:00 =    0.1/s Avg:   478 Min:   164 Max:  1362 Err:     0 (0.00%) Active: 2 Started: 28 Finished: 26
2026-10-08 16:05:30,051 INFO o.a.j.r.Summariser: summary =     27 in 00:04:28 =    0.1/s Avg:   626 Min:   156 Max:  2455 Err:     0 (0.00%)
2026-10-08 16:05:30,051 INFO o.a.j.t.JMeterThread: Thread is done: Ticket intake 1-27
2026-10-08 16:05:30,051 INFO o.a.j.t.JMeterThread: Thread finished: Ticket intake 1-27
2026-10-08 16:05:31,104 INFO o.a.j.t.JMeterThread: Thread is done: Ticket intake 1-28
2026-10-08 16:05:31,104 INFO o.a.j.t.JMeterThread: Thread finished: Ticket intake 1-28
2026-10-08 16:05:34,443 INFO o.a.j.t.JMeterThread: Thread started: Ticket intake 1-29
2026-10-08 16:05:35,555 INFO o.a.j.t.JMeterThread: Thread is done: Ticket intake 1-29
2026-10-08 16:05:35,555 INFO o.a.j.t.JMeterThread: Thread finished: Ticket intake 1-29
2026-10-08 16:05:49,038 INFO o.a.j.t.o.OpenModelThreadGroup: There will be no more events, so will wait for 13 sec till the end of the schedule
2026-10-08 16:05:49,039 INFO o.a.j.t.JMeterThread: Thread started: Ticket intake 1-30
2026-10-08 16:05:50,759 INFO o.a.j.t.JMeterThread: Thread is done: Ticket intake 1-30
2026-10-08 16:05:50,759 INFO o.a.j.t.JMeterThread: Thread finished: Ticket intake 1-30
2026-10-08 16:06:02,089 INFO o.a.j.t.o.OpenModelThreadGroup: There will be no more events, will shutdown the thread pool
2026-10-08 16:06:02,089 INFO o.a.j.t.o.OpenModelThreadGroup: Thread starting done
2026-10-08 16:06:02,089 INFO o.a.j.e.StandardJMeterEngine: Notifying test listeners of end of test
2026-10-08 16:06:02,089 INFO o.a.j.s.FileServer: Close: load_data.txt
2026-10-08 16:06:02,091 INFO o.a.j.r.Summariser: summary +      3 in 00:00:32 =    0.1/s Avg:  1592 Min:  1117 Max:  1942 Err:     0 (0.00%) Active: 0 Started: 30 Finished: 30
2026-10-08 16:06:02,091 INFO o.a.j.r.Summariser: summary =     30 in 00:05:00 =    0.1/s Avg:   723 Min:   156 Max:  2455 Err:     0 (0.00%)
