2026-10-09 04:24:23,961 INFO o.a.j.u.JMeterUtils: Setting Locale to en_EN
2026-10-09 04:24:23,965 INFO o.a.j.JMeter: Loading user properties from: C:\meter\bin\user.properties
2026-10-09 04:24:23,965 INFO o.a.j.JMeter: Loading system properties from: C:\meter\bin\system.properties
2026-10-09 04:24:23,965 INFO o.a.j.JMeter: Setting JMeter property: host=192.168.86.33
2026-10-09 04:24:23,978 INFO o.a.j.JMeter: Copyright (c) 1998-2024 The Apache Software Foundation
2026-10-09 04:24:23,978 INFO o.a.j.JMeter: Version 5.6.3
2026-10-09 04:24:23,979 INFO o.a.j.JMeter: java.version=1.8.0_431
2026-10-09 04:24:23,979 INFO o.a.j.JMeter: java.vm.name=Java HotSpot(TM) Client VM
2026-10-09 04:24:23,979 INFO o.a.j.JMeter: os.name=Windows 11
2026-10-09 04:24:23,979 INFO o.a.j.JMeter: os.arch=x86
2026-10-09 04:24:23,979 INFO o.a.j.JMeter: os.version=10.0
2026-10-09 04:24:23,979 INFO o.a.j.JMeter: file.encoding=Cp1252
2026-10-09 04:24:23,979 INFO o.a.j.JMeter: java.awt.headless=true
2026-10-09 04:24:23,979 INFO o.a.j.JMeter: Max memory     =1073741824
2026-10-09 04:24:23,979 INFO o.a.j.JMeter: Available Processors =16
2026-10-09 04:24:23,982 INFO o.a.j.JMeter: Default Locale=English (EN)
2026-10-09 04:24:23,982 INFO o.a.j.JMeter: JMeter  Locale=English (EN)
2026-10-09 04:24:23,982 INFO o.a.j.JMeter: JMeterHome=C:\meter
2026-10-09 04:24:23,982 INFO o.a.j.JMeter: user.dir  =C:\Projects\ICT3113-A1-Team8
2026-10-09 04:24:23,983 INFO o.a.j.JMeter: PWD       =C:\Projects\ICT3113-A1-Team8
2026-10-09 04:24:23,993 INFO o.a.j.JMeter: IP: 192.168.86.25 Name: Samuel-Laptop FullName: Samuel-Laptop.lan
2026-10-09 04:24:24,012 INFO o.a.j.s.FileServer: Default base='C:\Projects\ICT3113-A1-Team8'
2026-10-09 04:24:24,012 INFO o.a.j.s.FileServer: Set new base='C:\Projects\ICT3113-A1-Team8\results\load\granite3.3_8b\0.20rps'
2026-10-09 04:24:24,133 INFO o.a.j.s.SaveService: Testplan (JMX) version: 2.2. Testlog (JTL) version: 2.2
2026-10-09 04:24:24,158 INFO o.a.j.s.SaveService: Using SaveService properties file encoding UTF-8
2026-10-09 04:24:24,161 INFO o.a.j.s.SaveService: Using SaveService properties version 5.0
2026-10-09 04:24:24,164 INFO o.a.j.s.SaveService: Loading file: C:\Projects\ICT3113-A1-Team8\results\load\granite3.3_8b\0.20rps\run1.jmx
2026-10-09 04:24:24,232 INFO o.a.j.p.h.s.HTTPSamplerBase: Parser for text/html is org.apache.jmeter.protocol.http.parser.LagartoBasedHtmlParser
2026-10-09 04:24:24,232 INFO o.a.j.p.h.s.HTTPSamplerBase: Parser for application/xhtml+xml is org.apache.jmeter.protocol.http.parser.LagartoBasedHtmlParser
2026-10-09 04:24:24,232 INFO o.a.j.p.h.s.HTTPSamplerBase: Parser for application/xml is org.apache.jmeter.protocol.http.parser.LagartoBasedHtmlParser
2026-10-09 04:24:24,232 INFO o.a.j.p.h.s.HTTPSamplerBase: Parser for text/xml is org.apache.jmeter.protocol.http.parser.LagartoBasedHtmlParser
2026-10-09 04:24:24,232 INFO o.a.j.p.h.s.HTTPSamplerBase: Parser for text/vnd.wap.wml is org.apache.jmeter.protocol.http.parser.RegexpHTMLParser
2026-10-09 04:24:24,232 INFO o.a.j.p.h.s.HTTPSamplerBase: Parser for text/css is org.apache.jmeter.protocol.http.parser.CssParser
2026-10-09 04:24:24,410 INFO o.a.j.JMeter: Creating summariser <summary>
2026-10-09 04:24:24,429 INFO o.a.j.e.StandardJMeterEngine: Running the test!
2026-10-09 04:24:24,429 INFO o.a.j.s.SampleEvent: List of sample_variables: []
2026-10-09 04:24:24,429 INFO o.a.j.s.SampleEvent: List of sample_variables: []
2026-10-09 04:24:24,433 INFO o.a.j.e.u.CompoundVariable: Note: Function class names must contain the string: '.functions.'
2026-10-09 04:24:24,433 INFO o.a.j.e.u.CompoundVariable: Note: Function class names must not contain the string: '.gui.'
2026-10-09 04:24:24,677 INFO o.a.j.JMeter: Running test (1791491064677)
2026-10-09 04:24:24,711 INFO o.a.j.e.StandardJMeterEngine: Starting ThreadGroup: 1 : Ticket intake
2026-10-09 04:24:24,711 INFO o.a.j.e.StandardJMeterEngine: Starting 0 threads for group Ticket intake.
2026-10-09 04:24:24,711 INFO o.a.j.e.StandardJMeterEngine: Thread will continue on error
2026-10-09 04:24:24,711 INFO o.a.j.t.o.OpenModelThreadGroup: Starting OpenModelThreadGroup#1 with schedule rate(12/min) random_arrivals(5 min) rate(12/min) pause(7 min)
2026-10-09 04:24:24,739 INFO o.a.j.e.StandardJMeterEngine: All thread groups have been started
2026-10-09 04:24:24,739 INFO o.a.j.t.o.OpenModelThreadGroup: Thread starting init
2026-10-09 04:24:24,739 INFO o.a.j.t.o.PoissonArrivalsRamp: Generating 60 events, beginRate = 0.2 / sec, endRate = 0.2 / sec, duration = 300.0 sec
2026-10-09 04:24:41,748 INFO o.a.j.t.JMeterThread: Thread started: Ticket intake 1-1
2026-10-09 04:24:41,749 INFO o.a.j.s.FileServer: Stored: run1.data.txt
2026-10-09 04:24:41,771 INFO o.a.j.p.h.s.HTTPHCAbstractImpl: Local host = Samuel-Laptop
2026-10-09 04:24:41,776 INFO o.a.j.p.h.s.HTTPHC4Impl: HTTP request retry count = 0
2026-10-09 04:24:41,777 INFO o.a.j.s.SampleResult: Note: Sample TimeStamps are START times
2026-10-09 04:24:41,777 INFO o.a.j.s.SampleResult: sampleresult.default.encoding is set to UTF-8
2026-10-09 04:24:41,778 INFO o.a.j.s.SampleResult: sampleresult.useNanoTime=true
2026-10-09 04:24:41,778 INFO o.a.j.s.SampleResult: sampleresult.nanoThreadSleep=5000
2026-10-09 04:24:43,033 INFO o.a.j.t.JMeterThread: Thread started: Ticket intake 1-2
2026-10-09 04:24:46,309 INFO o.a.j.t.JMeterThread: Thread started: Ticket intake 1-3
2026-10-09 04:24:47,614 INFO o.a.j.t.JMeterThread: Thread started: Ticket intake 1-4
2026-10-09 04:24:47,738 INFO o.a.j.t.JMeterThread: Thread started: Ticket intake 1-5
2026-10-09 04:24:48,449 INFO o.a.j.t.JMeterThread: Thread started: Ticket intake 1-6
2026-10-09 04:24:50,895 INFO o.a.j.t.JMeterThread: Thread started: Ticket intake 1-7
2026-10-09 04:24:52,130 INFO o.a.j.t.JMeterThread: Thread started: Ticket intake 1-8
2026-10-09 04:24:56,139 INFO o.a.j.t.JMeterThread: Thread is done: Ticket intake 1-1
2026-10-09 04:24:56,139 INFO o.a.j.t.JMeterThread: Thread finished: Ticket intake 1-1
2026-10-09 04:25:00,226 INFO o.a.j.t.JMeterThread: Thread started: Ticket intake 1-9
2026-10-09 04:25:02,617 INFO o.a.j.r.Summariser: summary +      2 in 00:00:38 =    0.1/s Avg: 16947 Min: 14315 Max: 19579 Err:     0 (0.00%) Active: 8 Started: 9 Finished: 1
2026-10-09 04:25:02,618 INFO o.a.j.t.JMeterThread: Thread is done: Ticket intake 1-2
2026-10-09 04:25:02,618 INFO o.a.j.t.JMeterThread: Thread finished: Ticket intake 1-2
2026-10-09 04:25:02,933 INFO o.a.j.t.JMeterThread: Thread started: Ticket intake 1-10
2026-10-09 04:25:07,927 INFO o.a.j.t.JMeterThread: Thread started: Ticket intake 1-11
2026-10-09 04:25:11,301 INFO o.a.j.t.JMeterThread: Thread is done: Ticket intake 1-3
2026-10-09 04:25:11,301 INFO o.a.j.t.JMeterThread: Thread finished: Ticket intake 1-3
2026-10-09 04:25:17,528 INFO o.a.j.t.JMeterThread: Thread is done: Ticket intake 1-4
2026-10-09 04:25:17,528 INFO o.a.j.t.JMeterThread: Thread finished: Ticket intake 1-4
2026-10-09 04:25:20,214 INFO o.a.j.t.JMeterThread: Thread started: Ticket intake 1-12
2026-10-09 04:25:22,118 INFO o.a.j.t.JMeterThread: Thread is done: Ticket intake 1-5
2026-10-09 04:25:22,119 INFO o.a.j.t.JMeterThread: Thread finished: Ticket intake 1-5
2026-10-09 04:25:24,609 INFO o.a.j.t.JMeterThread: Thread started: Ticket intake 1-13
2026-10-09 04:25:26,827 INFO o.a.j.t.JMeterThread: Thread started: Ticket intake 1-14
2026-10-09 04:25:27,994 INFO o.a.j.t.JMeterThread: Thread started: Ticket intake 1-15
2026-10-09 04:25:31,957 INFO o.a.j.r.Summariser: summary +      4 in 00:00:29 =    0.1/s Avg: 33196 Min: 24990 Max: 43507 Err:     0 (0.00%) Active: 10 Started: 15 Finished: 5
2026-10-09 04:25:31,958 INFO o.a.j.r.Summariser: summary =      6 in 00:01:07 =    0.1/s Avg: 27780 Min: 14315 Max: 43507 Err:     0 (0.00%)
2026-10-09 04:25:31,958 INFO o.a.j.t.JMeterThread: Thread is done: Ticket intake 1-6
2026-10-09 04:25:31,959 INFO o.a.j.t.JMeterThread: Thread finished: Ticket intake 1-6
2026-10-09 04:25:38,948 INFO o.a.j.t.JMeterThread: Thread is done: Ticket intake 1-7
2026-10-09 04:25:38,948 INFO o.a.j.t.JMeterThread: Thread finished: Ticket intake 1-7
2026-10-09 04:25:40,050 INFO o.a.j.t.JMeterThread: Thread started: Ticket intake 1-16
2026-10-09 04:25:42,440 INFO o.a.j.t.JMeterThread: Thread started: Ticket intake 1-17
2026-10-09 04:25:43,816 INFO o.a.j.t.JMeterThread: Thread is done: Ticket intake 1-8
2026-10-09 04:25:43,816 INFO o.a.j.t.JMeterThread: Thread finished: Ticket intake 1-8
2026-10-09 04:25:49,427 INFO o.a.j.t.JMeterThread: Thread started: Ticket intake 1-18
2026-10-09 04:25:54,338 INFO o.a.j.t.JMeterThread: Thread is done: Ticket intake 1-9
2026-10-09 04:25:54,339 INFO o.a.j.t.JMeterThread: Thread finished: Ticket intake 1-9
2026-10-09 04:25:58,183 INFO o.a.j.t.JMeterThread: Thread started: Ticket intake 1-19
2026-10-09 04:25:59,824 INFO o.a.j.t.JMeterThread: Thread is done: Ticket intake 1-10
2026-10-09 04:25:59,825 INFO o.a.j.t.JMeterThread: Thread finished: Ticket intake 1-10
2026-10-09 04:26:03,031 INFO o.a.j.t.JMeterThread: Thread started: Ticket intake 1-20
2026-10-09 04:26:05,558 INFO o.a.j.r.Summariser: summary +      5 in 00:00:34 =    0.1/s Avg: 53672 Min: 48050 Max: 57628 Err:     0 (0.00%) Active: 10 Started: 20 Finished: 10
2026-10-09 04:26:05,558 INFO o.a.j.r.Summariser: summary =     11 in 00:01:41 =    0.1/s Avg: 39549 Min: 14315 Max: 57628 Err:     0 (0.00%)
2026-10-09 04:26:05,559 INFO o.a.j.t.JMeterThread: Thread is done: Ticket intake 1-11
2026-10-09 04:26:05,559 INFO o.a.j.t.JMeterThread: Thread finished: Ticket intake 1-11
2026-10-09 04:26:11,827 INFO o.a.j.t.JMeterThread: Thread is done: Ticket intake 1-12
2026-10-09 04:26:11,827 INFO o.a.j.t.JMeterThread: Thread finished: Ticket intake 1-12
2026-10-09 04:26:12,896 INFO o.a.j.t.JMeterThread: Thread started: Ticket intake 1-21
2026-10-09 04:26:13,719 INFO o.a.j.t.JMeterThread: Thread started: Ticket intake 1-22
2026-10-09 04:26:15,372 INFO o.a.j.t.JMeterThread: Thread is done: Ticket intake 1-13
2026-10-09 04:26:15,372 INFO o.a.j.t.JMeterThread: Thread finished: Ticket intake 1-13
2026-10-09 04:26:26,904 INFO o.a.j.t.JMeterThread: Thread started: Ticket intake 1-23
2026-10-09 04:26:26,925 INFO o.a.j.t.JMeterThread: Thread started: Ticket intake 1-24
2026-10-09 04:26:28,643 INFO o.a.j.t.JMeterThread: Thread is done: Ticket intake 1-14
2026-10-09 04:26:28,643 INFO o.a.j.t.JMeterThread: Thread finished: Ticket intake 1-14
2026-10-09 04:26:29,298 INFO o.a.j.t.JMeterThread: Thread started: Ticket intake 1-25
2026-10-09 04:26:31,138 INFO o.a.j.r.Summariser: summary +      4 in 00:00:26 =    0.2/s Avg: 56832 Min: 50760 Max: 63143 Err:     0 (0.00%) Active: 11 Started: 25 Finished: 14
2026-10-09 04:26:31,138 INFO o.a.j.r.Summariser: summary =     15 in 00:02:06 =    0.1/s Avg: 44158 Min: 14315 Max: 63143 Err:     0 (0.00%)
2026-10-09 04:26:31,138 INFO o.a.j.t.JMeterThread: Thread is done: Ticket intake 1-15
2026-10-09 04:26:31,138 INFO o.a.j.t.JMeterThread: Thread finished: Ticket intake 1-15
2026-10-09 04:26:35,170 INFO o.a.j.t.JMeterThread: Thread is done: Ticket intake 1-16
2026-10-09 04:26:35,170 INFO o.a.j.t.JMeterThread: Thread finished: Ticket intake 1-16
2026-10-09 04:26:38,183 INFO o.a.j.t.JMeterThread: Thread started: Ticket intake 1-26
2026-10-09 04:26:39,159 INFO o.a.j.t.JMeterThread: Thread is done: Ticket intake 1-17
2026-10-09 04:26:39,159 INFO o.a.j.t.JMeterThread: Thread finished: Ticket intake 1-17
2026-10-09 04:26:51,250 INFO o.a.j.t.JMeterThread: Thread started: Ticket intake 1-27
2026-10-09 04:26:53,671 INFO o.a.j.t.JMeterThread: Thread is done: Ticket intake 1-18
2026-10-09 04:26:53,671 INFO o.a.j.t.JMeterThread: Thread finished: Ticket intake 1-18
2026-10-09 04:26:55,037 INFO o.a.j.t.JMeterThread: Thread started: Ticket intake 1-28
2026-10-09 04:26:59,032 INFO o.a.j.t.JMeterThread: Thread started: Ticket intake 1-29
2026-10-09 04:27:04,637 INFO o.a.j.r.Summariser: summary +      4 in 00:00:33 =    0.1/s Avg: 60632 Min: 55120 Max: 66452 Err:     0 (0.00%) Active: 11 Started: 29 Finished: 18
2026-10-09 04:27:04,638 INFO o.a.j.r.Summariser: summary =     19 in 00:02:40 =    0.1/s Avg: 47626 Min: 14315 Max: 66452 Err:     0 (0.00%)
2026-10-09 04:27:04,639 INFO o.a.j.t.JMeterThread: Thread is done: Ticket intake 1-19
2026-10-09 04:27:04,639 INFO o.a.j.t.JMeterThread: Thread finished: Ticket intake 1-19
2026-10-09 04:27:10,528 INFO o.a.j.t.JMeterThread: Thread started: Ticket intake 1-30
2026-10-09 04:27:21,157 INFO o.a.j.t.JMeterThread: Thread started: Ticket intake 1-31
2026-10-09 04:27:22,079 INFO o.a.j.t.JMeterThread: Thread is done: Ticket intake 1-20
2026-10-09 04:27:22,080 INFO o.a.j.t.JMeterThread: Thread finished: Ticket intake 1-20
2026-10-09 04:27:23,315 INFO o.a.j.t.JMeterThread: Thread started: Ticket intake 1-32
2026-10-09 04:27:23,587 INFO o.a.j.t.JMeterThread: Thread started: Ticket intake 1-33
2026-10-09 04:27:24,936 INFO o.a.j.t.JMeterThread: Thread started: Ticket intake 1-34
2026-10-09 04:27:27,229 INFO o.a.j.t.JMeterThread: Thread is done: Ticket intake 1-21
2026-10-09 04:27:27,230 INFO o.a.j.t.JMeterThread: Thread finished: Ticket intake 1-21
2026-10-09 04:27:31,132 INFO o.a.j.r.Summariser: summary +      3 in 00:00:26 =    0.1/s Avg: 76929 Min: 74332 Max: 79046 Err:     0 (0.00%) Active: 13 Started: 34 Finished: 21
2026-10-09 04:27:31,132 INFO o.a.j.r.Summariser: summary =     22 in 00:03:06 =    0.1/s Avg: 51622 Min: 14315 Max: 79046 Err:     0 (0.00%)
2026-10-09 04:27:31,133 INFO o.a.j.t.JMeterThread: Thread is done: Ticket intake 1-22
2026-10-09 04:27:31,133 INFO o.a.j.t.JMeterThread: Thread finished: Ticket intake 1-22
2026-10-09 04:27:33,111 INFO o.a.j.t.JMeterThread: Thread started: Ticket intake 1-35
2026-10-09 04:27:37,947 INFO o.a.j.t.JMeterThread: Thread is done: Ticket intake 1-23
2026-10-09 04:27:37,947 INFO o.a.j.t.JMeterThread: Thread finished: Ticket intake 1-23
2026-10-09 04:27:40,291 INFO o.a.j.t.JMeterThread: Thread started: Ticket intake 1-36
2026-10-09 04:27:40,397 INFO o.a.j.t.JMeterThread: Thread started: Ticket intake 1-37
2026-10-09 04:27:43,342 INFO o.a.j.t.JMeterThread: Thread started: Ticket intake 1-38
2026-10-09 04:27:46,696 INFO o.a.j.t.JMeterThread: Thread is done: Ticket intake 1-24
2026-10-09 04:27:46,696 INFO o.a.j.t.JMeterThread: Thread finished: Ticket intake 1-24
2026-10-09 04:27:46,806 INFO o.a.j.t.JMeterThread: Thread started: Ticket intake 1-39
2026-10-09 04:27:50,760 INFO o.a.j.t.JMeterThread: Thread started: Ticket intake 1-40
2026-10-09 04:27:50,991 INFO o.a.j.t.JMeterThread: Thread is done: Ticket intake 1-25
2026-10-09 04:27:50,991 INFO o.a.j.t.JMeterThread: Thread finished: Ticket intake 1-25
2026-10-09 04:27:52,051 INFO o.a.j.t.JMeterThread: Thread started: Ticket intake 1-41
2026-10-09 04:27:53,776 INFO o.a.j.t.JMeterThread: Thread started: Ticket intake 1-42
2026-10-09 04:28:00,028 INFO o.a.j.r.Summariser: summary +      4 in 00:00:29 =    0.1/s Avg: 78586 Min: 71041 Max: 81843 Err:     0 (0.00%) Active: 17 Started: 42 Finished: 25
2026-10-09 04:28:00,029 INFO o.a.j.r.Summariser: summary =     26 in 00:03:35 =    0.1/s Avg: 55770 Min: 14315 Max: 81843 Err:     0 (0.00%)
2026-10-09 04:28:00,029 INFO o.a.j.t.JMeterThread: Thread is done: Ticket intake 1-26
2026-10-09 04:28:00,029 INFO o.a.j.t.JMeterThread: Thread finished: Ticket intake 1-26
2026-10-09 04:28:05,582 INFO o.a.j.t.JMeterThread: Thread started: Ticket intake 1-43
2026-10-09 04:28:05,911 INFO o.a.j.t.JMeterThread: Thread started: Ticket intake 1-44
2026-10-09 04:28:06,587 INFO o.a.j.t.JMeterThread: Thread is done: Ticket intake 1-27
2026-10-09 04:28:06,587 INFO o.a.j.t.JMeterThread: Thread finished: Ticket intake 1-27
2026-10-09 04:28:10,733 INFO o.a.j.t.JMeterThread: Thread is done: Ticket intake 1-28
2026-10-09 04:28:10,733 INFO o.a.j.t.JMeterThread: Thread finished: Ticket intake 1-28
2026-10-09 04:28:11,431 INFO o.a.j.t.JMeterThread: Thread started: Ticket intake 1-45
2026-10-09 04:28:18,554 INFO o.a.j.t.JMeterThread: Thread is done: Ticket intake 1-29
2026-10-09 04:28:18,554 INFO o.a.j.t.JMeterThread: Thread finished: Ticket intake 1-29
2026-10-09 04:28:19,421 INFO o.a.j.t.JMeterThread: Thread started: Ticket intake 1-46
2026-10-09 04:28:22,359 INFO o.a.j.t.JMeterThread: Thread started: Ticket intake 1-47
2026-10-09 04:28:23,628 INFO o.a.j.t.JMeterThread: Thread started: Ticket intake 1-48
2026-10-09 04:28:24,867 INFO o.a.j.t.JMeterThread: Thread is done: Ticket intake 1-30
2026-10-09 04:28:24,867 INFO o.a.j.t.JMeterThread: Thread finished: Ticket intake 1-30
2026-10-09 04:28:28,803 INFO o.a.j.t.JMeterThread: Thread is done: Ticket intake 1-31
2026-10-09 04:28:28,804 INFO o.a.j.t.JMeterThread: Thread finished: Ticket intake 1-31
2026-10-09 04:28:29,546 INFO o.a.j.t.JMeterThread: Thread started: Ticket intake 1-49
2026-10-09 04:28:31,563 INFO o.a.j.t.JMeterThread: Thread started: Ticket intake 1-50
2026-10-09 04:28:34,044 INFO o.a.j.t.JMeterThread: Thread started: Ticket intake 1-51
2026-10-09 04:28:40,009 INFO o.a.j.t.JMeterThread: Thread started: Ticket intake 1-52
2026-10-09 04:28:47,001 INFO o.a.j.t.JMeterThread: Thread is done: Ticket intake 1-32
2026-10-09 04:28:47,001 INFO o.a.j.t.JMeterThread: Thread finished: Ticket intake 1-32
2026-10-09 04:28:49,719 INFO o.a.j.t.JMeterThread: Thread started: Ticket intake 1-53
2026-10-09 04:28:54,204 INFO o.a.j.t.JMeterThread: Thread started: Ticket intake 1-54
2026-10-09 04:28:55,216 INFO o.a.j.t.JMeterThread: Thread is done: Ticket intake 1-33
2026-10-09 04:28:55,216 INFO o.a.j.t.JMeterThread: Thread finished: Ticket intake 1-33
2026-10-09 04:28:58,338 INFO o.a.j.t.JMeterThread: Thread is done: Ticket intake 1-34
2026-10-09 04:28:58,338 INFO o.a.j.t.JMeterThread: Thread finished: Ticket intake 1-34
2026-10-09 04:28:58,732 INFO o.a.j.t.JMeterThread: Thread started: Ticket intake 1-55
2026-10-09 04:29:02,627 INFO o.a.j.r.Summariser: summary +      9 in 00:01:03 =    0.1/s Avg: 81195 Min: 67645 Max: 93400 Err:     0 (0.00%) Active: 21 Started: 55 Finished: 34
2026-10-09 04:29:02,627 INFO o.a.j.r.Summariser: summary =     35 in 00:04:38 =    0.1/s Avg: 62308 Min: 14315 Max: 93400 Err:     0 (0.00%)
2026-10-09 04:29:02,628 INFO o.a.j.t.JMeterThread: Thread is done: Ticket intake 1-35
2026-10-09 04:29:02,628 INFO o.a.j.t.JMeterThread: Thread finished: Ticket intake 1-35
2026-10-09 04:29:04,029 INFO o.a.j.t.JMeterThread: Thread started: Ticket intake 1-56
2026-10-09 04:29:05,032 INFO o.a.j.t.JMeterThread: Thread started: Ticket intake 1-57
2026-10-09 04:29:15,419 INFO o.a.j.t.JMeterThread: Thread started: Ticket intake 1-58
2026-10-09 04:29:15,520 INFO o.a.j.t.JMeterThread: Thread is done: Ticket intake 1-36
2026-10-09 04:29:15,520 INFO o.a.j.t.JMeterThread: Thread finished: Ticket intake 1-36
2026-10-09 04:29:15,649 INFO o.a.j.t.JMeterThread: Thread started: Ticket intake 1-59
2026-10-09 04:29:19,798 INFO o.a.j.t.o.EvenArrivalsRamp: Generating 0 events, beginRate = 0.0 / sec, endRate = 0.0 / sec, duration = 420.0 sec
2026-10-09 04:29:19,798 INFO o.a.j.t.o.OpenModelThreadGroup: There will be no more events, so will wait for 424 sec till the end of the schedule
2026-10-09 04:29:19,799 INFO o.a.j.t.JMeterThread: Thread started: Ticket intake 1-60
2026-10-09 04:29:28,100 INFO o.a.j.t.JMeterThread: Thread is done: Ticket intake 1-37
2026-10-09 04:29:28,100 INFO o.a.j.t.JMeterThread: Thread finished: Ticket intake 1-37
2026-10-09 04:29:33,948 INFO o.a.j.r.Summariser: summary +      3 in 00:00:31 =    0.1/s Avg: 104510 Min: 95228 Max: 110603 Err:     0 (0.00%) Active: 23 Started: 60 Finished: 37
2026-10-09 04:29:33,949 INFO o.a.j.r.Summariser: summary =     38 in 00:05:09 =    0.1/s Avg: 65640 Min: 14315 Max: 110603 Err:     0 (0.00%)
2026-10-09 04:29:33,949 INFO o.a.j.t.JMeterThread: Thread is done: Ticket intake 1-38
2026-10-09 04:29:33,950 INFO o.a.j.t.JMeterThread: Thread finished: Ticket intake 1-38
2026-10-09 04:29:37,846 INFO o.a.j.t.JMeterThread: Thread is done: Ticket intake 1-39
2026-10-09 04:29:37,846 INFO o.a.j.t.JMeterThread: Thread finished: Ticket intake 1-39
2026-10-09 04:29:50,236 INFO o.a.j.t.JMeterThread: Thread is done: Ticket intake 1-40
2026-10-09 04:29:50,236 INFO o.a.j.t.JMeterThread: Thread finished: Ticket intake 1-40
2026-10-09 04:30:07,251 INFO o.a.j.t.JMeterThread: Thread is done: Ticket intake 1-41
2026-10-09 04:30:07,252 INFO o.a.j.t.JMeterThread: Thread finished: Ticket intake 1-41
2026-10-09 04:30:11,343 INFO o.a.j.t.JMeterThread: Thread is done: Ticket intake 1-42
2026-10-09 04:30:11,343 INFO o.a.j.t.JMeterThread: Thread finished: Ticket intake 1-42
2026-10-09 04:30:17,057 INFO o.a.j.t.JMeterThread: Thread is done: Ticket intake 1-43
2026-10-09 04:30:17,058 INFO o.a.j.t.JMeterThread: Thread finished: Ticket intake 1-43
2026-10-09 04:30:29,930 INFO o.a.j.t.JMeterThread: Thread is done: Ticket intake 1-44
2026-10-09 04:30:29,930 INFO o.a.j.t.JMeterThread: Thread finished: Ticket intake 1-44
2026-10-09 04:30:36,815 INFO o.a.j.t.JMeterThread: Thread is done: Ticket intake 1-45
2026-10-09 04:30:36,815 INFO o.a.j.t.JMeterThread: Thread finished: Ticket intake 1-45
2026-10-09 04:30:54,051 INFO o.a.j.t.JMeterThread: Thread is done: Ticket intake 1-46
2026-10-09 04:30:54,051 INFO o.a.j.t.JMeterThread: Thread finished: Ticket intake 1-46
2026-10-09 04:31:00,293 INFO o.a.j.r.Summariser: summary +      9 in 00:01:26 =    0.1/s Avg: 137412 Min: 111038 Max: 157932 Err:     0 (0.00%) Active: 14 Started: 60 Finished: 46
2026-10-09 04:31:00,293 INFO o.a.j.r.Summariser: summary =     47 in 00:06:36 =    0.1/s Avg: 79383 Min: 14315 Max: 157932 Err:     0 (0.00%)
2026-10-09 04:31:00,294 INFO o.a.j.t.JMeterThread: Thread is done: Ticket intake 1-47
2026-10-09 04:31:00,294 INFO o.a.j.t.JMeterThread: Thread finished: Ticket intake 1-47
2026-10-09 04:31:16,272 INFO o.a.j.t.JMeterThread: Thread is done: Ticket intake 1-48
2026-10-09 04:31:16,272 INFO o.a.j.t.JMeterThread: Thread finished: Ticket intake 1-48
2026-10-09 04:31:21,021 INFO o.a.j.t.JMeterThread: Thread is done: Ticket intake 1-49
2026-10-09 04:31:21,021 INFO o.a.j.t.JMeterThread: Thread finished: Ticket intake 1-49
2026-10-09 04:31:28,548 INFO o.a.j.t.JMeterThread: Thread is done: Ticket intake 1-50
2026-10-09 04:31:28,548 INFO o.a.j.t.JMeterThread: Thread finished: Ticket intake 1-50
2026-10-09 04:31:40,848 INFO o.a.j.t.JMeterThread: Thread is done: Ticket intake 1-51
2026-10-09 04:31:40,849 INFO o.a.j.t.JMeterThread: Thread finished: Ticket intake 1-51
2026-10-09 04:31:45,597 INFO o.a.j.t.JMeterThread: Thread is done: Ticket intake 1-52
2026-10-09 04:31:45,597 INFO o.a.j.t.JMeterThread: Thread finished: Ticket intake 1-52
2026-10-09 04:31:58,704 INFO o.a.j.t.JMeterThread: Thread is done: Ticket intake 1-53
2026-10-09 04:31:58,704 INFO o.a.j.t.JMeterThread: Thread finished: Ticket intake 1-53
2026-10-09 04:32:12,691 INFO o.a.j.t.JMeterThread: Thread is done: Ticket intake 1-54
2026-10-09 04:32:12,691 INFO o.a.j.t.JMeterThread: Thread finished: Ticket intake 1-54
2026-10-09 04:32:19,856 INFO o.a.j.t.JMeterThread: Thread is done: Ticket intake 1-55
2026-10-09 04:32:19,856 INFO o.a.j.t.JMeterThread: Thread finished: Ticket intake 1-55
2026-10-09 04:32:28,045 INFO o.a.j.t.JMeterThread: Thread is done: Ticket intake 1-56
2026-10-09 04:32:28,045 INFO o.a.j.t.JMeterThread: Thread finished: Ticket intake 1-56
2026-10-09 04:32:37,360 INFO o.a.j.t.JMeterThread: Thread is done: Ticket intake 1-57
2026-10-09 04:32:37,360 INFO o.a.j.t.JMeterThread: Thread finished: Ticket intake 1-57
2026-10-09 04:32:47,008 INFO o.a.j.t.JMeterThread: Thread is done: Ticket intake 1-58
2026-10-09 04:32:47,008 INFO o.a.j.t.JMeterThread: Thread finished: Ticket intake 1-58
2026-10-09 04:33:01,414 INFO o.a.j.r.Summariser: summary +     12 in 00:02:01 =    0.1/s Avg: 194648 Min: 171474 Max: 225765 Err:     0 (0.00%) Active: 2 Started: 60 Finished: 58
2026-10-09 04:33:01,416 INFO o.a.j.r.Summariser: summary =     59 in 00:08:37 =    0.1/s Avg: 102827 Min: 14315 Max: 225765 Err:     0 (0.00%)
2026-10-09 04:33:01,416 INFO o.a.j.t.JMeterThread: Thread is done: Ticket intake 1-59
2026-10-09 04:33:01,416 INFO o.a.j.t.JMeterThread: Thread finished: Ticket intake 1-59
2026-10-09 04:33:08,301 INFO o.a.j.t.JMeterThread: Thread is done: Ticket intake 1-60
2026-10-09 04:33:08,301 INFO o.a.j.t.JMeterThread: Thread finished: Ticket intake 1-60
2026-10-09 04:36:24,432 INFO o.a.j.t.o.OpenModelThreadGroup: There will be no more events, will shutdown the thread pool
2026-10-09 04:36:24,432 INFO o.a.j.t.o.OpenModelThreadGroup: Thread starting done
2026-10-09 04:36:24,432 INFO o.a.j.e.StandardJMeterEngine: Notifying test listeners of end of test
2026-10-09 04:36:24,432 INFO o.a.j.s.FileServer: Close: run1.data.txt
2026-10-09 04:36:24,432 INFO o.a.j.r.Summariser: summary +      1 in 00:03:23 =    0.0/s Avg: 228501 Min: 228501 Max: 228501 Err:     0 (0.00%) Active: 0 Started: 60 Finished: 60
2026-10-09 04:36:24,432 INFO o.a.j.r.Summariser: summary =     60 in 00:12:00 =    0.1/s Avg: 104921 Min: 14315 Max: 228501 Err:     0 (0.00%)
