2026-10-09 05:12:32,041 INFO o.a.j.u.JMeterUtils: Setting Locale to en_EN
2026-10-09 05:12:32,053 INFO o.a.j.JMeter: Loading user properties from: C:\meter\bin\user.properties
2026-10-09 05:12:32,053 INFO o.a.j.JMeter: Loading system properties from: C:\meter\bin\system.properties
2026-10-09 05:12:32,053 INFO o.a.j.JMeter: Setting JMeter property: host=192.168.86.33
2026-10-09 05:12:32,060 INFO o.a.j.JMeter: Copyright (c) 1998-2024 The Apache Software Foundation
2026-10-09 05:12:32,060 INFO o.a.j.JMeter: Version 5.6.3
2026-10-09 05:12:32,060 INFO o.a.j.JMeter: java.version=1.8.0_431
2026-10-09 05:12:32,060 INFO o.a.j.JMeter: java.vm.name=Java HotSpot(TM) Client VM
2026-10-09 05:12:32,060 INFO o.a.j.JMeter: os.name=Windows 11
2026-10-09 05:12:32,060 INFO o.a.j.JMeter: os.arch=x86
2026-10-09 05:12:32,060 INFO o.a.j.JMeter: os.version=10.0
2026-10-09 05:12:32,060 INFO o.a.j.JMeter: file.encoding=Cp1252
2026-10-09 05:12:32,060 INFO o.a.j.JMeter: java.awt.headless=true
2026-10-09 05:12:32,061 INFO o.a.j.JMeter: Max memory     =1073741824
2026-10-09 05:12:32,061 INFO o.a.j.JMeter: Available Processors =16
2026-10-09 05:12:32,062 INFO o.a.j.JMeter: Default Locale=English (EN)
2026-10-09 05:12:32,062 INFO o.a.j.JMeter: JMeter  Locale=English (EN)
2026-10-09 05:12:32,062 INFO o.a.j.JMeter: JMeterHome=C:\meter
2026-10-09 05:12:32,062 INFO o.a.j.JMeter: user.dir  =C:\Projects\ICT3113-A1-Team8
2026-10-09 05:12:32,062 INFO o.a.j.JMeter: PWD       =C:\Projects\ICT3113-A1-Team8
2026-10-09 05:12:32,074 INFO o.a.j.JMeter: IP: 192.168.86.25 Name: Samuel-Laptop FullName: Samuel-Laptop.lan
2026-10-09 05:12:32,087 INFO o.a.j.s.FileServer: Default base='C:\Projects\ICT3113-A1-Team8'
2026-10-09 05:12:32,095 INFO o.a.j.s.FileServer: Set new base='C:\Projects\ICT3113-A1-Team8\results\load\granite3.3_8b\0.20rps'
2026-10-09 05:12:32,214 INFO o.a.j.s.SaveService: Testplan (JMX) version: 2.2. Testlog (JTL) version: 2.2
2026-10-09 05:12:32,229 INFO o.a.j.s.SaveService: Using SaveService properties file encoding UTF-8
2026-10-09 05:12:32,245 INFO o.a.j.s.SaveService: Using SaveService properties version 5.0
2026-10-09 05:12:32,245 INFO o.a.j.s.SaveService: Loading file: C:\Projects\ICT3113-A1-Team8\results\load\granite3.3_8b\0.20rps\run3.jmx
2026-10-09 05:12:32,325 INFO o.a.j.p.h.s.HTTPSamplerBase: Parser for text/html is org.apache.jmeter.protocol.http.parser.LagartoBasedHtmlParser
2026-10-09 05:12:32,325 INFO o.a.j.p.h.s.HTTPSamplerBase: Parser for application/xhtml+xml is org.apache.jmeter.protocol.http.parser.LagartoBasedHtmlParser
2026-10-09 05:12:32,325 INFO o.a.j.p.h.s.HTTPSamplerBase: Parser for application/xml is org.apache.jmeter.protocol.http.parser.LagartoBasedHtmlParser
2026-10-09 05:12:32,325 INFO o.a.j.p.h.s.HTTPSamplerBase: Parser for text/xml is org.apache.jmeter.protocol.http.parser.LagartoBasedHtmlParser
2026-10-09 05:12:32,325 INFO o.a.j.p.h.s.HTTPSamplerBase: Parser for text/vnd.wap.wml is org.apache.jmeter.protocol.http.parser.RegexpHTMLParser
2026-10-09 05:12:32,325 INFO o.a.j.p.h.s.HTTPSamplerBase: Parser for text/css is org.apache.jmeter.protocol.http.parser.CssParser
2026-10-09 05:12:32,496 INFO o.a.j.JMeter: Creating summariser <summary>
2026-10-09 05:12:32,514 INFO o.a.j.e.StandardJMeterEngine: Running the test!
2026-10-09 05:12:32,514 INFO o.a.j.s.SampleEvent: List of sample_variables: []
2026-10-09 05:12:32,514 INFO o.a.j.s.SampleEvent: List of sample_variables: []
2026-10-09 05:12:32,518 INFO o.a.j.e.u.CompoundVariable: Note: Function class names must contain the string: '.functions.'
2026-10-09 05:12:32,519 INFO o.a.j.e.u.CompoundVariable: Note: Function class names must not contain the string: '.gui.'
2026-10-09 05:12:32,757 INFO o.a.j.JMeter: Running test (1791493952757)
2026-10-09 05:12:32,791 INFO o.a.j.e.StandardJMeterEngine: Starting ThreadGroup: 1 : Ticket intake
2026-10-09 05:12:32,791 INFO o.a.j.e.StandardJMeterEngine: Starting 0 threads for group Ticket intake.
2026-10-09 05:12:32,791 INFO o.a.j.e.StandardJMeterEngine: Thread will continue on error
2026-10-09 05:12:32,792 INFO o.a.j.t.o.OpenModelThreadGroup: Starting OpenModelThreadGroup#1 with schedule rate(12/min) random_arrivals(5 min) rate(12/min) pause(7 min)
2026-10-09 05:12:32,827 INFO o.a.j.e.StandardJMeterEngine: All thread groups have been started
2026-10-09 05:12:32,827 INFO o.a.j.t.o.OpenModelThreadGroup: Thread starting init
2026-10-09 05:12:32,827 INFO o.a.j.t.o.PoissonArrivalsRamp: Generating 60 events, beginRate = 0.2 / sec, endRate = 0.2 / sec, duration = 300.0 sec
2026-10-09 05:12:34,666 INFO o.a.j.t.JMeterThread: Thread started: Ticket intake 1-1
2026-10-09 05:12:34,667 INFO o.a.j.s.FileServer: Stored: run3.data.txt
2026-10-09 05:12:34,703 INFO o.a.j.p.h.s.HTTPHCAbstractImpl: Local host = Samuel-Laptop
2026-10-09 05:12:34,712 INFO o.a.j.p.h.s.HTTPHC4Impl: HTTP request retry count = 0
2026-10-09 05:12:34,714 INFO o.a.j.s.SampleResult: Note: Sample TimeStamps are START times
2026-10-09 05:12:34,715 INFO o.a.j.s.SampleResult: sampleresult.default.encoding is set to UTF-8
2026-10-09 05:12:34,715 INFO o.a.j.s.SampleResult: sampleresult.useNanoTime=true
2026-10-09 05:12:34,715 INFO o.a.j.s.SampleResult: sampleresult.nanoThreadSleep=5000
2026-10-09 05:12:38,474 INFO o.a.j.t.JMeterThread: Thread started: Ticket intake 1-2
2026-10-09 05:12:43,015 INFO o.a.j.t.JMeterThread: Thread started: Ticket intake 1-3
2026-10-09 05:12:44,413 INFO o.a.j.t.JMeterThread: Thread started: Ticket intake 1-4
2026-10-09 05:12:47,571 INFO o.a.j.t.JMeterThread: Thread started: Ticket intake 1-5
2026-10-09 05:12:50,689 INFO o.a.j.t.JMeterThread: Thread started: Ticket intake 1-6
2026-10-09 05:12:50,981 INFO o.a.j.t.JMeterThread: Thread started: Ticket intake 1-7
2026-10-09 05:12:51,406 INFO o.a.j.t.JMeterThread: Thread started: Ticket intake 1-8
2026-10-09 05:12:52,645 INFO o.a.j.t.JMeterThread: Thread is done: Ticket intake 1-1
2026-10-09 05:12:52,645 INFO o.a.j.t.JMeterThread: Thread finished: Ticket intake 1-1
2026-10-09 05:12:56,364 INFO o.a.j.t.JMeterThread: Thread is done: Ticket intake 1-2
2026-10-09 05:12:56,364 INFO o.a.j.t.JMeterThread: Thread finished: Ticket intake 1-2
2026-10-09 05:13:01,546 INFO o.a.j.t.JMeterThread: Thread started: Ticket intake 1-9
2026-10-09 05:13:06,872 INFO o.a.j.t.JMeterThread: Thread started: Ticket intake 1-10
2026-10-09 05:13:09,551 INFO o.a.j.t.JMeterThread: Thread is done: Ticket intake 1-3
2026-10-09 05:13:09,551 INFO o.a.j.t.JMeterThread: Thread finished: Ticket intake 1-3
2026-10-09 05:13:11,620 INFO o.a.j.t.JMeterThread: Thread started: Ticket intake 1-11
2026-10-09 05:13:19,298 INFO o.a.j.t.JMeterThread: Thread is done: Ticket intake 1-4
2026-10-09 05:13:19,298 INFO o.a.j.t.JMeterThread: Thread finished: Ticket intake 1-4
2026-10-09 05:13:31,688 INFO o.a.j.t.JMeterThread: Thread started: Ticket intake 1-12
2026-10-09 05:13:33,507 INFO o.a.j.r.Summariser: summary +      5 in 00:01:01 =    0.1/s Avg: 28621 Min: 17865 Max: 45934 Err:     0 (0.00%) Active: 8 Started: 12 Finished: 4
2026-10-09 05:13:33,508 INFO o.a.j.t.JMeterThread: Thread is done: Ticket intake 1-5
2026-10-09 05:13:33,508 INFO o.a.j.t.JMeterThread: Thread finished: Ticket intake 1-5
2026-10-09 05:13:39,765 INFO o.a.j.t.JMeterThread: Thread started: Ticket intake 1-13
2026-10-09 05:13:44,900 INFO o.a.j.t.JMeterThread: Thread started: Ticket intake 1-14
2026-10-09 05:13:47,813 INFO o.a.j.t.JMeterThread: Thread is done: Ticket intake 1-6
2026-10-09 05:13:47,813 INFO o.a.j.t.JMeterThread: Thread finished: Ticket intake 1-6
2026-10-09 05:13:53,011 INFO o.a.j.t.JMeterThread: Thread is done: Ticket intake 1-7
2026-10-09 05:13:53,011 INFO o.a.j.t.JMeterThread: Thread finished: Ticket intake 1-7
2026-10-09 05:13:55,652 INFO o.a.j.t.JMeterThread: Thread started: Ticket intake 1-15
2026-10-09 05:13:55,832 INFO o.a.j.t.JMeterThread: Thread started: Ticket intake 1-16
2026-10-09 05:14:00,660 INFO o.a.j.t.JMeterThread: Thread started: Ticket intake 1-17
2026-10-09 05:14:02,460 INFO o.a.j.t.JMeterThread: Thread started: Ticket intake 1-18
2026-10-09 05:14:09,583 INFO o.a.j.t.JMeterThread: Thread is done: Ticket intake 1-8
2026-10-09 05:14:09,583 INFO o.a.j.t.JMeterThread: Thread finished: Ticket intake 1-8
2026-10-09 05:14:10,570 INFO o.a.j.t.JMeterThread: Thread started: Ticket intake 1-19
2026-10-09 05:14:16,409 INFO o.a.j.t.JMeterThread: Thread started: Ticket intake 1-20
2026-10-09 05:14:17,621 INFO o.a.j.t.JMeterThread: Thread started: Ticket intake 1-21
2026-10-09 05:14:19,456 INFO o.a.j.t.JMeterThread: Thread is done: Ticket intake 1-9
2026-10-09 05:14:19,456 INFO o.a.j.t.JMeterThread: Thread finished: Ticket intake 1-9
2026-10-09 05:14:22,989 INFO o.a.j.t.JMeterThread: Thread is done: Ticket intake 1-10
2026-10-09 05:14:22,990 INFO o.a.j.t.JMeterThread: Thread finished: Ticket intake 1-10
2026-10-09 05:14:24,548 INFO o.a.j.t.JMeterThread: Thread started: Ticket intake 1-22
2026-10-09 05:14:30,648 INFO o.a.j.r.Summariser: summary +      6 in 00:00:57 =    0.1/s Avg: 71731 Min: 57122 Max: 79026 Err:     0 (0.00%) Active: 12 Started: 22 Finished: 10
2026-10-09 05:14:30,650 INFO o.a.j.r.Summariser: summary =     11 in 00:01:58 =    0.1/s Avg: 52135 Min: 17865 Max: 79026 Err:     0 (0.00%)
2026-10-09 05:14:30,650 INFO o.a.j.t.JMeterThread: Thread is done: Ticket intake 1-11
2026-10-09 05:14:30,650 INFO o.a.j.t.JMeterThread: Thread finished: Ticket intake 1-11
2026-10-09 05:14:35,631 INFO o.a.j.t.JMeterThread: Thread started: Ticket intake 1-23
2026-10-09 05:14:37,625 INFO o.a.j.t.JMeterThread: Thread is done: Ticket intake 1-12
2026-10-09 05:14:37,626 INFO o.a.j.t.JMeterThread: Thread finished: Ticket intake 1-12
2026-10-09 05:14:44,271 INFO o.a.j.t.JMeterThread: Thread started: Ticket intake 1-24
2026-10-09 05:14:45,477 INFO o.a.j.t.JMeterThread: Thread started: Ticket intake 1-25
2026-10-09 05:14:48,140 INFO o.a.j.t.JMeterThread: Thread started: Ticket intake 1-26
2026-10-09 05:14:48,473 INFO o.a.j.t.JMeterThread: Thread is done: Ticket intake 1-13
2026-10-09 05:14:48,473 INFO o.a.j.t.JMeterThread: Thread finished: Ticket intake 1-13
2026-10-09 05:14:50,772 INFO o.a.j.t.JMeterThread: Thread started: Ticket intake 1-27
2026-10-09 05:14:50,773 INFO o.a.j.t.JMeterThread: Thread started: Ticket intake 1-28
2026-10-09 05:14:55,461 INFO o.a.j.t.JMeterThread: Thread is done: Ticket intake 1-14
2026-10-09 05:14:55,461 INFO o.a.j.t.JMeterThread: Thread finished: Ticket intake 1-14
2026-10-09 05:15:01,199 INFO o.a.j.r.Summariser: summary +      4 in 00:00:31 =    0.1/s Avg: 67687 Min: 65546 Max: 70560 Err:     0 (0.00%) Active: 14 Started: 28 Finished: 14
2026-10-09 05:15:01,199 INFO o.a.j.r.Summariser: summary =     15 in 00:02:28 =    0.1/s Avg: 56282 Min: 17865 Max: 79026 Err:     0 (0.00%)
2026-10-09 05:15:01,200 INFO o.a.j.t.JMeterThread: Thread is done: Ticket intake 1-15
2026-10-09 05:15:01,200 INFO o.a.j.t.JMeterThread: Thread finished: Ticket intake 1-15
2026-10-09 05:15:07,603 INFO o.a.j.t.JMeterThread: Thread started: Ticket intake 1-29
2026-10-09 05:15:08,033 INFO o.a.j.t.JMeterThread: Thread started: Ticket intake 1-30
2026-10-09 05:15:08,329 INFO o.a.j.t.JMeterThread: Thread started: Ticket intake 1-31
2026-10-09 05:15:08,493 INFO o.a.j.t.JMeterThread: Thread started: Ticket intake 1-32
2026-10-09 05:15:14,230 INFO o.a.j.t.JMeterThread: Thread started: Ticket intake 1-33
2026-10-09 05:15:16,080 INFO o.a.j.t.JMeterThread: Thread started: Ticket intake 1-34
2026-10-09 05:15:16,815 INFO o.a.j.t.JMeterThread: Thread started: Ticket intake 1-35
2026-10-09 05:15:20,467 INFO o.a.j.t.JMeterThread: Thread is done: Ticket intake 1-16
2026-10-09 05:15:20,467 INFO o.a.j.t.JMeterThread: Thread finished: Ticket intake 1-16
2026-10-09 05:15:24,857 INFO o.a.j.t.JMeterThread: Thread is done: Ticket intake 1-17
2026-10-09 05:15:24,857 INFO o.a.j.t.JMeterThread: Thread finished: Ticket intake 1-17
2026-10-09 05:15:25,117 INFO o.a.j.t.JMeterThread: Thread started: Ticket intake 1-36
2026-10-09 05:15:29,843 INFO o.a.j.t.JMeterThread: Thread is done: Ticket intake 1-18
2026-10-09 05:15:29,843 INFO o.a.j.t.JMeterThread: Thread finished: Ticket intake 1-18
2026-10-09 05:15:33,157 INFO o.a.j.r.Summariser: summary +      4 in 00:00:32 =    0.1/s Avg: 84702 Min: 82596 Max: 87381 Err:     0 (0.00%) Active: 18 Started: 36 Finished: 18
2026-10-09 05:15:33,157 INFO o.a.j.r.Summariser: summary =     19 in 00:03:00 =    0.1/s Avg: 62265 Min: 17865 Max: 87381 Err:     0 (0.00%)
2026-10-09 05:15:33,157 INFO o.a.j.t.JMeterThread: Thread is done: Ticket intake 1-19
2026-10-09 05:15:33,157 INFO o.a.j.t.JMeterThread: Thread finished: Ticket intake 1-19
2026-10-09 05:15:44,378 INFO o.a.j.t.JMeterThread: Thread started: Ticket intake 1-37
2026-10-09 05:15:45,048 INFO o.a.j.t.JMeterThread: Thread started: Ticket intake 1-38
2026-10-09 05:15:45,282 INFO o.a.j.t.JMeterThread: Thread started: Ticket intake 1-39
2026-10-09 05:15:48,650 INFO o.a.j.t.JMeterThread: Thread started: Ticket intake 1-40
2026-10-09 05:15:49,846 INFO o.a.j.t.JMeterThread: Thread is done: Ticket intake 1-20
2026-10-09 05:15:49,846 INFO o.a.j.t.JMeterThread: Thread finished: Ticket intake 1-20
2026-10-09 05:15:55,208 INFO o.a.j.t.JMeterThread: Thread started: Ticket intake 1-41
2026-10-09 05:15:56,095 INFO o.a.j.t.JMeterThread: Thread is done: Ticket intake 1-21
2026-10-09 05:15:56,095 INFO o.a.j.t.JMeterThread: Thread finished: Ticket intake 1-21
2026-10-09 05:15:56,969 INFO o.a.j.t.JMeterThread: Thread started: Ticket intake 1-42
2026-10-09 05:15:57,184 INFO o.a.j.t.JMeterThread: Thread started: Ticket intake 1-43
2026-10-09 05:15:57,758 INFO o.a.j.t.JMeterThread: Thread started: Ticket intake 1-44
2026-10-09 05:16:13,592 INFO o.a.j.t.JMeterThread: Thread is done: Ticket intake 1-22
2026-10-09 05:16:13,592 INFO o.a.j.t.JMeterThread: Thread finished: Ticket intake 1-22
2026-10-09 05:16:19,145 INFO o.a.j.t.JMeterThread: Thread is done: Ticket intake 1-23
2026-10-09 05:16:19,145 INFO o.a.j.t.JMeterThread: Thread finished: Ticket intake 1-23
2026-10-09 05:16:19,426 INFO o.a.j.t.JMeterThread: Thread started: Ticket intake 1-45
2026-10-09 05:16:23,260 INFO o.a.j.t.JMeterThread: Thread started: Ticket intake 1-46
2026-10-09 05:16:24,182 INFO o.a.j.t.JMeterThread: Thread started: Ticket intake 1-47
2026-10-09 05:16:27,921 INFO o.a.j.t.JMeterThread: Thread is done: Ticket intake 1-24
2026-10-09 05:16:27,921 INFO o.a.j.t.JMeterThread: Thread finished: Ticket intake 1-24
2026-10-09 05:16:32,967 INFO o.a.j.r.Summariser: summary +      6 in 00:01:00 =    0.1/s Avg: 102600 Min: 93439 Max: 109043 Err:     0 (0.00%) Active: 23 Started: 47 Finished: 24
2026-10-09 05:16:32,968 INFO o.a.j.r.Summariser: summary =     25 in 00:04:00 =    0.1/s Avg: 71946 Min: 17865 Max: 109043 Err:     0 (0.00%)
2026-10-09 05:16:32,968 INFO o.a.j.t.JMeterThread: Thread is done: Ticket intake 1-25
2026-10-09 05:16:32,968 INFO o.a.j.t.JMeterThread: Thread finished: Ticket intake 1-25
2026-10-09 05:16:33,406 INFO o.a.j.t.JMeterThread: Thread started: Ticket intake 1-48
2026-10-09 05:16:33,729 INFO o.a.j.t.JMeterThread: Thread started: Ticket intake 1-49
2026-10-09 05:16:34,577 INFO o.a.j.t.JMeterThread: Thread started: Ticket intake 1-50
2026-10-09 05:16:39,801 INFO o.a.j.t.JMeterThread: Thread is done: Ticket intake 1-26
2026-10-09 05:16:39,801 INFO o.a.j.t.JMeterThread: Thread finished: Ticket intake 1-26
2026-10-09 05:16:40,355 INFO o.a.j.t.JMeterThread: Thread started: Ticket intake 1-51
2026-10-09 05:16:42,994 INFO o.a.j.t.JMeterThread: Thread is done: Ticket intake 1-27
2026-10-09 05:16:42,994 INFO o.a.j.t.JMeterThread: Thread finished: Ticket intake 1-27
2026-10-09 05:16:43,688 INFO o.a.j.t.JMeterThread: Thread started: Ticket intake 1-52
2026-10-09 05:16:50,654 INFO o.a.j.t.JMeterThread: Thread started: Ticket intake 1-53
2026-10-09 05:16:51,248 INFO o.a.j.t.JMeterThread: Thread started: Ticket intake 1-54
2026-10-09 05:16:53,173 INFO o.a.j.t.JMeterThread: Thread is done: Ticket intake 1-28
2026-10-09 05:16:53,173 INFO o.a.j.t.JMeterThread: Thread finished: Ticket intake 1-28
2026-10-09 05:17:00,081 INFO o.a.j.r.Summariser: summary +      4 in 00:00:27 =    0.1/s Avg: 114688 Min: 111657 Max: 122399 Err:     0 (0.00%) Active: 26 Started: 54 Finished: 28
2026-10-09 05:17:00,082 INFO o.a.j.r.Summariser: summary =     29 in 00:04:27 =    0.1/s Avg: 77841 Min: 17865 Max: 122399 Err:     0 (0.00%)
2026-10-09 05:17:00,082 INFO o.a.j.t.JMeterThread: Thread is done: Ticket intake 1-29
2026-10-09 05:17:00,082 INFO o.a.j.t.JMeterThread: Thread finished: Ticket intake 1-29
2026-10-09 05:17:03,215 INFO o.a.j.t.JMeterThread: Thread started: Ticket intake 1-55
2026-10-09 05:17:03,302 INFO o.a.j.t.JMeterThread: Thread started: Ticket intake 1-56
2026-10-09 05:17:06,987 INFO o.a.j.t.JMeterThread: Thread started: Ticket intake 1-57
2026-10-09 05:17:11,255 INFO o.a.j.t.JMeterThread: Thread started: Ticket intake 1-58
2026-10-09 05:17:15,142 INFO o.a.j.t.JMeterThread: Thread is done: Ticket intake 1-30
2026-10-09 05:17:15,143 INFO o.a.j.t.JMeterThread: Thread finished: Ticket intake 1-30
2026-10-09 05:17:21,559 INFO o.a.j.t.JMeterThread: Thread started: Ticket intake 1-59
2026-10-09 05:17:22,727 INFO o.a.j.t.o.EvenArrivalsRamp: Generating 0 events, beginRate = 0.0 / sec, endRate = 0.0 / sec, duration = 420.0 sec
2026-10-09 05:17:22,727 INFO o.a.j.t.o.OpenModelThreadGroup: There will be no more events, so will wait for 429 sec till the end of the schedule
2026-10-09 05:17:22,728 INFO o.a.j.t.JMeterThread: Thread started: Ticket intake 1-60
2026-10-09 05:17:23,337 INFO o.a.j.t.JMeterThread: Thread is done: Ticket intake 1-31
2026-10-09 05:17:23,337 INFO o.a.j.t.JMeterThread: Thread finished: Ticket intake 1-31
2026-10-09 05:17:36,908 INFO o.a.j.t.JMeterThread: Thread is done: Ticket intake 1-32
2026-10-09 05:17:36,909 INFO o.a.j.t.JMeterThread: Thread finished: Ticket intake 1-32
2026-10-09 05:17:52,248 INFO o.a.j.t.JMeterThread: Thread is done: Ticket intake 1-33
2026-10-09 05:17:52,248 INFO o.a.j.t.JMeterThread: Thread finished: Ticket intake 1-33
2026-10-09 05:18:02,232 INFO o.a.j.r.Summariser: summary +      5 in 00:01:02 =    0.1/s Avg: 146938 Min: 127108 Max: 166150 Err:     0 (0.00%) Active: 27 Started: 60 Finished: 33
2026-10-09 05:18:02,232 INFO o.a.j.r.Summariser: summary =     34 in 00:05:29 =    0.1/s Avg: 88002 Min: 17865 Max: 166150 Err:     0 (0.00%)
2026-10-09 05:18:02,233 INFO o.a.j.t.JMeterThread: Thread is done: Ticket intake 1-34
2026-10-09 05:18:02,233 INFO o.a.j.t.JMeterThread: Thread finished: Ticket intake 1-34
2026-10-09 05:18:12,789 INFO o.a.j.t.JMeterThread: Thread is done: Ticket intake 1-35
2026-10-09 05:18:12,789 INFO o.a.j.t.JMeterThread: Thread finished: Ticket intake 1-35
2026-10-09 05:18:19,043 INFO o.a.j.t.JMeterThread: Thread is done: Ticket intake 1-36
2026-10-09 05:18:19,043 INFO o.a.j.t.JMeterThread: Thread finished: Ticket intake 1-36
2026-10-09 05:18:32,161 INFO o.a.j.r.Summariser: summary +      3 in 00:00:30 =    0.1/s Avg: 172559 Min: 167781 Max: 175973 Err:     0 (0.00%) Active: 24 Started: 60 Finished: 36
2026-10-09 05:18:32,162 INFO o.a.j.r.Summariser: summary =     37 in 00:05:59 =    0.1/s Avg: 94858 Min: 17865 Max: 175973 Err:     0 (0.00%)
2026-10-09 05:18:32,162 INFO o.a.j.t.JMeterThread: Thread is done: Ticket intake 1-37
2026-10-09 05:18:32,163 INFO o.a.j.t.JMeterThread: Thread finished: Ticket intake 1-37
2026-10-09 05:18:47,877 INFO o.a.j.t.JMeterThread: Thread is done: Ticket intake 1-38
2026-10-09 05:18:47,878 INFO o.a.j.t.JMeterThread: Thread finished: Ticket intake 1-38
2026-10-09 05:18:57,394 INFO o.a.j.t.JMeterThread: Thread is done: Ticket intake 1-39
2026-10-09 05:18:57,394 INFO o.a.j.t.JMeterThread: Thread finished: Ticket intake 1-39
2026-10-09 05:19:04,297 INFO o.a.j.r.Summariser: summary +      3 in 00:00:32 =    0.1/s Avg: 190194 Min: 182828 Max: 195643 Err:     0 (0.00%) Active: 21 Started: 60 Finished: 39
2026-10-09 05:19:04,298 INFO o.a.j.r.Summariser: summary =     40 in 00:06:32 =    0.1/s Avg: 102008 Min: 17865 Max: 195643 Err:     0 (0.00%)
2026-10-09 05:19:04,298 INFO o.a.j.t.JMeterThread: Thread is done: Ticket intake 1-40
2026-10-09 05:19:04,298 INFO o.a.j.t.JMeterThread: Thread finished: Ticket intake 1-40
2026-10-09 05:19:14,982 INFO o.a.j.t.JMeterThread: Thread is done: Ticket intake 1-41
2026-10-09 05:19:14,982 INFO o.a.j.t.JMeterThread: Thread finished: Ticket intake 1-41
2026-10-09 05:19:26,945 INFO o.a.j.t.JMeterThread: Thread is done: Ticket intake 1-42
2026-10-09 05:19:26,946 INFO o.a.j.t.JMeterThread: Thread finished: Ticket intake 1-42
2026-10-09 05:19:41,269 INFO o.a.j.t.JMeterThread: Thread is done: Ticket intake 1-43
2026-10-09 05:19:41,269 INFO o.a.j.t.JMeterThread: Thread finished: Ticket intake 1-43
2026-10-09 05:19:54,215 INFO o.a.j.t.JMeterThread: Thread is done: Ticket intake 1-44
2026-10-09 05:19:54,215 INFO o.a.j.t.JMeterThread: Thread finished: Ticket intake 1-44
2026-10-09 05:20:04,530 INFO o.a.j.r.Summariser: summary +      5 in 00:01:00 =    0.1/s Avg: 219077 Min: 199772 Max: 236455 Err:     0 (0.00%) Active: 16 Started: 60 Finished: 44
2026-10-09 05:20:04,530 INFO o.a.j.r.Summariser: summary =     45 in 00:07:32 =    0.1/s Avg: 115016 Min: 17865 Max: 236455 Err:     0 (0.00%)
2026-10-09 05:20:04,531 INFO o.a.j.t.JMeterThread: Thread is done: Ticket intake 1-45
2026-10-09 05:20:04,531 INFO o.a.j.t.JMeterThread: Thread finished: Ticket intake 1-45
2026-10-09 05:20:20,433 INFO o.a.j.t.JMeterThread: Thread is done: Ticket intake 1-46
2026-10-09 05:20:20,433 INFO o.a.j.t.JMeterThread: Thread finished: Ticket intake 1-46
2026-10-09 05:20:33,921 INFO o.a.j.r.Summariser: summary +      2 in 00:00:29 =    0.1/s Avg: 243453 Min: 237170 Max: 249737 Err:     0 (0.00%) Active: 14 Started: 60 Finished: 46
2026-10-09 05:20:33,921 INFO o.a.j.r.Summariser: summary =     47 in 00:08:01 =    0.1/s Avg: 120481 Min: 17865 Max: 249737 Err:     0 (0.00%)
2026-10-09 05:20:33,922 INFO o.a.j.t.JMeterThread: Thread is done: Ticket intake 1-47
2026-10-09 05:20:33,922 INFO o.a.j.t.JMeterThread: Thread finished: Ticket intake 1-47
2026-10-09 05:20:40,250 INFO o.a.j.t.JMeterThread: Thread is done: Ticket intake 1-48
2026-10-09 05:20:40,250 INFO o.a.j.t.JMeterThread: Thread finished: Ticket intake 1-48
2026-10-09 05:20:50,203 INFO o.a.j.t.JMeterThread: Thread is done: Ticket intake 1-49
2026-10-09 05:20:50,203 INFO o.a.j.t.JMeterThread: Thread finished: Ticket intake 1-49
2026-10-09 05:21:00,235 INFO o.a.j.r.Summariser: summary +      3 in 00:00:26 =    0.1/s Avg: 256323 Min: 246843 Max: 265655 Err:     0 (0.00%) Active: 11 Started: 60 Finished: 49
2026-10-09 05:21:00,235 INFO o.a.j.r.Summariser: summary =     50 in 00:08:27 =    0.1/s Avg: 128632 Min: 17865 Max: 265655 Err:     0 (0.00%)
2026-10-09 05:21:00,236 INFO o.a.j.t.JMeterThread: Thread is done: Ticket intake 1-50
2026-10-09 05:21:00,236 INFO o.a.j.t.JMeterThread: Thread finished: Ticket intake 1-50
2026-10-09 05:21:06,722 INFO o.a.j.t.JMeterThread: Thread is done: Ticket intake 1-51
2026-10-09 05:21:06,722 INFO o.a.j.t.JMeterThread: Thread finished: Ticket intake 1-51
2026-10-09 05:21:10,666 INFO o.a.j.t.JMeterThread: Thread is done: Ticket intake 1-52
2026-10-09 05:21:10,666 INFO o.a.j.t.JMeterThread: Thread finished: Ticket intake 1-52
2026-10-09 05:21:22,695 INFO o.a.j.t.JMeterThread: Thread is done: Ticket intake 1-53
2026-10-09 05:21:22,695 INFO o.a.j.t.JMeterThread: Thread finished: Ticket intake 1-53
2026-10-09 05:21:31,186 INFO o.a.j.r.Summariser: summary +      4 in 00:00:31 =    0.1/s Avg: 271329 Min: 266366 Max: 279936 Err:     0 (0.00%) Active: 7 Started: 60 Finished: 53
2026-10-09 05:21:31,187 INFO o.a.j.r.Summariser: summary =     54 in 00:08:58 =    0.1/s Avg: 139202 Min: 17865 Max: 279936 Err:     0 (0.00%)
2026-10-09 05:21:31,187 INFO o.a.j.t.JMeterThread: Thread is done: Ticket intake 1-54
2026-10-09 05:21:31,187 INFO o.a.j.t.JMeterThread: Thread finished: Ticket intake 1-54
2026-10-09 05:21:43,806 INFO o.a.j.t.JMeterThread: Thread is done: Ticket intake 1-55
2026-10-09 05:21:43,806 INFO o.a.j.t.JMeterThread: Thread finished: Ticket intake 1-55
2026-10-09 05:21:47,184 INFO o.a.j.t.JMeterThread: Thread is done: Ticket intake 1-56
2026-10-09 05:21:47,185 INFO o.a.j.t.JMeterThread: Thread finished: Ticket intake 1-56
2026-10-09 05:21:55,773 INFO o.a.j.t.JMeterThread: Thread is done: Ticket intake 1-57
2026-10-09 05:21:55,773 INFO o.a.j.t.JMeterThread: Thread finished: Ticket intake 1-57
2026-10-09 05:22:12,144 INFO o.a.j.t.JMeterThread: Thread is done: Ticket intake 1-58
2026-10-09 05:22:12,144 INFO o.a.j.t.JMeterThread: Thread finished: Ticket intake 1-58
2026-10-09 05:22:25,654 INFO o.a.j.t.JMeterThread: Thread is done: Ticket intake 1-59
2026-10-09 05:22:25,654 INFO o.a.j.t.JMeterThread: Thread finished: Ticket intake 1-59
2026-10-09 05:22:33,229 INFO o.a.j.r.Summariser: summary +      6 in 00:01:02 =    0.1/s Avg: 294789 Min: 280590 Max: 310499 Err:     0 (0.00%) Active: 1 Started: 60 Finished: 59
2026-10-09 05:22:33,229 INFO o.a.j.r.Summariser: summary =     60 in 00:10:00 =    0.1/s Avg: 154761 Min: 17865 Max: 310499 Err:     0 (0.00%)
2026-10-09 05:22:33,230 INFO o.a.j.t.JMeterThread: Thread is done: Ticket intake 1-60
2026-10-09 05:22:33,230 INFO o.a.j.t.JMeterThread: Thread finished: Ticket intake 1-60
2026-10-09 05:24:32,518 INFO o.a.j.t.o.OpenModelThreadGroup: There will be no more events, will shutdown the thread pool
2026-10-09 05:24:32,518 INFO o.a.j.t.o.OpenModelThreadGroup: Thread starting done
2026-10-09 05:24:32,518 INFO o.a.j.e.StandardJMeterEngine: Notifying test listeners of end of test
2026-10-09 05:24:32,518 INFO o.a.j.s.FileServer: Close: run3.data.txt
2026-10-09 05:24:32,518 INFO o.a.j.r.Summariser: summary =     60 in 00:12:00 =    0.1/s Avg: 154761 Min: 17865 Max: 310499 Err:     0 (0.00%)
