2026-10-08 15:47:57,761 INFO o.a.j.u.JMeterUtils: Setting Locale to en_EN
2026-10-08 15:47:57,772 INFO o.a.j.JMeter: Loading user properties from: C:\meter\bin\user.properties
2026-10-08 15:47:57,772 INFO o.a.j.JMeter: Loading system properties from: C:\meter\bin\system.properties
2026-10-08 15:47:57,772 INFO o.a.j.JMeter: Setting JMeter property: host=192.168.86.33
2026-10-08 15:47:57,778 INFO o.a.j.JMeter: Copyright (c) 1998-2024 The Apache Software Foundation
2026-10-08 15:47:57,778 INFO o.a.j.JMeter: Version 5.6.3
2026-10-08 15:47:57,778 INFO o.a.j.JMeter: java.version=1.8.0_431
2026-10-08 15:47:57,778 INFO o.a.j.JMeter: java.vm.name=Java HotSpot(TM) Client VM
2026-10-08 15:47:57,778 INFO o.a.j.JMeter: os.name=Windows 11
2026-10-08 15:47:57,778 INFO o.a.j.JMeter: os.arch=x86
2026-10-08 15:47:57,778 INFO o.a.j.JMeter: os.version=10.0
2026-10-08 15:47:57,778 INFO o.a.j.JMeter: file.encoding=Cp1252
2026-10-08 15:47:57,778 INFO o.a.j.JMeter: java.awt.headless=true
2026-10-08 15:47:57,778 INFO o.a.j.JMeter: Max memory     =1073741824
2026-10-08 15:47:57,778 INFO o.a.j.JMeter: Available Processors =16
2026-10-08 15:47:57,782 INFO o.a.j.JMeter: Default Locale=English (EN)
2026-10-08 15:47:57,782 INFO o.a.j.JMeter: JMeter  Locale=English (EN)
2026-10-08 15:47:57,782 INFO o.a.j.JMeter: JMeterHome=C:\meter
2026-10-08 15:47:57,782 INFO o.a.j.JMeter: user.dir  =C:\Projects\ICT3113-A1-Team8
2026-10-08 15:47:57,782 INFO o.a.j.JMeter: PWD       =C:\Projects\ICT3113-A1-Team8
2026-10-08 15:47:57,795 INFO o.a.j.JMeter: IP: 192.168.86.25 Name: Samuel-Laptop FullName: Samuel-Laptop.lan
2026-10-08 15:47:57,807 INFO o.a.j.s.FileServer: Default base='C:\Projects\ICT3113-A1-Team8'
2026-10-08 15:47:57,807 INFO o.a.j.s.FileServer: Set new base='C:\Projects\ICT3113-A1-Team8\jmeter'
2026-10-08 15:47:57,944 INFO o.a.j.s.SaveService: Testplan (JMX) version: 2.2. Testlog (JTL) version: 2.2
2026-10-08 15:47:57,958 INFO o.a.j.s.SaveService: Using SaveService properties file encoding UTF-8
2026-10-08 15:47:57,968 INFO o.a.j.s.SaveService: Using SaveService properties version 5.0
2026-10-08 15:47:57,968 INFO o.a.j.s.SaveService: Loading file: jmeter\load_0.20rps.jmx
2026-10-08 15:47:58,041 INFO o.a.j.p.h.s.HTTPSamplerBase: Parser for text/html is org.apache.jmeter.protocol.http.parser.LagartoBasedHtmlParser
2026-10-08 15:47:58,041 INFO o.a.j.p.h.s.HTTPSamplerBase: Parser for application/xhtml+xml is org.apache.jmeter.protocol.http.parser.LagartoBasedHtmlParser
2026-10-08 15:47:58,041 INFO o.a.j.p.h.s.HTTPSamplerBase: Parser for application/xml is org.apache.jmeter.protocol.http.parser.LagartoBasedHtmlParser
2026-10-08 15:47:58,041 INFO o.a.j.p.h.s.HTTPSamplerBase: Parser for text/xml is org.apache.jmeter.protocol.http.parser.LagartoBasedHtmlParser
2026-10-08 15:47:58,041 INFO o.a.j.p.h.s.HTTPSamplerBase: Parser for text/vnd.wap.wml is org.apache.jmeter.protocol.http.parser.RegexpHTMLParser
2026-10-08 15:47:58,041 INFO o.a.j.p.h.s.HTTPSamplerBase: Parser for text/css is org.apache.jmeter.protocol.http.parser.CssParser
2026-10-08 15:47:58,201 INFO o.a.j.JMeter: Creating summariser <summary>
2026-10-08 15:47:58,226 INFO o.a.j.e.StandardJMeterEngine: Running the test!
2026-10-08 15:47:58,226 INFO o.a.j.s.SampleEvent: List of sample_variables: []
2026-10-08 15:47:58,226 INFO o.a.j.s.SampleEvent: List of sample_variables: []
2026-10-08 15:47:58,232 INFO o.a.j.e.u.CompoundVariable: Note: Function class names must contain the string: '.functions.'
2026-10-08 15:47:58,232 INFO o.a.j.e.u.CompoundVariable: Note: Function class names must not contain the string: '.gui.'
2026-10-08 15:47:58,472 INFO o.a.j.JMeter: Running test (1791445678472)
2026-10-08 15:47:58,503 INFO o.a.j.e.StandardJMeterEngine: Starting ThreadGroup: 1 : Ticket intake
2026-10-08 15:47:58,503 INFO o.a.j.e.StandardJMeterEngine: Starting 0 threads for group Ticket intake.
2026-10-08 15:47:58,503 INFO o.a.j.e.StandardJMeterEngine: Thread will continue on error
2026-10-08 15:47:58,503 INFO o.a.j.t.o.OpenModelThreadGroup: Starting OpenModelThreadGroup#1 with schedule rate(12/min) random_arrivals(5 min) rate(12/min)
2026-10-08 15:47:58,542 INFO o.a.j.e.StandardJMeterEngine: All thread groups have been started
2026-10-08 15:47:58,543 INFO o.a.j.t.o.OpenModelThreadGroup: Thread starting init
2026-10-08 15:47:58,551 INFO o.a.j.t.o.PoissonArrivalsRamp: Generating 60 events, beginRate = 0.2 / sec, endRate = 0.2 / sec, duration = 300.0 sec
2026-10-08 15:47:59,225 INFO o.a.j.t.JMeterThread: Thread started: Ticket intake 1-1
2026-10-08 15:47:59,226 INFO o.a.j.s.FileServer: Stored: load_data.txt
2026-10-08 15:47:59,248 INFO o.a.j.p.h.s.HTTPHCAbstractImpl: Local host = Samuel-Laptop
2026-10-08 15:47:59,253 INFO o.a.j.p.h.s.HTTPHC4Impl: HTTP request retry count = 0
2026-10-08 15:47:59,254 INFO o.a.j.s.SampleResult: Note: Sample TimeStamps are START times
2026-10-08 15:47:59,254 INFO o.a.j.s.SampleResult: sampleresult.default.encoding is set to UTF-8
2026-10-08 15:47:59,254 INFO o.a.j.s.SampleResult: sampleresult.useNanoTime=true
2026-10-08 15:47:59,254 INFO o.a.j.s.SampleResult: sampleresult.nanoThreadSleep=5000
2026-10-08 15:48:00,612 INFO o.a.j.r.Summariser: summary +      1 in 00:00:02 =    0.5/s Avg:  1308 Min:  1308 Max:  1308 Err:     0 (0.00%) Active: 1 Started: 1 Finished: 0
2026-10-08 15:48:00,613 INFO o.a.j.t.JMeterThread: Thread is done: Ticket intake 1-1
2026-10-08 15:48:00,613 INFO o.a.j.t.JMeterThread: Thread finished: Ticket intake 1-1
2026-10-08 15:48:00,876 INFO o.a.j.t.JMeterThread: Thread started: Ticket intake 1-2
2026-10-08 15:48:02,128 INFO o.a.j.t.JMeterThread: Thread is done: Ticket intake 1-2
2026-10-08 15:48:02,128 INFO o.a.j.t.JMeterThread: Thread finished: Ticket intake 1-2
2026-10-08 15:48:06,803 INFO o.a.j.t.JMeterThread: Thread started: Ticket intake 1-3
2026-10-08 15:48:06,969 INFO o.a.j.t.JMeterThread: Thread is done: Ticket intake 1-3
2026-10-08 15:48:06,969 INFO o.a.j.t.JMeterThread: Thread finished: Ticket intake 1-3
2026-10-08 15:48:19,918 INFO o.a.j.t.JMeterThread: Thread started: Ticket intake 1-4
2026-10-08 15:48:20,156 INFO o.a.j.t.JMeterThread: Thread is done: Ticket intake 1-4
2026-10-08 15:48:20,156 INFO o.a.j.t.JMeterThread: Thread finished: Ticket intake 1-4
2026-10-08 15:48:27,464 INFO o.a.j.t.JMeterThread: Thread started: Ticket intake 1-5
2026-10-08 15:48:27,629 INFO o.a.j.t.JMeterThread: Thread is done: Ticket intake 1-5
2026-10-08 15:48:27,629 INFO o.a.j.t.JMeterThread: Thread finished: Ticket intake 1-5
2026-10-08 15:48:45,452 INFO o.a.j.t.JMeterThread: Thread started: Ticket intake 1-6
2026-10-08 15:48:45,686 INFO o.a.j.t.JMeterThread: Thread is done: Ticket intake 1-6
2026-10-08 15:48:45,686 INFO o.a.j.t.JMeterThread: Thread finished: Ticket intake 1-6
2026-10-08 15:48:47,275 INFO o.a.j.t.JMeterThread: Thread started: Ticket intake 1-7
2026-10-08 15:48:47,495 INFO o.a.j.t.JMeterThread: Thread is done: Ticket intake 1-7
2026-10-08 15:48:47,495 INFO o.a.j.t.JMeterThread: Thread finished: Ticket intake 1-7
2026-10-08 15:48:48,295 INFO o.a.j.t.JMeterThread: Thread started: Ticket intake 1-8
2026-10-08 15:48:49,216 INFO o.a.j.t.JMeterThread: Thread is done: Ticket intake 1-8
2026-10-08 15:48:49,216 INFO o.a.j.t.JMeterThread: Thread finished: Ticket intake 1-8
2026-10-08 15:48:56,307 INFO o.a.j.t.JMeterThread: Thread started: Ticket intake 1-9
2026-10-08 15:48:57,284 INFO o.a.j.t.JMeterThread: Thread is done: Ticket intake 1-9
2026-10-08 15:48:57,284 INFO o.a.j.t.JMeterThread: Thread finished: Ticket intake 1-9
2026-10-08 15:49:01,352 INFO o.a.j.t.JMeterThread: Thread started: Ticket intake 1-10
2026-10-08 15:49:02,439 INFO o.a.j.r.Summariser: summary +      9 in 00:01:02 =    0.1/s Avg:   583 Min:   164 Max:  1250 Err:     0 (0.00%) Active: 1 Started: 10 Finished: 9
2026-10-08 15:49:02,440 INFO o.a.j.r.Summariser: summary =     10 in 00:01:04 =    0.2/s Avg:   655 Min:   164 Max:  1308 Err:     0 (0.00%)
2026-10-08 15:49:02,440 INFO o.a.j.t.JMeterThread: Thread is done: Ticket intake 1-10
2026-10-08 15:49:02,440 INFO o.a.j.t.JMeterThread: Thread finished: Ticket intake 1-10
2026-10-08 15:49:03,670 INFO o.a.j.t.JMeterThread: Thread started: Ticket intake 1-11
2026-10-08 15:49:06,120 INFO o.a.j.t.JMeterThread: Thread is done: Ticket intake 1-11
2026-10-08 15:49:06,120 INFO o.a.j.t.JMeterThread: Thread finished: Ticket intake 1-11
2026-10-08 15:49:15,908 INFO o.a.j.t.JMeterThread: Thread started: Ticket intake 1-12
2026-10-08 15:49:16,076 INFO o.a.j.t.JMeterThread: Thread is done: Ticket intake 1-12
2026-10-08 15:49:16,076 INFO o.a.j.t.JMeterThread: Thread finished: Ticket intake 1-12
2026-10-08 15:49:21,138 INFO o.a.j.t.JMeterThread: Thread started: Ticket intake 1-13
2026-10-08 15:49:21,366 INFO o.a.j.t.JMeterThread: Thread is done: Ticket intake 1-13
2026-10-08 15:49:21,366 INFO o.a.j.t.JMeterThread: Thread finished: Ticket intake 1-13
2026-10-08 15:49:25,838 INFO o.a.j.t.JMeterThread: Thread started: Ticket intake 1-14
2026-10-08 15:49:26,011 INFO o.a.j.t.JMeterThread: Thread is done: Ticket intake 1-14
2026-10-08 15:49:26,011 INFO o.a.j.t.JMeterThread: Thread finished: Ticket intake 1-14
2026-10-08 15:49:34,854 INFO o.a.j.t.JMeterThread: Thread started: Ticket intake 1-15
2026-10-08 15:49:35,029 INFO o.a.j.r.Summariser: summary +      5 in 00:00:33 =    0.2/s Avg:   637 Min:   167 Max:  2450 Err:     0 (0.00%) Active: 1 Started: 15 Finished: 14
2026-10-08 15:49:35,030 INFO o.a.j.r.Summariser: summary =     15 in 00:01:37 =    0.2/s Avg:   649 Min:   164 Max:  2450 Err:     0 (0.00%)
2026-10-08 15:49:35,030 INFO o.a.j.t.JMeterThread: Thread is done: Ticket intake 1-15
2026-10-08 15:49:35,030 INFO o.a.j.t.JMeterThread: Thread finished: Ticket intake 1-15
2026-10-08 15:49:35,787 INFO o.a.j.t.JMeterThread: Thread started: Ticket intake 1-16
2026-10-08 15:49:36,330 INFO o.a.j.t.JMeterThread: Thread started: Ticket intake 1-17
2026-10-08 15:49:36,777 INFO o.a.j.t.JMeterThread: Thread started: Ticket intake 1-18
2026-10-08 15:49:36,791 INFO o.a.j.t.JMeterThread: Thread is done: Ticket intake 1-16
2026-10-08 15:49:36,791 INFO o.a.j.t.JMeterThread: Thread finished: Ticket intake 1-16
2026-10-08 15:49:39,004 INFO o.a.j.t.JMeterThread: Thread is done: Ticket intake 1-17
2026-10-08 15:49:39,004 INFO o.a.j.t.JMeterThread: Thread finished: Ticket intake 1-17
2026-10-08 15:49:39,159 INFO o.a.j.t.JMeterThread: Thread is done: Ticket intake 1-18
2026-10-08 15:49:39,159 INFO o.a.j.t.JMeterThread: Thread finished: Ticket intake 1-18
2026-10-08 15:49:39,196 INFO o.a.j.t.JMeterThread: Thread started: Ticket intake 1-19
2026-10-08 15:49:40,368 INFO o.a.j.t.JMeterThread: Thread is done: Ticket intake 1-19
2026-10-08 15:49:40,369 INFO o.a.j.t.JMeterThread: Thread finished: Ticket intake 1-19
2026-10-08 15:49:42,633 INFO o.a.j.t.JMeterThread: Thread started: Ticket intake 1-20
2026-10-08 15:49:44,791 INFO o.a.j.t.JMeterThread: Thread is done: Ticket intake 1-20
2026-10-08 15:49:44,791 INFO o.a.j.t.JMeterThread: Thread finished: Ticket intake 1-20
2026-10-08 15:49:54,073 INFO o.a.j.t.JMeterThread: Thread started: Ticket intake 1-21
2026-10-08 15:49:54,240 INFO o.a.j.t.JMeterThread: Thread is done: Ticket intake 1-21
2026-10-08 15:49:54,240 INFO o.a.j.t.JMeterThread: Thread finished: Ticket intake 1-21
2026-10-08 15:49:57,598 INFO o.a.j.t.JMeterThread: Thread started: Ticket intake 1-22
2026-10-08 15:49:57,769 INFO o.a.j.t.JMeterThread: Thread is done: Ticket intake 1-22
2026-10-08 15:49:57,769 INFO o.a.j.t.JMeterThread: Thread finished: Ticket intake 1-22
2026-10-08 15:50:01,004 INFO o.a.j.t.JMeterThread: Thread started: Ticket intake 1-23
2026-10-08 15:50:01,182 INFO o.a.j.r.Summariser: summary +      8 in 00:00:26 =    0.3/s Avg:  1237 Min:   166 Max:  2674 Err:     0 (0.00%) Active: 1 Started: 23 Finished: 22
2026-10-08 15:50:01,182 INFO o.a.j.r.Summariser: summary =     23 in 00:02:03 =    0.2/s Avg:   854 Min:   164 Max:  2674 Err:     0 (0.00%)
2026-10-08 15:50:01,183 INFO o.a.j.t.JMeterThread: Thread is done: Ticket intake 1-23
2026-10-08 15:50:01,183 INFO o.a.j.t.JMeterThread: Thread finished: Ticket intake 1-23
2026-10-08 15:50:01,506 INFO o.a.j.t.JMeterThread: Thread started: Ticket intake 1-24
2026-10-08 15:50:01,673 INFO o.a.j.t.JMeterThread: Thread is done: Ticket intake 1-24
2026-10-08 15:50:01,673 INFO o.a.j.t.JMeterThread: Thread finished: Ticket intake 1-24
2026-10-08 15:50:05,656 INFO o.a.j.t.JMeterThread: Thread started: Ticket intake 1-25
2026-10-08 15:50:05,891 INFO o.a.j.t.JMeterThread: Thread is done: Ticket intake 1-25
2026-10-08 15:50:05,891 INFO o.a.j.t.JMeterThread: Thread finished: Ticket intake 1-25
2026-10-08 15:50:06,490 INFO o.a.j.t.JMeterThread: Thread started: Ticket intake 1-26
2026-10-08 15:50:06,690 INFO o.a.j.t.JMeterThread: Thread is done: Ticket intake 1-26
2026-10-08 15:50:06,690 INFO o.a.j.t.JMeterThread: Thread finished: Ticket intake 1-26
2026-10-08 15:50:15,825 INFO o.a.j.t.JMeterThread: Thread started: Ticket intake 1-27
2026-10-08 15:50:17,160 INFO o.a.j.t.JMeterThread: Thread is done: Ticket intake 1-27
2026-10-08 15:50:17,160 INFO o.a.j.t.JMeterThread: Thread finished: Ticket intake 1-27
2026-10-08 15:50:18,191 INFO o.a.j.t.JMeterThread: Thread started: Ticket intake 1-28
2026-10-08 15:50:19,174 INFO o.a.j.t.JMeterThread: Thread is done: Ticket intake 1-28
2026-10-08 15:50:19,174 INFO o.a.j.t.JMeterThread: Thread finished: Ticket intake 1-28
2026-10-08 15:50:22,877 INFO o.a.j.t.JMeterThread: Thread started: Ticket intake 1-29
2026-10-08 15:50:23,895 INFO o.a.j.t.JMeterThread: Thread is done: Ticket intake 1-29
2026-10-08 15:50:23,895 INFO o.a.j.t.JMeterThread: Thread finished: Ticket intake 1-29
2026-10-08 15:50:28,851 INFO o.a.j.t.JMeterThread: Thread started: Ticket intake 1-30
2026-10-08 15:50:30,501 INFO o.a.j.r.Summariser: summary +      7 in 00:00:29 =    0.2/s Avg:   796 Min:   166 Max:  1648 Err:     0 (0.00%) Active: 1 Started: 30 Finished: 29
2026-10-08 15:50:30,502 INFO o.a.j.r.Summariser: summary =     30 in 00:02:32 =    0.2/s Avg:   840 Min:   164 Max:  2674 Err:     0 (0.00%)
2026-10-08 15:50:30,502 INFO o.a.j.t.JMeterThread: Thread is done: Ticket intake 1-30
2026-10-08 15:50:30,502 INFO o.a.j.t.JMeterThread: Thread finished: Ticket intake 1-30
2026-10-08 15:50:51,991 INFO o.a.j.t.JMeterThread: Thread started: Ticket intake 1-31
2026-10-08 15:50:53,300 INFO o.a.j.t.JMeterThread: Thread is done: Ticket intake 1-31
2026-10-08 15:50:53,300 INFO o.a.j.t.JMeterThread: Thread finished: Ticket intake 1-31
2026-10-08 15:50:54,627 INFO o.a.j.t.JMeterThread: Thread started: Ticket intake 1-32
2026-10-08 15:50:55,581 INFO o.a.j.t.JMeterThread: Thread started: Ticket intake 1-33
2026-10-08 15:50:55,877 INFO o.a.j.t.JMeterThread: Thread is done: Ticket intake 1-32
2026-10-08 15:50:55,877 INFO o.a.j.t.JMeterThread: Thread finished: Ticket intake 1-32
2026-10-08 15:50:58,474 INFO o.a.j.t.JMeterThread: Thread is done: Ticket intake 1-33
2026-10-08 15:50:58,474 INFO o.a.j.t.JMeterThread: Thread finished: Ticket intake 1-33
2026-10-08 15:51:01,163 INFO o.a.j.t.JMeterThread: Thread started: Ticket intake 1-34
2026-10-08 15:51:02,213 INFO o.a.j.r.Summariser: summary +      4 in 00:00:32 =    0.1/s Avg:  1625 Min:  1049 Max:  2891 Err:     0 (0.00%) Active: 1 Started: 34 Finished: 33
2026-10-08 15:51:02,214 INFO o.a.j.r.Summariser: summary =     34 in 00:03:04 =    0.2/s Avg:   932 Min:   164 Max:  2891 Err:     0 (0.00%)
2026-10-08 15:51:02,214 INFO o.a.j.t.JMeterThread: Thread is done: Ticket intake 1-34
2026-10-08 15:51:02,214 INFO o.a.j.t.JMeterThread: Thread finished: Ticket intake 1-34
2026-10-08 15:51:10,472 INFO o.a.j.t.JMeterThread: Thread started: Ticket intake 1-35
2026-10-08 15:51:11,951 INFO o.a.j.t.JMeterThread: Thread is done: Ticket intake 1-35
2026-10-08 15:51:11,951 INFO o.a.j.t.JMeterThread: Thread finished: Ticket intake 1-35
2026-10-08 15:51:12,998 INFO o.a.j.t.JMeterThread: Thread started: Ticket intake 1-36
2026-10-08 15:51:14,850 INFO o.a.j.t.JMeterThread: Thread is done: Ticket intake 1-36
2026-10-08 15:51:14,850 INFO o.a.j.t.JMeterThread: Thread finished: Ticket intake 1-36
2026-10-08 15:51:15,007 INFO o.a.j.t.JMeterThread: Thread started: Ticket intake 1-37
2026-10-08 15:51:16,808 INFO o.a.j.t.JMeterThread: Thread is done: Ticket intake 1-37
2026-10-08 15:51:16,808 INFO o.a.j.t.JMeterThread: Thread finished: Ticket intake 1-37
2026-10-08 15:51:17,421 INFO o.a.j.t.JMeterThread: Thread started: Ticket intake 1-38
2026-10-08 15:51:19,257 INFO o.a.j.t.JMeterThread: Thread is done: Ticket intake 1-38
2026-10-08 15:51:19,257 INFO o.a.j.t.JMeterThread: Thread finished: Ticket intake 1-38
2026-10-08 15:51:20,161 INFO o.a.j.t.JMeterThread: Thread started: Ticket intake 1-39
2026-10-08 15:51:21,690 INFO o.a.j.t.JMeterThread: Thread is done: Ticket intake 1-39
2026-10-08 15:51:21,690 INFO o.a.j.t.JMeterThread: Thread finished: Ticket intake 1-39
2026-10-08 15:51:23,428 INFO o.a.j.t.JMeterThread: Thread started: Ticket intake 1-40
2026-10-08 15:51:24,958 INFO o.a.j.t.JMeterThread: Thread is done: Ticket intake 1-40
2026-10-08 15:51:24,958 INFO o.a.j.t.JMeterThread: Thread finished: Ticket intake 1-40
2026-10-08 15:51:25,893 INFO o.a.j.t.JMeterThread: Thread started: Ticket intake 1-41
2026-10-08 15:51:27,141 INFO o.a.j.t.JMeterThread: Thread is done: Ticket intake 1-41
2026-10-08 15:51:27,141 INFO o.a.j.t.JMeterThread: Thread finished: Ticket intake 1-41
2026-10-08 15:51:32,227 INFO o.a.j.t.JMeterThread: Thread started: Ticket intake 1-42
2026-10-08 15:51:34,535 INFO o.a.j.r.Summariser: summary +      8 in 00:00:32 =    0.2/s Avg:  1699 Min:  1246 Max:  2305 Err:     0 (0.00%) Active: 1 Started: 42 Finished: 41
2026-10-08 15:51:34,535 INFO o.a.j.r.Summariser: summary =     42 in 00:03:36 =    0.2/s Avg:  1078 Min:   164 Max:  2891 Err:     0 (0.00%)
2026-10-08 15:51:34,535 INFO o.a.j.t.JMeterThread: Thread is done: Ticket intake 1-42
2026-10-08 15:51:34,537 INFO o.a.j.t.JMeterThread: Thread finished: Ticket intake 1-42
2026-10-08 15:51:37,394 INFO o.a.j.t.JMeterThread: Thread started: Ticket intake 1-43
2026-10-08 15:51:39,311 INFO o.a.j.t.JMeterThread: Thread is done: Ticket intake 1-43
2026-10-08 15:51:39,312 INFO o.a.j.t.JMeterThread: Thread finished: Ticket intake 1-43
2026-10-08 15:51:42,403 INFO o.a.j.t.JMeterThread: Thread started: Ticket intake 1-44
2026-10-08 15:51:43,392 INFO o.a.j.t.JMeterThread: Thread is done: Ticket intake 1-44
2026-10-08 15:51:43,392 INFO o.a.j.t.JMeterThread: Thread finished: Ticket intake 1-44
2026-10-08 15:51:51,680 INFO o.a.j.t.JMeterThread: Thread started: Ticket intake 1-45
2026-10-08 15:51:52,937 INFO o.a.j.t.JMeterThread: Thread is done: Ticket intake 1-45
2026-10-08 15:51:52,938 INFO o.a.j.t.JMeterThread: Thread finished: Ticket intake 1-45
2026-10-08 15:51:54,697 INFO o.a.j.t.JMeterThread: Thread started: Ticket intake 1-46
2026-10-08 15:51:57,068 INFO o.a.j.t.JMeterThread: Thread started: Ticket intake 1-47
2026-10-08 15:51:57,203 INFO o.a.j.t.JMeterThread: Thread is done: Ticket intake 1-46
2026-10-08 15:51:57,203 INFO o.a.j.t.JMeterThread: Thread finished: Ticket intake 1-46
2026-10-08 15:51:58,694 INFO o.a.j.t.JMeterThread: Thread is done: Ticket intake 1-47
2026-10-08 15:51:58,695 INFO o.a.j.t.JMeterThread: Thread finished: Ticket intake 1-47
2026-10-08 15:52:01,093 INFO o.a.j.t.JMeterThread: Thread started: Ticket intake 1-48
2026-10-08 15:52:02,864 INFO o.a.j.r.Summariser: summary +      6 in 00:00:28 =    0.2/s Avg:  1676 Min:   987 Max:  2505 Err:     0 (0.00%) Active: 1 Started: 48 Finished: 47
2026-10-08 15:52:02,865 INFO o.a.j.r.Summariser: summary =     48 in 00:04:04 =    0.2/s Avg:  1153 Min:   164 Max:  2891 Err:     0 (0.00%)
2026-10-08 15:52:02,865 INFO o.a.j.t.JMeterThread: Thread is done: Ticket intake 1-48
2026-10-08 15:52:02,866 INFO o.a.j.t.JMeterThread: Thread finished: Ticket intake 1-48
2026-10-08 15:52:02,990 INFO o.a.j.t.JMeterThread: Thread started: Ticket intake 1-49
2026-10-08 15:52:04,414 INFO o.a.j.t.JMeterThread: Thread is done: Ticket intake 1-49
2026-10-08 15:52:04,414 INFO o.a.j.t.JMeterThread: Thread finished: Ticket intake 1-49
2026-10-08 15:52:09,906 INFO o.a.j.t.JMeterThread: Thread started: Ticket intake 1-50
2026-10-08 15:52:11,029 INFO o.a.j.t.JMeterThread: Thread is done: Ticket intake 1-50
2026-10-08 15:52:11,029 INFO o.a.j.t.JMeterThread: Thread finished: Ticket intake 1-50
2026-10-08 15:52:11,611 INFO o.a.j.t.JMeterThread: Thread started: Ticket intake 1-51
2026-10-08 15:52:11,945 INFO o.a.j.t.JMeterThread: Thread started: Ticket intake 1-52
2026-10-08 15:52:13,639 INFO o.a.j.t.JMeterThread: Thread is done: Ticket intake 1-51
2026-10-08 15:52:13,639 INFO o.a.j.t.JMeterThread: Thread finished: Ticket intake 1-51
2026-10-08 15:52:15,119 INFO o.a.j.t.JMeterThread: Thread is done: Ticket intake 1-52
2026-10-08 15:52:15,119 INFO o.a.j.t.JMeterThread: Thread finished: Ticket intake 1-52
2026-10-08 15:52:17,017 INFO o.a.j.t.JMeterThread: Thread started: Ticket intake 1-53
2026-10-08 15:52:18,260 INFO o.a.j.t.JMeterThread: Thread is done: Ticket intake 1-53
2026-10-08 15:52:18,260 INFO o.a.j.t.JMeterThread: Thread finished: Ticket intake 1-53
2026-10-08 15:52:18,300 INFO o.a.j.t.JMeterThread: Thread started: Ticket intake 1-54
2026-10-08 15:52:20,249 INFO o.a.j.t.JMeterThread: Thread is done: Ticket intake 1-54
2026-10-08 15:52:20,249 INFO o.a.j.t.JMeterThread: Thread finished: Ticket intake 1-54
2026-10-08 15:52:26,495 INFO o.a.j.t.JMeterThread: Thread started: Ticket intake 1-55
2026-10-08 15:52:27,842 INFO o.a.j.t.JMeterThread: Thread is done: Ticket intake 1-55
2026-10-08 15:52:27,842 INFO o.a.j.t.JMeterThread: Thread finished: Ticket intake 1-55
2026-10-08 15:52:32,238 INFO o.a.j.t.JMeterThread: Thread started: Ticket intake 1-56
2026-10-08 15:52:33,633 INFO o.a.j.r.Summariser: summary +      8 in 00:00:31 =    0.3/s Avg:  1708 Min:  1121 Max:  3173 Err:     0 (0.00%) Active: 1 Started: 56 Finished: 55
2026-10-08 15:52:33,633 INFO o.a.j.r.Summariser: summary =     56 in 00:04:35 =    0.2/s Avg:  1232 Min:   164 Max:  3173 Err:     0 (0.00%)
2026-10-08 15:52:33,633 INFO o.a.j.t.JMeterThread: Thread is done: Ticket intake 1-56
2026-10-08 15:52:33,633 INFO o.a.j.t.JMeterThread: Thread finished: Ticket intake 1-56
2026-10-08 15:52:34,010 INFO o.a.j.t.JMeterThread: Thread started: Ticket intake 1-57
2026-10-08 15:52:35,498 INFO o.a.j.t.JMeterThread: Thread is done: Ticket intake 1-57
2026-10-08 15:52:35,498 INFO o.a.j.t.JMeterThread: Thread finished: Ticket intake 1-57
2026-10-08 15:52:49,573 INFO o.a.j.t.JMeterThread: Thread started: Ticket intake 1-58
2026-10-08 15:52:50,601 INFO o.a.j.t.JMeterThread: Thread is done: Ticket intake 1-58
2026-10-08 15:52:50,601 INFO o.a.j.t.JMeterThread: Thread finished: Ticket intake 1-58
2026-10-08 15:52:51,927 INFO o.a.j.t.JMeterThread: Thread started: Ticket intake 1-59
2026-10-08 15:52:54,299 INFO o.a.j.t.JMeterThread: Thread is done: Ticket intake 1-59
2026-10-08 15:52:54,299 INFO o.a.j.t.JMeterThread: Thread finished: Ticket intake 1-59
2026-10-08 15:52:54,886 INFO o.a.j.t.o.OpenModelThreadGroup: There will be no more events, so will wait for 3 sec till the end of the schedule
2026-10-08 15:52:54,886 INFO o.a.j.t.JMeterThread: Thread started: Ticket intake 1-60
2026-10-08 15:52:55,794 INFO o.a.j.t.JMeterThread: Thread is done: Ticket intake 1-60
2026-10-08 15:52:55,794 INFO o.a.j.t.JMeterThread: Thread finished: Ticket intake 1-60
2026-10-08 15:52:58,237 INFO o.a.j.t.o.OpenModelThreadGroup: There will be no more events, will shutdown the thread pool
2026-10-08 15:52:58,237 INFO o.a.j.t.o.OpenModelThreadGroup: Thread starting done
2026-10-08 15:52:58,238 INFO o.a.j.e.StandardJMeterEngine: Notifying test listeners of end of test
2026-10-08 15:52:58,238 INFO o.a.j.s.FileServer: Close: load_data.txt
2026-10-08 15:52:58,240 INFO o.a.j.r.Summariser: summary +      4 in 00:00:25 =    0.2/s Avg:  1449 Min:   911 Max:  2372 Err:     0 (0.00%) Active: 0 Started: 60 Finished: 60
2026-10-08 15:52:58,240 INFO o.a.j.r.Summariser: summary =     60 in 00:05:00 =    0.2/s Avg:  1247 Min:   164 Max:  3173 Err:     0 (0.00%)
