2026-10-08 16:07:33,582 INFO o.a.j.u.JMeterUtils: Setting Locale to en_EN
2026-10-08 16:07:33,584 INFO o.a.j.JMeter: Loading user properties from: C:\meter\bin\user.properties
2026-10-08 16:07:33,584 INFO o.a.j.JMeter: Loading system properties from: C:\meter\bin\system.properties
2026-10-08 16:07:33,584 INFO o.a.j.JMeter: Setting JMeter property: host=192.168.86.33
2026-10-08 16:07:33,584 INFO o.a.j.JMeter: Copyright (c) 1998-2024 The Apache Software Foundation
2026-10-08 16:07:33,584 INFO o.a.j.JMeter: Version 5.6.3
2026-10-08 16:07:33,584 INFO o.a.j.JMeter: java.version=1.8.0_431
2026-10-08 16:07:33,584 INFO o.a.j.JMeter: java.vm.name=Java HotSpot(TM) Client VM
2026-10-08 16:07:33,584 INFO o.a.j.JMeter: os.name=Windows 11
2026-10-08 16:07:33,584 INFO o.a.j.JMeter: os.arch=x86
2026-10-08 16:07:33,584 INFO o.a.j.JMeter: os.version=10.0
2026-10-08 16:07:33,584 INFO o.a.j.JMeter: file.encoding=Cp1252
2026-10-08 16:07:33,584 INFO o.a.j.JMeter: java.awt.headless=true
2026-10-08 16:07:33,584 INFO o.a.j.JMeter: Max memory     =1073741824
2026-10-08 16:07:33,584 INFO o.a.j.JMeter: Available Processors =16
2026-10-08 16:07:33,584 INFO o.a.j.JMeter: Default Locale=English (EN)
2026-10-08 16:07:33,599 INFO o.a.j.JMeter: JMeter  Locale=English (EN)
2026-10-08 16:07:33,599 INFO o.a.j.JMeter: JMeterHome=C:\meter
2026-10-08 16:07:33,599 INFO o.a.j.JMeter: user.dir  =C:\Projects\ICT3113-A1-Team8
2026-10-08 16:07:33,599 INFO o.a.j.JMeter: PWD       =C:\Projects\ICT3113-A1-Team8
2026-10-08 16:07:33,599 INFO o.a.j.JMeter: IP: 192.168.86.25 Name: Samuel-Laptop FullName: Samuel-Laptop.lan
2026-10-08 16:07:33,615 INFO o.a.j.s.FileServer: Default base='C:\Projects\ICT3113-A1-Team8'
2026-10-08 16:07:33,615 INFO o.a.j.s.FileServer: Set new base='C:\Projects\ICT3113-A1-Team8\jmeter'
2026-10-08 16:07:33,725 INFO o.a.j.s.SaveService: Testplan (JMX) version: 2.2. Testlog (JTL) version: 2.2
2026-10-08 16:07:33,741 INFO o.a.j.s.SaveService: Using SaveService properties file encoding UTF-8
2026-10-08 16:07:33,741 INFO o.a.j.s.SaveService: Using SaveService properties version 5.0
2026-10-08 16:07:33,757 INFO o.a.j.s.SaveService: Loading file: jmeter\load_0.20rps.jmx
2026-10-08 16:07:33,804 INFO o.a.j.p.h.s.HTTPSamplerBase: Parser for text/html is org.apache.jmeter.protocol.http.parser.LagartoBasedHtmlParser
2026-10-08 16:07:33,804 INFO o.a.j.p.h.s.HTTPSamplerBase: Parser for application/xhtml+xml is org.apache.jmeter.protocol.http.parser.LagartoBasedHtmlParser
2026-10-08 16:07:33,804 INFO o.a.j.p.h.s.HTTPSamplerBase: Parser for application/xml is org.apache.jmeter.protocol.http.parser.LagartoBasedHtmlParser
2026-10-08 16:07:33,804 INFO o.a.j.p.h.s.HTTPSamplerBase: Parser for text/xml is org.apache.jmeter.protocol.http.parser.LagartoBasedHtmlParser
2026-10-08 16:07:33,804 INFO o.a.j.p.h.s.HTTPSamplerBase: Parser for text/vnd.wap.wml is org.apache.jmeter.protocol.http.parser.RegexpHTMLParser
2026-10-08 16:07:33,804 INFO o.a.j.p.h.s.HTTPSamplerBase: Parser for text/css is org.apache.jmeter.protocol.http.parser.CssParser
2026-10-08 16:07:33,978 INFO o.a.j.JMeter: Creating summariser <summary>
2026-10-08 16:07:33,992 INFO o.a.j.e.StandardJMeterEngine: Running the test!
2026-10-08 16:07:33,993 INFO o.a.j.s.SampleEvent: List of sample_variables: []
2026-10-08 16:07:33,993 INFO o.a.j.s.SampleEvent: List of sample_variables: []
2026-10-08 16:07:33,998 INFO o.a.j.e.u.CompoundVariable: Note: Function class names must contain the string: '.functions.'
2026-10-08 16:07:33,998 INFO o.a.j.e.u.CompoundVariable: Note: Function class names must not contain the string: '.gui.'
2026-10-08 16:07:34,228 INFO o.a.j.JMeter: Running test (1791446854228)
2026-10-08 16:07:34,257 INFO o.a.j.e.StandardJMeterEngine: Starting ThreadGroup: 1 : Ticket intake
2026-10-08 16:07:34,257 INFO o.a.j.e.StandardJMeterEngine: Starting 0 threads for group Ticket intake.
2026-10-08 16:07:34,257 INFO o.a.j.e.StandardJMeterEngine: Thread will continue on error
2026-10-08 16:07:34,257 INFO o.a.j.t.o.OpenModelThreadGroup: Starting OpenModelThreadGroup#1 with schedule rate(12/min) random_arrivals(5 min) rate(12/min)
2026-10-08 16:07:34,288 INFO o.a.j.e.StandardJMeterEngine: All thread groups have been started
2026-10-08 16:07:34,300 INFO o.a.j.t.o.OpenModelThreadGroup: Thread starting init
2026-10-08 16:07:34,308 INFO o.a.j.t.o.PoissonArrivalsRamp: Generating 60 events, beginRate = 0.2 / sec, endRate = 0.2 / sec, duration = 300.0 sec
2026-10-08 16:07:43,339 INFO o.a.j.t.JMeterThread: Thread started: Ticket intake 1-1
2026-10-08 16:07:43,340 INFO o.a.j.s.FileServer: Stored: load_data.txt
2026-10-08 16:07:43,362 INFO o.a.j.p.h.s.HTTPHCAbstractImpl: Local host = Samuel-Laptop
2026-10-08 16:07:43,367 INFO o.a.j.p.h.s.HTTPHC4Impl: HTTP request retry count = 0
2026-10-08 16:07:43,368 INFO o.a.j.s.SampleResult: Note: Sample TimeStamps are START times
2026-10-08 16:07:43,368 INFO o.a.j.s.SampleResult: sampleresult.default.encoding is set to UTF-8
2026-10-08 16:07:43,368 INFO o.a.j.s.SampleResult: sampleresult.useNanoTime=true
2026-10-08 16:07:43,368 INFO o.a.j.s.SampleResult: sampleresult.nanoThreadSleep=5000
2026-10-08 16:07:44,314 INFO o.a.j.t.JMeterThread: Thread started: Ticket intake 1-2
2026-10-08 16:07:44,725 INFO o.a.j.t.JMeterThread: Thread is done: Ticket intake 1-1
2026-10-08 16:07:44,725 INFO o.a.j.t.JMeterThread: Thread finished: Ticket intake 1-1
2026-10-08 16:07:46,023 INFO o.a.j.t.JMeterThread: Thread is done: Ticket intake 1-2
2026-10-08 16:07:46,023 INFO o.a.j.t.JMeterThread: Thread finished: Ticket intake 1-2
2026-10-08 16:07:50,236 INFO o.a.j.t.JMeterThread: Thread started: Ticket intake 1-3
2026-10-08 16:07:50,399 INFO o.a.j.t.JMeterThread: Thread is done: Ticket intake 1-3
2026-10-08 16:07:50,399 INFO o.a.j.t.JMeterThread: Thread finished: Ticket intake 1-3
2026-10-08 16:07:56,714 INFO o.a.j.t.JMeterThread: Thread started: Ticket intake 1-4
2026-10-08 16:07:56,929 INFO o.a.j.t.JMeterThread: Thread is done: Ticket intake 1-4
2026-10-08 16:07:56,929 INFO o.a.j.t.JMeterThread: Thread finished: Ticket intake 1-4
2026-10-08 16:07:59,629 INFO o.a.j.t.JMeterThread: Thread started: Ticket intake 1-5
2026-10-08 16:07:59,795 INFO o.a.j.t.JMeterThread: Thread is done: Ticket intake 1-5
2026-10-08 16:07:59,795 INFO o.a.j.t.JMeterThread: Thread finished: Ticket intake 1-5
2026-10-08 16:08:00,190 INFO o.a.j.t.JMeterThread: Thread started: Ticket intake 1-6
2026-10-08 16:08:00,419 INFO o.a.j.r.Summariser: summary +      6 in 00:00:26 =    0.2/s Avg:   630 Min:   162 Max:  1706 Err:     0 (0.00%) Active: 1 Started: 6 Finished: 5
2026-10-08 16:08:00,419 INFO o.a.j.t.JMeterThread: Thread is done: Ticket intake 1-6
2026-10-08 16:08:00,419 INFO o.a.j.t.JMeterThread: Thread finished: Ticket intake 1-6
2026-10-08 16:08:09,092 INFO o.a.j.t.JMeterThread: Thread started: Ticket intake 1-7
2026-10-08 16:08:09,302 INFO o.a.j.t.JMeterThread: Thread is done: Ticket intake 1-7
2026-10-08 16:08:09,303 INFO o.a.j.t.JMeterThread: Thread finished: Ticket intake 1-7
2026-10-08 16:08:14,105 INFO o.a.j.t.JMeterThread: Thread started: Ticket intake 1-8
2026-10-08 16:08:15,087 INFO o.a.j.t.JMeterThread: Thread is done: Ticket intake 1-8
2026-10-08 16:08:15,088 INFO o.a.j.t.JMeterThread: Thread finished: Ticket intake 1-8
2026-10-08 16:08:16,227 INFO o.a.j.t.JMeterThread: Thread started: Ticket intake 1-9
2026-10-08 16:08:17,243 INFO o.a.j.t.JMeterThread: Thread is done: Ticket intake 1-9
2026-10-08 16:08:17,243 INFO o.a.j.t.JMeterThread: Thread finished: Ticket intake 1-9
2026-10-08 16:08:27,116 INFO o.a.j.t.JMeterThread: Thread started: Ticket intake 1-10
2026-10-08 16:08:28,252 INFO o.a.j.t.JMeterThread: Thread is done: Ticket intake 1-10
2026-10-08 16:08:28,252 INFO o.a.j.t.JMeterThread: Thread finished: Ticket intake 1-10
2026-10-08 16:08:39,650 INFO o.a.j.t.JMeterThread: Thread started: Ticket intake 1-11
2026-10-08 16:08:42,091 INFO o.a.j.t.JMeterThread: Thread is done: Ticket intake 1-11
2026-10-08 16:08:42,091 INFO o.a.j.t.JMeterThread: Thread finished: Ticket intake 1-11
2026-10-08 16:08:42,676 INFO o.a.j.t.JMeterThread: Thread started: Ticket intake 1-12
2026-10-08 16:08:42,839 INFO o.a.j.t.JMeterThread: Thread is done: Ticket intake 1-12
2026-10-08 16:08:42,839 INFO o.a.j.t.JMeterThread: Thread finished: Ticket intake 1-12
2026-10-08 16:09:00,049 INFO o.a.j.t.JMeterThread: Thread started: Ticket intake 1-13
2026-10-08 16:09:00,274 INFO o.a.j.r.Summariser: summary +      7 in 00:01:00 =    0.1/s Avg:   880 Min:   162 Max:  2439 Err:     0 (0.00%) Active: 1 Started: 13 Finished: 12
2026-10-08 16:09:00,274 INFO o.a.j.r.Summariser: summary =     13 in 00:01:26 =    0.2/s Avg:   764 Min:   162 Max:  2439 Err:     0 (0.00%)
2026-10-08 16:09:00,275 INFO o.a.j.t.JMeterThread: Thread is done: Ticket intake 1-13
2026-10-08 16:09:00,275 INFO o.a.j.t.JMeterThread: Thread finished: Ticket intake 1-13
2026-10-08 16:09:02,768 INFO o.a.j.t.JMeterThread: Thread started: Ticket intake 1-14
2026-10-08 16:09:02,937 INFO o.a.j.t.JMeterThread: Thread is done: Ticket intake 1-14
2026-10-08 16:09:02,937 INFO o.a.j.t.JMeterThread: Thread finished: Ticket intake 1-14
2026-10-08 16:09:14,263 INFO o.a.j.t.JMeterThread: Thread started: Ticket intake 1-15
2026-10-08 16:09:14,435 INFO o.a.j.t.JMeterThread: Thread is done: Ticket intake 1-15
2026-10-08 16:09:14,435 INFO o.a.j.t.JMeterThread: Thread finished: Ticket intake 1-15
2026-10-08 16:09:24,588 INFO o.a.j.t.JMeterThread: Thread started: Ticket intake 1-16
2026-10-08 16:09:25,559 INFO o.a.j.t.JMeterThread: Thread is done: Ticket intake 1-16
2026-10-08 16:09:25,559 INFO o.a.j.t.JMeterThread: Thread finished: Ticket intake 1-16
2026-10-08 16:09:26,904 INFO o.a.j.t.JMeterThread: Thread started: Ticket intake 1-17
2026-10-08 16:09:28,475 INFO o.a.j.t.JMeterThread: Thread started: Ticket intake 1-18
2026-10-08 16:09:29,202 INFO o.a.j.t.JMeterThread: Thread is done: Ticket intake 1-17
2026-10-08 16:09:29,202 INFO o.a.j.t.JMeterThread: Thread finished: Ticket intake 1-17
2026-10-08 16:09:29,352 INFO o.a.j.t.JMeterThread: Thread started: Ticket intake 1-19
2026-10-08 16:09:29,382 INFO o.a.j.t.JMeterThread: Thread is done: Ticket intake 1-18
2026-10-08 16:09:29,382 INFO o.a.j.t.JMeterThread: Thread finished: Ticket intake 1-18
2026-10-08 16:09:30,578 INFO o.a.j.r.Summariser: summary +      6 in 00:00:30 =    0.2/s Avg:   955 Min:   167 Max:  2296 Err:     0 (0.00%) Active: 1 Started: 19 Finished: 18
2026-10-08 16:09:30,579 INFO o.a.j.r.Summariser: summary =     19 in 00:01:56 =    0.2/s Avg:   825 Min:   162 Max:  2439 Err:     0 (0.00%)
2026-10-08 16:09:30,579 INFO o.a.j.t.JMeterThread: Thread is done: Ticket intake 1-19
2026-10-08 16:09:30,579 INFO o.a.j.t.JMeterThread: Thread finished: Ticket intake 1-19
2026-10-08 16:09:32,428 INFO o.a.j.t.JMeterThread: Thread started: Ticket intake 1-20
2026-10-08 16:09:33,161 INFO o.a.j.t.JMeterThread: Thread started: Ticket intake 1-21
2026-10-08 16:09:33,209 INFO o.a.j.t.JMeterThread: Thread started: Ticket intake 1-22
2026-10-08 16:09:34,632 INFO o.a.j.t.JMeterThread: Thread is done: Ticket intake 1-20
2026-10-08 16:09:34,632 INFO o.a.j.t.JMeterThread: Thread finished: Ticket intake 1-20
2026-10-08 16:09:34,784 INFO o.a.j.t.JMeterThread: Thread is done: Ticket intake 1-21
2026-10-08 16:09:34,784 INFO o.a.j.t.JMeterThread: Thread finished: Ticket intake 1-21
2026-10-08 16:09:34,943 INFO o.a.j.t.JMeterThread: Thread is done: Ticket intake 1-22
2026-10-08 16:09:34,943 INFO o.a.j.t.JMeterThread: Thread finished: Ticket intake 1-22
2026-10-08 16:09:35,318 INFO o.a.j.t.JMeterThread: Thread started: Ticket intake 1-23
2026-10-08 16:09:35,496 INFO o.a.j.t.JMeterThread: Thread is done: Ticket intake 1-23
2026-10-08 16:09:35,496 INFO o.a.j.t.JMeterThread: Thread finished: Ticket intake 1-23
2026-10-08 16:09:42,080 INFO o.a.j.t.JMeterThread: Thread started: Ticket intake 1-24
2026-10-08 16:09:42,246 INFO o.a.j.t.JMeterThread: Thread is done: Ticket intake 1-24
2026-10-08 16:09:42,246 INFO o.a.j.t.JMeterThread: Thread finished: Ticket intake 1-24
2026-10-08 16:09:42,437 INFO o.a.j.t.JMeterThread: Thread started: Ticket intake 1-25
2026-10-08 16:09:42,672 INFO o.a.j.t.JMeterThread: Thread is done: Ticket intake 1-25
2026-10-08 16:09:42,672 INFO o.a.j.t.JMeterThread: Thread finished: Ticket intake 1-25
2026-10-08 16:09:46,935 INFO o.a.j.t.JMeterThread: Thread started: Ticket intake 1-26
2026-10-08 16:09:47,103 INFO o.a.j.t.JMeterThread: Thread is done: Ticket intake 1-26
2026-10-08 16:09:47,103 INFO o.a.j.t.JMeterThread: Thread finished: Ticket intake 1-26
2026-10-08 16:10:01,831 INFO o.a.j.t.JMeterThread: Thread started: Ticket intake 1-27
2026-10-08 16:10:01,996 INFO o.a.j.r.Summariser: summary +      8 in 00:00:31 =    0.3/s Avg:   807 Min:   163 Max:  2202 Err:     0 (0.00%) Active: 1 Started: 27 Finished: 26
2026-10-08 16:10:01,997 INFO o.a.j.r.Summariser: summary =     27 in 00:02:28 =    0.2/s Avg:   819 Min:   162 Max:  2439 Err:     0 (0.00%)
2026-10-08 16:10:01,997 INFO o.a.j.t.JMeterThread: Thread is done: Ticket intake 1-27
2026-10-08 16:10:01,997 INFO o.a.j.t.JMeterThread: Thread finished: Ticket intake 1-27
2026-10-08 16:10:06,453 INFO o.a.j.t.JMeterThread: Thread started: Ticket intake 1-28
2026-10-08 16:10:06,677 INFO o.a.j.t.JMeterThread: Thread started: Ticket intake 1-29
2026-10-08 16:10:07,499 INFO o.a.j.t.JMeterThread: Thread is done: Ticket intake 1-28
2026-10-08 16:10:07,500 INFO o.a.j.t.JMeterThread: Thread finished: Ticket intake 1-28
2026-10-08 16:10:07,663 INFO o.a.j.t.JMeterThread: Thread started: Ticket intake 1-30
2026-10-08 16:10:08,608 INFO o.a.j.t.JMeterThread: Thread is done: Ticket intake 1-29
2026-10-08 16:10:08,608 INFO o.a.j.t.JMeterThread: Thread finished: Ticket intake 1-29
2026-10-08 16:10:10,294 INFO o.a.j.t.JMeterThread: Thread is done: Ticket intake 1-30
2026-10-08 16:10:10,294 INFO o.a.j.t.JMeterThread: Thread finished: Ticket intake 1-30
2026-10-08 16:10:29,053 INFO o.a.j.t.JMeterThread: Thread started: Ticket intake 1-31
2026-10-08 16:10:30,395 INFO o.a.j.r.Summariser: summary +      4 in 00:00:28 =    0.1/s Avg:  1735 Min:  1043 Max:  2629 Err:     0 (0.00%) Active: 1 Started: 31 Finished: 30
2026-10-08 16:10:30,396 INFO o.a.j.r.Summariser: summary =     31 in 00:02:56 =    0.2/s Avg:   937 Min:   162 Max:  2629 Err:     0 (0.00%)
2026-10-08 16:10:30,397 INFO o.a.j.t.JMeterThread: Thread is done: Ticket intake 1-31
2026-10-08 16:10:30,397 INFO o.a.j.t.JMeterThread: Thread finished: Ticket intake 1-31
2026-10-08 16:10:39,795 INFO o.a.j.t.JMeterThread: Thread started: Ticket intake 1-32
2026-10-08 16:10:39,957 INFO o.a.j.t.JMeterThread: Thread is done: Ticket intake 1-32
2026-10-08 16:10:39,957 INFO o.a.j.t.JMeterThread: Thread finished: Ticket intake 1-32
2026-10-08 16:10:39,995 INFO o.a.j.t.JMeterThread: Thread started: Ticket intake 1-33
2026-10-08 16:10:40,162 INFO o.a.j.t.JMeterThread: Thread is done: Ticket intake 1-33
2026-10-08 16:10:40,162 INFO o.a.j.t.JMeterThread: Thread finished: Ticket intake 1-33
2026-10-08 16:10:53,368 INFO o.a.j.t.JMeterThread: Thread started: Ticket intake 1-34
2026-10-08 16:10:54,422 INFO o.a.j.t.JMeterThread: Thread is done: Ticket intake 1-34
2026-10-08 16:10:54,422 INFO o.a.j.t.JMeterThread: Thread finished: Ticket intake 1-34
2026-10-08 16:11:00,984 INFO o.a.j.t.JMeterThread: Thread started: Ticket intake 1-35
2026-10-08 16:11:02,184 INFO o.a.j.t.JMeterThread: Thread started: Ticket intake 1-36
2026-10-08 16:11:02,424 INFO o.a.j.r.Summariser: summary +      4 in 00:00:32 =    0.1/s Avg:   704 Min:   161 Max:  1438 Err:     0 (0.00%) Active: 2 Started: 36 Finished: 34
2026-10-08 16:11:02,425 INFO o.a.j.r.Summariser: summary =     35 in 00:03:28 =    0.2/s Avg:   911 Min:   161 Max:  2629 Err:     0 (0.00%)
2026-10-08 16:11:02,425 INFO o.a.j.t.JMeterThread: Thread is done: Ticket intake 1-35
2026-10-08 16:11:02,425 INFO o.a.j.t.JMeterThread: Thread finished: Ticket intake 1-35
2026-10-08 16:11:04,227 INFO o.a.j.t.JMeterThread: Thread is done: Ticket intake 1-36
2026-10-08 16:11:04,228 INFO o.a.j.t.JMeterThread: Thread finished: Ticket intake 1-36
2026-10-08 16:11:04,258 INFO o.a.j.t.JMeterThread: Thread started: Ticket intake 1-37
2026-10-08 16:11:04,427 INFO o.a.j.t.JMeterThread: Thread is done: Ticket intake 1-37
2026-10-08 16:11:04,427 INFO o.a.j.t.JMeterThread: Thread finished: Ticket intake 1-37
2026-10-08 16:11:13,045 INFO o.a.j.t.JMeterThread: Thread started: Ticket intake 1-38
2026-10-08 16:11:13,216 INFO o.a.j.t.JMeterThread: Thread is done: Ticket intake 1-38
2026-10-08 16:11:13,216 INFO o.a.j.t.JMeterThread: Thread finished: Ticket intake 1-38
2026-10-08 16:11:17,631 INFO o.a.j.t.JMeterThread: Thread started: Ticket intake 1-39
2026-10-08 16:11:17,793 INFO o.a.j.t.JMeterThread: Thread is done: Ticket intake 1-39
2026-10-08 16:11:17,793 INFO o.a.j.t.JMeterThread: Thread finished: Ticket intake 1-39
2026-10-08 16:11:21,385 INFO o.a.j.t.JMeterThread: Thread started: Ticket intake 1-40
2026-10-08 16:11:22,988 INFO o.a.j.t.JMeterThread: Thread is done: Ticket intake 1-40
2026-10-08 16:11:22,988 INFO o.a.j.t.JMeterThread: Thread finished: Ticket intake 1-40
2026-10-08 16:11:24,246 INFO o.a.j.t.JMeterThread: Thread started: Ticket intake 1-41
2026-10-08 16:11:24,414 INFO o.a.j.t.JMeterThread: Thread is done: Ticket intake 1-41
2026-10-08 16:11:24,414 INFO o.a.j.t.JMeterThread: Thread finished: Ticket intake 1-41
2026-10-08 16:11:24,674 INFO o.a.j.t.JMeterThread: Thread started: Ticket intake 1-42
2026-10-08 16:11:24,843 INFO o.a.j.t.JMeterThread: Thread is done: Ticket intake 1-42
2026-10-08 16:11:24,843 INFO o.a.j.t.JMeterThread: Thread finished: Ticket intake 1-42
2026-10-08 16:11:26,431 INFO o.a.j.t.JMeterThread: Thread started: Ticket intake 1-43
2026-10-08 16:11:26,615 INFO o.a.j.t.JMeterThread: Thread is done: Ticket intake 1-43
2026-10-08 16:11:26,615 INFO o.a.j.t.JMeterThread: Thread finished: Ticket intake 1-43
2026-10-08 16:11:40,203 INFO o.a.j.t.JMeterThread: Thread started: Ticket intake 1-44
2026-10-08 16:11:41,111 INFO o.a.j.t.JMeterThread: Thread is done: Ticket intake 1-44
2026-10-08 16:11:41,111 INFO o.a.j.t.JMeterThread: Thread finished: Ticket intake 1-44
2026-10-08 16:11:44,773 INFO o.a.j.t.JMeterThread: Thread started: Ticket intake 1-45
2026-10-08 16:11:46,034 INFO o.a.j.t.JMeterThread: Thread is done: Ticket intake 1-45
2026-10-08 16:11:46,034 INFO o.a.j.t.JMeterThread: Thread finished: Ticket intake 1-45
2026-10-08 16:11:46,066 INFO o.a.j.t.JMeterThread: Thread started: Ticket intake 1-46
2026-10-08 16:11:46,230 INFO o.a.j.t.JMeterThread: Thread is done: Ticket intake 1-46
2026-10-08 16:11:46,230 INFO o.a.j.t.JMeterThread: Thread finished: Ticket intake 1-46
2026-10-08 16:11:48,082 INFO o.a.j.t.JMeterThread: Thread started: Ticket intake 1-47
2026-10-08 16:11:48,259 INFO o.a.j.t.JMeterThread: Thread is done: Ticket intake 1-47
2026-10-08 16:11:48,259 INFO o.a.j.t.JMeterThread: Thread finished: Ticket intake 1-47
2026-10-08 16:11:48,784 INFO o.a.j.t.JMeterThread: Thread started: Ticket intake 1-48
2026-10-08 16:11:48,936 INFO o.a.j.t.JMeterThread: Thread is done: Ticket intake 1-48
2026-10-08 16:11:48,936 INFO o.a.j.t.JMeterThread: Thread finished: Ticket intake 1-48
2026-10-08 16:11:49,381 INFO o.a.j.t.JMeterThread: Thread started: Ticket intake 1-49
2026-10-08 16:11:50,814 INFO o.a.j.t.JMeterThread: Thread is done: Ticket intake 1-49
2026-10-08 16:11:50,814 INFO o.a.j.t.JMeterThread: Thread finished: Ticket intake 1-49
2026-10-08 16:11:52,875 INFO o.a.j.t.JMeterThread: Thread started: Ticket intake 1-50
2026-10-08 16:11:53,633 INFO o.a.j.t.JMeterThread: Thread started: Ticket intake 1-51
2026-10-08 16:11:54,038 INFO o.a.j.t.JMeterThread: Thread is done: Ticket intake 1-50
2026-10-08 16:11:54,038 INFO o.a.j.t.JMeterThread: Thread finished: Ticket intake 1-50
2026-10-08 16:11:55,189 INFO o.a.j.t.JMeterThread: Thread started: Ticket intake 1-52
2026-10-08 16:11:55,964 INFO o.a.j.t.JMeterThread: Thread is done: Ticket intake 1-51
2026-10-08 16:11:55,964 INFO o.a.j.t.JMeterThread: Thread finished: Ticket intake 1-51
2026-10-08 16:11:57,459 INFO o.a.j.t.JMeterThread: Thread is done: Ticket intake 1-52
2026-10-08 16:11:57,459 INFO o.a.j.t.JMeterThread: Thread finished: Ticket intake 1-52
2026-10-08 16:12:00,558 INFO o.a.j.t.JMeterThread: Thread started: Ticket intake 1-53
2026-10-08 16:12:01,763 INFO o.a.j.r.Summariser: summary +     18 in 00:00:59 =    0.3/s Avg:   872 Min:   150 Max:  2329 Err:     0 (0.00%) Active: 1 Started: 53 Finished: 52
2026-10-08 16:12:01,764 INFO o.a.j.r.Summariser: summary =     53 in 00:04:28 =    0.2/s Avg:   898 Min:   150 Max:  2629 Err:     0 (0.00%)
2026-10-08 16:12:01,764 INFO o.a.j.t.JMeterThread: Thread is done: Ticket intake 1-53
2026-10-08 16:12:01,765 INFO o.a.j.t.JMeterThread: Thread finished: Ticket intake 1-53
2026-10-08 16:12:14,256 INFO o.a.j.t.JMeterThread: Thread started: Ticket intake 1-54
2026-10-08 16:12:14,419 INFO o.a.j.t.JMeterThread: Thread is done: Ticket intake 1-54
2026-10-08 16:12:14,419 INFO o.a.j.t.JMeterThread: Thread finished: Ticket intake 1-54
2026-10-08 16:12:15,599 INFO o.a.j.t.JMeterThread: Thread started: Ticket intake 1-55
2026-10-08 16:12:15,931 INFO o.a.j.t.JMeterThread: Thread started: Ticket intake 1-56
2026-10-08 16:12:16,898 INFO o.a.j.t.JMeterThread: Thread is done: Ticket intake 1-55
2026-10-08 16:12:16,898 INFO o.a.j.t.JMeterThread: Thread finished: Ticket intake 1-55
2026-10-08 16:12:18,284 INFO o.a.j.t.JMeterThread: Thread is done: Ticket intake 1-56
2026-10-08 16:12:18,284 INFO o.a.j.t.JMeterThread: Thread finished: Ticket intake 1-56
2026-10-08 16:12:22,219 INFO o.a.j.t.JMeterThread: Thread started: Ticket intake 1-57
2026-10-08 16:12:23,738 INFO o.a.j.t.JMeterThread: Thread is done: Ticket intake 1-57
2026-10-08 16:12:23,738 INFO o.a.j.t.JMeterThread: Thread finished: Ticket intake 1-57
2026-10-08 16:12:24,911 INFO o.a.j.t.JMeterThread: Thread started: Ticket intake 1-58
2026-10-08 16:12:25,425 INFO o.a.j.t.JMeterThread: Thread started: Ticket intake 1-59
2026-10-08 16:12:25,908 INFO o.a.j.t.JMeterThread: Thread is done: Ticket intake 1-58
2026-10-08 16:12:25,908 INFO o.a.j.t.JMeterThread: Thread finished: Ticket intake 1-58
2026-10-08 16:12:28,304 INFO o.a.j.t.JMeterThread: Thread is done: Ticket intake 1-59
2026-10-08 16:12:28,304 INFO o.a.j.t.JMeterThread: Thread finished: Ticket intake 1-59
2026-10-08 16:12:29,132 INFO o.a.j.t.o.OpenModelThreadGroup: There will be no more events, so will wait for 4 sec till the end of the schedule
2026-10-08 16:12:29,133 INFO o.a.j.t.JMeterThread: Thread started: Ticket intake 1-60
2026-10-08 16:12:30,056 INFO o.a.j.r.Summariser: summary +      7 in 00:00:28 =    0.2/s Avg:  1445 Min:   160 Max:  2877 Err:     0 (0.00%) Active: 1 Started: 60 Finished: 59
2026-10-08 16:12:30,057 INFO o.a.j.r.Summariser: summary =     60 in 00:04:56 =    0.2/s Avg:   961 Min:   150 Max:  2877 Err:     0 (0.00%)
2026-10-08 16:12:30,057 INFO o.a.j.t.JMeterThread: Thread is done: Ticket intake 1-60
2026-10-08 16:12:30,058 INFO o.a.j.t.JMeterThread: Thread finished: Ticket intake 1-60
2026-10-08 16:12:33,997 INFO o.a.j.t.o.OpenModelThreadGroup: There will be no more events, will shutdown the thread pool
2026-10-08 16:12:33,998 INFO o.a.j.t.o.OpenModelThreadGroup: Thread starting done
2026-10-08 16:12:33,998 INFO o.a.j.e.StandardJMeterEngine: Notifying test listeners of end of test
2026-10-08 16:12:33,998 INFO o.a.j.s.FileServer: Close: load_data.txt
2026-10-08 16:12:34,000 INFO o.a.j.r.Summariser: summary =     60 in 00:05:00 =    0.2/s Avg:   961 Min:   150 Max:  2877 Err:     0 (0.00%)
