2026-10-08 16:27:09,259 INFO o.a.j.u.JMeterUtils: Setting Locale to en_EN
2026-10-08 16:27:09,267 INFO o.a.j.JMeter: Loading user properties from: C:\meter\bin\user.properties
2026-10-08 16:27:09,268 INFO o.a.j.JMeter: Loading system properties from: C:\meter\bin\system.properties
2026-10-08 16:27:09,269 INFO o.a.j.JMeter: Setting JMeter property: host=192.168.86.33
2026-10-08 16:27:09,270 INFO o.a.j.JMeter: Copyright (c) 1998-2024 The Apache Software Foundation
2026-10-08 16:27:09,270 INFO o.a.j.JMeter: Version 5.6.3
2026-10-08 16:27:09,270 INFO o.a.j.JMeter: java.version=1.8.0_431
2026-10-08 16:27:09,270 INFO o.a.j.JMeter: java.vm.name=Java HotSpot(TM) Client VM
2026-10-08 16:27:09,270 INFO o.a.j.JMeter: os.name=Windows 11
2026-10-08 16:27:09,270 INFO o.a.j.JMeter: os.arch=x86
2026-10-08 16:27:09,270 INFO o.a.j.JMeter: os.version=10.0
2026-10-08 16:27:09,270 INFO o.a.j.JMeter: file.encoding=Cp1252
2026-10-08 16:27:09,270 INFO o.a.j.JMeter: java.awt.headless=true
2026-10-08 16:27:09,270 INFO o.a.j.JMeter: Max memory     =1073741824
2026-10-08 16:27:09,270 INFO o.a.j.JMeter: Available Processors =16
2026-10-08 16:27:09,270 INFO o.a.j.JMeter: Default Locale=English (EN)
2026-10-08 16:27:09,270 INFO o.a.j.JMeter: JMeter  Locale=English (EN)
2026-10-08 16:27:09,270 INFO o.a.j.JMeter: JMeterHome=C:\meter
2026-10-08 16:27:09,270 INFO o.a.j.JMeter: user.dir  =C:\Projects\ICT3113-A1-Team8
2026-10-08 16:27:09,270 INFO o.a.j.JMeter: PWD       =C:\Projects\ICT3113-A1-Team8
2026-10-08 16:27:09,285 INFO o.a.j.JMeter: IP: 192.168.86.25 Name: Samuel-Laptop FullName: Samuel-Laptop.lan
2026-10-08 16:27:09,300 INFO o.a.j.s.FileServer: Default base='C:\Projects\ICT3113-A1-Team8'
2026-10-08 16:27:09,300 INFO o.a.j.s.FileServer: Set new base='C:\Projects\ICT3113-A1-Team8\jmeter'
2026-10-08 16:27:09,396 INFO o.a.j.s.SaveService: Testplan (JMX) version: 2.2. Testlog (JTL) version: 2.2
2026-10-08 16:27:09,412 INFO o.a.j.s.SaveService: Using SaveService properties file encoding UTF-8
2026-10-08 16:27:09,428 INFO o.a.j.s.SaveService: Using SaveService properties version 5.0
2026-10-08 16:27:09,428 INFO o.a.j.s.SaveService: Loading file: jmeter\load_0.20rps.jmx
2026-10-08 16:27:09,475 INFO o.a.j.p.h.s.HTTPSamplerBase: Parser for text/html is org.apache.jmeter.protocol.http.parser.LagartoBasedHtmlParser
2026-10-08 16:27:09,491 INFO o.a.j.p.h.s.HTTPSamplerBase: Parser for application/xhtml+xml is org.apache.jmeter.protocol.http.parser.LagartoBasedHtmlParser
2026-10-08 16:27:09,491 INFO o.a.j.p.h.s.HTTPSamplerBase: Parser for application/xml is org.apache.jmeter.protocol.http.parser.LagartoBasedHtmlParser
2026-10-08 16:27:09,491 INFO o.a.j.p.h.s.HTTPSamplerBase: Parser for text/xml is org.apache.jmeter.protocol.http.parser.LagartoBasedHtmlParser
2026-10-08 16:27:09,491 INFO o.a.j.p.h.s.HTTPSamplerBase: Parser for text/vnd.wap.wml is org.apache.jmeter.protocol.http.parser.RegexpHTMLParser
2026-10-08 16:27:09,491 INFO o.a.j.p.h.s.HTTPSamplerBase: Parser for text/css is org.apache.jmeter.protocol.http.parser.CssParser
2026-10-08 16:27:09,648 INFO o.a.j.JMeter: Creating summariser <summary>
2026-10-08 16:27:09,665 INFO o.a.j.e.StandardJMeterEngine: Running the test!
2026-10-08 16:27:09,667 INFO o.a.j.s.SampleEvent: List of sample_variables: []
2026-10-08 16:27:09,667 INFO o.a.j.s.SampleEvent: List of sample_variables: []
2026-10-08 16:27:09,672 INFO o.a.j.e.u.CompoundVariable: Note: Function class names must contain the string: '.functions.'
2026-10-08 16:27:09,673 INFO o.a.j.e.u.CompoundVariable: Note: Function class names must not contain the string: '.gui.'
2026-10-08 16:27:09,897 INFO o.a.j.JMeter: Running test (1791448029897)
2026-10-08 16:27:09,934 INFO o.a.j.e.StandardJMeterEngine: Starting ThreadGroup: 1 : Ticket intake
2026-10-08 16:27:09,934 INFO o.a.j.e.StandardJMeterEngine: Starting 0 threads for group Ticket intake.
2026-10-08 16:27:09,934 INFO o.a.j.e.StandardJMeterEngine: Thread will continue on error
2026-10-08 16:27:09,934 INFO o.a.j.t.o.OpenModelThreadGroup: Starting OpenModelThreadGroup#1 with schedule rate(12/min) random_arrivals(5 min) rate(12/min)
2026-10-08 16:27:09,959 INFO o.a.j.e.StandardJMeterEngine: All thread groups have been started
2026-10-08 16:27:09,959 INFO o.a.j.t.o.OpenModelThreadGroup: Thread starting init
2026-10-08 16:27:09,975 INFO o.a.j.t.o.PoissonArrivalsRamp: Generating 60 events, beginRate = 0.2 / sec, endRate = 0.2 / sec, duration = 300.0 sec
2026-10-08 16:27:26,793 INFO o.a.j.t.JMeterThread: Thread started: Ticket intake 1-1
2026-10-08 16:27:26,793 INFO o.a.j.s.FileServer: Stored: load_data.txt
2026-10-08 16:27:26,824 INFO o.a.j.p.h.s.HTTPHCAbstractImpl: Local host = Samuel-Laptop
2026-10-08 16:27:26,824 INFO o.a.j.p.h.s.HTTPHC4Impl: HTTP request retry count = 0
2026-10-08 16:27:26,824 INFO o.a.j.s.SampleResult: Note: Sample TimeStamps are START times
2026-10-08 16:27:26,824 INFO o.a.j.s.SampleResult: sampleresult.default.encoding is set to UTF-8
2026-10-08 16:27:26,824 INFO o.a.j.s.SampleResult: sampleresult.useNanoTime=true
2026-10-08 16:27:26,824 INFO o.a.j.s.SampleResult: sampleresult.nanoThreadSleep=5000
2026-10-08 16:27:28,250 INFO o.a.j.t.JMeterThread: Thread is done: Ticket intake 1-1
2026-10-08 16:27:28,250 INFO o.a.j.t.JMeterThread: Thread finished: Ticket intake 1-1
2026-10-08 16:27:29,034 INFO o.a.j.t.JMeterThread: Thread started: Ticket intake 1-2
2026-10-08 16:27:30,409 INFO o.a.j.r.Summariser: summary +      2 in 00:00:21 =    0.1/s Avg:  1372 Min:  1372 Max:  1373 Err:     0 (0.00%) Active: 1 Started: 2 Finished: 1
2026-10-08 16:27:30,410 INFO o.a.j.t.JMeterThread: Thread is done: Ticket intake 1-2
2026-10-08 16:27:30,410 INFO o.a.j.t.JMeterThread: Thread finished: Ticket intake 1-2
2026-10-08 16:27:32,984 INFO o.a.j.t.JMeterThread: Thread started: Ticket intake 1-3
2026-10-08 16:27:33,151 INFO o.a.j.t.JMeterThread: Thread is done: Ticket intake 1-3
2026-10-08 16:27:33,151 INFO o.a.j.t.JMeterThread: Thread finished: Ticket intake 1-3
2026-10-08 16:27:34,472 INFO o.a.j.t.JMeterThread: Thread started: Ticket intake 1-4
2026-10-08 16:27:34,698 INFO o.a.j.t.JMeterThread: Thread is done: Ticket intake 1-4
2026-10-08 16:27:34,698 INFO o.a.j.t.JMeterThread: Thread finished: Ticket intake 1-4
2026-10-08 16:27:44,142 INFO o.a.j.t.JMeterThread: Thread started: Ticket intake 1-5
2026-10-08 16:27:44,312 INFO o.a.j.t.JMeterThread: Thread is done: Ticket intake 1-5
2026-10-08 16:27:44,313 INFO o.a.j.t.JMeterThread: Thread finished: Ticket intake 1-5
2026-10-08 16:27:51,033 INFO o.a.j.t.JMeterThread: Thread started: Ticket intake 1-6
2026-10-08 16:27:51,262 INFO o.a.j.t.JMeterThread: Thread is done: Ticket intake 1-6
2026-10-08 16:27:51,262 INFO o.a.j.t.JMeterThread: Thread finished: Ticket intake 1-6
2026-10-08 16:27:52,406 INFO o.a.j.t.JMeterThread: Thread started: Ticket intake 1-7
2026-10-08 16:27:52,620 INFO o.a.j.t.JMeterThread: Thread is done: Ticket intake 1-7
2026-10-08 16:27:52,620 INFO o.a.j.t.JMeterThread: Thread finished: Ticket intake 1-7
2026-10-08 16:27:53,574 INFO o.a.j.t.JMeterThread: Thread started: Ticket intake 1-8
2026-10-08 16:27:54,581 INFO o.a.j.t.JMeterThread: Thread is done: Ticket intake 1-8
2026-10-08 16:27:54,582 INFO o.a.j.t.JMeterThread: Thread finished: Ticket intake 1-8
2026-10-08 16:27:58,050 INFO o.a.j.t.JMeterThread: Thread started: Ticket intake 1-9
2026-10-08 16:27:58,268 INFO o.a.j.t.JMeterThread: Thread started: Ticket intake 1-10
2026-10-08 16:27:59,102 INFO o.a.j.t.JMeterThread: Thread is done: Ticket intake 1-9
2026-10-08 16:27:59,102 INFO o.a.j.t.JMeterThread: Thread finished: Ticket intake 1-9
2026-10-08 16:28:00,264 INFO o.a.j.r.Summariser: summary +      8 in 00:00:30 =    0.3/s Avg:   631 Min:   165 Max:  1995 Err:     0 (0.00%) Active: 1 Started: 10 Finished: 9
2026-10-08 16:28:00,264 INFO o.a.j.r.Summariser: summary =     10 in 00:00:50 =    0.2/s Avg:   779 Min:   165 Max:  1995 Err:     0 (0.00%)
2026-10-08 16:28:00,265 INFO o.a.j.t.JMeterThread: Thread is done: Ticket intake 1-10
2026-10-08 16:28:00,265 INFO o.a.j.t.JMeterThread: Thread finished: Ticket intake 1-10
2026-10-08 16:28:01,454 INFO o.a.j.t.JMeterThread: Thread started: Ticket intake 1-11
2026-10-08 16:28:03,978 INFO o.a.j.t.JMeterThread: Thread is done: Ticket intake 1-11
2026-10-08 16:28:03,978 INFO o.a.j.t.JMeterThread: Thread finished: Ticket intake 1-11
2026-10-08 16:28:06,292 INFO o.a.j.t.JMeterThread: Thread started: Ticket intake 1-12
2026-10-08 16:28:06,454 INFO o.a.j.t.JMeterThread: Thread is done: Ticket intake 1-12
2026-10-08 16:28:06,454 INFO o.a.j.t.JMeterThread: Thread finished: Ticket intake 1-12
2026-10-08 16:28:12,206 INFO o.a.j.t.JMeterThread: Thread started: Ticket intake 1-13
2026-10-08 16:28:12,435 INFO o.a.j.t.JMeterThread: Thread is done: Ticket intake 1-13
2026-10-08 16:28:12,435 INFO o.a.j.t.JMeterThread: Thread finished: Ticket intake 1-13
2026-10-08 16:28:13,491 INFO o.a.j.t.JMeterThread: Thread started: Ticket intake 1-14
2026-10-08 16:28:13,672 INFO o.a.j.t.JMeterThread: Thread is done: Ticket intake 1-14
2026-10-08 16:28:13,672 INFO o.a.j.t.JMeterThread: Thread finished: Ticket intake 1-14
2026-10-08 16:28:14,622 INFO o.a.j.t.JMeterThread: Thread started: Ticket intake 1-15
2026-10-08 16:28:14,766 INFO o.a.j.t.JMeterThread: Thread started: Ticket intake 1-16
2026-10-08 16:28:14,811 INFO o.a.j.t.JMeterThread: Thread is done: Ticket intake 1-15
2026-10-08 16:28:14,812 INFO o.a.j.t.JMeterThread: Thread finished: Ticket intake 1-15
2026-10-08 16:28:15,002 INFO o.a.j.t.JMeterThread: Thread started: Ticket intake 1-17
2026-10-08 16:28:15,791 INFO o.a.j.t.JMeterThread: Thread is done: Ticket intake 1-16
2026-10-08 16:28:15,791 INFO o.a.j.t.JMeterThread: Thread finished: Ticket intake 1-16
2026-10-08 16:28:18,121 INFO o.a.j.t.JMeterThread: Thread is done: Ticket intake 1-17
2026-10-08 16:28:18,123 INFO o.a.j.t.JMeterThread: Thread finished: Ticket intake 1-17
2026-10-08 16:28:26,880 INFO o.a.j.t.JMeterThread: Thread started: Ticket intake 1-18
2026-10-08 16:28:27,044 INFO o.a.j.t.JMeterThread: Thread is done: Ticket intake 1-18
2026-10-08 16:28:27,044 INFO o.a.j.t.JMeterThread: Thread finished: Ticket intake 1-18
2026-10-08 16:28:34,603 INFO o.a.j.t.JMeterThread: Thread started: Ticket intake 1-19
2026-10-08 16:28:35,439 INFO o.a.j.t.JMeterThread: Thread started: Ticket intake 1-20
2026-10-08 16:28:35,800 INFO o.a.j.r.Summariser: summary +      9 in 00:00:36 =    0.3/s Avg:   975 Min:   163 Max:  3118 Err:     0 (0.00%) Active: 2 Started: 20 Finished: 18
2026-10-08 16:28:35,800 INFO o.a.j.r.Summariser: summary =     19 in 00:01:26 =    0.2/s Avg:   872 Min:   163 Max:  3118 Err:     0 (0.00%)
2026-10-08 16:28:35,801 INFO o.a.j.t.JMeterThread: Thread is done: Ticket intake 1-19
2026-10-08 16:28:35,801 INFO o.a.j.t.JMeterThread: Thread finished: Ticket intake 1-19
2026-10-08 16:28:37,031 INFO o.a.j.t.JMeterThread: Thread started: Ticket intake 1-21
2026-10-08 16:28:37,960 INFO o.a.j.t.JMeterThread: Thread is done: Ticket intake 1-20
2026-10-08 16:28:37,960 INFO o.a.j.t.JMeterThread: Thread finished: Ticket intake 1-20
2026-10-08 16:28:38,114 INFO o.a.j.t.JMeterThread: Thread is done: Ticket intake 1-21
2026-10-08 16:28:38,114 INFO o.a.j.t.JMeterThread: Thread finished: Ticket intake 1-21
2026-10-08 16:28:41,527 INFO o.a.j.t.JMeterThread: Thread started: Ticket intake 1-22
2026-10-08 16:28:41,693 INFO o.a.j.t.JMeterThread: Thread is done: Ticket intake 1-22
2026-10-08 16:28:41,693 INFO o.a.j.t.JMeterThread: Thread finished: Ticket intake 1-22
2026-10-08 16:28:48,481 INFO o.a.j.t.JMeterThread: Thread started: Ticket intake 1-23
2026-10-08 16:28:48,651 INFO o.a.j.t.JMeterThread: Thread is done: Ticket intake 1-23
2026-10-08 16:28:48,651 INFO o.a.j.t.JMeterThread: Thread finished: Ticket intake 1-23
2026-10-08 16:28:54,847 INFO o.a.j.t.JMeterThread: Thread started: Ticket intake 1-24
2026-10-08 16:28:55,012 INFO o.a.j.t.JMeterThread: Thread is done: Ticket intake 1-24
2026-10-08 16:28:55,012 INFO o.a.j.t.JMeterThread: Thread finished: Ticket intake 1-24
2026-10-08 16:29:04,111 INFO o.a.j.t.JMeterThread: Thread started: Ticket intake 1-25
2026-10-08 16:29:04,343 INFO o.a.j.r.Summariser: summary +      6 in 00:00:29 =    0.2/s Avg:   722 Min:   165 Max:  2520 Err:     0 (0.00%) Active: 1 Started: 25 Finished: 24
2026-10-08 16:29:04,344 INFO o.a.j.r.Summariser: summary =     25 in 00:01:54 =    0.2/s Avg:   836 Min:   163 Max:  3118 Err:     0 (0.00%)
2026-10-08 16:29:04,344 INFO o.a.j.t.JMeterThread: Thread is done: Ticket intake 1-25
2026-10-08 16:29:04,345 INFO o.a.j.t.JMeterThread: Thread finished: Ticket intake 1-25
2026-10-08 16:29:10,957 INFO o.a.j.t.JMeterThread: Thread started: Ticket intake 1-26
2026-10-08 16:29:11,130 INFO o.a.j.t.JMeterThread: Thread is done: Ticket intake 1-26
2026-10-08 16:29:11,130 INFO o.a.j.t.JMeterThread: Thread finished: Ticket intake 1-26
2026-10-08 16:29:17,081 INFO o.a.j.t.JMeterThread: Thread started: Ticket intake 1-27
2026-10-08 16:29:17,243 INFO o.a.j.t.JMeterThread: Thread is done: Ticket intake 1-27
2026-10-08 16:29:17,244 INFO o.a.j.t.JMeterThread: Thread finished: Ticket intake 1-27
2026-10-08 16:29:24,455 INFO o.a.j.t.JMeterThread: Thread started: Ticket intake 1-28
2026-10-08 16:29:25,513 INFO o.a.j.t.JMeterThread: Thread is done: Ticket intake 1-28
2026-10-08 16:29:25,513 INFO o.a.j.t.JMeterThread: Thread finished: Ticket intake 1-28
2026-10-08 16:29:28,751 INFO o.a.j.t.JMeterThread: Thread started: Ticket intake 1-29
2026-10-08 16:29:29,861 INFO o.a.j.t.JMeterThread: Thread is done: Ticket intake 1-29
2026-10-08 16:29:29,861 INFO o.a.j.t.JMeterThread: Thread finished: Ticket intake 1-29
2026-10-08 16:29:31,079 INFO o.a.j.t.JMeterThread: Thread started: Ticket intake 1-30
2026-10-08 16:29:32,826 INFO o.a.j.r.Summariser: summary +      5 in 00:00:28 =    0.2/s Avg:   848 Min:   161 Max:  1745 Err:     0 (0.00%) Active: 1 Started: 30 Finished: 29
2026-10-08 16:29:32,827 INFO o.a.j.r.Summariser: summary =     30 in 00:02:23 =    0.2/s Avg:   838 Min:   161 Max:  3118 Err:     0 (0.00%)
2026-10-08 16:29:32,828 INFO o.a.j.t.JMeterThread: Thread is done: Ticket intake 1-30
2026-10-08 16:29:32,828 INFO o.a.j.t.JMeterThread: Thread finished: Ticket intake 1-30
2026-10-08 16:29:42,965 INFO o.a.j.t.JMeterThread: Thread started: Ticket intake 1-31
2026-10-08 16:29:44,313 INFO o.a.j.t.JMeterThread: Thread is done: Ticket intake 1-31
2026-10-08 16:29:44,313 INFO o.a.j.t.JMeterThread: Thread finished: Ticket intake 1-31
2026-10-08 16:29:51,621 INFO o.a.j.t.JMeterThread: Thread started: Ticket intake 1-32
2026-10-08 16:29:51,634 INFO o.a.j.t.JMeterThread: Thread started: Ticket intake 1-33
2026-10-08 16:29:51,783 INFO o.a.j.t.JMeterThread: Thread is done: Ticket intake 1-32
2026-10-08 16:29:51,783 INFO o.a.j.t.JMeterThread: Thread finished: Ticket intake 1-32
2026-10-08 16:29:51,945 INFO o.a.j.t.JMeterThread: Thread is done: Ticket intake 1-33
2026-10-08 16:29:51,946 INFO o.a.j.t.JMeterThread: Thread finished: Ticket intake 1-33
2026-10-08 16:30:06,330 INFO o.a.j.t.JMeterThread: Thread started: Ticket intake 1-34
2026-10-08 16:30:06,626 INFO o.a.j.t.JMeterThread: Thread started: Ticket intake 1-35
2026-10-08 16:30:07,389 INFO o.a.j.t.JMeterThread: Thread is done: Ticket intake 1-34
2026-10-08 16:30:07,389 INFO o.a.j.t.JMeterThread: Thread finished: Ticket intake 1-34
2026-10-08 16:30:08,853 INFO o.a.j.t.JMeterThread: Thread is done: Ticket intake 1-35
2026-10-08 16:30:08,853 INFO o.a.j.t.JMeterThread: Thread finished: Ticket intake 1-35
2026-10-08 16:30:13,394 INFO o.a.j.t.JMeterThread: Thread started: Ticket intake 1-36
2026-10-08 16:30:13,563 INFO o.a.j.t.JMeterThread: Thread is done: Ticket intake 1-36
2026-10-08 16:30:13,564 INFO o.a.j.t.JMeterThread: Thread finished: Ticket intake 1-36
2026-10-08 16:30:14,710 INFO o.a.j.t.JMeterThread: Thread started: Ticket intake 1-37
2026-10-08 16:30:14,876 INFO o.a.j.t.JMeterThread: Thread is done: Ticket intake 1-37
2026-10-08 16:30:14,876 INFO o.a.j.t.JMeterThread: Thread finished: Ticket intake 1-37
2026-10-08 16:30:18,017 INFO o.a.j.t.JMeterThread: Thread started: Ticket intake 1-38
2026-10-08 16:30:18,185 INFO o.a.j.t.JMeterThread: Thread is done: Ticket intake 1-38
2026-10-08 16:30:18,185 INFO o.a.j.t.JMeterThread: Thread finished: Ticket intake 1-38
2026-10-08 16:30:32,663 INFO o.a.j.t.JMeterThread: Thread started: Ticket intake 1-39
2026-10-08 16:30:32,832 INFO o.a.j.r.Summariser: summary +      9 in 00:01:00 =    0.1/s Avg:   641 Min:   160 Max:  2226 Err:     0 (0.00%) Active: 1 Started: 39 Finished: 38
2026-10-08 16:30:32,832 INFO o.a.j.r.Summariser: summary =     39 in 00:03:23 =    0.2/s Avg:   792 Min:   160 Max:  3118 Err:     0 (0.00%)
2026-10-08 16:30:32,833 INFO o.a.j.t.JMeterThread: Thread is done: Ticket intake 1-39
2026-10-08 16:30:32,833 INFO o.a.j.t.JMeterThread: Thread finished: Ticket intake 1-39
2026-10-08 16:30:33,240 INFO o.a.j.t.JMeterThread: Thread started: Ticket intake 1-40
2026-10-08 16:30:34,863 INFO o.a.j.t.JMeterThread: Thread is done: Ticket intake 1-40
2026-10-08 16:30:34,863 INFO o.a.j.t.JMeterThread: Thread finished: Ticket intake 1-40
2026-10-08 16:30:35,809 INFO o.a.j.t.JMeterThread: Thread started: Ticket intake 1-41
2026-10-08 16:30:35,972 INFO o.a.j.t.JMeterThread: Thread is done: Ticket intake 1-41
2026-10-08 16:30:35,972 INFO o.a.j.t.JMeterThread: Thread finished: Ticket intake 1-41
2026-10-08 16:30:36,729 INFO o.a.j.t.JMeterThread: Thread started: Ticket intake 1-42
2026-10-08 16:30:36,904 INFO o.a.j.t.JMeterThread: Thread is done: Ticket intake 1-42
2026-10-08 16:30:36,904 INFO o.a.j.t.JMeterThread: Thread finished: Ticket intake 1-42
2026-10-08 16:30:40,057 INFO o.a.j.t.JMeterThread: Thread started: Ticket intake 1-43
2026-10-08 16:30:40,225 INFO o.a.j.t.JMeterThread: Thread is done: Ticket intake 1-43
2026-10-08 16:30:40,225 INFO o.a.j.t.JMeterThread: Thread finished: Ticket intake 1-43
2026-10-08 16:30:50,458 INFO o.a.j.t.JMeterThread: Thread started: Ticket intake 1-44
2026-10-08 16:30:51,421 INFO o.a.j.t.JMeterThread: Thread is done: Ticket intake 1-44
2026-10-08 16:30:51,421 INFO o.a.j.t.JMeterThread: Thread finished: Ticket intake 1-44
2026-10-08 16:30:51,892 INFO o.a.j.t.JMeterThread: Thread started: Ticket intake 1-45
2026-10-08 16:30:53,172 INFO o.a.j.t.JMeterThread: Thread is done: Ticket intake 1-45
2026-10-08 16:30:53,172 INFO o.a.j.t.JMeterThread: Thread finished: Ticket intake 1-45
2026-10-08 16:30:54,756 INFO o.a.j.t.JMeterThread: Thread started: Ticket intake 1-46
2026-10-08 16:30:54,921 INFO o.a.j.t.JMeterThread: Thread is done: Ticket intake 1-46
2026-10-08 16:30:54,921 INFO o.a.j.t.JMeterThread: Thread finished: Ticket intake 1-46
2026-10-08 16:30:59,245 INFO o.a.j.t.JMeterThread: Thread started: Ticket intake 1-47
2026-10-08 16:30:59,408 INFO o.a.j.t.JMeterThread: Thread is done: Ticket intake 1-47
2026-10-08 16:30:59,408 INFO o.a.j.t.JMeterThread: Thread finished: Ticket intake 1-47
2026-10-08 16:31:17,361 INFO o.a.j.t.JMeterThread: Thread started: Ticket intake 1-48
2026-10-08 16:31:17,526 INFO o.a.j.t.JMeterThread: Thread is done: Ticket intake 1-48
2026-10-08 16:31:17,526 INFO o.a.j.t.JMeterThread: Thread finished: Ticket intake 1-48
2026-10-08 16:31:24,275 INFO o.a.j.t.JMeterThread: Thread started: Ticket intake 1-49
2026-10-08 16:31:24,441 INFO o.a.j.t.JMeterThread: Thread is done: Ticket intake 1-49
2026-10-08 16:31:24,441 INFO o.a.j.t.JMeterThread: Thread finished: Ticket intake 1-49
2026-10-08 16:31:32,079 INFO o.a.j.t.JMeterThread: Thread started: Ticket intake 1-50
2026-10-08 16:31:33,266 INFO o.a.j.r.Summariser: summary +     11 in 00:01:00 =    0.2/s Avg:   563 Min:   161 Max:  1621 Err:     0 (0.00%) Active: 1 Started: 50 Finished: 49
2026-10-08 16:31:33,266 INFO o.a.j.r.Summariser: summary =     50 in 00:04:23 =    0.2/s Avg:   742 Min:   160 Max:  3118 Err:     0 (0.00%)
2026-10-08 16:31:33,267 INFO o.a.j.t.JMeterThread: Thread is done: Ticket intake 1-50
2026-10-08 16:31:33,267 INFO o.a.j.t.JMeterThread: Thread finished: Ticket intake 1-50
2026-10-08 16:31:34,408 INFO o.a.j.t.JMeterThread: Thread started: Ticket intake 1-51
2026-10-08 16:31:35,276 INFO o.a.j.t.JMeterThread: Thread started: Ticket intake 1-52
2026-10-08 16:31:36,387 INFO o.a.j.t.JMeterThread: Thread is done: Ticket intake 1-51
2026-10-08 16:31:36,387 INFO o.a.j.t.JMeterThread: Thread finished: Ticket intake 1-51
2026-10-08 16:31:37,914 INFO o.a.j.t.JMeterThread: Thread is done: Ticket intake 1-52
2026-10-08 16:31:37,914 INFO o.a.j.t.JMeterThread: Thread finished: Ticket intake 1-52
2026-10-08 16:31:39,192 INFO o.a.j.t.JMeterThread: Thread started: Ticket intake 1-53
2026-10-08 16:31:40,455 INFO o.a.j.t.JMeterThread: Thread is done: Ticket intake 1-53
2026-10-08 16:31:40,455 INFO o.a.j.t.JMeterThread: Thread finished: Ticket intake 1-53
2026-10-08 16:31:43,584 INFO o.a.j.t.JMeterThread: Thread started: Ticket intake 1-54
2026-10-08 16:31:43,830 INFO o.a.j.t.JMeterThread: Thread is done: Ticket intake 1-54
2026-10-08 16:31:43,830 INFO o.a.j.t.JMeterThread: Thread finished: Ticket intake 1-54
2026-10-08 16:31:44,581 INFO o.a.j.t.JMeterThread: Thread started: Ticket intake 1-55
2026-10-08 16:31:45,929 INFO o.a.j.t.JMeterThread: Thread is done: Ticket intake 1-55
2026-10-08 16:31:45,929 INFO o.a.j.t.JMeterThread: Thread finished: Ticket intake 1-55
2026-10-08 16:31:53,489 INFO o.a.j.t.JMeterThread: Thread started: Ticket intake 1-56
2026-10-08 16:31:54,947 INFO o.a.j.t.JMeterThread: Thread is done: Ticket intake 1-56
2026-10-08 16:31:54,948 INFO o.a.j.t.JMeterThread: Thread finished: Ticket intake 1-56
2026-10-08 16:31:58,279 INFO o.a.j.t.JMeterThread: Thread started: Ticket intake 1-57
2026-10-08 16:31:58,443 INFO o.a.j.t.JMeterThread: Thread is done: Ticket intake 1-57
2026-10-08 16:31:58,443 INFO o.a.j.t.JMeterThread: Thread finished: Ticket intake 1-57
2026-10-08 16:32:02,917 INFO o.a.j.t.JMeterThread: Thread started: Ticket intake 1-58
2026-10-08 16:32:03,936 INFO o.a.j.r.Summariser: summary +      8 in 00:00:31 =    0.3/s Avg:  1262 Min:   162 Max:  2635 Err:     0 (0.00%) Active: 1 Started: 58 Finished: 57
2026-10-08 16:32:03,937 INFO o.a.j.r.Summariser: summary =     58 in 00:04:54 =    0.2/s Avg:   814 Min:   160 Max:  3118 Err:     0 (0.00%)
2026-10-08 16:32:03,937 INFO o.a.j.t.JMeterThread: Thread is done: Ticket intake 1-58
2026-10-08 16:32:03,937 INFO o.a.j.t.JMeterThread: Thread finished: Ticket intake 1-58
2026-10-08 16:32:06,779 INFO o.a.j.t.JMeterThread: Thread started: Ticket intake 1-59
2026-10-08 16:32:06,971 INFO o.a.j.t.o.OpenModelThreadGroup: There will be no more events, so will wait for 2 sec till the end of the schedule
2026-10-08 16:32:06,972 INFO o.a.j.t.JMeterThread: Thread started: Ticket intake 1-60
2026-10-08 16:32:09,235 INFO o.a.j.t.JMeterThread: Thread is done: Ticket intake 1-59
2026-10-08 16:32:09,235 INFO o.a.j.t.JMeterThread: Thread finished: Ticket intake 1-59
2026-10-08 16:32:09,672 INFO o.a.j.t.o.OpenModelThreadGroup: Test schedule finished, however, there are 1 thread(s) still running. Will interrupt the threads. If you want to keep some time for the threads to complete, consider adding pause(10 min) at the end of the schedule.
2026-10-08 16:32:09,672 INFO o.a.j.t.o.OpenModelThreadGroup: Terminating thread org.apache.jmeter.threads.JMeterThread@11f0eae
2026-10-08 16:32:09,672 INFO o.a.j.t.JMeterThread: Stopping: Ticket intake 1-60
2026-10-08 16:32:09,672 WARN o.a.j.t.JMeterThread: Interrupting: Ticket intake 1-60 sampler: POST /tickets
2026-10-08 16:32:09,675 INFO o.a.j.t.o.OpenModelThreadGroup: Thread starting done
2026-10-08 16:32:09,675 INFO o.a.j.t.JMeterThread: Thread is done: Ticket intake 1-60
2026-10-08 16:32:09,677 INFO o.a.j.t.JMeterThread: Thread finished: Ticket intake 1-60
2026-10-08 16:32:09,677 INFO o.a.j.e.StandardJMeterEngine: Notifying test listeners of end of test
2026-10-08 16:32:09,677 INFO o.a.j.s.FileServer: Close: load_data.txt
2026-10-08 16:32:09,678 INFO o.a.j.r.Summariser: summary +      2 in 00:00:06 =    0.3/s Avg:  2578 Min:  2454 Max:  2702 Err:     1 (50.00%) Active: 0 Started: 60 Finished: 60
2026-10-08 16:32:09,678 INFO o.a.j.r.Summariser: summary =     60 in 00:05:00 =    0.2/s Avg:   872 Min:   160 Max:  3118 Err:     1 (1.67%)
