2026-10-08 15:34:53,660 INFO o.a.j.u.JMeterUtils: Setting Locale to en_EN
2026-10-08 15:34:53,679 INFO o.a.j.JMeter: Loading user properties from: C:\meter\bin\user.properties
2026-10-08 15:34:53,679 INFO o.a.j.JMeter: Loading system properties from: C:\meter\bin\system.properties
2026-10-08 15:34:53,679 INFO o.a.j.JMeter: Setting JMeter property: host=192.168.86.33
2026-10-08 15:34:53,695 INFO o.a.j.JMeter: Copyright (c) 1998-2024 The Apache Software Foundation
2026-10-08 15:34:53,695 INFO o.a.j.JMeter: Version 5.6.3
2026-10-08 15:34:53,695 INFO o.a.j.JMeter: java.version=1.8.0_431
2026-10-08 15:34:53,695 INFO o.a.j.JMeter: java.vm.name=Java HotSpot(TM) Client VM
2026-10-08 15:34:53,695 INFO o.a.j.JMeter: os.name=Windows 11
2026-10-08 15:34:53,698 INFO o.a.j.JMeter: os.arch=x86
2026-10-08 15:34:53,698 INFO o.a.j.JMeter: os.version=10.0
2026-10-08 15:34:53,698 INFO o.a.j.JMeter: file.encoding=Cp1252
2026-10-08 15:34:53,698 INFO o.a.j.JMeter: java.awt.headless=true
2026-10-08 15:34:53,699 INFO o.a.j.JMeter: Max memory     =1073741824
2026-10-08 15:34:53,699 INFO o.a.j.JMeter: Available Processors =16
2026-10-08 15:34:53,702 INFO o.a.j.JMeter: Default Locale=English (EN)
2026-10-08 15:34:53,703 INFO o.a.j.JMeter: JMeter  Locale=English (EN)
2026-10-08 15:34:53,703 INFO o.a.j.JMeter: JMeterHome=C:\meter
2026-10-08 15:34:53,703 INFO o.a.j.JMeter: user.dir  =C:\Projects\ICT3113-A1-Team8
2026-10-08 15:34:53,703 INFO o.a.j.JMeter: PWD       =C:\Projects\ICT3113-A1-Team8
2026-10-08 15:34:53,712 INFO o.a.j.JMeter: IP: 192.168.86.25 Name: Samuel-Laptop FullName: Samuel-Laptop.lan
2026-10-08 15:34:53,728 INFO o.a.j.s.FileServer: Default base='C:\Projects\ICT3113-A1-Team8'
2026-10-08 15:34:53,730 INFO o.a.j.s.FileServer: Set new base='C:\Projects\ICT3113-A1-Team8\jmeter'
2026-10-08 15:34:53,849 INFO o.a.j.s.SaveService: Testplan (JMX) version: 2.2. Testlog (JTL) version: 2.2
2026-10-08 15:34:53,868 INFO o.a.j.s.SaveService: Using SaveService properties file encoding UTF-8
2026-10-08 15:34:53,877 INFO o.a.j.s.SaveService: Using SaveService properties version 5.0
2026-10-08 15:34:53,882 INFO o.a.j.s.SaveService: Loading file: jmeter\load_0.05rps.jmx
2026-10-08 15:34:53,936 INFO o.a.j.p.h.s.HTTPSamplerBase: Parser for text/html is org.apache.jmeter.protocol.http.parser.LagartoBasedHtmlParser
2026-10-08 15:34:53,936 INFO o.a.j.p.h.s.HTTPSamplerBase: Parser for application/xhtml+xml is org.apache.jmeter.protocol.http.parser.LagartoBasedHtmlParser
2026-10-08 15:34:53,936 INFO o.a.j.p.h.s.HTTPSamplerBase: Parser for application/xml is org.apache.jmeter.protocol.http.parser.LagartoBasedHtmlParser
2026-10-08 15:34:53,936 INFO o.a.j.p.h.s.HTTPSamplerBase: Parser for text/xml is org.apache.jmeter.protocol.http.parser.LagartoBasedHtmlParser
2026-10-08 15:34:53,936 INFO o.a.j.p.h.s.HTTPSamplerBase: Parser for text/vnd.wap.wml is org.apache.jmeter.protocol.http.parser.RegexpHTMLParser
2026-10-08 15:34:53,936 INFO o.a.j.p.h.s.HTTPSamplerBase: Parser for text/css is org.apache.jmeter.protocol.http.parser.CssParser
2026-10-08 15:34:54,120 INFO o.a.j.JMeter: Creating summariser <summary>
2026-10-08 15:34:54,135 INFO o.a.j.e.StandardJMeterEngine: Running the test!
2026-10-08 15:34:54,135 INFO o.a.j.s.SampleEvent: List of sample_variables: []
2026-10-08 15:34:54,135 INFO o.a.j.s.SampleEvent: List of sample_variables: []
2026-10-08 15:34:54,139 INFO o.a.j.e.u.CompoundVariable: Note: Function class names must contain the string: '.functions.'
2026-10-08 15:34:54,139 INFO o.a.j.e.u.CompoundVariable: Note: Function class names must not contain the string: '.gui.'
2026-10-08 15:34:54,373 INFO o.a.j.JMeter: Running test (1791444894373)
2026-10-08 15:34:54,403 INFO o.a.j.e.StandardJMeterEngine: Starting ThreadGroup: 1 : Ticket intake
2026-10-08 15:34:54,403 INFO o.a.j.e.StandardJMeterEngine: Starting 0 threads for group Ticket intake.
2026-10-08 15:34:54,403 INFO o.a.j.e.StandardJMeterEngine: Thread will continue on error
2026-10-08 15:34:54,403 INFO o.a.j.t.o.OpenModelThreadGroup: Starting OpenModelThreadGroup#1 with schedule rate(3/min) random_arrivals(5 min) rate(3/min)
2026-10-08 15:34:54,435 INFO o.a.j.e.StandardJMeterEngine: All thread groups have been started
2026-10-08 15:34:54,435 INFO o.a.j.t.o.OpenModelThreadGroup: Thread starting init
2026-10-08 15:34:54,450 INFO o.a.j.t.o.PoissonArrivalsRamp: Generating 15 events, beginRate = 0.05 / sec, endRate = 0.05 / sec, duration = 300.0 sec
2026-10-08 15:35:51,406 INFO o.a.j.t.JMeterThread: Thread started: Ticket intake 1-1
2026-10-08 15:35:51,406 INFO o.a.j.s.FileServer: Stored: load_data.txt
2026-10-08 15:35:51,425 INFO o.a.j.p.h.s.HTTPHCAbstractImpl: Local host = Samuel-Laptop
2026-10-08 15:35:51,436 INFO o.a.j.p.h.s.HTTPHC4Impl: HTTP request retry count = 0
2026-10-08 15:35:51,436 INFO o.a.j.s.SampleResult: Note: Sample TimeStamps are START times
2026-10-08 15:35:51,436 INFO o.a.j.s.SampleResult: sampleresult.default.encoding is set to UTF-8
2026-10-08 15:35:51,436 INFO o.a.j.s.SampleResult: sampleresult.useNanoTime=true
2026-10-08 15:35:51,436 INFO o.a.j.s.SampleResult: sampleresult.nanoThreadSleep=5000
2026-10-08 15:35:52,911 INFO o.a.j.t.JMeterThread: Thread is done: Ticket intake 1-1
2026-10-08 15:35:52,911 INFO o.a.j.t.JMeterThread: Thread finished: Ticket intake 1-1
2026-10-08 15:35:57,867 INFO o.a.j.t.JMeterThread: Thread started: Ticket intake 1-2
2026-10-08 15:35:58,071 INFO o.a.j.t.JMeterThread: Thread is done: Ticket intake 1-2
2026-10-08 15:35:58,071 INFO o.a.j.t.JMeterThread: Thread finished: Ticket intake 1-2
2026-10-08 15:35:58,566 INFO o.a.j.t.JMeterThread: Thread started: Ticket intake 1-3
2026-10-08 15:35:58,820 INFO o.a.j.t.JMeterThread: Thread is done: Ticket intake 1-3
2026-10-08 15:35:58,820 INFO o.a.j.t.JMeterThread: Thread finished: Ticket intake 1-3
2026-10-08 15:36:00,952 INFO o.a.j.t.JMeterThread: Thread started: Ticket intake 1-4
2026-10-08 15:36:01,203 INFO o.a.j.r.Summariser: summary +      4 in 00:01:07 =    0.1/s Avg:   538 Min:   210 Max:  1429 Err:     0 (0.00%) Active: 1 Started: 4 Finished: 3
2026-10-08 15:36:01,219 INFO o.a.j.t.JMeterThread: Thread is done: Ticket intake 1-4
2026-10-08 15:36:01,219 INFO o.a.j.t.JMeterThread: Thread finished: Ticket intake 1-4
2026-10-08 15:36:02,690 INFO o.a.j.t.JMeterThread: Thread started: Ticket intake 1-5
2026-10-08 15:36:02,931 INFO o.a.j.t.JMeterThread: Thread is done: Ticket intake 1-5
2026-10-08 15:36:02,931 INFO o.a.j.t.JMeterThread: Thread finished: Ticket intake 1-5
2026-10-08 15:36:17,444 INFO o.a.j.t.JMeterThread: Thread started: Ticket intake 1-6
2026-10-08 15:36:17,695 INFO o.a.j.t.JMeterThread: Thread is done: Ticket intake 1-6
2026-10-08 15:36:17,695 INFO o.a.j.t.JMeterThread: Thread finished: Ticket intake 1-6
2026-10-08 15:36:28,237 INFO o.a.j.t.JMeterThread: Thread started: Ticket intake 1-7
2026-10-08 15:36:29,674 INFO o.a.j.t.JMeterThread: Thread is done: Ticket intake 1-7
2026-10-08 15:36:29,674 INFO o.a.j.t.JMeterThread: Thread finished: Ticket intake 1-7
2026-10-08 15:37:00,762 INFO o.a.j.t.JMeterThread: Thread started: Ticket intake 1-8
2026-10-08 15:37:01,816 INFO o.a.j.r.Summariser: summary +      4 in 00:01:01 =    0.1/s Avg:   747 Min:   242 Max:  1445 Err:     0 (0.00%) Active: 1 Started: 8 Finished: 7
2026-10-08 15:37:01,817 INFO o.a.j.r.Summariser: summary =      8 in 00:02:07 =    0.1/s Avg:   642 Min:   210 Max:  1445 Err:     0 (0.00%)
2026-10-08 15:37:01,817 INFO o.a.j.t.JMeterThread: Thread is done: Ticket intake 1-8
2026-10-08 15:37:01,817 INFO o.a.j.t.JMeterThread: Thread finished: Ticket intake 1-8
2026-10-08 15:37:39,808 INFO o.a.j.t.JMeterThread: Thread started: Ticket intake 1-9
2026-10-08 15:37:40,839 INFO o.a.j.t.JMeterThread: Thread is done: Ticket intake 1-9
2026-10-08 15:37:40,839 INFO o.a.j.t.JMeterThread: Thread finished: Ticket intake 1-9
2026-10-08 15:37:51,465 INFO o.a.j.t.JMeterThread: Thread started: Ticket intake 1-10
2026-10-08 15:37:52,638 INFO o.a.j.t.JMeterThread: Thread is done: Ticket intake 1-10
2026-10-08 15:37:52,638 INFO o.a.j.t.JMeterThread: Thread finished: Ticket intake 1-10
2026-10-08 15:38:23,828 INFO o.a.j.t.JMeterThread: Thread started: Ticket intake 1-11
2026-10-08 15:38:26,349 INFO o.a.j.t.JMeterThread: Thread is done: Ticket intake 1-11
2026-10-08 15:38:26,349 INFO o.a.j.t.JMeterThread: Thread finished: Ticket intake 1-11
2026-10-08 15:38:30,815 INFO o.a.j.t.JMeterThread: Thread started: Ticket intake 1-12
2026-10-08 15:38:32,712 INFO o.a.j.r.Summariser: summary +      4 in 00:01:31 =    0.0/s Avg:  1654 Min:  1029 Max:  2520 Err:     0 (0.00%) Active: 1 Started: 12 Finished: 11
2026-10-08 15:38:32,714 INFO o.a.j.r.Summariser: summary =     12 in 00:03:38 =    0.1/s Avg:   979 Min:   210 Max:  2520 Err:     0 (0.00%)
2026-10-08 15:38:32,714 INFO o.a.j.t.JMeterThread: Thread is done: Ticket intake 1-12
2026-10-08 15:38:32,714 INFO o.a.j.t.JMeterThread: Thread finished: Ticket intake 1-12
2026-10-08 15:38:47,114 INFO o.a.j.t.JMeterThread: Thread started: Ticket intake 1-13
2026-10-08 15:38:49,897 INFO o.a.j.t.JMeterThread: Thread is done: Ticket intake 1-13
2026-10-08 15:38:49,897 INFO o.a.j.t.JMeterThread: Thread finished: Ticket intake 1-13
2026-10-08 15:39:12,137 INFO o.a.j.t.JMeterThread: Thread started: Ticket intake 1-14
2026-10-08 15:39:15,012 INFO o.a.j.t.JMeterThread: Thread is done: Ticket intake 1-14
2026-10-08 15:39:15,012 INFO o.a.j.t.JMeterThread: Thread finished: Ticket intake 1-14
2026-10-08 15:39:35,008 INFO o.a.j.t.o.OpenModelThreadGroup: There will be no more events, so will wait for 19 sec till the end of the schedule
2026-10-08 15:39:35,011 INFO o.a.j.t.JMeterThread: Thread started: Ticket intake 1-15
2026-10-08 15:39:37,806 INFO o.a.j.t.JMeterThread: Thread is done: Ticket intake 1-15
2026-10-08 15:39:37,806 INFO o.a.j.t.JMeterThread: Thread finished: Ticket intake 1-15
2026-10-08 15:39:54,139 INFO o.a.j.t.o.OpenModelThreadGroup: There will be no more events, will shutdown the thread pool
2026-10-08 15:39:54,139 INFO o.a.j.t.o.OpenModelThreadGroup: Thread starting done
2026-10-08 15:39:54,139 INFO o.a.j.e.StandardJMeterEngine: Notifying test listeners of end of test
2026-10-08 15:39:54,139 INFO o.a.j.s.FileServer: Close: load_data.txt
2026-10-08 15:39:54,141 INFO o.a.j.r.Summariser: summary +      3 in 00:01:21 =    0.0/s Avg:  2817 Min:  2783 Max:  2875 Err:     0 (0.00%) Active: 0 Started: 15 Finished: 15
2026-10-08 15:39:54,141 INFO o.a.j.r.Summariser: summary =     15 in 00:05:00 =    0.1/s Avg:  1347 Min:   210 Max:  2875 Err:     0 (0.00%)
