2026-10-08 15:54:29,744 INFO o.a.j.u.JMeterUtils: Setting Locale to en_EN
2026-10-08 15:54:29,749 INFO o.a.j.JMeter: Loading user properties from: C:\meter\bin\user.properties
2026-10-08 15:54:29,749 INFO o.a.j.JMeter: Loading system properties from: C:\meter\bin\system.properties
2026-10-08 15:54:29,749 INFO o.a.j.JMeter: Setting JMeter property: host=192.168.86.33
2026-10-08 15:54:29,749 INFO o.a.j.JMeter: Copyright (c) 1998-2024 The Apache Software Foundation
2026-10-08 15:54:29,749 INFO o.a.j.JMeter: Version 5.6.3
2026-10-08 15:54:29,749 INFO o.a.j.JMeter: java.version=1.8.0_431
2026-10-08 15:54:29,749 INFO o.a.j.JMeter: java.vm.name=Java HotSpot(TM) Client VM
2026-10-08 15:54:29,749 INFO o.a.j.JMeter: os.name=Windows 11
2026-10-08 15:54:29,749 INFO o.a.j.JMeter: os.arch=x86
2026-10-08 15:54:29,749 INFO o.a.j.JMeter: os.version=10.0
2026-10-08 15:54:29,749 INFO o.a.j.JMeter: file.encoding=Cp1252
2026-10-08 15:54:29,749 INFO o.a.j.JMeter: java.awt.headless=true
2026-10-08 15:54:29,749 INFO o.a.j.JMeter: Max memory     =1073741824
2026-10-08 15:54:29,749 INFO o.a.j.JMeter: Available Processors =16
2026-10-08 15:54:29,749 INFO o.a.j.JMeter: Default Locale=English (EN)
2026-10-08 15:54:29,764 INFO o.a.j.JMeter: JMeter  Locale=English (EN)
2026-10-08 15:54:29,764 INFO o.a.j.JMeter: JMeterHome=C:\meter
2026-10-08 15:54:29,764 INFO o.a.j.JMeter: user.dir  =C:\Projects\ICT3113-A1-Team8
2026-10-08 15:54:29,764 INFO o.a.j.JMeter: PWD       =C:\Projects\ICT3113-A1-Team8
2026-10-08 15:54:29,772 INFO o.a.j.JMeter: IP: 192.168.86.25 Name: Samuel-Laptop FullName: Samuel-Laptop.lan
2026-10-08 15:54:29,793 INFO o.a.j.s.FileServer: Default base='C:\Projects\ICT3113-A1-Team8'
2026-10-08 15:54:29,794 INFO o.a.j.s.FileServer: Set new base='C:\Projects\ICT3113-A1-Team8\jmeter'
2026-10-08 15:54:29,895 INFO o.a.j.s.SaveService: Testplan (JMX) version: 2.2. Testlog (JTL) version: 2.2
2026-10-08 15:54:29,908 INFO o.a.j.s.SaveService: Using SaveService properties file encoding UTF-8
2026-10-08 15:54:29,908 INFO o.a.j.s.SaveService: Using SaveService properties version 5.0
2026-10-08 15:54:29,924 INFO o.a.j.s.SaveService: Loading file: jmeter\load_0.05rps.jmx
2026-10-08 15:54:29,987 INFO o.a.j.p.h.s.HTTPSamplerBase: Parser for text/html is org.apache.jmeter.protocol.http.parser.LagartoBasedHtmlParser
2026-10-08 15:54:29,987 INFO o.a.j.p.h.s.HTTPSamplerBase: Parser for application/xhtml+xml is org.apache.jmeter.protocol.http.parser.LagartoBasedHtmlParser
2026-10-08 15:54:29,987 INFO o.a.j.p.h.s.HTTPSamplerBase: Parser for application/xml is org.apache.jmeter.protocol.http.parser.LagartoBasedHtmlParser
2026-10-08 15:54:29,987 INFO o.a.j.p.h.s.HTTPSamplerBase: Parser for text/xml is org.apache.jmeter.protocol.http.parser.LagartoBasedHtmlParser
2026-10-08 15:54:29,987 INFO o.a.j.p.h.s.HTTPSamplerBase: Parser for text/vnd.wap.wml is org.apache.jmeter.protocol.http.parser.RegexpHTMLParser
2026-10-08 15:54:29,987 INFO o.a.j.p.h.s.HTTPSamplerBase: Parser for text/css is org.apache.jmeter.protocol.http.parser.CssParser
2026-10-08 15:54:30,149 INFO o.a.j.JMeter: Creating summariser <summary>
2026-10-08 15:54:30,165 INFO o.a.j.e.StandardJMeterEngine: Running the test!
2026-10-08 15:54:30,165 INFO o.a.j.s.SampleEvent: List of sample_variables: []
2026-10-08 15:54:30,165 INFO o.a.j.s.SampleEvent: List of sample_variables: []
2026-10-08 15:54:30,165 INFO o.a.j.e.u.CompoundVariable: Note: Function class names must contain the string: '.functions.'
2026-10-08 15:54:30,165 INFO o.a.j.e.u.CompoundVariable: Note: Function class names must not contain the string: '.gui.'
2026-10-08 15:54:30,401 INFO o.a.j.JMeter: Running test (1791446070401)
2026-10-08 15:54:30,436 INFO o.a.j.e.StandardJMeterEngine: Starting ThreadGroup: 1 : Ticket intake
2026-10-08 15:54:30,436 INFO o.a.j.e.StandardJMeterEngine: Starting 0 threads for group Ticket intake.
2026-10-08 15:54:30,436 INFO o.a.j.e.StandardJMeterEngine: Thread will continue on error
2026-10-08 15:54:30,436 INFO o.a.j.t.o.OpenModelThreadGroup: Starting OpenModelThreadGroup#1 with schedule rate(3/min) random_arrivals(5 min) rate(3/min)
2026-10-08 15:54:30,473 INFO o.a.j.e.StandardJMeterEngine: All thread groups have been started
2026-10-08 15:54:30,473 INFO o.a.j.t.o.OpenModelThreadGroup: Thread starting init
2026-10-08 15:54:30,475 INFO o.a.j.t.o.PoissonArrivalsRamp: Generating 15 events, beginRate = 0.05 / sec, endRate = 0.05 / sec, duration = 300.0 sec
2026-10-08 15:55:04,082 INFO o.a.j.t.JMeterThread: Thread started: Ticket intake 1-1
2026-10-08 15:55:04,084 INFO o.a.j.s.FileServer: Stored: load_data.txt
2026-10-08 15:55:04,106 INFO o.a.j.p.h.s.HTTPHCAbstractImpl: Local host = Samuel-Laptop
2026-10-08 15:55:04,111 INFO o.a.j.p.h.s.HTTPHC4Impl: HTTP request retry count = 0
2026-10-08 15:55:04,112 INFO o.a.j.s.SampleResult: Note: Sample TimeStamps are START times
2026-10-08 15:55:04,112 INFO o.a.j.s.SampleResult: sampleresult.default.encoding is set to UTF-8
2026-10-08 15:55:04,112 INFO o.a.j.s.SampleResult: sampleresult.useNanoTime=true
2026-10-08 15:55:04,112 INFO o.a.j.s.SampleResult: sampleresult.nanoThreadSleep=5000
2026-10-08 15:55:05,506 INFO o.a.j.r.Summariser: summary +      1 in 00:00:35 =    0.0/s Avg:  1347 Min:  1347 Max:  1347 Err:     0 (0.00%) Active: 1 Started: 1 Finished: 0
2026-10-08 15:55:05,507 INFO o.a.j.t.JMeterThread: Thread is done: Ticket intake 1-1
2026-10-08 15:55:05,507 INFO o.a.j.t.JMeterThread: Thread finished: Ticket intake 1-1
2026-10-08 15:55:12,963 INFO o.a.j.t.JMeterThread: Thread started: Ticket intake 1-2
2026-10-08 15:55:14,277 INFO o.a.j.t.JMeterThread: Thread is done: Ticket intake 1-2
2026-10-08 15:55:14,277 INFO o.a.j.t.JMeterThread: Thread finished: Ticket intake 1-2
2026-10-08 15:55:47,397 INFO o.a.j.t.JMeterThread: Thread started: Ticket intake 1-3
2026-10-08 15:55:47,559 INFO o.a.j.t.JMeterThread: Thread is done: Ticket intake 1-3
2026-10-08 15:55:47,559 INFO o.a.j.t.JMeterThread: Thread finished: Ticket intake 1-3
2026-10-08 15:56:41,086 INFO o.a.j.t.JMeterThread: Thread started: Ticket intake 1-4
2026-10-08 15:56:41,298 INFO o.a.j.t.JMeterThread: Thread is done: Ticket intake 1-4
2026-10-08 15:56:41,298 INFO o.a.j.t.JMeterThread: Thread finished: Ticket intake 1-4
2026-10-08 15:56:54,727 INFO o.a.j.t.JMeterThread: Thread started: Ticket intake 1-5
2026-10-08 15:56:54,894 INFO o.a.j.t.JMeterThread: Thread is done: Ticket intake 1-5
2026-10-08 15:56:54,894 INFO o.a.j.t.JMeterThread: Thread finished: Ticket intake 1-5
2026-10-08 15:57:34,135 INFO o.a.j.t.JMeterThread: Thread started: Ticket intake 1-6
2026-10-08 15:57:34,358 INFO o.a.j.r.Summariser: summary +      5 in 00:02:29 =    0.0/s Avg:   414 Min:   161 Max:  1313 Err:     0 (0.00%) Active: 1 Started: 6 Finished: 5
2026-10-08 15:57:34,358 INFO o.a.j.r.Summariser: summary =      6 in 00:03:04 =    0.0/s Avg:   569 Min:   161 Max:  1347 Err:     0 (0.00%)
2026-10-08 15:57:34,358 INFO o.a.j.t.JMeterThread: Thread is done: Ticket intake 1-6
2026-10-08 15:57:34,358 INFO o.a.j.t.JMeterThread: Thread finished: Ticket intake 1-6
2026-10-08 15:57:41,600 INFO o.a.j.t.JMeterThread: Thread started: Ticket intake 1-7
2026-10-08 15:57:41,742 INFO o.a.j.t.JMeterThread: Thread started: Ticket intake 1-8
2026-10-08 15:57:41,805 INFO o.a.j.t.JMeterThread: Thread is done: Ticket intake 1-7
2026-10-08 15:57:41,805 INFO o.a.j.t.JMeterThread: Thread finished: Ticket intake 1-7
2026-10-08 15:57:42,830 INFO o.a.j.t.JMeterThread: Thread is done: Ticket intake 1-8
2026-10-08 15:57:42,830 INFO o.a.j.t.JMeterThread: Thread finished: Ticket intake 1-8
2026-10-08 15:57:48,099 INFO o.a.j.t.JMeterThread: Thread started: Ticket intake 1-9
2026-10-08 15:57:49,100 INFO o.a.j.t.JMeterThread: Thread is done: Ticket intake 1-9
2026-10-08 15:57:49,100 INFO o.a.j.t.JMeterThread: Thread finished: Ticket intake 1-9
2026-10-08 15:58:48,225 INFO o.a.j.t.JMeterThread: Thread started: Ticket intake 1-10
2026-10-08 15:58:49,399 INFO o.a.j.t.JMeterThread: Thread is done: Ticket intake 1-10
2026-10-08 15:58:49,399 INFO o.a.j.t.JMeterThread: Thread finished: Ticket intake 1-10
2026-10-08 15:58:54,569 INFO o.a.j.t.JMeterThread: Thread started: Ticket intake 1-11
2026-10-08 15:58:57,041 INFO o.a.j.t.JMeterThread: Thread is done: Ticket intake 1-11
2026-10-08 15:58:57,041 INFO o.a.j.t.JMeterThread: Thread finished: Ticket intake 1-11
2026-10-08 15:59:03,143 INFO o.a.j.t.JMeterThread: Thread started: Ticket intake 1-12
2026-10-08 15:59:03,306 INFO o.a.j.r.Summariser: summary +      6 in 00:01:29 =    0.1/s Avg:  1018 Min:   162 Max:  2470 Err:     0 (0.00%) Active: 1 Started: 12 Finished: 11
2026-10-08 15:59:03,307 INFO o.a.j.r.Summariser: summary =     12 in 00:04:33 =    0.0/s Avg:   794 Min:   161 Max:  2470 Err:     0 (0.00%)
2026-10-08 15:59:03,308 INFO o.a.j.t.JMeterThread: Thread is done: Ticket intake 1-12
2026-10-08 15:59:03,308 INFO o.a.j.t.JMeterThread: Thread finished: Ticket intake 1-12
2026-10-08 15:59:09,591 INFO o.a.j.t.JMeterThread: Thread started: Ticket intake 1-13
2026-10-08 15:59:09,809 INFO o.a.j.t.JMeterThread: Thread is done: Ticket intake 1-13
2026-10-08 15:59:09,809 INFO o.a.j.t.JMeterThread: Thread finished: Ticket intake 1-13
2026-10-08 15:59:18,807 INFO o.a.j.t.JMeterThread: Thread started: Ticket intake 1-14
2026-10-08 15:59:18,979 INFO o.a.j.t.JMeterThread: Thread is done: Ticket intake 1-14
2026-10-08 15:59:18,979 INFO o.a.j.t.JMeterThread: Thread finished: Ticket intake 1-14
2026-10-08 15:59:23,882 INFO o.a.j.t.o.OpenModelThreadGroup: There will be no more events, so will wait for 6 sec till the end of the schedule
2026-10-08 15:59:23,883 INFO o.a.j.t.JMeterThread: Thread started: Ticket intake 1-15
2026-10-08 15:59:24,053 INFO o.a.j.t.JMeterThread: Thread is done: Ticket intake 1-15
2026-10-08 15:59:24,054 INFO o.a.j.t.JMeterThread: Thread finished: Ticket intake 1-15
2026-10-08 15:59:30,167 INFO o.a.j.t.o.OpenModelThreadGroup: There will be no more events, will shutdown the thread pool
2026-10-08 15:59:30,167 INFO o.a.j.t.o.OpenModelThreadGroup: Thread starting done
2026-10-08 15:59:30,167 INFO o.a.j.e.StandardJMeterEngine: Notifying test listeners of end of test
2026-10-08 15:59:30,167 INFO o.a.j.s.FileServer: Close: load_data.txt
2026-10-08 15:59:30,169 INFO o.a.j.r.Summariser: summary +      3 in 00:00:27 =    0.1/s Avg:   185 Min:   168 Max:   217 Err:     0 (0.00%) Active: 0 Started: 15 Finished: 15
2026-10-08 15:59:30,169 INFO o.a.j.r.Summariser: summary =     15 in 00:05:00 =    0.1/s Avg:   672 Min:   161 Max:  2470 Err:     0 (0.00%)
