2026-10-08 16:14:05,479 INFO o.a.j.u.JMeterUtils: Setting Locale to en_EN
2026-10-08 16:14:05,485 INFO o.a.j.JMeter: Loading user properties from: C:\meter\bin\user.properties
2026-10-08 16:14:05,485 INFO o.a.j.JMeter: Loading system properties from: C:\meter\bin\system.properties
2026-10-08 16:14:05,485 INFO o.a.j.JMeter: Setting JMeter property: host=192.168.86.33
2026-10-08 16:14:05,491 INFO o.a.j.JMeter: Copyright (c) 1998-2024 The Apache Software Foundation
2026-10-08 16:14:05,491 INFO o.a.j.JMeter: Version 5.6.3
2026-10-08 16:14:05,491 INFO o.a.j.JMeter: java.version=1.8.0_431
2026-10-08 16:14:05,491 INFO o.a.j.JMeter: java.vm.name=Java HotSpot(TM) Client VM
2026-10-08 16:14:05,491 INFO o.a.j.JMeter: os.name=Windows 11
2026-10-08 16:14:05,491 INFO o.a.j.JMeter: os.arch=x86
2026-10-08 16:14:05,491 INFO o.a.j.JMeter: os.version=10.0
2026-10-08 16:14:05,491 INFO o.a.j.JMeter: file.encoding=Cp1252
2026-10-08 16:14:05,491 INFO o.a.j.JMeter: java.awt.headless=true
2026-10-08 16:14:05,491 INFO o.a.j.JMeter: Max memory     =1073741824
2026-10-08 16:14:05,491 INFO o.a.j.JMeter: Available Processors =16
2026-10-08 16:14:05,495 INFO o.a.j.JMeter: Default Locale=English (EN)
2026-10-08 16:14:05,495 INFO o.a.j.JMeter: JMeter  Locale=English (EN)
2026-10-08 16:14:05,495 INFO o.a.j.JMeter: JMeterHome=C:\meter
2026-10-08 16:14:05,495 INFO o.a.j.JMeter: user.dir  =C:\Projects\ICT3113-A1-Team8
2026-10-08 16:14:05,495 INFO o.a.j.JMeter: PWD       =C:\Projects\ICT3113-A1-Team8
2026-10-08 16:14:05,504 INFO o.a.j.JMeter: IP: 192.168.86.25 Name: Samuel-Laptop FullName: Samuel-Laptop.lan
2026-10-08 16:14:05,515 INFO o.a.j.s.FileServer: Default base='C:\Projects\ICT3113-A1-Team8'
2026-10-08 16:14:05,515 INFO o.a.j.s.FileServer: Set new base='C:\Projects\ICT3113-A1-Team8\jmeter'
2026-10-08 16:14:05,626 INFO o.a.j.s.SaveService: Testplan (JMX) version: 2.2. Testlog (JTL) version: 2.2
2026-10-08 16:14:05,642 INFO o.a.j.s.SaveService: Using SaveService properties file encoding UTF-8
2026-10-08 16:14:05,642 INFO o.a.j.s.SaveService: Using SaveService properties version 5.0
2026-10-08 16:14:05,657 INFO o.a.j.s.SaveService: Loading file: jmeter\load_0.05rps.jmx
2026-10-08 16:14:05,705 INFO o.a.j.p.h.s.HTTPSamplerBase: Parser for text/html is org.apache.jmeter.protocol.http.parser.LagartoBasedHtmlParser
2026-10-08 16:14:05,705 INFO o.a.j.p.h.s.HTTPSamplerBase: Parser for application/xhtml+xml is org.apache.jmeter.protocol.http.parser.LagartoBasedHtmlParser
2026-10-08 16:14:05,705 INFO o.a.j.p.h.s.HTTPSamplerBase: Parser for application/xml is org.apache.jmeter.protocol.http.parser.LagartoBasedHtmlParser
2026-10-08 16:14:05,705 INFO o.a.j.p.h.s.HTTPSamplerBase: Parser for text/xml is org.apache.jmeter.protocol.http.parser.LagartoBasedHtmlParser
2026-10-08 16:14:05,705 INFO o.a.j.p.h.s.HTTPSamplerBase: Parser for text/vnd.wap.wml is org.apache.jmeter.protocol.http.parser.RegexpHTMLParser
2026-10-08 16:14:05,705 INFO o.a.j.p.h.s.HTTPSamplerBase: Parser for text/css is org.apache.jmeter.protocol.http.parser.CssParser
2026-10-08 16:14:05,862 INFO o.a.j.JMeter: Creating summariser <summary>
2026-10-08 16:14:05,892 INFO o.a.j.e.StandardJMeterEngine: Running the test!
2026-10-08 16:14:05,892 INFO o.a.j.s.SampleEvent: List of sample_variables: []
2026-10-08 16:14:05,892 INFO o.a.j.s.SampleEvent: List of sample_variables: []
2026-10-08 16:14:05,896 INFO o.a.j.e.u.CompoundVariable: Note: Function class names must contain the string: '.functions.'
2026-10-08 16:14:05,896 INFO o.a.j.e.u.CompoundVariable: Note: Function class names must not contain the string: '.gui.'
2026-10-08 16:14:06,126 INFO o.a.j.JMeter: Running test (1791447246126)
2026-10-08 16:14:06,160 INFO o.a.j.e.StandardJMeterEngine: Starting ThreadGroup: 1 : Ticket intake
2026-10-08 16:14:06,160 INFO o.a.j.e.StandardJMeterEngine: Starting 0 threads for group Ticket intake.
2026-10-08 16:14:06,160 INFO o.a.j.e.StandardJMeterEngine: Thread will continue on error
2026-10-08 16:14:06,160 INFO o.a.j.t.o.OpenModelThreadGroup: Starting OpenModelThreadGroup#1 with schedule rate(3/min) random_arrivals(5 min) rate(3/min)
2026-10-08 16:14:06,190 INFO o.a.j.e.StandardJMeterEngine: All thread groups have been started
2026-10-08 16:14:06,196 INFO o.a.j.t.o.OpenModelThreadGroup: Thread starting init
2026-10-08 16:14:06,196 INFO o.a.j.t.o.PoissonArrivalsRamp: Generating 15 events, beginRate = 0.05 / sec, endRate = 0.05 / sec, duration = 300.0 sec
2026-10-08 16:14:09,692 INFO o.a.j.t.JMeterThread: Thread started: Ticket intake 1-1
2026-10-08 16:14:09,693 INFO o.a.j.s.FileServer: Stored: load_data.txt
2026-10-08 16:14:09,714 INFO o.a.j.p.h.s.HTTPHCAbstractImpl: Local host = Samuel-Laptop
2026-10-08 16:14:09,719 INFO o.a.j.p.h.s.HTTPHC4Impl: HTTP request retry count = 0
2026-10-08 16:14:09,721 INFO o.a.j.s.SampleResult: Note: Sample TimeStamps are START times
2026-10-08 16:14:09,721 INFO o.a.j.s.SampleResult: sampleresult.default.encoding is set to UTF-8
2026-10-08 16:14:09,721 INFO o.a.j.s.SampleResult: sampleresult.useNanoTime=true
2026-10-08 16:14:09,721 INFO o.a.j.s.SampleResult: sampleresult.nanoThreadSleep=5000
2026-10-08 16:14:11,098 INFO o.a.j.t.JMeterThread: Thread is done: Ticket intake 1-1
2026-10-08 16:14:11,098 INFO o.a.j.t.JMeterThread: Thread finished: Ticket intake 1-1
2026-10-08 16:14:33,093 INFO o.a.j.t.JMeterThread: Thread started: Ticket intake 1-2
2026-10-08 16:14:34,394 INFO o.a.j.r.Summariser: summary +      2 in 00:00:28 =    0.1/s Avg:  1313 Min:  1297 Max:  1330 Err:     0 (0.00%) Active: 1 Started: 2 Finished: 1
2026-10-08 16:14:34,394 INFO o.a.j.t.JMeterThread: Thread is done: Ticket intake 1-2
2026-10-08 16:14:34,394 INFO o.a.j.t.JMeterThread: Thread finished: Ticket intake 1-2
2026-10-08 16:14:55,263 INFO o.a.j.t.JMeterThread: Thread started: Ticket intake 1-3
2026-10-08 16:14:55,428 INFO o.a.j.t.JMeterThread: Thread is done: Ticket intake 1-3
2026-10-08 16:14:55,428 INFO o.a.j.t.JMeterThread: Thread finished: Ticket intake 1-3
2026-10-08 16:15:16,100 INFO o.a.j.t.JMeterThread: Thread started: Ticket intake 1-4
2026-10-08 16:15:16,304 INFO o.a.j.t.JMeterThread: Thread is done: Ticket intake 1-4
2026-10-08 16:15:16,304 INFO o.a.j.t.JMeterThread: Thread finished: Ticket intake 1-4
2026-10-08 16:15:17,742 INFO o.a.j.t.JMeterThread: Thread started: Ticket intake 1-5
2026-10-08 16:15:17,909 INFO o.a.j.t.JMeterThread: Thread is done: Ticket intake 1-5
2026-10-08 16:15:17,909 INFO o.a.j.t.JMeterThread: Thread finished: Ticket intake 1-5
2026-10-08 16:15:40,271 INFO o.a.j.t.JMeterThread: Thread started: Ticket intake 1-6
2026-10-08 16:15:40,493 INFO o.a.j.t.JMeterThread: Thread is done: Ticket intake 1-6
2026-10-08 16:15:40,493 INFO o.a.j.t.JMeterThread: Thread finished: Ticket intake 1-6
2026-10-08 16:15:48,169 INFO o.a.j.t.JMeterThread: Thread started: Ticket intake 1-7
2026-10-08 16:15:48,383 INFO o.a.j.t.JMeterThread: Thread is done: Ticket intake 1-7
2026-10-08 16:15:48,383 INFO o.a.j.t.JMeterThread: Thread finished: Ticket intake 1-7
2026-10-08 16:17:25,723 INFO o.a.j.t.JMeterThread: Thread started: Ticket intake 1-8
2026-10-08 16:17:26,724 INFO o.a.j.t.JMeterThread: Thread is done: Ticket intake 1-8
2026-10-08 16:17:26,724 INFO o.a.j.t.JMeterThread: Thread finished: Ticket intake 1-8
2026-10-08 16:17:34,918 INFO o.a.j.t.JMeterThread: Thread started: Ticket intake 1-9
2026-10-08 16:17:35,930 INFO o.a.j.r.Summariser: summary +      7 in 00:03:02 =    0.0/s Avg:   426 Min:   164 Max:  1011 Err:     0 (0.00%) Active: 1 Started: 9 Finished: 8
2026-10-08 16:17:35,930 INFO o.a.j.r.Summariser: summary =      9 in 00:03:30 =    0.0/s Avg:   623 Min:   164 Max:  1330 Err:     0 (0.00%)
2026-10-08 16:17:35,931 INFO o.a.j.t.JMeterThread: Thread is done: Ticket intake 1-9
2026-10-08 16:17:35,931 INFO o.a.j.t.JMeterThread: Thread finished: Ticket intake 1-9
2026-10-08 16:18:08,743 INFO o.a.j.t.JMeterThread: Thread started: Ticket intake 1-10
2026-10-08 16:18:09,905 INFO o.a.j.t.JMeterThread: Thread is done: Ticket intake 1-10
2026-10-08 16:18:09,905 INFO o.a.j.t.JMeterThread: Thread finished: Ticket intake 1-10
2026-10-08 16:18:26,441 INFO o.a.j.t.JMeterThread: Thread started: Ticket intake 1-11
2026-10-08 16:18:28,839 INFO o.a.j.t.JMeterThread: Thread is done: Ticket intake 1-11
2026-10-08 16:18:28,839 INFO o.a.j.t.JMeterThread: Thread finished: Ticket intake 1-11
2026-10-08 16:18:31,058 INFO o.a.j.t.JMeterThread: Thread started: Ticket intake 1-12
2026-10-08 16:18:31,218 INFO o.a.j.r.Summariser: summary +      3 in 00:00:55 =    0.1/s Avg:  1239 Min:   159 Max:  2396 Err:     0 (0.00%) Active: 1 Started: 12 Finished: 11
2026-10-08 16:18:31,219 INFO o.a.j.r.Summariser: summary =     12 in 00:04:25 =    0.0/s Avg:   777 Min:   159 Max:  2396 Err:     0 (0.00%)
2026-10-08 16:18:31,220 INFO o.a.j.t.JMeterThread: Thread is done: Ticket intake 1-12
2026-10-08 16:18:31,220 INFO o.a.j.t.JMeterThread: Thread finished: Ticket intake 1-12
2026-10-08 16:18:33,593 INFO o.a.j.t.JMeterThread: Thread started: Ticket intake 1-13
2026-10-08 16:18:33,811 INFO o.a.j.t.JMeterThread: Thread is done: Ticket intake 1-13
2026-10-08 16:18:33,811 INFO o.a.j.t.JMeterThread: Thread finished: Ticket intake 1-13
2026-10-08 16:18:45,794 INFO o.a.j.t.JMeterThread: Thread started: Ticket intake 1-14
2026-10-08 16:18:45,968 INFO o.a.j.t.JMeterThread: Thread is done: Ticket intake 1-14
2026-10-08 16:18:45,968 INFO o.a.j.t.JMeterThread: Thread finished: Ticket intake 1-14
2026-10-08 16:18:47,180 INFO o.a.j.t.o.OpenModelThreadGroup: There will be no more events, so will wait for 18 sec till the end of the schedule
2026-10-08 16:18:47,182 INFO o.a.j.t.JMeterThread: Thread started: Ticket intake 1-15
2026-10-08 16:18:47,356 INFO o.a.j.t.JMeterThread: Thread is done: Ticket intake 1-15
2026-10-08 16:18:47,356 INFO o.a.j.t.JMeterThread: Thread finished: Ticket intake 1-15
2026-10-08 16:19:05,895 INFO o.a.j.t.o.OpenModelThreadGroup: There will be no more events, will shutdown the thread pool
2026-10-08 16:19:05,895 INFO o.a.j.t.o.OpenModelThreadGroup: Thread starting done
2026-10-08 16:19:05,895 INFO o.a.j.e.StandardJMeterEngine: Notifying test listeners of end of test
2026-10-08 16:19:05,895 INFO o.a.j.s.FileServer: Close: load_data.txt
2026-10-08 16:19:05,897 INFO o.a.j.r.Summariser: summary +      3 in 00:00:35 =    0.1/s Avg:   187 Min:   172 Max:   218 Err:     0 (0.00%) Active: 0 Started: 15 Finished: 15
2026-10-08 16:19:05,897 INFO o.a.j.r.Summariser: summary =     15 in 00:05:00 =    0.1/s Avg:   659 Min:   159 Max:  2396 Err:     0 (0.00%)
