2026-10-09 04:13:21,882 INFO o.a.j.u.JMeterUtils: Setting Locale to en_EN
2026-10-09 04:13:21,895 INFO o.a.j.JMeter: Loading user properties from: C:\meter\bin\user.properties
2026-10-09 04:13:21,895 INFO o.a.j.JMeter: Loading system properties from: C:\meter\bin\system.properties
2026-10-09 04:13:21,895 INFO o.a.j.JMeter: Setting JMeter property: host=192.168.86.33
2026-10-09 04:13:21,902 INFO o.a.j.JMeter: Copyright (c) 1998-2024 The Apache Software Foundation
2026-10-09 04:13:21,902 INFO o.a.j.JMeter: Version 5.6.3
2026-10-09 04:13:21,902 INFO o.a.j.JMeter: java.version=1.8.0_431
2026-10-09 04:13:21,902 INFO o.a.j.JMeter: java.vm.name=Java HotSpot(TM) Client VM
2026-10-09 04:13:21,902 INFO o.a.j.JMeter: os.name=Windows 11
2026-10-09 04:13:21,902 INFO o.a.j.JMeter: os.arch=x86
2026-10-09 04:13:21,902 INFO o.a.j.JMeter: os.version=10.0
2026-10-09 04:13:21,902 INFO o.a.j.JMeter: file.encoding=Cp1252
2026-10-09 04:13:21,902 INFO o.a.j.JMeter: java.awt.headless=true
2026-10-09 04:13:21,902 INFO o.a.j.JMeter: Max memory     =1073741824
2026-10-09 04:13:21,905 INFO o.a.j.JMeter: Available Processors =16
2026-10-09 04:13:21,905 INFO o.a.j.JMeter: Default Locale=English (EN)
2026-10-09 04:13:21,905 INFO o.a.j.JMeter: JMeter  Locale=English (EN)
2026-10-09 04:13:21,905 INFO o.a.j.JMeter: JMeterHome=C:\meter
2026-10-09 04:13:21,905 INFO o.a.j.JMeter: user.dir  =C:\Projects\ICT3113-A1-Team8
2026-10-09 04:13:21,905 INFO o.a.j.JMeter: PWD       =C:\Projects\ICT3113-A1-Team8
2026-10-09 04:13:21,917 INFO o.a.j.JMeter: IP: 192.168.86.25 Name: Samuel-Laptop FullName: Samuel-Laptop.lan
2026-10-09 04:13:21,939 INFO o.a.j.s.FileServer: Default base='C:\Projects\ICT3113-A1-Team8'
2026-10-09 04:13:21,939 INFO o.a.j.s.FileServer: Set new base='C:\Projects\ICT3113-A1-Team8\results\load\granite3.3_8b\0.10rps'
2026-10-09 04:13:22,113 INFO o.a.j.s.SaveService: Testplan (JMX) version: 2.2. Testlog (JTL) version: 2.2
2026-10-09 04:13:22,135 INFO o.a.j.s.SaveService: Using SaveService properties file encoding UTF-8
2026-10-09 04:13:22,141 INFO o.a.j.s.SaveService: Using SaveService properties version 5.0
2026-10-09 04:13:22,151 INFO o.a.j.s.SaveService: Loading file: C:\Projects\ICT3113-A1-Team8\results\load\granite3.3_8b\0.10rps\run1.jmx
2026-10-09 04:13:22,231 INFO o.a.j.p.h.s.HTTPSamplerBase: Parser for text/html is org.apache.jmeter.protocol.http.parser.LagartoBasedHtmlParser
2026-10-09 04:13:22,231 INFO o.a.j.p.h.s.HTTPSamplerBase: Parser for application/xhtml+xml is org.apache.jmeter.protocol.http.parser.LagartoBasedHtmlParser
2026-10-09 04:13:22,231 INFO o.a.j.p.h.s.HTTPSamplerBase: Parser for application/xml is org.apache.jmeter.protocol.http.parser.LagartoBasedHtmlParser
2026-10-09 04:13:22,231 INFO o.a.j.p.h.s.HTTPSamplerBase: Parser for text/xml is org.apache.jmeter.protocol.http.parser.LagartoBasedHtmlParser
2026-10-09 04:13:22,231 INFO o.a.j.p.h.s.HTTPSamplerBase: Parser for text/vnd.wap.wml is org.apache.jmeter.protocol.http.parser.RegexpHTMLParser
2026-10-09 04:13:22,231 INFO o.a.j.p.h.s.HTTPSamplerBase: Parser for text/css is org.apache.jmeter.protocol.http.parser.CssParser
2026-10-09 04:13:22,406 INFO o.a.j.JMeter: Creating summariser <summary>
2026-10-09 04:13:22,420 INFO o.a.j.e.StandardJMeterEngine: Running the test!
2026-10-09 04:13:22,421 INFO o.a.j.s.SampleEvent: List of sample_variables: []
2026-10-09 04:13:22,421 INFO o.a.j.s.SampleEvent: List of sample_variables: []
2026-10-09 04:13:22,424 INFO o.a.j.e.u.CompoundVariable: Note: Function class names must contain the string: '.functions.'
2026-10-09 04:13:22,424 INFO o.a.j.e.u.CompoundVariable: Note: Function class names must not contain the string: '.gui.'
2026-10-09 04:13:22,658 INFO o.a.j.JMeter: Running test (1791490402658)
2026-10-09 04:13:22,683 INFO o.a.j.e.StandardJMeterEngine: Starting ThreadGroup: 1 : Ticket intake
2026-10-09 04:13:22,683 INFO o.a.j.e.StandardJMeterEngine: Starting 0 threads for group Ticket intake.
2026-10-09 04:13:22,683 INFO o.a.j.e.StandardJMeterEngine: Thread will continue on error
2026-10-09 04:13:22,683 INFO o.a.j.t.o.OpenModelThreadGroup: Starting OpenModelThreadGroup#1 with schedule rate(6/min) random_arrivals(5 min) rate(6/min) pause(5 min)
2026-10-09 04:13:22,729 INFO o.a.j.e.StandardJMeterEngine: All thread groups have been started
2026-10-09 04:13:22,729 INFO o.a.j.t.o.OpenModelThreadGroup: Thread starting init
2026-10-09 04:13:22,729 INFO o.a.j.t.o.PoissonArrivalsRamp: Generating 30 events, beginRate = 0.1 / sec, endRate = 0.1 / sec, duration = 300.0 sec
2026-10-09 04:13:44,839 INFO o.a.j.t.JMeterThread: Thread started: Ticket intake 1-1
2026-10-09 04:13:44,839 INFO o.a.j.s.FileServer: Stored: run1.data.txt
2026-10-09 04:13:44,861 INFO o.a.j.p.h.s.HTTPHCAbstractImpl: Local host = Samuel-Laptop
2026-10-09 04:13:44,866 INFO o.a.j.p.h.s.HTTPHC4Impl: HTTP request retry count = 0
2026-10-09 04:13:44,868 INFO o.a.j.s.SampleResult: Note: Sample TimeStamps are START times
2026-10-09 04:13:44,868 INFO o.a.j.s.SampleResult: sampleresult.default.encoding is set to UTF-8
2026-10-09 04:13:44,868 INFO o.a.j.s.SampleResult: sampleresult.useNanoTime=true
2026-10-09 04:13:44,868 INFO o.a.j.s.SampleResult: sampleresult.nanoThreadSleep=5000
2026-10-09 04:13:47,694 INFO o.a.j.t.JMeterThread: Thread is done: Ticket intake 1-1
2026-10-09 04:13:47,694 INFO o.a.j.t.JMeterThread: Thread finished: Ticket intake 1-1
2026-10-09 04:13:54,994 INFO o.a.j.t.JMeterThread: Thread started: Ticket intake 1-2
2026-10-09 04:14:08,175 INFO o.a.j.t.JMeterThread: Thread is done: Ticket intake 1-2
2026-10-09 04:14:08,175 INFO o.a.j.t.JMeterThread: Thread finished: Ticket intake 1-2
2026-10-09 04:14:24,701 INFO o.a.j.t.JMeterThread: Thread started: Ticket intake 1-3
2026-10-09 04:14:27,189 INFO o.a.j.t.JMeterThread: Thread started: Ticket intake 1-4
2026-10-09 04:14:36,952 INFO o.a.j.t.JMeterThread: Thread is done: Ticket intake 1-3
2026-10-09 04:14:36,952 INFO o.a.j.t.JMeterThread: Thread finished: Ticket intake 1-3
2026-10-09 04:14:37,463 INFO o.a.j.t.JMeterThread: Thread started: Ticket intake 1-5
2026-10-09 04:14:37,875 INFO o.a.j.t.JMeterThread: Thread started: Ticket intake 1-6
2026-10-09 04:14:41,417 INFO o.a.j.t.JMeterThread: Thread is done: Ticket intake 1-4
2026-10-09 04:14:41,417 INFO o.a.j.t.JMeterThread: Thread finished: Ticket intake 1-4
2026-10-09 04:14:51,395 INFO o.a.j.t.JMeterThread: Thread started: Ticket intake 1-7
2026-10-09 04:14:55,405 INFO o.a.j.t.JMeterThread: Thread is done: Ticket intake 1-5
2026-10-09 04:14:55,405 INFO o.a.j.t.JMeterThread: Thread finished: Ticket intake 1-5
2026-10-09 04:14:55,891 INFO o.a.j.t.JMeterThread: Thread started: Ticket intake 1-8
2026-10-09 04:15:00,914 INFO o.a.j.t.JMeterThread: Thread started: Ticket intake 1-9
2026-10-09 04:15:09,021 INFO o.a.j.t.JMeterThread: Thread started: Ticket intake 1-10
2026-10-09 04:15:09,389 INFO o.a.j.t.JMeterThread: Thread is done: Ticket intake 1-6
2026-10-09 04:15:09,389 INFO o.a.j.t.JMeterThread: Thread finished: Ticket intake 1-6
2026-10-09 04:15:18,067 INFO o.a.j.t.JMeterThread: Thread started: Ticket intake 1-11
2026-10-09 04:15:24,466 INFO o.a.j.t.JMeterThread: Thread is done: Ticket intake 1-7
2026-10-09 04:15:24,466 INFO o.a.j.t.JMeterThread: Thread finished: Ticket intake 1-7
2026-10-09 04:15:25,292 INFO o.a.j.t.JMeterThread: Thread started: Ticket intake 1-12
2026-10-09 04:15:34,639 INFO o.a.j.t.JMeterThread: Thread started: Ticket intake 1-13
2026-10-09 04:15:35,973 INFO o.a.j.r.Summariser: summary +      8 in 00:02:13 =    0.1/s Avg: 20629 Min:  2777 Max: 40080 Err:     0 (0.00%) Active: 6 Started: 13 Finished: 7
2026-10-09 04:15:35,973 INFO o.a.j.t.JMeterThread: Thread is done: Ticket intake 1-8
2026-10-09 04:15:35,974 INFO o.a.j.t.JMeterThread: Thread finished: Ticket intake 1-8
2026-10-09 04:15:39,315 INFO o.a.j.t.JMeterThread: Thread started: Ticket intake 1-14
2026-10-09 04:15:45,436 INFO o.a.j.t.JMeterThread: Thread is done: Ticket intake 1-9
2026-10-09 04:15:45,437 INFO o.a.j.t.JMeterThread: Thread finished: Ticket intake 1-9
2026-10-09 04:15:46,020 INFO o.a.j.t.JMeterThread: Thread started: Ticket intake 1-15
2026-10-09 04:15:55,100 INFO o.a.j.t.JMeterThread: Thread started: Ticket intake 1-16
2026-10-09 04:16:03,220 INFO o.a.j.r.Summariser: summary +      2 in 00:00:27 =    0.1/s Avg: 49359 Min: 44521 Max: 54198 Err:     0 (0.00%) Active: 7 Started: 16 Finished: 9
2026-10-09 04:16:03,221 INFO o.a.j.r.Summariser: summary =     10 in 00:02:41 =    0.1/s Avg: 26375 Min:  2777 Max: 54198 Err:     0 (0.00%)
2026-10-09 04:16:03,222 INFO o.a.j.t.JMeterThread: Thread is done: Ticket intake 1-10
2026-10-09 04:16:03,222 INFO o.a.j.t.JMeterThread: Thread finished: Ticket intake 1-10
2026-10-09 04:16:03,617 INFO o.a.j.t.JMeterThread: Thread started: Ticket intake 1-17
2026-10-09 04:16:13,074 INFO o.a.j.t.JMeterThread: Thread is done: Ticket intake 1-11
2026-10-09 04:16:13,075 INFO o.a.j.t.JMeterThread: Thread finished: Ticket intake 1-11
2026-10-09 04:16:13,663 INFO o.a.j.t.JMeterThread: Thread started: Ticket intake 1-18
2026-10-09 04:16:19,773 INFO o.a.j.t.JMeterThread: Thread is done: Ticket intake 1-12
2026-10-09 04:16:19,773 INFO o.a.j.t.JMeterThread: Thread finished: Ticket intake 1-12
2026-10-09 04:16:23,027 INFO o.a.j.t.JMeterThread: Thread is done: Ticket intake 1-13
2026-10-09 04:16:23,027 INFO o.a.j.t.JMeterThread: Thread finished: Ticket intake 1-13
2026-10-09 04:16:25,830 INFO o.a.j.t.JMeterThread: Thread started: Ticket intake 1-19
2026-10-09 04:16:26,910 INFO o.a.j.t.JMeterThread: Thread is done: Ticket intake 1-14
2026-10-09 04:16:26,912 INFO o.a.j.t.JMeterThread: Thread finished: Ticket intake 1-14
2026-10-09 04:16:35,009 INFO o.a.j.r.Summariser: summary +      5 in 00:00:32 =    0.2/s Avg: 50891 Min: 47595 Max: 55006 Err:     0 (0.00%) Active: 5 Started: 19 Finished: 14
2026-10-09 04:16:35,011 INFO o.a.j.r.Summariser: summary =     15 in 00:03:12 =    0.1/s Avg: 34547 Min:  2777 Max: 55006 Err:     0 (0.00%)
2026-10-09 04:16:35,011 INFO o.a.j.t.JMeterThread: Thread is done: Ticket intake 1-15
2026-10-09 04:16:35,011 INFO o.a.j.t.JMeterThread: Thread finished: Ticket intake 1-15
2026-10-09 04:16:40,763 INFO o.a.j.t.JMeterThread: Thread is done: Ticket intake 1-16
2026-10-09 04:16:40,764 INFO o.a.j.t.JMeterThread: Thread finished: Ticket intake 1-16
2026-10-09 04:16:46,427 INFO o.a.j.t.JMeterThread: Thread is done: Ticket intake 1-17
2026-10-09 04:16:46,427 INFO o.a.j.t.JMeterThread: Thread finished: Ticket intake 1-17
2026-10-09 04:16:51,775 INFO o.a.j.t.JMeterThread: Thread started: Ticket intake 1-20
2026-10-09 04:16:53,650 INFO o.a.j.t.JMeterThread: Thread started: Ticket intake 1-21
2026-10-09 04:17:02,298 INFO o.a.j.r.Summariser: summary +      3 in 00:00:27 =    0.1/s Avg: 45701 Min: 42808 Max: 48633 Err:     0 (0.00%) Active: 4 Started: 21 Finished: 17
2026-10-09 04:17:02,299 INFO o.a.j.r.Summariser: summary =     18 in 00:03:40 =    0.1/s Avg: 36406 Min:  2777 Max: 55006 Err:     0 (0.00%)
2026-10-09 04:17:02,299 INFO o.a.j.t.JMeterThread: Thread is done: Ticket intake 1-18
2026-10-09 04:17:02,300 INFO o.a.j.t.JMeterThread: Thread finished: Ticket intake 1-18
2026-10-09 04:17:03,076 INFO o.a.j.t.JMeterThread: Thread started: Ticket intake 1-22
2026-10-09 04:17:06,442 INFO o.a.j.t.JMeterThread: Thread is done: Ticket intake 1-19
2026-10-09 04:17:06,442 INFO o.a.j.t.JMeterThread: Thread finished: Ticket intake 1-19
2026-10-09 04:17:10,410 INFO o.a.j.t.JMeterThread: Thread started: Ticket intake 1-23
2026-10-09 04:17:10,930 INFO o.a.j.t.JMeterThread: Thread started: Ticket intake 1-24
2026-10-09 04:17:14,045 INFO o.a.j.t.JMeterThread: Thread is done: Ticket intake 1-20
2026-10-09 04:17:14,045 INFO o.a.j.t.JMeterThread: Thread finished: Ticket intake 1-20
2026-10-09 04:17:17,748 INFO o.a.j.t.JMeterThread: Thread started: Ticket intake 1-25
2026-10-09 04:17:22,527 INFO o.a.j.t.JMeterThread: Thread started: Ticket intake 1-26
2026-10-09 04:17:23,900 INFO o.a.j.t.JMeterThread: Thread is done: Ticket intake 1-21
2026-10-09 04:17:23,900 INFO o.a.j.t.JMeterThread: Thread finished: Ticket intake 1-21
2026-10-09 04:17:33,319 INFO o.a.j.r.Summariser: summary +      4 in 00:00:31 =    0.1/s Avg: 30844 Min: 22266 Max: 40611 Err:     0 (0.00%) Active: 5 Started: 26 Finished: 21
2026-10-09 04:17:33,319 INFO o.a.j.r.Summariser: summary =     22 in 00:04:11 =    0.1/s Avg: 35395 Min:  2777 Max: 55006 Err:     0 (0.00%)
2026-10-09 04:17:33,319 INFO o.a.j.t.JMeterThread: Thread is done: Ticket intake 1-22
2026-10-09 04:17:33,319 INFO o.a.j.t.JMeterThread: Thread finished: Ticket intake 1-22
2026-10-09 04:17:40,508 INFO o.a.j.t.JMeterThread: Thread started: Ticket intake 1-27
2026-10-09 04:17:42,635 INFO o.a.j.t.JMeterThread: Thread is done: Ticket intake 1-23
2026-10-09 04:17:42,635 INFO o.a.j.t.JMeterThread: Thread finished: Ticket intake 1-23
2026-10-09 04:17:45,266 INFO o.a.j.t.JMeterThread: Thread started: Ticket intake 1-28
2026-10-09 04:17:49,769 INFO o.a.j.t.JMeterThread: Thread is done: Ticket intake 1-24
2026-10-09 04:17:49,769 INFO o.a.j.t.JMeterThread: Thread finished: Ticket intake 1-24
2026-10-09 04:17:55,035 INFO o.a.j.t.JMeterThread: Thread started: Ticket intake 1-29
2026-10-09 04:17:57,909 INFO o.a.j.t.JMeterThread: Thread is done: Ticket intake 1-25
2026-10-09 04:17:57,909 INFO o.a.j.t.JMeterThread: Thread finished: Ticket intake 1-25
2026-10-09 04:18:01,627 INFO o.a.j.t.o.EvenArrivalsRamp: Generating 0 events, beginRate = 0.0 / sec, endRate = 0.0 / sec, duration = 300.0 sec
2026-10-09 04:18:01,627 INFO o.a.j.t.o.OpenModelThreadGroup: There will be no more events, so will wait for 320 sec till the end of the schedule
2026-10-09 04:18:01,627 INFO o.a.j.t.JMeterThread: Thread started: Ticket intake 1-30
2026-10-09 04:18:03,291 INFO o.a.j.r.Summariser: summary +      4 in 00:00:30 =    0.1/s Avg: 37995 Min: 32224 Max: 40762 Err:     0 (0.00%) Active: 5 Started: 30 Finished: 25
2026-10-09 04:18:03,292 INFO o.a.j.r.Summariser: summary =     26 in 00:04:41 =    0.1/s Avg: 35795 Min:  2777 Max: 55006 Err:     0 (0.00%)
2026-10-09 04:18:03,292 INFO o.a.j.t.JMeterThread: Thread is done: Ticket intake 1-26
2026-10-09 04:18:03,292 INFO o.a.j.t.JMeterThread: Thread finished: Ticket intake 1-26
2026-10-09 04:18:15,870 INFO o.a.j.t.JMeterThread: Thread is done: Ticket intake 1-27
2026-10-09 04:18:15,870 INFO o.a.j.t.JMeterThread: Thread finished: Ticket intake 1-27
2026-10-09 04:18:26,519 INFO o.a.j.t.JMeterThread: Thread is done: Ticket intake 1-28
2026-10-09 04:18:26,519 INFO o.a.j.t.JMeterThread: Thread finished: Ticket intake 1-28
2026-10-09 04:18:29,515 INFO o.a.j.t.JMeterThread: Thread is done: Ticket intake 1-29
2026-10-09 04:18:29,516 INFO o.a.j.t.JMeterThread: Thread finished: Ticket intake 1-29
2026-10-09 04:18:34,462 INFO o.a.j.r.Summariser: summary +      4 in 00:00:31 =    0.1/s Avg: 35980 Min: 32831 Max: 41251 Err:     0 (0.00%) Active: 1 Started: 30 Finished: 29
2026-10-09 04:18:34,463 INFO o.a.j.r.Summariser: summary =     30 in 00:05:12 =    0.1/s Avg: 35819 Min:  2777 Max: 55006 Err:     0 (0.00%)
2026-10-09 04:18:34,463 INFO o.a.j.t.JMeterThread: Thread is done: Ticket intake 1-30
2026-10-09 04:18:34,463 INFO o.a.j.t.JMeterThread: Thread finished: Ticket intake 1-30
2026-10-09 04:23:22,427 INFO o.a.j.t.o.OpenModelThreadGroup: There will be no more events, will shutdown the thread pool
2026-10-09 04:23:22,427 INFO o.a.j.t.o.OpenModelThreadGroup: Thread starting done
2026-10-09 04:23:22,427 INFO o.a.j.e.StandardJMeterEngine: Notifying test listeners of end of test
2026-10-09 04:23:22,427 INFO o.a.j.s.FileServer: Close: run1.data.txt
2026-10-09 04:23:22,429 INFO o.a.j.r.Summariser: summary =     30 in 00:10:00 =    0.1/s Avg: 35819 Min:  2777 Max: 55006 Err:     0 (0.00%)
