2026-10-09 04:37:25,960 INFO o.a.j.u.JMeterUtils: Setting Locale to en_EN
2026-10-09 04:37:25,982 INFO o.a.j.JMeter: Loading user properties from: C:\meter\bin\user.properties
2026-10-09 04:37:25,982 INFO o.a.j.JMeter: Loading system properties from: C:\meter\bin\system.properties
2026-10-09 04:37:25,982 INFO o.a.j.JMeter: Setting JMeter property: host=192.168.86.33
2026-10-09 04:37:25,991 INFO o.a.j.JMeter: Copyright (c) 1998-2024 The Apache Software Foundation
2026-10-09 04:37:25,991 INFO o.a.j.JMeter: Version 5.6.3
2026-10-09 04:37:25,991 INFO o.a.j.JMeter: java.version=1.8.0_431
2026-10-09 04:37:25,991 INFO o.a.j.JMeter: java.vm.name=Java HotSpot(TM) Client VM
2026-10-09 04:37:25,991 INFO o.a.j.JMeter: os.name=Windows 11
2026-10-09 04:37:25,991 INFO o.a.j.JMeter: os.arch=x86
2026-10-09 04:37:25,991 INFO o.a.j.JMeter: os.version=10.0
2026-10-09 04:37:25,991 INFO o.a.j.JMeter: file.encoding=Cp1252
2026-10-09 04:37:25,991 INFO o.a.j.JMeter: java.awt.headless=true
2026-10-09 04:37:25,991 INFO o.a.j.JMeter: Max memory     =1073741824
2026-10-09 04:37:25,991 INFO o.a.j.JMeter: Available Processors =16
2026-10-09 04:37:25,995 INFO o.a.j.JMeter: Default Locale=English (EN)
2026-10-09 04:37:25,995 INFO o.a.j.JMeter: JMeter  Locale=English (EN)
2026-10-09 04:37:25,995 INFO o.a.j.JMeter: JMeterHome=C:\meter
2026-10-09 04:37:25,995 INFO o.a.j.JMeter: user.dir  =C:\Projects\ICT3113-A1-Team8
2026-10-09 04:37:25,995 INFO o.a.j.JMeter: PWD       =C:\Projects\ICT3113-A1-Team8
2026-10-09 04:37:26,007 INFO o.a.j.JMeter: IP: 192.168.86.25 Name: Samuel-Laptop FullName: Samuel-Laptop.lan
2026-10-09 04:37:26,023 INFO o.a.j.s.FileServer: Default base='C:\Projects\ICT3113-A1-Team8'
2026-10-09 04:37:26,023 INFO o.a.j.s.FileServer: Set new base='C:\Projects\ICT3113-A1-Team8\results\load\granite3.3_8b\0.10rps'
2026-10-09 04:37:26,144 INFO o.a.j.s.SaveService: Testplan (JMX) version: 2.2. Testlog (JTL) version: 2.2
2026-10-09 04:37:26,165 INFO o.a.j.s.SaveService: Using SaveService properties file encoding UTF-8
2026-10-09 04:37:26,165 INFO o.a.j.s.SaveService: Using SaveService properties version 5.0
2026-10-09 04:37:26,165 INFO o.a.j.s.SaveService: Loading file: C:\Projects\ICT3113-A1-Team8\results\load\granite3.3_8b\0.10rps\run2.jmx
2026-10-09 04:37:26,246 INFO o.a.j.p.h.s.HTTPSamplerBase: Parser for text/html is org.apache.jmeter.protocol.http.parser.LagartoBasedHtmlParser
2026-10-09 04:37:26,246 INFO o.a.j.p.h.s.HTTPSamplerBase: Parser for application/xhtml+xml is org.apache.jmeter.protocol.http.parser.LagartoBasedHtmlParser
2026-10-09 04:37:26,246 INFO o.a.j.p.h.s.HTTPSamplerBase: Parser for application/xml is org.apache.jmeter.protocol.http.parser.LagartoBasedHtmlParser
2026-10-09 04:37:26,246 INFO o.a.j.p.h.s.HTTPSamplerBase: Parser for text/xml is org.apache.jmeter.protocol.http.parser.LagartoBasedHtmlParser
2026-10-09 04:37:26,246 INFO o.a.j.p.h.s.HTTPSamplerBase: Parser for text/vnd.wap.wml is org.apache.jmeter.protocol.http.parser.RegexpHTMLParser
2026-10-09 04:37:26,246 INFO o.a.j.p.h.s.HTTPSamplerBase: Parser for text/css is org.apache.jmeter.protocol.http.parser.CssParser
2026-10-09 04:37:26,412 INFO o.a.j.JMeter: Creating summariser <summary>
2026-10-09 04:37:26,445 INFO o.a.j.e.StandardJMeterEngine: Running the test!
2026-10-09 04:37:26,445 INFO o.a.j.s.SampleEvent: List of sample_variables: []
2026-10-09 04:37:26,446 INFO o.a.j.s.SampleEvent: List of sample_variables: []
2026-10-09 04:37:26,449 INFO o.a.j.e.u.CompoundVariable: Note: Function class names must contain the string: '.functions.'
2026-10-09 04:37:26,449 INFO o.a.j.e.u.CompoundVariable: Note: Function class names must not contain the string: '.gui.'
2026-10-09 04:37:26,678 INFO o.a.j.JMeter: Running test (1791491846678)
2026-10-09 04:37:26,710 INFO o.a.j.e.StandardJMeterEngine: Starting ThreadGroup: 1 : Ticket intake
2026-10-09 04:37:26,710 INFO o.a.j.e.StandardJMeterEngine: Starting 0 threads for group Ticket intake.
2026-10-09 04:37:26,710 INFO o.a.j.e.StandardJMeterEngine: Thread will continue on error
2026-10-09 04:37:26,710 INFO o.a.j.t.o.OpenModelThreadGroup: Starting OpenModelThreadGroup#1 with schedule rate(6/min) random_arrivals(5 min) rate(6/min) pause(5 min)
2026-10-09 04:37:26,757 INFO o.a.j.e.StandardJMeterEngine: All thread groups have been started
2026-10-09 04:37:26,757 INFO o.a.j.t.o.OpenModelThreadGroup: Thread starting init
2026-10-09 04:37:26,774 INFO o.a.j.t.o.PoissonArrivalsRamp: Generating 30 events, beginRate = 0.1 / sec, endRate = 0.1 / sec, duration = 300.0 sec
2026-10-09 04:37:49,829 INFO o.a.j.t.JMeterThread: Thread started: Ticket intake 1-1
2026-10-09 04:37:49,830 INFO o.a.j.s.FileServer: Stored: run2.data.txt
2026-10-09 04:37:49,852 INFO o.a.j.p.h.s.HTTPHCAbstractImpl: Local host = Samuel-Laptop
2026-10-09 04:37:49,857 INFO o.a.j.p.h.s.HTTPHC4Impl: HTTP request retry count = 0
2026-10-09 04:37:49,858 INFO o.a.j.s.SampleResult: Note: Sample TimeStamps are START times
2026-10-09 04:37:49,858 INFO o.a.j.s.SampleResult: sampleresult.default.encoding is set to UTF-8
2026-10-09 04:37:49,859 INFO o.a.j.s.SampleResult: sampleresult.useNanoTime=true
2026-10-09 04:37:49,859 INFO o.a.j.s.SampleResult: sampleresult.nanoThreadSleep=5000
2026-10-09 04:37:53,428 INFO o.a.j.t.JMeterThread: Thread started: Ticket intake 1-2
2026-10-09 04:37:57,130 INFO o.a.j.t.JMeterThread: Thread is done: Ticket intake 1-1
2026-10-09 04:37:57,131 INFO o.a.j.t.JMeterThread: Thread finished: Ticket intake 1-1
2026-10-09 04:38:00,769 INFO o.a.j.r.Summariser: summary +      2 in 00:00:34 =    0.1/s Avg:  7279 Min:  7223 Max:  7336 Err:     0 (0.00%) Active: 1 Started: 2 Finished: 1
2026-10-09 04:38:00,770 INFO o.a.j.t.JMeterThread: Thread is done: Ticket intake 1-2
2026-10-09 04:38:00,770 INFO o.a.j.t.JMeterThread: Thread finished: Ticket intake 1-2
2026-10-09 04:38:07,300 INFO o.a.j.t.JMeterThread: Thread started: Ticket intake 1-3
2026-10-09 04:38:10,702 INFO o.a.j.t.JMeterThread: Thread is done: Ticket intake 1-3
2026-10-09 04:38:10,702 INFO o.a.j.t.JMeterThread: Thread finished: Ticket intake 1-3
2026-10-09 04:38:23,934 INFO o.a.j.t.JMeterThread: Thread started: Ticket intake 1-4
2026-10-09 04:38:33,874 INFO o.a.j.t.JMeterThread: Thread started: Ticket intake 1-5
2026-10-09 04:38:39,098 INFO o.a.j.t.JMeterThread: Thread is done: Ticket intake 1-4
2026-10-09 04:38:39,098 INFO o.a.j.t.JMeterThread: Thread finished: Ticket intake 1-4
2026-10-09 04:38:40,272 INFO o.a.j.t.JMeterThread: Thread started: Ticket intake 1-6
2026-10-09 04:38:41,637 INFO o.a.j.t.JMeterThread: Thread started: Ticket intake 1-7
2026-10-09 04:38:42,128 INFO o.a.j.t.JMeterThread: Thread is done: Ticket intake 1-5
2026-10-09 04:38:42,129 INFO o.a.j.t.JMeterThread: Thread finished: Ticket intake 1-5
2026-10-09 04:38:42,821 INFO o.a.j.t.JMeterThread: Thread started: Ticket intake 1-8
2026-10-09 04:38:43,193 INFO o.a.j.t.JMeterThread: Thread started: Ticket intake 1-9
2026-10-09 04:38:45,987 INFO o.a.j.t.JMeterThread: Thread started: Ticket intake 1-10
2026-10-09 04:38:48,161 INFO o.a.j.t.JMeterThread: Thread is done: Ticket intake 1-6
2026-10-09 04:38:48,161 INFO o.a.j.t.JMeterThread: Thread finished: Ticket intake 1-6
2026-10-09 04:38:58,416 INFO o.a.j.t.JMeterThread: Thread started: Ticket intake 1-11
2026-10-09 04:39:01,663 INFO o.a.j.r.Summariser: summary +      5 in 00:01:01 =    0.1/s Avg: 10947 Min:  3401 Max: 20025 Err:     0 (0.00%) Active: 5 Started: 11 Finished: 6
2026-10-09 04:39:01,664 INFO o.a.j.r.Summariser: summary =      7 in 00:01:35 =    0.1/s Avg:  9899 Min:  3401 Max: 20025 Err:     0 (0.00%)
2026-10-09 04:39:01,664 INFO o.a.j.t.JMeterThread: Thread is done: Ticket intake 1-7
2026-10-09 04:39:01,664 INFO o.a.j.t.JMeterThread: Thread finished: Ticket intake 1-7
2026-10-09 04:39:03,129 INFO o.a.j.t.JMeterThread: Thread started: Ticket intake 1-12
2026-10-09 04:39:05,198 INFO o.a.j.t.JMeterThread: Thread is done: Ticket intake 1-8
2026-10-09 04:39:05,198 INFO o.a.j.t.JMeterThread: Thread finished: Ticket intake 1-8
2026-10-09 04:39:18,432 INFO o.a.j.t.JMeterThread: Thread is done: Ticket intake 1-9
2026-10-09 04:39:18,433 INFO o.a.j.t.JMeterThread: Thread finished: Ticket intake 1-9
2026-10-09 04:39:23,937 INFO o.a.j.t.JMeterThread: Thread started: Ticket intake 1-13
2026-10-09 04:39:31,551 INFO o.a.j.r.Summariser: summary +      3 in 00:00:30 =    0.1/s Avg: 34391 Min: 22375 Max: 45562 Err:     0 (0.00%) Active: 4 Started: 13 Finished: 9
2026-10-09 04:39:31,552 INFO o.a.j.r.Summariser: summary =     10 in 00:02:05 =    0.1/s Avg: 17247 Min:  3401 Max: 45562 Err:     0 (0.00%)
2026-10-09 04:39:31,552 INFO o.a.j.t.JMeterThread: Thread is done: Ticket intake 1-10
2026-10-09 04:39:31,552 INFO o.a.j.t.JMeterThread: Thread finished: Ticket intake 1-10
2026-10-09 04:39:37,159 INFO o.a.j.t.JMeterThread: Thread is done: Ticket intake 1-11
2026-10-09 04:39:37,159 INFO o.a.j.t.JMeterThread: Thread finished: Ticket intake 1-11
2026-10-09 04:39:46,163 INFO o.a.j.t.JMeterThread: Thread started: Ticket intake 1-14
2026-10-09 04:39:50,485 INFO o.a.j.t.JMeterThread: Thread started: Ticket intake 1-15
2026-10-09 04:39:51,954 INFO o.a.j.t.JMeterThread: Thread is done: Ticket intake 1-12
2026-10-09 04:39:51,955 INFO o.a.j.t.JMeterThread: Thread finished: Ticket intake 1-12
2026-10-09 04:39:57,057 INFO o.a.j.t.JMeterThread: Thread started: Ticket intake 1-16
2026-10-09 04:40:01,449 INFO o.a.j.r.Summariser: summary +      3 in 00:00:30 =    0.1/s Avg: 41691 Min: 37511 Max: 48823 Err:     0 (0.00%) Active: 4 Started: 16 Finished: 12
2026-10-09 04:40:01,450 INFO o.a.j.r.Summariser: summary =     13 in 00:02:35 =    0.1/s Avg: 22888 Min:  3401 Max: 48823 Err:     0 (0.00%)
2026-10-09 04:40:01,451 INFO o.a.j.t.JMeterThread: Thread is done: Ticket intake 1-13
2026-10-09 04:40:01,451 INFO o.a.j.t.JMeterThread: Thread finished: Ticket intake 1-13
2026-10-09 04:40:10,388 INFO o.a.j.t.JMeterThread: Thread is done: Ticket intake 1-14
2026-10-09 04:40:10,388 INFO o.a.j.t.JMeterThread: Thread finished: Ticket intake 1-14
2026-10-09 04:40:17,808 INFO o.a.j.t.JMeterThread: Thread started: Ticket intake 1-17
2026-10-09 04:40:26,634 INFO o.a.j.t.JMeterThread: Thread is done: Ticket intake 1-15
2026-10-09 04:40:26,634 INFO o.a.j.t.JMeterThread: Thread finished: Ticket intake 1-15
2026-10-09 04:40:26,916 INFO o.a.j.t.JMeterThread: Thread started: Ticket intake 1-18
2026-10-09 04:40:39,618 INFO o.a.j.t.JMeterThread: Thread is done: Ticket intake 1-16
2026-10-09 04:40:39,618 INFO o.a.j.t.JMeterThread: Thread finished: Ticket intake 1-16
2026-10-09 04:40:53,310 INFO o.a.j.t.JMeterThread: Thread started: Ticket intake 1-19
2026-10-09 04:40:54,404 INFO o.a.j.t.JMeterThread: Thread is done: Ticket intake 1-17
2026-10-09 04:40:54,404 INFO o.a.j.t.JMeterThread: Thread finished: Ticket intake 1-17
2026-10-09 04:40:56,080 INFO o.a.j.t.JMeterThread: Thread started: Ticket intake 1-20
2026-10-09 04:40:57,409 INFO o.a.j.t.JMeterThread: Thread started: Ticket intake 1-21
2026-10-09 04:40:59,325 INFO o.a.j.t.JMeterThread: Thread is done: Ticket intake 1-18
2026-10-09 04:40:59,325 INFO o.a.j.t.JMeterThread: Thread finished: Ticket intake 1-18
2026-10-09 04:41:08,304 INFO o.a.j.t.JMeterThread: Thread started: Ticket intake 1-22
2026-10-09 04:41:13,222 INFO o.a.j.t.JMeterThread: Thread is done: Ticket intake 1-19
2026-10-09 04:41:13,222 INFO o.a.j.t.JMeterThread: Thread finished: Ticket intake 1-19
2026-10-09 04:41:18,609 INFO o.a.j.t.JMeterThread: Thread started: Ticket intake 1-23
2026-10-09 04:41:22,731 INFO o.a.j.t.JMeterThread: Thread started: Ticket intake 1-24
2026-10-09 04:41:22,756 INFO o.a.j.t.JMeterThread: Thread is done: Ticket intake 1-20
2026-10-09 04:41:22,756 INFO o.a.j.t.JMeterThread: Thread finished: Ticket intake 1-20
2026-10-09 04:41:30,312 INFO o.a.j.r.Summariser: summary +      8 in 00:01:29 =    0.1/s Avg: 31427 Min: 19911 Max: 42560 Err:     0 (0.00%) Active: 4 Started: 24 Finished: 20
2026-10-09 04:41:30,313 INFO o.a.j.r.Summariser: summary =     21 in 00:04:04 =    0.1/s Avg: 26141 Min:  3401 Max: 48823 Err:     0 (0.00%)
2026-10-09 04:41:30,314 INFO o.a.j.t.JMeterThread: Thread is done: Ticket intake 1-21
2026-10-09 04:41:30,314 INFO o.a.j.t.JMeterThread: Thread finished: Ticket intake 1-21
2026-10-09 04:41:33,834 INFO o.a.j.t.JMeterThread: Thread is done: Ticket intake 1-22
2026-10-09 04:41:33,834 INFO o.a.j.t.JMeterThread: Thread finished: Ticket intake 1-22
2026-10-09 04:41:41,334 INFO o.a.j.t.JMeterThread: Thread started: Ticket intake 1-25
2026-10-09 04:41:42,148 INFO o.a.j.t.JMeterThread: Thread is done: Ticket intake 1-23
2026-10-09 04:41:42,148 INFO o.a.j.t.JMeterThread: Thread finished: Ticket intake 1-23
2026-10-09 04:41:42,825 INFO o.a.j.t.JMeterThread: Thread started: Ticket intake 1-26
2026-10-09 04:41:54,252 INFO o.a.j.t.JMeterThread: Thread is done: Ticket intake 1-24
2026-10-09 04:41:54,252 INFO o.a.j.t.JMeterThread: Thread finished: Ticket intake 1-24
2026-10-09 04:41:55,749 INFO o.a.j.t.JMeterThread: Thread started: Ticket intake 1-27
2026-10-09 04:42:05,081 INFO o.a.j.r.Summariser: summary +      4 in 00:00:35 =    0.1/s Avg: 26082 Min: 23537 Max: 31519 Err:     0 (0.00%) Active: 3 Started: 27 Finished: 24
2026-10-09 04:42:05,082 INFO o.a.j.r.Summariser: summary =     25 in 00:04:38 =    0.1/s Avg: 26131 Min:  3401 Max: 48823 Err:     0 (0.00%)
2026-10-09 04:42:05,083 INFO o.a.j.t.JMeterThread: Thread is done: Ticket intake 1-25
2026-10-09 04:42:05,083 INFO o.a.j.t.JMeterThread: Thread finished: Ticket intake 1-25
2026-10-09 04:42:08,602 INFO o.a.j.t.JMeterThread: Thread started: Ticket intake 1-28
2026-10-09 04:42:10,316 INFO o.a.j.t.JMeterThread: Thread started: Ticket intake 1-29
2026-10-09 04:42:12,699 INFO o.a.j.t.o.EvenArrivalsRamp: Generating 0 events, beginRate = 0.0 / sec, endRate = 0.0 / sec, duration = 300.0 sec
2026-10-09 04:42:12,699 INFO o.a.j.t.o.OpenModelThreadGroup: There will be no more events, so will wait for 313 sec till the end of the schedule
2026-10-09 04:42:12,700 INFO o.a.j.t.JMeterThread: Thread started: Ticket intake 1-30
2026-10-09 04:42:16,534 INFO o.a.j.t.JMeterThread: Thread is done: Ticket intake 1-26
2026-10-09 04:42:16,534 INFO o.a.j.t.JMeterThread: Thread finished: Ticket intake 1-26
2026-10-09 04:42:21,656 INFO o.a.j.t.JMeterThread: Thread is done: Ticket intake 1-27
2026-10-09 04:42:21,656 INFO o.a.j.t.JMeterThread: Thread finished: Ticket intake 1-27
2026-10-09 04:42:33,021 INFO o.a.j.r.Summariser: summary +      3 in 00:00:28 =    0.1/s Avg: 28009 Min: 24416 Max: 33706 Err:     0 (0.00%) Active: 3 Started: 30 Finished: 27
2026-10-09 04:42:33,022 INFO o.a.j.r.Summariser: summary =     28 in 00:05:06 =    0.1/s Avg: 26332 Min:  3401 Max: 48823 Err:     0 (0.00%)
2026-10-09 04:42:33,022 INFO o.a.j.t.JMeterThread: Thread is done: Ticket intake 1-28
2026-10-09 04:42:33,023 INFO o.a.j.t.JMeterThread: Thread finished: Ticket intake 1-28
2026-10-09 04:42:39,994 INFO o.a.j.t.JMeterThread: Thread is done: Ticket intake 1-29
2026-10-09 04:42:39,994 INFO o.a.j.t.JMeterThread: Thread finished: Ticket intake 1-29
2026-10-09 04:42:49,102 INFO o.a.j.t.JMeterThread: Thread is done: Ticket intake 1-30
2026-10-09 04:42:49,103 INFO o.a.j.t.JMeterThread: Thread finished: Ticket intake 1-30
2026-10-09 04:47:26,449 INFO o.a.j.t.o.OpenModelThreadGroup: There will be no more events, will shutdown the thread pool
2026-10-09 04:47:26,449 INFO o.a.j.t.o.OpenModelThreadGroup: Thread starting done
2026-10-09 04:47:26,449 INFO o.a.j.e.StandardJMeterEngine: Notifying test listeners of end of test
2026-10-09 04:47:26,449 INFO o.a.j.s.FileServer: Close: run2.data.txt
2026-10-09 04:47:26,450 INFO o.a.j.r.Summariser: summary +      2 in 00:04:53 =    0.0/s Avg: 33038 Min: 29675 Max: 36402 Err:     0 (0.00%) Active: 0 Started: 30 Finished: 30
2026-10-09 04:47:26,450 INFO o.a.j.r.Summariser: summary =     30 in 00:10:00 =    0.1/s Avg: 26779 Min:  3401 Max: 48823 Err:     0 (0.00%)
