2026-10-09 05:01:29,995 INFO o.a.j.u.JMeterUtils: Setting Locale to en_EN
2026-10-09 05:01:30,006 INFO o.a.j.JMeter: Loading user properties from: C:\meter\bin\user.properties
2026-10-09 05:01:30,006 INFO o.a.j.JMeter: Loading system properties from: C:\meter\bin\system.properties
2026-10-09 05:01:30,006 INFO o.a.j.JMeter: Setting JMeter property: host=192.168.86.33
2026-10-09 05:01:30,012 INFO o.a.j.JMeter: Copyright (c) 1998-2024 The Apache Software Foundation
2026-10-09 05:01:30,012 INFO o.a.j.JMeter: Version 5.6.3
2026-10-09 05:01:30,012 INFO o.a.j.JMeter: java.version=1.8.0_431
2026-10-09 05:01:30,012 INFO o.a.j.JMeter: java.vm.name=Java HotSpot(TM) Client VM
2026-10-09 05:01:30,012 INFO o.a.j.JMeter: os.name=Windows 11
2026-10-09 05:01:30,014 INFO o.a.j.JMeter: os.arch=x86
2026-10-09 05:01:30,014 INFO o.a.j.JMeter: os.version=10.0
2026-10-09 05:01:30,014 INFO o.a.j.JMeter: file.encoding=Cp1252
2026-10-09 05:01:30,014 INFO o.a.j.JMeter: java.awt.headless=true
2026-10-09 05:01:30,014 INFO o.a.j.JMeter: Max memory     =1073741824
2026-10-09 05:01:30,014 INFO o.a.j.JMeter: Available Processors =16
2026-10-09 05:01:30,017 INFO o.a.j.JMeter: Default Locale=English (EN)
2026-10-09 05:01:30,018 INFO o.a.j.JMeter: JMeter  Locale=English (EN)
2026-10-09 05:01:30,018 INFO o.a.j.JMeter: JMeterHome=C:\meter
2026-10-09 05:01:30,018 INFO o.a.j.JMeter: user.dir  =C:\Projects\ICT3113-A1-Team8
2026-10-09 05:01:30,018 INFO o.a.j.JMeter: PWD       =C:\Projects\ICT3113-A1-Team8
2026-10-09 05:01:30,025 INFO o.a.j.JMeter: IP: 192.168.86.25 Name: Samuel-Laptop FullName: Samuel-Laptop.lan
2026-10-09 05:01:30,047 INFO o.a.j.s.FileServer: Default base='C:\Projects\ICT3113-A1-Team8'
2026-10-09 05:01:30,049 INFO o.a.j.s.FileServer: Set new base='C:\Projects\ICT3113-A1-Team8\results\load\granite3.3_8b\0.10rps'
2026-10-09 05:01:30,176 INFO o.a.j.s.SaveService: Testplan (JMX) version: 2.2. Testlog (JTL) version: 2.2
2026-10-09 05:01:30,195 INFO o.a.j.s.SaveService: Using SaveService properties file encoding UTF-8
2026-10-09 05:01:30,202 INFO o.a.j.s.SaveService: Using SaveService properties version 5.0
2026-10-09 05:01:30,209 INFO o.a.j.s.SaveService: Loading file: C:\Projects\ICT3113-A1-Team8\results\load\granite3.3_8b\0.10rps\run3.jmx
2026-10-09 05:01:30,276 INFO o.a.j.p.h.s.HTTPSamplerBase: Parser for text/html is org.apache.jmeter.protocol.http.parser.LagartoBasedHtmlParser
2026-10-09 05:01:30,276 INFO o.a.j.p.h.s.HTTPSamplerBase: Parser for application/xhtml+xml is org.apache.jmeter.protocol.http.parser.LagartoBasedHtmlParser
2026-10-09 05:01:30,276 INFO o.a.j.p.h.s.HTTPSamplerBase: Parser for application/xml is org.apache.jmeter.protocol.http.parser.LagartoBasedHtmlParser
2026-10-09 05:01:30,276 INFO o.a.j.p.h.s.HTTPSamplerBase: Parser for text/xml is org.apache.jmeter.protocol.http.parser.LagartoBasedHtmlParser
2026-10-09 05:01:30,276 INFO o.a.j.p.h.s.HTTPSamplerBase: Parser for text/vnd.wap.wml is org.apache.jmeter.protocol.http.parser.RegexpHTMLParser
2026-10-09 05:01:30,276 INFO o.a.j.p.h.s.HTTPSamplerBase: Parser for text/css is org.apache.jmeter.protocol.http.parser.CssParser
2026-10-09 05:01:30,454 INFO o.a.j.JMeter: Creating summariser <summary>
2026-10-09 05:01:30,477 INFO o.a.j.e.StandardJMeterEngine: Running the test!
2026-10-09 05:01:30,477 INFO o.a.j.s.SampleEvent: List of sample_variables: []
2026-10-09 05:01:30,477 INFO o.a.j.s.SampleEvent: List of sample_variables: []
2026-10-09 05:01:30,482 INFO o.a.j.e.u.CompoundVariable: Note: Function class names must contain the string: '.functions.'
2026-10-09 05:01:30,482 INFO o.a.j.e.u.CompoundVariable: Note: Function class names must not contain the string: '.gui.'
2026-10-09 05:01:30,719 INFO o.a.j.JMeter: Running test (1791493290719)
2026-10-09 05:01:30,751 INFO o.a.j.e.StandardJMeterEngine: Starting ThreadGroup: 1 : Ticket intake
2026-10-09 05:01:30,751 INFO o.a.j.e.StandardJMeterEngine: Starting 0 threads for group Ticket intake.
2026-10-09 05:01:30,751 INFO o.a.j.e.StandardJMeterEngine: Thread will continue on error
2026-10-09 05:01:30,751 INFO o.a.j.t.o.OpenModelThreadGroup: Starting OpenModelThreadGroup#1 with schedule rate(6/min) random_arrivals(5 min) rate(6/min) pause(5 min)
2026-10-09 05:01:30,798 INFO o.a.j.e.StandardJMeterEngine: All thread groups have been started
2026-10-09 05:01:30,798 INFO o.a.j.t.o.OpenModelThreadGroup: Thread starting init
2026-10-09 05:01:30,798 INFO o.a.j.t.o.PoissonArrivalsRamp: Generating 30 events, beginRate = 0.1 / sec, endRate = 0.1 / sec, duration = 300.0 sec
2026-10-09 05:01:32,148 INFO o.a.j.t.JMeterThread: Thread started: Ticket intake 1-1
2026-10-09 05:01:32,149 INFO o.a.j.s.FileServer: Stored: run3.data.txt
2026-10-09 05:01:32,171 INFO o.a.j.p.h.s.HTTPHCAbstractImpl: Local host = Samuel-Laptop
2026-10-09 05:01:32,176 INFO o.a.j.p.h.s.HTTPHC4Impl: HTTP request retry count = 0
2026-10-09 05:01:32,177 INFO o.a.j.s.SampleResult: Note: Sample TimeStamps are START times
2026-10-09 05:01:32,177 INFO o.a.j.s.SampleResult: sampleresult.default.encoding is set to UTF-8
2026-10-09 05:01:32,177 INFO o.a.j.s.SampleResult: sampleresult.useNanoTime=true
2026-10-09 05:01:32,177 INFO o.a.j.s.SampleResult: sampleresult.nanoThreadSleep=5000
2026-10-09 05:01:35,940 INFO o.a.j.t.JMeterThread: Thread started: Ticket intake 1-2
2026-10-09 05:01:38,074 INFO o.a.j.t.JMeterThread: Thread is done: Ticket intake 1-1
2026-10-09 05:01:38,074 INFO o.a.j.t.JMeterThread: Thread finished: Ticket intake 1-1
2026-10-09 05:01:45,967 INFO o.a.j.t.JMeterThread: Thread is done: Ticket intake 1-2
2026-10-09 05:01:45,967 INFO o.a.j.t.JMeterThread: Thread finished: Ticket intake 1-2
2026-10-09 05:02:06,227 INFO o.a.j.t.JMeterThread: Thread started: Ticket intake 1-3
2026-10-09 05:02:13,308 INFO o.a.j.t.JMeterThread: Thread started: Ticket intake 1-4
2026-10-09 05:02:13,722 INFO o.a.j.t.JMeterThread: Thread is done: Ticket intake 1-3
2026-10-09 05:02:13,722 INFO o.a.j.t.JMeterThread: Thread finished: Ticket intake 1-3
2026-10-09 05:02:16,813 INFO o.a.j.t.JMeterThread: Thread is done: Ticket intake 1-4
2026-10-09 05:02:16,813 INFO o.a.j.t.JMeterThread: Thread finished: Ticket intake 1-4
2026-10-09 05:02:18,738 INFO o.a.j.t.JMeterThread: Thread started: Ticket intake 1-5
2026-10-09 05:02:31,465 INFO o.a.j.r.Summariser: summary +      5 in 00:01:01 =    0.1/s Avg:  7919 Min:  3504 Max: 12725 Err:     0 (0.00%) Active: 1 Started: 5 Finished: 4
2026-10-09 05:02:31,465 INFO o.a.j.t.JMeterThread: Thread is done: Ticket intake 1-5
2026-10-09 05:02:31,465 INFO o.a.j.t.JMeterThread: Thread finished: Ticket intake 1-5
2026-10-09 05:02:34,886 INFO o.a.j.t.JMeterThread: Thread started: Ticket intake 1-6
2026-10-09 05:02:35,960 INFO o.a.j.t.JMeterThread: Thread started: Ticket intake 1-7
2026-10-09 05:02:40,495 INFO o.a.j.t.JMeterThread: Thread started: Ticket intake 1-8
2026-10-09 05:02:42,849 INFO o.a.j.t.JMeterThread: Thread started: Ticket intake 1-9
2026-10-09 05:02:43,653 INFO o.a.j.t.JMeterThread: Thread is done: Ticket intake 1-6
2026-10-09 05:02:43,653 INFO o.a.j.t.JMeterThread: Thread finished: Ticket intake 1-6
2026-10-09 05:02:49,871 INFO o.a.j.t.JMeterThread: Thread is done: Ticket intake 1-7
2026-10-09 05:02:49,871 INFO o.a.j.t.JMeterThread: Thread finished: Ticket intake 1-7
2026-10-09 05:02:54,196 INFO o.a.j.t.JMeterThread: Thread is done: Ticket intake 1-8
2026-10-09 05:02:54,197 INFO o.a.j.t.JMeterThread: Thread finished: Ticket intake 1-8
2026-10-09 05:03:00,906 INFO o.a.j.r.Summariser: summary +      4 in 00:00:29 =    0.1/s Avg: 13608 Min:  8766 Max: 18057 Err:     0 (0.00%) Active: 1 Started: 9 Finished: 8
2026-10-09 05:03:00,907 INFO o.a.j.r.Summariser: summary =      9 in 00:01:30 =    0.1/s Avg: 10447 Min:  3504 Max: 18057 Err:     0 (0.00%)
2026-10-09 05:03:00,908 INFO o.a.j.t.JMeterThread: Thread is done: Ticket intake 1-9
2026-10-09 05:03:00,908 INFO o.a.j.t.JMeterThread: Thread finished: Ticket intake 1-9
2026-10-09 05:03:04,874 INFO o.a.j.t.JMeterThread: Thread started: Ticket intake 1-10
2026-10-09 05:03:07,726 INFO o.a.j.t.JMeterThread: Thread started: Ticket intake 1-11
2026-10-09 05:03:10,956 INFO o.a.j.t.JMeterThread: Thread is done: Ticket intake 1-10
2026-10-09 05:03:10,957 INFO o.a.j.t.JMeterThread: Thread finished: Ticket intake 1-10
2026-10-09 05:03:14,044 INFO o.a.j.t.JMeterThread: Thread is done: Ticket intake 1-11
2026-10-09 05:03:14,044 INFO o.a.j.t.JMeterThread: Thread finished: Ticket intake 1-11
2026-10-09 05:03:24,430 INFO o.a.j.t.JMeterThread: Thread started: Ticket intake 1-12
2026-10-09 05:03:29,673 INFO o.a.j.t.JMeterThread: Thread is done: Ticket intake 1-12
2026-10-09 05:03:29,673 INFO o.a.j.t.JMeterThread: Thread finished: Ticket intake 1-12
2026-10-09 05:03:30,534 INFO o.a.j.t.JMeterThread: Thread started: Ticket intake 1-13
2026-10-09 05:03:36,181 INFO o.a.j.t.JMeterThread: Thread is done: Ticket intake 1-13
2026-10-09 05:03:36,181 INFO o.a.j.t.JMeterThread: Thread finished: Ticket intake 1-13
2026-10-09 05:04:02,639 INFO o.a.j.t.JMeterThread: Thread started: Ticket intake 1-14
2026-10-09 05:04:17,678 INFO o.a.j.t.JMeterThread: Thread started: Ticket intake 1-15
2026-10-09 05:04:18,579 INFO o.a.j.t.JMeterThread: Thread is done: Ticket intake 1-14
2026-10-09 05:04:18,579 INFO o.a.j.t.JMeterThread: Thread finished: Ticket intake 1-14
2026-10-09 05:04:24,104 INFO o.a.j.t.JMeterThread: Thread is done: Ticket intake 1-15
2026-10-09 05:04:24,104 INFO o.a.j.t.JMeterThread: Thread finished: Ticket intake 1-15
2026-10-09 05:04:29,858 INFO o.a.j.t.JMeterThread: Thread started: Ticket intake 1-16
2026-10-09 05:04:33,786 INFO o.a.j.t.JMeterThread: Thread started: Ticket intake 1-17
2026-10-09 05:04:36,537 INFO o.a.j.t.JMeterThread: Thread is done: Ticket intake 1-16
2026-10-09 05:04:36,537 INFO o.a.j.t.JMeterThread: Thread finished: Ticket intake 1-16
2026-10-09 05:04:43,027 INFO o.a.j.t.JMeterThread: Thread started: Ticket intake 1-18
2026-10-09 05:04:46,525 INFO o.a.j.t.JMeterThread: Thread started: Ticket intake 1-19
2026-10-09 05:04:46,840 INFO o.a.j.t.JMeterThread: Thread is done: Ticket intake 1-17
2026-10-09 05:04:46,840 INFO o.a.j.t.JMeterThread: Thread finished: Ticket intake 1-17
2026-10-09 05:04:49,205 INFO o.a.j.t.JMeterThread: Thread started: Ticket intake 1-20
2026-10-09 05:04:51,937 INFO o.a.j.t.JMeterThread: Thread is done: Ticket intake 1-18
2026-10-09 05:04:51,937 INFO o.a.j.t.JMeterThread: Thread finished: Ticket intake 1-18
2026-10-09 05:04:59,040 INFO o.a.j.t.JMeterThread: Thread is done: Ticket intake 1-19
2026-10-09 05:04:59,040 INFO o.a.j.t.JMeterThread: Thread finished: Ticket intake 1-19
2026-10-09 05:05:01,692 INFO o.a.j.r.Summariser: summary +     11 in 00:02:01 =    0.1/s Avg:  9025 Min:  5241 Max: 15939 Err:     0 (0.00%) Active: 1 Started: 20 Finished: 19
2026-10-09 05:05:01,692 INFO o.a.j.r.Summariser: summary =     20 in 00:03:31 =    0.1/s Avg:  9665 Min:  3504 Max: 18057 Err:     0 (0.00%)
2026-10-09 05:05:01,693 INFO o.a.j.t.JMeterThread: Thread is done: Ticket intake 1-20
2026-10-09 05:05:01,693 INFO o.a.j.t.JMeterThread: Thread finished: Ticket intake 1-20
2026-10-09 05:05:13,165 INFO o.a.j.t.JMeterThread: Thread started: Ticket intake 1-21
2026-10-09 05:05:17,539 INFO o.a.j.t.JMeterThread: Thread started: Ticket intake 1-22
2026-10-09 05:05:19,328 INFO o.a.j.t.JMeterThread: Thread started: Ticket intake 1-23
2026-10-09 05:05:21,623 INFO o.a.j.t.JMeterThread: Thread is done: Ticket intake 1-21
2026-10-09 05:05:21,623 INFO o.a.j.t.JMeterThread: Thread finished: Ticket intake 1-21
2026-10-09 05:05:24,384 INFO o.a.j.t.JMeterThread: Thread started: Ticket intake 1-24
2026-10-09 05:05:24,559 INFO o.a.j.t.JMeterThread: Thread started: Ticket intake 1-25
2026-10-09 05:05:25,019 INFO o.a.j.t.JMeterThread: Thread started: Ticket intake 1-26
2026-10-09 05:05:27,668 INFO o.a.j.t.JMeterThread: Thread is done: Ticket intake 1-22
2026-10-09 05:05:27,668 INFO o.a.j.t.JMeterThread: Thread finished: Ticket intake 1-22
2026-10-09 05:05:30,690 INFO o.a.j.r.Summariser: summary +      3 in 00:00:29 =    0.1/s Avg:  9983 Min:  8465 Max: 11359 Err:     0 (0.00%) Active: 4 Started: 26 Finished: 22
2026-10-09 05:05:30,690 INFO o.a.j.r.Summariser: summary =     23 in 00:04:00 =    0.1/s Avg:  9707 Min:  3504 Max: 18057 Err:     0 (0.00%)
2026-10-09 05:05:30,691 INFO o.a.j.t.JMeterThread: Thread is done: Ticket intake 1-23
2026-10-09 05:05:30,691 INFO o.a.j.t.JMeterThread: Thread finished: Ticket intake 1-23
2026-10-09 05:05:30,763 INFO o.a.j.t.JMeterThread: Thread started: Ticket intake 1-27
2026-10-09 05:05:36,950 INFO o.a.j.t.JMeterThread: Thread is done: Ticket intake 1-24
2026-10-09 05:05:36,950 INFO o.a.j.t.JMeterThread: Thread finished: Ticket intake 1-24
2026-10-09 05:05:43,458 INFO o.a.j.t.JMeterThread: Thread is done: Ticket intake 1-25
2026-10-09 05:05:43,458 INFO o.a.j.t.JMeterThread: Thread finished: Ticket intake 1-25
2026-10-09 05:05:53,958 INFO o.a.j.t.JMeterThread: Thread started: Ticket intake 1-28
2026-10-09 05:05:56,192 INFO o.a.j.t.JMeterThread: Thread is done: Ticket intake 1-26
2026-10-09 05:05:56,192 INFO o.a.j.t.JMeterThread: Thread finished: Ticket intake 1-26
2026-10-09 05:05:58,598 INFO o.a.j.t.JMeterThread: Thread started: Ticket intake 1-29
2026-10-09 05:06:07,216 INFO o.a.j.t.o.EvenArrivalsRamp: Generating 0 events, beginRate = 0.0 / sec, endRate = 0.0 / sec, duration = 300.0 sec
2026-10-09 05:06:07,216 INFO o.a.j.t.o.OpenModelThreadGroup: There will be no more events, so will wait for 323 sec till the end of the schedule
2026-10-09 05:06:07,217 INFO o.a.j.t.JMeterThread: Thread started: Ticket intake 1-30
2026-10-09 05:06:09,741 INFO o.a.j.t.JMeterThread: Thread is done: Ticket intake 1-27
2026-10-09 05:06:09,741 INFO o.a.j.t.JMeterThread: Thread finished: Ticket intake 1-27
2026-10-09 05:06:18,401 INFO o.a.j.t.JMeterThread: Thread is done: Ticket intake 1-28
2026-10-09 05:06:18,401 INFO o.a.j.t.JMeterThread: Thread finished: Ticket intake 1-28
2026-10-09 05:06:25,731 INFO o.a.j.t.JMeterThread: Thread is done: Ticket intake 1-29
2026-10-09 05:06:25,732 INFO o.a.j.t.JMeterThread: Thread finished: Ticket intake 1-29
2026-10-09 05:06:31,369 INFO o.a.j.r.Summariser: summary +      7 in 00:01:01 =    0.1/s Avg: 25333 Min: 12565 Max: 38977 Err:     0 (0.00%) Active: 1 Started: 30 Finished: 29
2026-10-09 05:06:31,369 INFO o.a.j.r.Summariser: summary =     30 in 00:05:01 =    0.1/s Avg: 13353 Min:  3504 Max: 38977 Err:     0 (0.00%)
2026-10-09 05:06:31,370 INFO o.a.j.t.JMeterThread: Thread is done: Ticket intake 1-30
2026-10-09 05:06:31,370 INFO o.a.j.t.JMeterThread: Thread finished: Ticket intake 1-30
2026-10-09 05:11:30,480 INFO o.a.j.t.o.OpenModelThreadGroup: There will be no more events, will shutdown the thread pool
2026-10-09 05:11:30,480 INFO o.a.j.t.o.OpenModelThreadGroup: Thread starting done
2026-10-09 05:11:30,480 INFO o.a.j.e.StandardJMeterEngine: Notifying test listeners of end of test
2026-10-09 05:11:30,481 INFO o.a.j.s.FileServer: Close: run3.data.txt
2026-10-09 05:11:30,482 INFO o.a.j.r.Summariser: summary =     30 in 00:10:00 =    0.1/s Avg: 13353 Min:  3504 Max: 38977 Err:     0 (0.00%)
