2026-10-08 21:53:40,911 INFO o.a.j.u.JMeterUtils: Setting Locale to en_EN
2026-10-08 21:53:40,924 INFO o.a.j.JMeter: Loading user properties from: C:\meter\bin\user.properties
2026-10-08 21:53:40,924 INFO o.a.j.JMeter: Loading system properties from: C:\meter\bin\system.properties
2026-10-08 21:53:40,924 INFO o.a.j.JMeter: Setting JMeter property: host=192.168.86.33
2026-10-08 21:53:40,931 INFO o.a.j.JMeter: Copyright (c) 1998-2024 The Apache Software Foundation
2026-10-08 21:53:40,931 INFO o.a.j.JMeter: Version 5.6.3
2026-10-08 21:53:40,931 INFO o.a.j.JMeter: java.version=1.8.0_431
2026-10-08 21:53:40,931 INFO o.a.j.JMeter: java.vm.name=Java HotSpot(TM) Client VM
2026-10-08 21:53:40,931 INFO o.a.j.JMeter: os.name=Windows 11
2026-10-08 21:53:40,931 INFO o.a.j.JMeter: os.arch=x86
2026-10-08 21:53:40,931 INFO o.a.j.JMeter: os.version=10.0
2026-10-08 21:53:40,931 INFO o.a.j.JMeter: file.encoding=Cp1252
2026-10-08 21:53:40,931 INFO o.a.j.JMeter: java.awt.headless=true
2026-10-08 21:53:40,931 INFO o.a.j.JMeter: Max memory     =1073741824
2026-10-08 21:53:40,931 INFO o.a.j.JMeter: Available Processors =16
2026-10-08 21:53:40,931 INFO o.a.j.JMeter: Default Locale=English (EN)
2026-10-08 21:53:40,931 INFO o.a.j.JMeter: JMeter  Locale=English (EN)
2026-10-08 21:53:40,931 INFO o.a.j.JMeter: JMeterHome=C:\meter
2026-10-08 21:53:40,931 INFO o.a.j.JMeter: user.dir  =C:\Projects\ICT3113-A1-Team8
2026-10-08 21:53:40,931 INFO o.a.j.JMeter: PWD       =C:\Projects\ICT3113-A1-Team8
2026-10-08 21:53:40,945 INFO o.a.j.JMeter: IP: 192.168.86.25 Name: Samuel-Laptop FullName: Samuel-Laptop.lan
2026-10-08 21:53:40,966 INFO o.a.j.s.FileServer: Default base='C:\Projects\ICT3113-A1-Team8'
2026-10-08 21:53:40,966 INFO o.a.j.s.FileServer: Set new base='C:\Projects\ICT3113-A1-Team8\results\load\gemma3_4b\0.10rps'
2026-10-08 21:53:41,096 INFO o.a.j.s.SaveService: Testplan (JMX) version: 2.2. Testlog (JTL) version: 2.2
2026-10-08 21:53:41,113 INFO o.a.j.s.SaveService: Using SaveService properties file encoding UTF-8
2026-10-08 21:53:41,113 INFO o.a.j.s.SaveService: Using SaveService properties version 5.0
2026-10-08 21:53:41,129 INFO o.a.j.s.SaveService: Loading file: C:\Projects\ICT3113-A1-Team8\results\load\gemma3_4b\0.10rps\run1.jmx
2026-10-08 21:53:41,196 INFO o.a.j.p.h.s.HTTPSamplerBase: Parser for text/html is org.apache.jmeter.protocol.http.parser.LagartoBasedHtmlParser
2026-10-08 21:53:41,196 INFO o.a.j.p.h.s.HTTPSamplerBase: Parser for application/xhtml+xml is org.apache.jmeter.protocol.http.parser.LagartoBasedHtmlParser
2026-10-08 21:53:41,196 INFO o.a.j.p.h.s.HTTPSamplerBase: Parser for application/xml is org.apache.jmeter.protocol.http.parser.LagartoBasedHtmlParser
2026-10-08 21:53:41,196 INFO o.a.j.p.h.s.HTTPSamplerBase: Parser for text/xml is org.apache.jmeter.protocol.http.parser.LagartoBasedHtmlParser
2026-10-08 21:53:41,196 INFO o.a.j.p.h.s.HTTPSamplerBase: Parser for text/vnd.wap.wml is org.apache.jmeter.protocol.http.parser.RegexpHTMLParser
2026-10-08 21:53:41,196 INFO o.a.j.p.h.s.HTTPSamplerBase: Parser for text/css is org.apache.jmeter.protocol.http.parser.CssParser
2026-10-08 21:53:41,375 INFO o.a.j.JMeter: Creating summariser <summary>
2026-10-08 21:53:41,393 INFO o.a.j.e.StandardJMeterEngine: Running the test!
2026-10-08 21:53:41,394 INFO o.a.j.s.SampleEvent: List of sample_variables: []
2026-10-08 21:53:41,394 INFO o.a.j.s.SampleEvent: List of sample_variables: []
2026-10-08 21:53:41,397 INFO o.a.j.e.u.CompoundVariable: Note: Function class names must contain the string: '.functions.'
2026-10-08 21:53:41,397 INFO o.a.j.e.u.CompoundVariable: Note: Function class names must not contain the string: '.gui.'
2026-10-08 21:53:41,637 INFO o.a.j.JMeter: Running test (1791467621637)
2026-10-08 21:53:41,670 INFO o.a.j.e.StandardJMeterEngine: Starting ThreadGroup: 1 : Ticket intake
2026-10-08 21:53:41,670 INFO o.a.j.e.StandardJMeterEngine: Starting 0 threads for group Ticket intake.
2026-10-08 21:53:41,670 INFO o.a.j.e.StandardJMeterEngine: Thread will continue on error
2026-10-08 21:53:41,670 INFO o.a.j.t.o.OpenModelThreadGroup: Starting OpenModelThreadGroup#1 with schedule rate(6/min) random_arrivals(5 min) rate(6/min) pause(2 min)
2026-10-08 21:53:41,701 INFO o.a.j.e.StandardJMeterEngine: All thread groups have been started
2026-10-08 21:53:41,701 INFO o.a.j.t.o.OpenModelThreadGroup: Thread starting init
2026-10-08 21:53:41,714 INFO o.a.j.t.o.PoissonArrivalsRamp: Generating 30 events, beginRate = 0.1 / sec, endRate = 0.1 / sec, duration = 300.0 sec
2026-10-08 21:53:42,987 INFO o.a.j.t.JMeterThread: Thread started: Ticket intake 1-1
2026-10-08 21:53:42,988 INFO o.a.j.s.FileServer: Stored: run1.data.txt
2026-10-08 21:53:43,010 INFO o.a.j.p.h.s.HTTPHCAbstractImpl: Local host = Samuel-Laptop
2026-10-08 21:53:43,015 INFO o.a.j.p.h.s.HTTPHC4Impl: HTTP request retry count = 0
2026-10-08 21:53:43,016 INFO o.a.j.s.SampleResult: Note: Sample TimeStamps are START times
2026-10-08 21:53:43,016 INFO o.a.j.s.SampleResult: sampleresult.default.encoding is set to UTF-8
2026-10-08 21:53:43,017 INFO o.a.j.s.SampleResult: sampleresult.useNanoTime=true
2026-10-08 21:53:43,017 INFO o.a.j.s.SampleResult: sampleresult.nanoThreadSleep=5000
2026-10-08 21:53:45,738 INFO o.a.j.t.JMeterThread: Thread is done: Ticket intake 1-1
2026-10-08 21:53:45,738 INFO o.a.j.t.JMeterThread: Thread finished: Ticket intake 1-1
2026-10-08 21:54:12,632 INFO o.a.j.t.JMeterThread: Thread started: Ticket intake 1-2
2026-10-08 21:54:16,199 INFO o.a.j.t.JMeterThread: Thread started: Ticket intake 1-3
2026-10-08 21:54:17,956 INFO o.a.j.t.JMeterThread: Thread started: Ticket intake 1-4
2026-10-08 21:54:18,618 INFO o.a.j.t.JMeterThread: Thread is done: Ticket intake 1-2
2026-10-08 21:54:18,618 INFO o.a.j.t.JMeterThread: Thread finished: Ticket intake 1-2
2026-10-08 21:54:24,773 INFO o.a.j.t.JMeterThread: Thread is done: Ticket intake 1-3
2026-10-08 21:54:24,773 INFO o.a.j.t.JMeterThread: Thread finished: Ticket intake 1-3
2026-10-08 21:54:28,094 INFO o.a.j.t.JMeterThread: Thread is done: Ticket intake 1-4
2026-10-08 21:54:28,094 INFO o.a.j.t.JMeterThread: Thread finished: Ticket intake 1-4
2026-10-08 21:54:42,932 INFO o.a.j.t.JMeterThread: Thread started: Ticket intake 1-5
2026-10-08 21:54:46,187 INFO o.a.j.t.JMeterThread: Thread started: Ticket intake 1-6
2026-10-08 21:54:48,976 INFO o.a.j.t.JMeterThread: Thread is done: Ticket intake 1-5
2026-10-08 21:54:48,976 INFO o.a.j.t.JMeterThread: Thread finished: Ticket intake 1-5
2026-10-08 21:54:55,777 INFO o.a.j.t.JMeterThread: Thread is done: Ticket intake 1-6
2026-10-08 21:54:55,777 INFO o.a.j.t.JMeterThread: Thread finished: Ticket intake 1-6
2026-10-08 21:55:14,685 INFO o.a.j.t.JMeterThread: Thread started: Ticket intake 1-7
2026-10-08 21:55:22,156 INFO o.a.j.t.JMeterThread: Thread is done: Ticket intake 1-7
2026-10-08 21:55:22,156 INFO o.a.j.t.JMeterThread: Thread finished: Ticket intake 1-7
2026-10-08 21:55:28,224 INFO o.a.j.t.JMeterThread: Thread started: Ticket intake 1-8
2026-10-08 21:55:34,221 INFO o.a.j.r.Summariser: summary +      8 in 00:01:53 =    0.1/s Avg:  7057 Min:  2674 Max: 10137 Err:     0 (0.00%) Active: 1 Started: 8 Finished: 7
2026-10-08 21:55:34,222 INFO o.a.j.t.JMeterThread: Thread is done: Ticket intake 1-8
2026-10-08 21:55:34,222 INFO o.a.j.t.JMeterThread: Thread finished: Ticket intake 1-8
2026-10-08 21:55:43,799 INFO o.a.j.t.JMeterThread: Thread started: Ticket intake 1-9
2026-10-08 21:55:49,001 INFO o.a.j.t.JMeterThread: Thread is done: Ticket intake 1-9
2026-10-08 21:55:49,001 INFO o.a.j.t.JMeterThread: Thread finished: Ticket intake 1-9
2026-10-08 21:55:51,634 INFO o.a.j.t.JMeterThread: Thread started: Ticket intake 1-10
2026-10-08 21:55:56,754 INFO o.a.j.t.JMeterThread: Thread started: Ticket intake 1-11
2026-10-08 21:55:59,760 INFO o.a.j.t.JMeterThread: Thread is done: Ticket intake 1-10
2026-10-08 21:55:59,760 INFO o.a.j.t.JMeterThread: Thread finished: Ticket intake 1-10
2026-10-08 21:56:01,211 INFO o.a.j.t.JMeterThread: Thread started: Ticket intake 1-12
2026-10-08 21:56:04,790 INFO o.a.j.r.Summariser: summary +      3 in 00:00:31 =    0.1/s Avg:  7120 Min:  5201 Max:  8125 Err:     0 (0.00%) Active: 2 Started: 12 Finished: 10
2026-10-08 21:56:04,791 INFO o.a.j.r.Summariser: summary =     11 in 00:02:23 =    0.1/s Avg:  7074 Min:  2674 Max: 10137 Err:     0 (0.00%)
2026-10-08 21:56:04,791 INFO o.a.j.t.JMeterThread: Thread is done: Ticket intake 1-11
2026-10-08 21:56:04,791 INFO o.a.j.t.JMeterThread: Thread finished: Ticket intake 1-11
2026-10-08 21:56:07,600 INFO o.a.j.t.JMeterThread: Thread started: Ticket intake 1-13
2026-10-08 21:56:08,390 INFO o.a.j.t.JMeterThread: Thread is done: Ticket intake 1-12
2026-10-08 21:56:08,390 INFO o.a.j.t.JMeterThread: Thread finished: Ticket intake 1-12
2026-10-08 21:56:10,913 INFO o.a.j.t.JMeterThread: Thread is done: Ticket intake 1-13
2026-10-08 21:56:10,913 INFO o.a.j.t.JMeterThread: Thread finished: Ticket intake 1-13
2026-10-08 21:56:28,845 INFO o.a.j.t.JMeterThread: Thread started: Ticket intake 1-14
2026-10-08 21:56:31,540 INFO o.a.j.t.JMeterThread: Thread started: Ticket intake 1-15
2026-10-08 21:56:31,610 INFO o.a.j.r.Summariser: summary +      3 in 00:00:27 =    0.1/s Avg:  4417 Min:  2764 Max:  7177 Err:     0 (0.00%) Active: 2 Started: 15 Finished: 13
2026-10-08 21:56:31,611 INFO o.a.j.r.Summariser: summary =     14 in 00:02:50 =    0.1/s Avg:  6505 Min:  2674 Max: 10137 Err:     0 (0.00%)
2026-10-08 21:56:31,611 INFO o.a.j.t.JMeterThread: Thread is done: Ticket intake 1-14
2026-10-08 21:56:31,612 INFO o.a.j.t.JMeterThread: Thread finished: Ticket intake 1-14
2026-10-08 21:56:35,993 INFO o.a.j.t.JMeterThread: Thread is done: Ticket intake 1-15
2026-10-08 21:56:35,994 INFO o.a.j.t.JMeterThread: Thread finished: Ticket intake 1-15
2026-10-08 21:56:38,290 INFO o.a.j.t.JMeterThread: Thread started: Ticket intake 1-16
2026-10-08 21:56:41,671 INFO o.a.j.t.JMeterThread: Thread is done: Ticket intake 1-16
2026-10-08 21:56:41,671 INFO o.a.j.t.JMeterThread: Thread finished: Ticket intake 1-16
2026-10-08 21:56:53,510 INFO o.a.j.t.JMeterThread: Thread started: Ticket intake 1-17
2026-10-08 21:56:57,066 INFO o.a.j.t.JMeterThread: Thread is done: Ticket intake 1-17
2026-10-08 21:56:57,066 INFO o.a.j.t.JMeterThread: Thread finished: Ticket intake 1-17
2026-10-08 21:56:57,587 INFO o.a.j.t.JMeterThread: Thread started: Ticket intake 1-18
2026-10-08 21:57:04,769 INFO o.a.j.r.Summariser: summary +      4 in 00:00:33 =    0.1/s Avg:  4642 Min:  3381 Max:  7180 Err:     0 (0.00%) Active: 1 Started: 18 Finished: 17
2026-10-08 21:57:04,770 INFO o.a.j.r.Summariser: summary =     18 in 00:03:23 =    0.1/s Avg:  6091 Min:  2674 Max: 10137 Err:     0 (0.00%)
2026-10-08 21:57:04,770 INFO o.a.j.t.JMeterThread: Thread is done: Ticket intake 1-18
2026-10-08 21:57:04,770 INFO o.a.j.t.JMeterThread: Thread finished: Ticket intake 1-18
2026-10-08 21:57:06,479 INFO o.a.j.t.JMeterThread: Thread started: Ticket intake 1-19
2026-10-08 21:57:06,547 INFO o.a.j.t.JMeterThread: Thread started: Ticket intake 1-20
2026-10-08 21:57:09,270 INFO o.a.j.t.JMeterThread: Thread is done: Ticket intake 1-19
2026-10-08 21:57:09,270 INFO o.a.j.t.JMeterThread: Thread finished: Ticket intake 1-19
2026-10-08 21:57:13,112 INFO o.a.j.t.JMeterThread: Thread is done: Ticket intake 1-20
2026-10-08 21:57:13,112 INFO o.a.j.t.JMeterThread: Thread finished: Ticket intake 1-20
2026-10-08 21:57:16,181 INFO o.a.j.t.JMeterThread: Thread started: Ticket intake 1-21
2026-10-08 21:57:19,419 INFO o.a.j.t.JMeterThread: Thread started: Ticket intake 1-22
2026-10-08 21:57:21,065 INFO o.a.j.t.JMeterThread: Thread is done: Ticket intake 1-21
2026-10-08 21:57:21,065 INFO o.a.j.t.JMeterThread: Thread finished: Ticket intake 1-21
2026-10-08 21:57:26,018 INFO o.a.j.t.JMeterThread: Thread is done: Ticket intake 1-22
2026-10-08 21:57:26,018 INFO o.a.j.t.JMeterThread: Thread finished: Ticket intake 1-22
2026-10-08 21:57:40,207 INFO o.a.j.t.JMeterThread: Thread started: Ticket intake 1-23
2026-10-08 21:57:45,227 INFO o.a.j.t.JMeterThread: Thread is done: Ticket intake 1-23
2026-10-08 21:57:45,227 INFO o.a.j.t.JMeterThread: Thread finished: Ticket intake 1-23
2026-10-08 21:57:52,250 INFO o.a.j.t.JMeterThread: Thread started: Ticket intake 1-24
2026-10-08 21:57:56,348 INFO o.a.j.t.JMeterThread: Thread is done: Ticket intake 1-24
2026-10-08 21:57:56,348 INFO o.a.j.t.JMeterThread: Thread finished: Ticket intake 1-24
2026-10-08 21:58:14,141 INFO o.a.j.t.JMeterThread: Thread started: Ticket intake 1-25
2026-10-08 21:58:18,391 INFO o.a.j.t.JMeterThread: Thread is done: Ticket intake 1-25
2026-10-08 21:58:18,391 INFO o.a.j.t.JMeterThread: Thread finished: Ticket intake 1-25
2026-10-08 21:58:30,054 INFO o.a.j.t.JMeterThread: Thread started: Ticket intake 1-26
2026-10-08 21:58:30,382 INFO o.a.j.t.JMeterThread: Thread started: Ticket intake 1-27
2026-10-08 21:58:31,889 INFO o.a.j.t.JMeterThread: Thread started: Ticket intake 1-28
2026-10-08 21:58:33,497 INFO o.a.j.r.Summariser: summary +      8 in 00:01:29 =    0.1/s Avg:  4704 Min:  2789 Max:  6598 Err:     0 (0.00%) Active: 3 Started: 28 Finished: 25
2026-10-08 21:58:33,498 INFO o.a.j.r.Summariser: summary =     26 in 00:04:52 =    0.1/s Avg:  5664 Min:  2674 Max: 10137 Err:     0 (0.00%)
2026-10-08 21:58:33,498 INFO o.a.j.t.JMeterThread: Thread is done: Ticket intake 1-26
2026-10-08 21:58:33,498 INFO o.a.j.t.JMeterThread: Thread finished: Ticket intake 1-26
2026-10-08 21:58:37,308 INFO o.a.j.t.JMeterThread: Thread started: Ticket intake 1-29
2026-10-08 21:58:39,751 INFO o.a.j.t.JMeterThread: Thread is done: Ticket intake 1-27
2026-10-08 21:58:39,751 INFO o.a.j.t.JMeterThread: Thread finished: Ticket intake 1-27
2026-10-08 21:58:40,294 INFO o.a.j.t.o.EvenArrivalsRamp: Generating 0 events, beginRate = 0.0 / sec, endRate = 0.0 / sec, duration = 120.0 sec
2026-10-08 21:58:40,294 INFO o.a.j.t.o.OpenModelThreadGroup: There will be no more events, so will wait for 121 sec till the end of the schedule
2026-10-08 21:58:40,294 INFO o.a.j.t.JMeterThread: Thread started: Ticket intake 1-30
2026-10-08 21:58:44,934 INFO o.a.j.t.JMeterThread: Thread is done: Ticket intake 1-28
2026-10-08 21:58:44,934 INFO o.a.j.t.JMeterThread: Thread finished: Ticket intake 1-28
2026-10-08 21:58:47,557 INFO o.a.j.t.JMeterThread: Thread is done: Ticket intake 1-29
2026-10-08 21:58:47,557 INFO o.a.j.t.JMeterThread: Thread finished: Ticket intake 1-29
2026-10-08 21:58:50,949 INFO o.a.j.t.JMeterThread: Thread is done: Ticket intake 1-30
2026-10-08 21:58:50,949 INFO o.a.j.t.JMeterThread: Thread finished: Ticket intake 1-30
2026-10-08 22:00:41,399 INFO o.a.j.t.o.OpenModelThreadGroup: There will be no more events, will shutdown the thread pool
2026-10-08 22:00:41,399 INFO o.a.j.t.o.OpenModelThreadGroup: Thread starting done
2026-10-08 22:00:41,399 INFO o.a.j.e.StandardJMeterEngine: Notifying test listeners of end of test
2026-10-08 22:00:41,399 INFO o.a.j.s.FileServer: Close: run1.data.txt
2026-10-08 22:00:41,399 INFO o.a.j.r.Summariser: summary +      4 in 00:02:08 =    0.0/s Avg: 10827 Min:  9367 Max: 13043 Err:     0 (0.00%) Active: 0 Started: 30 Finished: 30
2026-10-08 22:00:41,399 INFO o.a.j.r.Summariser: summary =     30 in 00:07:00 =    0.1/s Avg:  6352 Min:  2674 Max: 13043 Err:     0 (0.00%)
