2026-10-08 22:09:44,922 INFO o.a.j.u.JMeterUtils: Setting Locale to en_EN
2026-10-08 22:09:44,932 INFO o.a.j.JMeter: Loading user properties from: C:\meter\bin\user.properties
2026-10-08 22:09:44,932 INFO o.a.j.JMeter: Loading system properties from: C:\meter\bin\system.properties
2026-10-08 22:09:44,932 INFO o.a.j.JMeter: Setting JMeter property: host=192.168.86.33
2026-10-08 22:09:44,939 INFO o.a.j.JMeter: Copyright (c) 1998-2024 The Apache Software Foundation
2026-10-08 22:09:44,939 INFO o.a.j.JMeter: Version 5.6.3
2026-10-08 22:09:44,939 INFO o.a.j.JMeter: java.version=1.8.0_431
2026-10-08 22:09:44,939 INFO o.a.j.JMeter: java.vm.name=Java HotSpot(TM) Client VM
2026-10-08 22:09:44,939 INFO o.a.j.JMeter: os.name=Windows 11
2026-10-08 22:09:44,939 INFO o.a.j.JMeter: os.arch=x86
2026-10-08 22:09:44,939 INFO o.a.j.JMeter: os.version=10.0
2026-10-08 22:09:44,939 INFO o.a.j.JMeter: file.encoding=Cp1252
2026-10-08 22:09:44,939 INFO o.a.j.JMeter: java.awt.headless=true
2026-10-08 22:09:44,939 INFO o.a.j.JMeter: Max memory     =1073741824
2026-10-08 22:09:44,939 INFO o.a.j.JMeter: Available Processors =16
2026-10-08 22:09:44,942 INFO o.a.j.JMeter: Default Locale=English (EN)
2026-10-08 22:09:44,942 INFO o.a.j.JMeter: JMeter  Locale=English (EN)
2026-10-08 22:09:44,942 INFO o.a.j.JMeter: JMeterHome=C:\meter
2026-10-08 22:09:44,942 INFO o.a.j.JMeter: user.dir  =C:\Projects\ICT3113-A1-Team8
2026-10-08 22:09:44,942 INFO o.a.j.JMeter: PWD       =C:\Projects\ICT3113-A1-Team8
2026-10-08 22:09:44,971 INFO o.a.j.JMeter: IP: 192.168.86.25 Name: Samuel-Laptop FullName: Samuel-Laptop.lan
2026-10-08 22:09:44,987 INFO o.a.j.s.FileServer: Default base='C:\Projects\ICT3113-A1-Team8'
2026-10-08 22:09:44,987 INFO o.a.j.s.FileServer: Set new base='C:\Projects\ICT3113-A1-Team8\results\load\gemma3_4b\0.10rps'
2026-10-08 22:09:45,119 INFO o.a.j.s.SaveService: Testplan (JMX) version: 2.2. Testlog (JTL) version: 2.2
2026-10-08 22:09:45,137 INFO o.a.j.s.SaveService: Using SaveService properties file encoding UTF-8
2026-10-08 22:09:45,144 INFO o.a.j.s.SaveService: Using SaveService properties version 5.0
2026-10-08 22:09:45,144 INFO o.a.j.s.SaveService: Loading file: C:\Projects\ICT3113-A1-Team8\results\load\gemma3_4b\0.10rps\run2.jmx
2026-10-08 22:09:45,218 INFO o.a.j.p.h.s.HTTPSamplerBase: Parser for text/html is org.apache.jmeter.protocol.http.parser.LagartoBasedHtmlParser
2026-10-08 22:09:45,218 INFO o.a.j.p.h.s.HTTPSamplerBase: Parser for application/xhtml+xml is org.apache.jmeter.protocol.http.parser.LagartoBasedHtmlParser
2026-10-08 22:09:45,218 INFO o.a.j.p.h.s.HTTPSamplerBase: Parser for application/xml is org.apache.jmeter.protocol.http.parser.LagartoBasedHtmlParser
2026-10-08 22:09:45,218 INFO o.a.j.p.h.s.HTTPSamplerBase: Parser for text/xml is org.apache.jmeter.protocol.http.parser.LagartoBasedHtmlParser
2026-10-08 22:09:45,218 INFO o.a.j.p.h.s.HTTPSamplerBase: Parser for text/vnd.wap.wml is org.apache.jmeter.protocol.http.parser.RegexpHTMLParser
2026-10-08 22:09:45,218 INFO o.a.j.p.h.s.HTTPSamplerBase: Parser for text/css is org.apache.jmeter.protocol.http.parser.CssParser
2026-10-08 22:09:45,379 INFO o.a.j.JMeter: Creating summariser <summary>
2026-10-08 22:09:45,411 INFO o.a.j.e.StandardJMeterEngine: Running the test!
2026-10-08 22:09:45,412 INFO o.a.j.s.SampleEvent: List of sample_variables: []
2026-10-08 22:09:45,412 INFO o.a.j.s.SampleEvent: List of sample_variables: []
2026-10-08 22:09:45,418 INFO o.a.j.e.u.CompoundVariable: Note: Function class names must contain the string: '.functions.'
2026-10-08 22:09:45,418 INFO o.a.j.e.u.CompoundVariable: Note: Function class names must not contain the string: '.gui.'
2026-10-08 22:09:45,653 INFO o.a.j.JMeter: Running test (1791468585653)
2026-10-08 22:09:45,684 INFO o.a.j.e.StandardJMeterEngine: Starting ThreadGroup: 1 : Ticket intake
2026-10-08 22:09:45,684 INFO o.a.j.e.StandardJMeterEngine: Starting 0 threads for group Ticket intake.
2026-10-08 22:09:45,684 INFO o.a.j.e.StandardJMeterEngine: Thread will continue on error
2026-10-08 22:09:45,684 INFO o.a.j.t.o.OpenModelThreadGroup: Starting OpenModelThreadGroup#1 with schedule rate(6/min) random_arrivals(5 min) rate(6/min) pause(2 min)
2026-10-08 22:09:45,731 INFO o.a.j.e.StandardJMeterEngine: All thread groups have been started
2026-10-08 22:09:45,731 INFO o.a.j.t.o.OpenModelThreadGroup: Thread starting init
2026-10-08 22:09:45,731 INFO o.a.j.t.o.PoissonArrivalsRamp: Generating 30 events, beginRate = 0.1 / sec, endRate = 0.1 / sec, duration = 300.0 sec
2026-10-08 22:09:46,687 INFO o.a.j.t.JMeterThread: Thread started: Ticket intake 1-1
2026-10-08 22:09:46,688 INFO o.a.j.s.FileServer: Stored: run2.data.txt
2026-10-08 22:09:46,710 INFO o.a.j.p.h.s.HTTPHCAbstractImpl: Local host = Samuel-Laptop
2026-10-08 22:09:46,715 INFO o.a.j.p.h.s.HTTPHC4Impl: HTTP request retry count = 0
2026-10-08 22:09:46,716 INFO o.a.j.s.SampleResult: Note: Sample TimeStamps are START times
2026-10-08 22:09:46,716 INFO o.a.j.s.SampleResult: sampleresult.default.encoding is set to UTF-8
2026-10-08 22:09:46,716 INFO o.a.j.s.SampleResult: sampleresult.useNanoTime=true
2026-10-08 22:09:46,716 INFO o.a.j.s.SampleResult: sampleresult.nanoThreadSleep=5000
2026-10-08 22:09:47,759 INFO o.a.j.t.JMeterThread: Thread started: Ticket intake 1-2
2026-10-08 22:09:50,806 INFO o.a.j.t.JMeterThread: Thread is done: Ticket intake 1-1
2026-10-08 22:09:50,806 INFO o.a.j.t.JMeterThread: Thread finished: Ticket intake 1-1
2026-10-08 22:09:51,364 INFO o.a.j.t.JMeterThread: Thread started: Ticket intake 1-3
2026-10-08 22:09:53,203 INFO o.a.j.t.JMeterThread: Thread is done: Ticket intake 1-2
2026-10-08 22:09:53,203 INFO o.a.j.t.JMeterThread: Thread finished: Ticket intake 1-2
2026-10-08 22:09:55,746 INFO o.a.j.t.JMeterThread: Thread is done: Ticket intake 1-3
2026-10-08 22:09:55,746 INFO o.a.j.t.JMeterThread: Thread finished: Ticket intake 1-3
2026-10-08 22:10:04,746 INFO o.a.j.t.JMeterThread: Thread started: Ticket intake 1-4
2026-10-08 22:10:11,708 INFO o.a.j.t.JMeterThread: Thread is done: Ticket intake 1-4
2026-10-08 22:10:11,708 INFO o.a.j.t.JMeterThread: Thread finished: Ticket intake 1-4
2026-10-08 22:10:14,306 INFO o.a.j.t.JMeterThread: Thread started: Ticket intake 1-5
2026-10-08 22:10:16,984 INFO o.a.j.t.JMeterThread: Thread is done: Ticket intake 1-5
2026-10-08 22:10:16,985 INFO o.a.j.t.JMeterThread: Thread finished: Ticket intake 1-5
2026-10-08 22:10:28,899 INFO o.a.j.t.JMeterThread: Thread started: Ticket intake 1-6
2026-10-08 22:10:32,300 INFO o.a.j.t.JMeterThread: Thread started: Ticket intake 1-7
2026-10-08 22:10:32,419 INFO o.a.j.r.Summariser: summary +      6 in 00:00:47 =    0.1/s Avg:  4503 Min:  2677 Max:  6960 Err:     0 (0.00%) Active: 2 Started: 7 Finished: 5
2026-10-08 22:10:32,420 INFO o.a.j.t.JMeterThread: Thread is done: Ticket intake 1-6
2026-10-08 22:10:32,420 INFO o.a.j.t.JMeterThread: Thread finished: Ticket intake 1-6
2026-10-08 22:10:38,870 INFO o.a.j.t.JMeterThread: Thread is done: Ticket intake 1-7
2026-10-08 22:10:38,870 INFO o.a.j.t.JMeterThread: Thread finished: Ticket intake 1-7
2026-10-08 22:10:48,015 INFO o.a.j.t.JMeterThread: Thread started: Ticket intake 1-8
2026-10-08 22:10:50,500 INFO o.a.j.t.JMeterThread: Thread is done: Ticket intake 1-8
2026-10-08 22:10:50,500 INFO o.a.j.t.JMeterThread: Thread finished: Ticket intake 1-8
2026-10-08 22:10:54,741 INFO o.a.j.t.JMeterThread: Thread started: Ticket intake 1-9
2026-10-08 22:11:00,824 INFO o.a.j.t.JMeterThread: Thread started: Ticket intake 1-10
2026-10-08 22:11:01,010 INFO o.a.j.r.Summariser: summary +      3 in 00:00:29 =    0.1/s Avg:  5106 Min:  2484 Max:  6568 Err:     0 (0.00%) Active: 2 Started: 10 Finished: 8
2026-10-08 22:11:01,011 INFO o.a.j.r.Summariser: summary =      9 in 00:01:15 =    0.1/s Avg:  4704 Min:  2484 Max:  6960 Err:     0 (0.00%)
2026-10-08 22:11:01,012 INFO o.a.j.t.JMeterThread: Thread is done: Ticket intake 1-9
2026-10-08 22:11:01,012 INFO o.a.j.t.JMeterThread: Thread finished: Ticket intake 1-9
2026-10-08 22:11:07,670 INFO o.a.j.t.JMeterThread: Thread is done: Ticket intake 1-10
2026-10-08 22:11:07,670 INFO o.a.j.t.JMeterThread: Thread finished: Ticket intake 1-10
2026-10-08 22:11:17,671 INFO o.a.j.t.JMeterThread: Thread started: Ticket intake 1-11
2026-10-08 22:11:21,395 INFO o.a.j.t.JMeterThread: Thread is done: Ticket intake 1-11
2026-10-08 22:11:21,395 INFO o.a.j.t.JMeterThread: Thread finished: Ticket intake 1-11
2026-10-08 22:11:42,016 INFO o.a.j.t.JMeterThread: Thread started: Ticket intake 1-12
2026-10-08 22:11:48,664 INFO o.a.j.t.JMeterThread: Thread is done: Ticket intake 1-12
2026-10-08 22:11:48,664 INFO o.a.j.t.JMeterThread: Thread finished: Ticket intake 1-12
2026-10-08 22:11:49,044 INFO o.a.j.t.JMeterThread: Thread started: Ticket intake 1-13
2026-10-08 22:11:54,018 INFO o.a.j.t.JMeterThread: Thread is done: Ticket intake 1-13
2026-10-08 22:11:54,018 INFO o.a.j.t.JMeterThread: Thread finished: Ticket intake 1-13
2026-10-08 22:12:02,360 INFO o.a.j.t.JMeterThread: Thread started: Ticket intake 1-14
2026-10-08 22:12:04,211 INFO o.a.j.t.JMeterThread: Thread started: Ticket intake 1-15
2026-10-08 22:12:06,448 INFO o.a.j.t.JMeterThread: Thread started: Ticket intake 1-16
2026-10-08 22:12:07,114 INFO o.a.j.t.JMeterThread: Thread is done: Ticket intake 1-14
2026-10-08 22:12:07,115 INFO o.a.j.t.JMeterThread: Thread finished: Ticket intake 1-14
2026-10-08 22:12:09,561 INFO o.a.j.t.JMeterThread: Thread started: Ticket intake 1-17
2026-10-08 22:12:14,104 INFO o.a.j.t.JMeterThread: Thread is done: Ticket intake 1-15
2026-10-08 22:12:14,104 INFO o.a.j.t.JMeterThread: Thread finished: Ticket intake 1-15
2026-10-08 22:12:15,930 INFO o.a.j.t.JMeterThread: Thread started: Ticket intake 1-18
2026-10-08 22:12:20,623 INFO o.a.j.t.JMeterThread: Thread is done: Ticket intake 1-16
2026-10-08 22:12:20,624 INFO o.a.j.t.JMeterThread: Thread finished: Ticket intake 1-16
2026-10-08 22:12:21,447 INFO o.a.j.t.JMeterThread: Thread started: Ticket intake 1-19
2026-10-08 22:12:23,064 INFO o.a.j.t.JMeterThread: Thread started: Ticket intake 1-20
2026-10-08 22:12:23,744 INFO o.a.j.t.JMeterThread: Thread started: Ticket intake 1-21
2026-10-08 22:12:27,417 INFO o.a.j.t.JMeterThread: Thread is done: Ticket intake 1-17
2026-10-08 22:12:27,417 INFO o.a.j.t.JMeterThread: Thread finished: Ticket intake 1-17
2026-10-08 22:12:30,690 INFO o.a.j.r.Summariser: summary +      9 in 00:01:30 =    0.1/s Avg:  9291 Min:  3723 Max: 17853 Err:     0 (0.00%) Active: 4 Started: 21 Finished: 17
2026-10-08 22:12:30,692 INFO o.a.j.r.Summariser: summary =     18 in 00:02:45 =    0.1/s Avg:  6997 Min:  2484 Max: 17853 Err:     0 (0.00%)
2026-10-08 22:12:30,692 INFO o.a.j.t.JMeterThread: Thread is done: Ticket intake 1-18
2026-10-08 22:12:30,692 INFO o.a.j.t.JMeterThread: Thread finished: Ticket intake 1-18
2026-10-08 22:12:37,097 INFO o.a.j.t.JMeterThread: Thread is done: Ticket intake 1-19
2026-10-08 22:12:37,097 INFO o.a.j.t.JMeterThread: Thread finished: Ticket intake 1-19
2026-10-08 22:12:41,978 INFO o.a.j.t.JMeterThread: Thread is done: Ticket intake 1-20
2026-10-08 22:12:41,978 INFO o.a.j.t.JMeterThread: Thread finished: Ticket intake 1-20
2026-10-08 22:12:46,154 INFO o.a.j.t.JMeterThread: Thread is done: Ticket intake 1-21
2026-10-08 22:12:46,155 INFO o.a.j.t.JMeterThread: Thread finished: Ticket intake 1-21
2026-10-08 22:12:55,897 INFO o.a.j.t.JMeterThread: Thread started: Ticket intake 1-22
2026-10-08 22:12:58,342 INFO o.a.j.t.JMeterThread: Thread is done: Ticket intake 1-22
2026-10-08 22:12:58,342 INFO o.a.j.t.JMeterThread: Thread finished: Ticket intake 1-22
2026-10-08 22:13:04,917 INFO o.a.j.t.JMeterThread: Thread started: Ticket intake 1-23
2026-10-08 22:13:09,412 INFO o.a.j.t.JMeterThread: Thread is done: Ticket intake 1-23
2026-10-08 22:13:09,412 INFO o.a.j.t.JMeterThread: Thread finished: Ticket intake 1-23
2026-10-08 22:13:19,123 INFO o.a.j.t.JMeterThread: Thread started: Ticket intake 1-24
2026-10-08 22:13:24,990 INFO o.a.j.t.JMeterThread: Thread is done: Ticket intake 1-24
2026-10-08 22:13:24,991 INFO o.a.j.t.JMeterThread: Thread finished: Ticket intake 1-24
2026-10-08 22:13:38,899 INFO o.a.j.t.JMeterThread: Thread started: Ticket intake 1-25
2026-10-08 22:13:41,069 INFO o.a.j.t.JMeterThread: Thread started: Ticket intake 1-26
2026-10-08 22:13:44,301 INFO o.a.j.t.JMeterThread: Thread is done: Ticket intake 1-25
2026-10-08 22:13:44,301 INFO o.a.j.t.JMeterThread: Thread finished: Ticket intake 1-25
2026-10-08 22:13:50,115 INFO o.a.j.t.JMeterThread: Thread is done: Ticket intake 1-26
2026-10-08 22:13:50,115 INFO o.a.j.t.JMeterThread: Thread finished: Ticket intake 1-26
2026-10-08 22:14:10,401 INFO o.a.j.t.JMeterThread: Thread started: Ticket intake 1-27
2026-10-08 22:14:11,616 INFO o.a.j.t.JMeterThread: Thread started: Ticket intake 1-28
2026-10-08 22:14:13,757 INFO o.a.j.t.JMeterThread: Thread started: Ticket intake 1-29
2026-10-08 22:14:13,827 INFO o.a.j.t.JMeterThread: Thread is done: Ticket intake 1-27
2026-10-08 22:14:13,827 INFO o.a.j.t.JMeterThread: Thread finished: Ticket intake 1-27
2026-10-08 22:14:19,773 INFO o.a.j.t.JMeterThread: Thread is done: Ticket intake 1-28
2026-10-08 22:14:19,773 INFO o.a.j.t.JMeterThread: Thread finished: Ticket intake 1-28
2026-10-08 22:14:23,928 INFO o.a.j.t.JMeterThread: Thread is done: Ticket intake 1-29
2026-10-08 22:14:23,928 INFO o.a.j.t.JMeterThread: Thread finished: Ticket intake 1-29
2026-10-08 22:14:30,332 INFO o.a.j.t.o.EvenArrivalsRamp: Generating 0 events, beginRate = 0.0 / sec, endRate = 0.0 / sec, duration = 120.0 sec
2026-10-08 22:14:30,332 INFO o.a.j.t.o.OpenModelThreadGroup: There will be no more events, so will wait for 135 sec till the end of the schedule
2026-10-08 22:14:30,333 INFO o.a.j.t.JMeterThread: Thread started: Ticket intake 1-30
2026-10-08 22:14:35,097 INFO o.a.j.r.Summariser: summary +     12 in 00:02:04 =    0.1/s Avg:  9228 Min:  2443 Max: 22410 Err:     0 (0.00%) Active: 1 Started: 30 Finished: 29
2026-10-08 22:14:35,098 INFO o.a.j.r.Summariser: summary =     30 in 00:04:49 =    0.1/s Avg:  7889 Min:  2443 Max: 22410 Err:     0 (0.00%)
2026-10-08 22:14:35,098 INFO o.a.j.t.JMeterThread: Thread is done: Ticket intake 1-30
2026-10-08 22:14:35,098 INFO o.a.j.t.JMeterThread: Thread finished: Ticket intake 1-30
2026-10-08 22:16:45,415 INFO o.a.j.t.o.OpenModelThreadGroup: There will be no more events, will shutdown the thread pool
2026-10-08 22:16:45,415 INFO o.a.j.t.o.OpenModelThreadGroup: Thread starting done
2026-10-08 22:16:45,415 INFO o.a.j.e.StandardJMeterEngine: Notifying test listeners of end of test
2026-10-08 22:16:45,415 INFO o.a.j.s.FileServer: Close: run2.data.txt
2026-10-08 22:16:45,415 INFO o.a.j.r.Summariser: summary =     30 in 00:07:00 =    0.1/s Avg:  7889 Min:  2443 Max: 22410 Err:     0 (0.00%)
