2026-10-08 22:25:48,924 INFO o.a.j.u.JMeterUtils: Setting Locale to en_EN
2026-10-08 22:25:48,938 INFO o.a.j.JMeter: Loading user properties from: C:\meter\bin\user.properties
2026-10-08 22:25:48,938 INFO o.a.j.JMeter: Loading system properties from: C:\meter\bin\system.properties
2026-10-08 22:25:48,938 INFO o.a.j.JMeter: Setting JMeter property: host=192.168.86.33
2026-10-08 22:25:48,944 INFO o.a.j.JMeter: Copyright (c) 1998-2024 The Apache Software Foundation
2026-10-08 22:25:48,944 INFO o.a.j.JMeter: Version 5.6.3
2026-10-08 22:25:48,944 INFO o.a.j.JMeter: java.version=1.8.0_431
2026-10-08 22:25:48,944 INFO o.a.j.JMeter: java.vm.name=Java HotSpot(TM) Client VM
2026-10-08 22:25:48,944 INFO o.a.j.JMeter: os.name=Windows 11
2026-10-08 22:25:48,945 INFO o.a.j.JMeter: os.arch=x86
2026-10-08 22:25:48,950 INFO o.a.j.JMeter: os.version=10.0
2026-10-08 22:25:48,950 INFO o.a.j.JMeter: file.encoding=Cp1252
2026-10-08 22:25:48,950 INFO o.a.j.JMeter: java.awt.headless=true
2026-10-08 22:25:48,950 INFO o.a.j.JMeter: Max memory     =1073741824
2026-10-08 22:25:48,950 INFO o.a.j.JMeter: Available Processors =16
2026-10-08 22:25:48,950 INFO o.a.j.JMeter: Default Locale=English (EN)
2026-10-08 22:25:48,950 INFO o.a.j.JMeter: JMeter  Locale=English (EN)
2026-10-08 22:25:48,950 INFO o.a.j.JMeter: JMeterHome=C:\meter
2026-10-08 22:25:48,950 INFO o.a.j.JMeter: user.dir  =C:\Projects\ICT3113-A1-Team8
2026-10-08 22:25:48,950 INFO o.a.j.JMeter: PWD       =C:\Projects\ICT3113-A1-Team8
2026-10-08 22:25:49,023 INFO o.a.j.JMeter: IP: 192.168.86.25 Name: Samuel-Laptop FullName: Samuel-Laptop.lan
2026-10-08 22:25:49,039 INFO o.a.j.s.FileServer: Default base='C:\Projects\ICT3113-A1-Team8'
2026-10-08 22:25:49,044 INFO o.a.j.s.FileServer: Set new base='C:\Projects\ICT3113-A1-Team8\results\load\gemma3_4b\0.10rps'
2026-10-08 22:25:49,159 INFO o.a.j.s.SaveService: Testplan (JMX) version: 2.2. Testlog (JTL) version: 2.2
2026-10-08 22:25:49,174 INFO o.a.j.s.SaveService: Using SaveService properties file encoding UTF-8
2026-10-08 22:25:49,183 INFO o.a.j.s.SaveService: Using SaveService properties version 5.0
2026-10-08 22:25:49,192 INFO o.a.j.s.SaveService: Loading file: C:\Projects\ICT3113-A1-Team8\results\load\gemma3_4b\0.10rps\run3.jmx
2026-10-08 22:25:49,263 INFO o.a.j.p.h.s.HTTPSamplerBase: Parser for text/html is org.apache.jmeter.protocol.http.parser.LagartoBasedHtmlParser
2026-10-08 22:25:49,263 INFO o.a.j.p.h.s.HTTPSamplerBase: Parser for application/xhtml+xml is org.apache.jmeter.protocol.http.parser.LagartoBasedHtmlParser
2026-10-08 22:25:49,263 INFO o.a.j.p.h.s.HTTPSamplerBase: Parser for application/xml is org.apache.jmeter.protocol.http.parser.LagartoBasedHtmlParser
2026-10-08 22:25:49,263 INFO o.a.j.p.h.s.HTTPSamplerBase: Parser for text/xml is org.apache.jmeter.protocol.http.parser.LagartoBasedHtmlParser
2026-10-08 22:25:49,263 INFO o.a.j.p.h.s.HTTPSamplerBase: Parser for text/vnd.wap.wml is org.apache.jmeter.protocol.http.parser.RegexpHTMLParser
2026-10-08 22:25:49,263 INFO o.a.j.p.h.s.HTTPSamplerBase: Parser for text/css is org.apache.jmeter.protocol.http.parser.CssParser
2026-10-08 22:25:49,427 INFO o.a.j.JMeter: Creating summariser <summary>
2026-10-08 22:25:49,444 INFO o.a.j.e.StandardJMeterEngine: Running the test!
2026-10-08 22:25:49,445 INFO o.a.j.s.SampleEvent: List of sample_variables: []
2026-10-08 22:25:49,445 INFO o.a.j.s.SampleEvent: List of sample_variables: []
2026-10-08 22:25:49,451 INFO o.a.j.e.u.CompoundVariable: Note: Function class names must contain the string: '.functions.'
2026-10-08 22:25:49,451 INFO o.a.j.e.u.CompoundVariable: Note: Function class names must not contain the string: '.gui.'
2026-10-08 22:25:49,670 INFO o.a.j.JMeter: Running test (1791469549670)
2026-10-08 22:25:49,710 INFO o.a.j.e.StandardJMeterEngine: Starting ThreadGroup: 1 : Ticket intake
2026-10-08 22:25:49,710 INFO o.a.j.e.StandardJMeterEngine: Starting 0 threads for group Ticket intake.
2026-10-08 22:25:49,710 INFO o.a.j.e.StandardJMeterEngine: Thread will continue on error
2026-10-08 22:25:49,710 INFO o.a.j.t.o.OpenModelThreadGroup: Starting OpenModelThreadGroup#1 with schedule rate(6/min) random_arrivals(5 min) rate(6/min) pause(2 min)
2026-10-08 22:25:49,751 INFO o.a.j.e.StandardJMeterEngine: All thread groups have been started
2026-10-08 22:25:49,751 INFO o.a.j.t.o.OpenModelThreadGroup: Thread starting init
2026-10-08 22:25:49,751 INFO o.a.j.t.o.PoissonArrivalsRamp: Generating 30 events, beginRate = 0.1 / sec, endRate = 0.1 / sec, duration = 300.0 sec
2026-10-08 22:26:23,582 INFO o.a.j.t.JMeterThread: Thread started: Ticket intake 1-1
2026-10-08 22:26:23,582 INFO o.a.j.s.FileServer: Stored: run3.data.txt
2026-10-08 22:26:23,604 INFO o.a.j.p.h.s.HTTPHCAbstractImpl: Local host = Samuel-Laptop
2026-10-08 22:26:23,604 INFO o.a.j.p.h.s.HTTPHC4Impl: HTTP request retry count = 0
2026-10-08 22:26:23,604 INFO o.a.j.s.SampleResult: Note: Sample TimeStamps are START times
2026-10-08 22:26:23,604 INFO o.a.j.s.SampleResult: sampleresult.default.encoding is set to UTF-8
2026-10-08 22:26:23,604 INFO o.a.j.s.SampleResult: sampleresult.useNanoTime=true
2026-10-08 22:26:23,604 INFO o.a.j.s.SampleResult: sampleresult.nanoThreadSleep=5000
2026-10-08 22:26:25,968 INFO o.a.j.t.JMeterThread: Thread started: Ticket intake 1-2
2026-10-08 22:26:27,051 INFO o.a.j.t.JMeterThread: Thread started: Ticket intake 1-3
2026-10-08 22:26:27,223 INFO o.a.j.t.JMeterThread: Thread is done: Ticket intake 1-1
2026-10-08 22:26:27,223 INFO o.a.j.t.JMeterThread: Thread finished: Ticket intake 1-1
2026-10-08 22:26:31,096 INFO o.a.j.t.JMeterThread: Thread started: Ticket intake 1-4
2026-10-08 22:26:31,614 INFO o.a.j.r.Summariser: summary +      2 in 00:00:42 =    0.0/s Avg:  4608 Min:  3564 Max:  5652 Err:     0 (0.00%) Active: 3 Started: 4 Finished: 1
2026-10-08 22:26:31,614 INFO o.a.j.t.JMeterThread: Thread is done: Ticket intake 1-2
2026-10-08 22:26:31,614 INFO o.a.j.t.JMeterThread: Thread finished: Ticket intake 1-2
2026-10-08 22:26:36,130 INFO o.a.j.t.JMeterThread: Thread is done: Ticket intake 1-3
2026-10-08 22:26:36,130 INFO o.a.j.t.JMeterThread: Thread finished: Ticket intake 1-3
2026-10-08 22:26:38,717 INFO o.a.j.t.JMeterThread: Thread started: Ticket intake 1-5
2026-10-08 22:26:38,729 INFO o.a.j.t.JMeterThread: Thread is done: Ticket intake 1-4
2026-10-08 22:26:38,730 INFO o.a.j.t.JMeterThread: Thread finished: Ticket intake 1-4
2026-10-08 22:26:44,972 INFO o.a.j.t.JMeterThread: Thread is done: Ticket intake 1-5
2026-10-08 22:26:44,972 INFO o.a.j.t.JMeterThread: Thread finished: Ticket intake 1-5
2026-10-08 22:26:50,301 INFO o.a.j.t.JMeterThread: Thread started: Ticket intake 1-6
2026-10-08 22:26:50,975 INFO o.a.j.t.JMeterThread: Thread started: Ticket intake 1-7
2026-10-08 22:26:52,693 INFO o.a.j.t.JMeterThread: Thread started: Ticket intake 1-8
2026-10-08 22:26:55,226 INFO o.a.j.t.JMeterThread: Thread is done: Ticket intake 1-6
2026-10-08 22:26:55,226 INFO o.a.j.t.JMeterThread: Thread finished: Ticket intake 1-6
2026-10-08 22:26:58,637 INFO o.a.j.t.JMeterThread: Thread started: Ticket intake 1-9
2026-10-08 22:26:59,186 INFO o.a.j.t.JMeterThread: Thread is done: Ticket intake 1-7
2026-10-08 22:26:59,186 INFO o.a.j.t.JMeterThread: Thread finished: Ticket intake 1-7
2026-10-08 22:27:02,405 INFO o.a.j.r.Summariser: summary +      6 in 00:00:31 =    0.2/s Avg:  7635 Min:  4924 Max:  9710 Err:     0 (0.00%) Active: 2 Started: 9 Finished: 7
2026-10-08 22:27:02,406 INFO o.a.j.r.Summariser: summary =      8 in 00:01:13 =    0.1/s Avg:  6878 Min:  3564 Max:  9710 Err:     0 (0.00%)
2026-10-08 22:27:02,406 INFO o.a.j.t.JMeterThread: Thread is done: Ticket intake 1-8
2026-10-08 22:27:02,406 INFO o.a.j.t.JMeterThread: Thread finished: Ticket intake 1-8
2026-10-08 22:27:06,395 INFO o.a.j.t.JMeterThread: Thread is done: Ticket intake 1-9
2026-10-08 22:27:06,395 INFO o.a.j.t.JMeterThread: Thread finished: Ticket intake 1-9
2026-10-08 22:27:12,332 INFO o.a.j.t.JMeterThread: Thread started: Ticket intake 1-10
2026-10-08 22:27:15,810 INFO o.a.j.t.JMeterThread: Thread started: Ticket intake 1-11
2026-10-08 22:27:16,270 INFO o.a.j.t.JMeterThread: Thread is done: Ticket intake 1-10
2026-10-08 22:27:16,270 INFO o.a.j.t.JMeterThread: Thread finished: Ticket intake 1-10
2026-10-08 22:27:17,946 INFO o.a.j.t.JMeterThread: Thread started: Ticket intake 1-12
2026-10-08 22:27:18,899 INFO o.a.j.t.JMeterThread: Thread is done: Ticket intake 1-11
2026-10-08 22:27:18,900 INFO o.a.j.t.JMeterThread: Thread finished: Ticket intake 1-11
2026-10-08 22:27:20,626 INFO o.a.j.t.JMeterThread: Thread started: Ticket intake 1-13
2026-10-08 22:27:22,282 INFO o.a.j.t.JMeterThread: Thread is done: Ticket intake 1-12
2026-10-08 22:27:22,282 INFO o.a.j.t.JMeterThread: Thread finished: Ticket intake 1-12
2026-10-08 22:27:22,890 INFO o.a.j.t.JMeterThread: Thread started: Ticket intake 1-14
2026-10-08 22:27:26,057 INFO o.a.j.t.JMeterThread: Thread is done: Ticket intake 1-13
2026-10-08 22:27:26,057 INFO o.a.j.t.JMeterThread: Thread finished: Ticket intake 1-13
2026-10-08 22:27:34,212 INFO o.a.j.r.Summariser: summary +      6 in 00:00:32 =    0.2/s Avg:  5977 Min:  3088 Max: 11321 Err:     0 (0.00%) Active: 1 Started: 14 Finished: 13
2026-10-08 22:27:34,213 INFO o.a.j.r.Summariser: summary =     14 in 00:01:45 =    0.1/s Avg:  6492 Min:  3088 Max: 11321 Err:     0 (0.00%)
2026-10-08 22:27:34,214 INFO o.a.j.t.JMeterThread: Thread is done: Ticket intake 1-14
2026-10-08 22:27:34,214 INFO o.a.j.t.JMeterThread: Thread finished: Ticket intake 1-14
2026-10-08 22:27:40,535 INFO o.a.j.t.JMeterThread: Thread started: Ticket intake 1-15
2026-10-08 22:27:43,546 INFO o.a.j.t.JMeterThread: Thread started: Ticket intake 1-16
2026-10-08 22:27:44,201 INFO o.a.j.t.JMeterThread: Thread is done: Ticket intake 1-15
2026-10-08 22:27:44,201 INFO o.a.j.t.JMeterThread: Thread finished: Ticket intake 1-15
2026-10-08 22:27:48,218 INFO o.a.j.t.JMeterThread: Thread is done: Ticket intake 1-16
2026-10-08 22:27:48,218 INFO o.a.j.t.JMeterThread: Thread finished: Ticket intake 1-16
2026-10-08 22:28:01,722 INFO o.a.j.t.JMeterThread: Thread started: Ticket intake 1-17
2026-10-08 22:28:07,343 INFO o.a.j.t.JMeterThread: Thread is done: Ticket intake 1-17
2026-10-08 22:28:07,343 INFO o.a.j.t.JMeterThread: Thread finished: Ticket intake 1-17
2026-10-08 22:28:08,815 INFO o.a.j.t.JMeterThread: Thread started: Ticket intake 1-18
2026-10-08 22:28:12,280 INFO o.a.j.t.JMeterThread: Thread is done: Ticket intake 1-18
2026-10-08 22:28:12,280 INFO o.a.j.t.JMeterThread: Thread finished: Ticket intake 1-18
2026-10-08 22:28:19,280 INFO o.a.j.t.JMeterThread: Thread started: Ticket intake 1-19
2026-10-08 22:28:23,513 INFO o.a.j.t.JMeterThread: Thread is done: Ticket intake 1-19
2026-10-08 22:28:23,513 INFO o.a.j.t.JMeterThread: Thread finished: Ticket intake 1-19
2026-10-08 22:28:28,640 INFO o.a.j.t.JMeterThread: Thread started: Ticket intake 1-20
2026-10-08 22:28:31,112 INFO o.a.j.r.Summariser: summary +      6 in 00:00:57 =    0.1/s Avg:  4020 Min:  2470 Max:  5620 Err:     0 (0.00%) Active: 1 Started: 20 Finished: 19
2026-10-08 22:28:31,112 INFO o.a.j.r.Summariser: summary =     20 in 00:02:41 =    0.1/s Avg:  5750 Min:  2470 Max: 11321 Err:     0 (0.00%)
2026-10-08 22:28:31,113 INFO o.a.j.t.JMeterThread: Thread is done: Ticket intake 1-20
2026-10-08 22:28:31,113 INFO o.a.j.t.JMeterThread: Thread finished: Ticket intake 1-20
2026-10-08 22:28:37,619 INFO o.a.j.t.JMeterThread: Thread started: Ticket intake 1-21
2026-10-08 22:28:42,493 INFO o.a.j.t.JMeterThread: Thread is done: Ticket intake 1-21
2026-10-08 22:28:42,493 INFO o.a.j.t.JMeterThread: Thread finished: Ticket intake 1-21
2026-10-08 22:28:51,934 INFO o.a.j.t.JMeterThread: Thread started: Ticket intake 1-22
2026-10-08 22:28:55,143 INFO o.a.j.t.JMeterThread: Thread started: Ticket intake 1-23
2026-10-08 22:28:55,753 INFO o.a.j.t.JMeterThread: Thread is done: Ticket intake 1-22
2026-10-08 22:28:55,753 INFO o.a.j.t.JMeterThread: Thread finished: Ticket intake 1-22
2026-10-08 22:28:58,327 INFO o.a.j.t.JMeterThread: Thread is done: Ticket intake 1-23
2026-10-08 22:28:58,327 INFO o.a.j.t.JMeterThread: Thread finished: Ticket intake 1-23
2026-10-08 22:28:58,822 INFO o.a.j.t.JMeterThread: Thread started: Ticket intake 1-24
2026-10-08 22:29:02,731 INFO o.a.j.r.Summariser: summary +      4 in 00:00:32 =    0.1/s Avg:  3945 Min:  3182 Max:  4874 Err:     0 (0.00%) Active: 1 Started: 24 Finished: 23
2026-10-08 22:29:02,732 INFO o.a.j.r.Summariser: summary =     24 in 00:03:13 =    0.1/s Avg:  5449 Min:  2470 Max: 11321 Err:     0 (0.00%)
2026-10-08 22:29:02,733 INFO o.a.j.t.JMeterThread: Thread is done: Ticket intake 1-24
2026-10-08 22:29:02,733 INFO o.a.j.t.JMeterThread: Thread finished: Ticket intake 1-24
2026-10-08 22:29:08,116 INFO o.a.j.t.JMeterThread: Thread started: Ticket intake 1-25
2026-10-08 22:29:12,083 INFO o.a.j.t.JMeterThread: Thread is done: Ticket intake 1-25
2026-10-08 22:29:12,083 INFO o.a.j.t.JMeterThread: Thread finished: Ticket intake 1-25
2026-10-08 22:29:25,203 INFO o.a.j.t.JMeterThread: Thread started: Ticket intake 1-26
2026-10-08 22:29:31,408 INFO o.a.j.r.Summariser: summary +      2 in 00:00:29 =    0.1/s Avg:  5084 Min:  3965 Max:  6203 Err:     0 (0.00%) Active: 1 Started: 26 Finished: 25
2026-10-08 22:29:31,409 INFO o.a.j.r.Summariser: summary =     26 in 00:03:42 =    0.1/s Avg:  5421 Min:  2470 Max: 11321 Err:     0 (0.00%)
2026-10-08 22:29:31,409 INFO o.a.j.t.JMeterThread: Thread is done: Ticket intake 1-26
2026-10-08 22:29:31,410 INFO o.a.j.t.JMeterThread: Thread finished: Ticket intake 1-26
2026-10-08 22:29:41,528 INFO o.a.j.t.JMeterThread: Thread started: Ticket intake 1-27
2026-10-08 22:29:48,358 INFO o.a.j.t.JMeterThread: Thread is done: Ticket intake 1-27
2026-10-08 22:29:48,358 INFO o.a.j.t.JMeterThread: Thread finished: Ticket intake 1-27
2026-10-08 22:29:50,295 INFO o.a.j.t.JMeterThread: Thread started: Ticket intake 1-28
2026-10-08 22:29:55,003 INFO o.a.j.t.JMeterThread: Thread is done: Ticket intake 1-28
2026-10-08 22:29:55,003 INFO o.a.j.t.JMeterThread: Thread finished: Ticket intake 1-28
2026-10-08 22:29:55,014 INFO o.a.j.t.JMeterThread: Thread started: Ticket intake 1-29
2026-10-08 22:29:59,612 INFO o.a.j.t.JMeterThread: Thread is done: Ticket intake 1-29
2026-10-08 22:29:59,612 INFO o.a.j.t.JMeterThread: Thread finished: Ticket intake 1-29
2026-10-08 22:30:00,890 INFO o.a.j.t.o.EvenArrivalsRamp: Generating 0 events, beginRate = 0.0 / sec, endRate = 0.0 / sec, duration = 120.0 sec
2026-10-08 22:30:00,890 INFO o.a.j.t.JMeterThread: Thread started: Ticket intake 1-30
2026-10-08 22:30:00,890 INFO o.a.j.t.o.OpenModelThreadGroup: There will be no more events, so will wait for 168 sec till the end of the schedule
2026-10-08 22:30:04,657 INFO o.a.j.r.Summariser: summary +      4 in 00:00:33 =    0.1/s Avg:  4973 Min:  3763 Max:  6827 Err:     0 (0.00%) Active: 1 Started: 30 Finished: 29
2026-10-08 22:30:04,657 INFO o.a.j.r.Summariser: summary =     30 in 00:04:15 =    0.1/s Avg:  5361 Min:  2470 Max: 11321 Err:     0 (0.00%)
2026-10-08 22:30:04,658 INFO o.a.j.t.JMeterThread: Thread is done: Ticket intake 1-30
2026-10-08 22:30:04,658 INFO o.a.j.t.JMeterThread: Thread finished: Ticket intake 1-30
2026-10-08 22:32:49,450 INFO o.a.j.t.o.OpenModelThreadGroup: There will be no more events, will shutdown the thread pool
2026-10-08 22:32:49,450 INFO o.a.j.t.o.OpenModelThreadGroup: Thread starting done
2026-10-08 22:32:49,450 INFO o.a.j.e.StandardJMeterEngine: Notifying test listeners of end of test
2026-10-08 22:32:49,450 INFO o.a.j.s.FileServer: Close: run3.data.txt
2026-10-08 22:32:49,450 INFO o.a.j.r.Summariser: summary =     30 in 00:07:00 =    0.1/s Avg:  5361 Min:  2470 Max: 11321 Err:     0 (0.00%)
