2026-10-08 21:33:34,972 INFO o.a.j.u.JMeterUtils: Setting Locale to en_EN
2026-10-08 21:33:34,988 INFO o.a.j.JMeter: Loading user properties from: C:\meter\bin\user.properties
2026-10-08 21:33:35,004 INFO o.a.j.JMeter: Loading system properties from: C:\meter\bin\system.properties
2026-10-08 21:33:35,004 INFO o.a.j.JMeter: Setting JMeter property: host=192.168.86.33
2026-10-08 21:33:35,014 INFO o.a.j.JMeter: Copyright (c) 1998-2024 The Apache Software Foundation
2026-10-08 21:33:35,014 INFO o.a.j.JMeter: Version 5.6.3
2026-10-08 21:33:35,014 INFO o.a.j.JMeter: java.version=1.8.0_431
2026-10-08 21:33:35,014 INFO o.a.j.JMeter: java.vm.name=Java HotSpot(TM) Client VM
2026-10-08 21:33:35,014 INFO o.a.j.JMeter: os.name=Windows 11
2026-10-08 21:33:35,014 INFO o.a.j.JMeter: os.arch=x86
2026-10-08 21:33:35,014 INFO o.a.j.JMeter: os.version=10.0
2026-10-08 21:33:35,014 INFO o.a.j.JMeter: file.encoding=Cp1252
2026-10-08 21:33:35,014 INFO o.a.j.JMeter: java.awt.headless=true
2026-10-08 21:33:35,014 INFO o.a.j.JMeter: Max memory     =1073741824
2026-10-08 21:33:35,014 INFO o.a.j.JMeter: Available Processors =16
2026-10-08 21:33:35,014 INFO o.a.j.JMeter: Default Locale=English (EN)
2026-10-08 21:33:35,014 INFO o.a.j.JMeter: JMeter  Locale=English (EN)
2026-10-08 21:33:35,014 INFO o.a.j.JMeter: JMeterHome=C:\meter
2026-10-08 21:33:35,014 INFO o.a.j.JMeter: user.dir  =C:\Projects\ICT3113-A1-Team8
2026-10-08 21:33:35,014 INFO o.a.j.JMeter: PWD       =C:\Projects\ICT3113-A1-Team8
2026-10-08 21:33:35,025 INFO o.a.j.JMeter: IP: 192.168.86.25 Name: Samuel-Laptop FullName: Samuel-Laptop.lan
2026-10-08 21:33:35,051 INFO o.a.j.s.FileServer: Default base='C:\Projects\ICT3113-A1-Team8'
2026-10-08 21:33:35,051 INFO o.a.j.s.FileServer: Set new base='C:\Projects\ICT3113-A1-Team8\results\load\gemma3_1b\0.10rps'
2026-10-08 21:33:35,152 INFO o.a.j.s.SaveService: Testplan (JMX) version: 2.2. Testlog (JTL) version: 2.2
2026-10-08 21:33:35,183 INFO o.a.j.s.SaveService: Using SaveService properties file encoding UTF-8
2026-10-08 21:33:35,183 INFO o.a.j.s.SaveService: Using SaveService properties version 5.0
2026-10-08 21:33:35,183 INFO o.a.j.s.SaveService: Loading file: C:\Projects\ICT3113-A1-Team8\results\load\gemma3_1b\0.10rps\run1.jmx
2026-10-08 21:33:35,253 INFO o.a.j.p.h.s.HTTPSamplerBase: Parser for text/html is org.apache.jmeter.protocol.http.parser.LagartoBasedHtmlParser
2026-10-08 21:33:35,253 INFO o.a.j.p.h.s.HTTPSamplerBase: Parser for application/xhtml+xml is org.apache.jmeter.protocol.http.parser.LagartoBasedHtmlParser
2026-10-08 21:33:35,253 INFO o.a.j.p.h.s.HTTPSamplerBase: Parser for application/xml is org.apache.jmeter.protocol.http.parser.LagartoBasedHtmlParser
2026-10-08 21:33:35,253 INFO o.a.j.p.h.s.HTTPSamplerBase: Parser for text/xml is org.apache.jmeter.protocol.http.parser.LagartoBasedHtmlParser
2026-10-08 21:33:35,253 INFO o.a.j.p.h.s.HTTPSamplerBase: Parser for text/vnd.wap.wml is org.apache.jmeter.protocol.http.parser.RegexpHTMLParser
2026-10-08 21:33:35,253 INFO o.a.j.p.h.s.HTTPSamplerBase: Parser for text/css is org.apache.jmeter.protocol.http.parser.CssParser
2026-10-08 21:33:35,425 INFO o.a.j.JMeter: Creating summariser <summary>
2026-10-08 21:33:35,441 INFO o.a.j.e.StandardJMeterEngine: Running the test!
2026-10-08 21:33:35,442 INFO o.a.j.s.SampleEvent: List of sample_variables: []
2026-10-08 21:33:35,442 INFO o.a.j.s.SampleEvent: List of sample_variables: []
2026-10-08 21:33:35,447 INFO o.a.j.e.u.CompoundVariable: Note: Function class names must contain the string: '.functions.'
2026-10-08 21:33:35,448 INFO o.a.j.e.u.CompoundVariable: Note: Function class names must not contain the string: '.gui.'
2026-10-08 21:33:35,681 INFO o.a.j.JMeter: Running test (1791466415681)
2026-10-08 21:33:35,714 INFO o.a.j.e.StandardJMeterEngine: Starting ThreadGroup: 1 : Ticket intake
2026-10-08 21:33:35,714 INFO o.a.j.e.StandardJMeterEngine: Starting 0 threads for group Ticket intake.
2026-10-08 21:33:35,714 INFO o.a.j.e.StandardJMeterEngine: Thread will continue on error
2026-10-08 21:33:35,714 INFO o.a.j.t.o.OpenModelThreadGroup: Starting OpenModelThreadGroup#1 with schedule rate(6/min) random_arrivals(5 min) rate(6/min) pause(1 min)
2026-10-08 21:33:35,783 INFO o.a.j.e.StandardJMeterEngine: All thread groups have been started
2026-10-08 21:33:35,783 INFO o.a.j.t.o.OpenModelThreadGroup: Thread starting init
2026-10-08 21:33:35,790 INFO o.a.j.t.o.PoissonArrivalsRamp: Generating 30 events, beginRate = 0.1 / sec, endRate = 0.1 / sec, duration = 300.0 sec
2026-10-08 21:33:46,889 INFO o.a.j.t.JMeterThread: Thread started: Ticket intake 1-1
2026-10-08 21:33:46,889 INFO o.a.j.s.FileServer: Stored: run1.data.txt
2026-10-08 21:33:46,903 INFO o.a.j.p.h.s.HTTPHCAbstractImpl: Local host = Samuel-Laptop
2026-10-08 21:33:46,903 INFO o.a.j.p.h.s.HTTPHC4Impl: HTTP request retry count = 0
2026-10-08 21:33:46,919 INFO o.a.j.s.SampleResult: Note: Sample TimeStamps are START times
2026-10-08 21:33:46,919 INFO o.a.j.s.SampleResult: sampleresult.default.encoding is set to UTF-8
2026-10-08 21:33:46,919 INFO o.a.j.s.SampleResult: sampleresult.useNanoTime=true
2026-10-08 21:33:46,919 INFO o.a.j.s.SampleResult: sampleresult.nanoThreadSleep=5000
2026-10-08 21:33:48,034 INFO o.a.j.t.JMeterThread: Thread is done: Ticket intake 1-1
2026-10-08 21:33:48,034 INFO o.a.j.t.JMeterThread: Thread finished: Ticket intake 1-1
2026-10-08 21:33:55,338 INFO o.a.j.t.JMeterThread: Thread started: Ticket intake 1-2
2026-10-08 21:33:57,787 INFO o.a.j.t.JMeterThread: Thread is done: Ticket intake 1-2
2026-10-08 21:33:57,787 INFO o.a.j.t.JMeterThread: Thread finished: Ticket intake 1-2
2026-10-08 21:34:15,624 INFO o.a.j.t.JMeterThread: Thread started: Ticket intake 1-3
2026-10-08 21:34:17,923 INFO o.a.j.t.JMeterThread: Thread is done: Ticket intake 1-3
2026-10-08 21:34:17,923 INFO o.a.j.t.JMeterThread: Thread finished: Ticket intake 1-3
2026-10-08 21:34:19,743 INFO o.a.j.t.JMeterThread: Thread started: Ticket intake 1-4
2026-10-08 21:34:21,049 INFO o.a.j.t.JMeterThread: Thread is done: Ticket intake 1-4
2026-10-08 21:34:21,049 INFO o.a.j.t.JMeterThread: Thread finished: Ticket intake 1-4
2026-10-08 21:34:25,465 INFO o.a.j.t.JMeterThread: Thread started: Ticket intake 1-5
2026-10-08 21:34:27,716 INFO o.a.j.t.JMeterThread: Thread is done: Ticket intake 1-5
2026-10-08 21:34:27,716 INFO o.a.j.t.JMeterThread: Thread finished: Ticket intake 1-5
2026-10-08 21:34:34,301 INFO o.a.j.t.JMeterThread: Thread started: Ticket intake 1-6
2026-10-08 21:34:37,090 INFO o.a.j.t.JMeterThread: Thread is done: Ticket intake 1-6
2026-10-08 21:34:37,090 INFO o.a.j.t.JMeterThread: Thread finished: Ticket intake 1-6
2026-10-08 21:34:38,995 INFO o.a.j.t.JMeterThread: Thread started: Ticket intake 1-7
2026-10-08 21:34:39,673 INFO o.a.j.t.JMeterThread: Thread started: Ticket intake 1-8
2026-10-08 21:34:41,917 INFO o.a.j.t.JMeterThread: Thread is done: Ticket intake 1-7
2026-10-08 21:34:41,917 INFO o.a.j.t.JMeterThread: Thread finished: Ticket intake 1-7
2026-10-08 21:34:44,245 INFO o.a.j.t.JMeterThread: Thread is done: Ticket intake 1-8
2026-10-08 21:34:44,245 INFO o.a.j.t.JMeterThread: Thread finished: Ticket intake 1-8
2026-10-08 21:34:44,975 INFO o.a.j.t.JMeterThread: Thread started: Ticket intake 1-9
2026-10-08 21:34:47,022 INFO o.a.j.t.JMeterThread: Thread is done: Ticket intake 1-9
2026-10-08 21:34:47,022 INFO o.a.j.t.JMeterThread: Thread finished: Ticket intake 1-9
2026-10-08 21:34:53,770 INFO o.a.j.t.JMeterThread: Thread started: Ticket intake 1-10
2026-10-08 21:34:54,144 INFO o.a.j.t.JMeterThread: Thread started: Ticket intake 1-11
2026-10-08 21:34:57,161 INFO o.a.j.t.JMeterThread: Thread is done: Ticket intake 1-10
2026-10-08 21:34:57,161 INFO o.a.j.t.JMeterThread: Thread finished: Ticket intake 1-10
2026-10-08 21:34:58,889 INFO o.a.j.t.JMeterThread: Thread is done: Ticket intake 1-11
2026-10-08 21:34:58,889 INFO o.a.j.t.JMeterThread: Thread finished: Ticket intake 1-11
2026-10-08 21:35:24,474 INFO o.a.j.t.JMeterThread: Thread started: Ticket intake 1-12
2026-10-08 21:35:25,752 INFO o.a.j.t.JMeterThread: Thread is done: Ticket intake 1-12
2026-10-08 21:35:25,753 INFO o.a.j.t.JMeterThread: Thread finished: Ticket intake 1-12
2026-10-08 21:35:36,666 INFO o.a.j.t.JMeterThread: Thread started: Ticket intake 1-13
2026-10-08 21:35:37,709 INFO o.a.j.t.JMeterThread: Thread is done: Ticket intake 1-13
2026-10-08 21:35:37,709 INFO o.a.j.t.JMeterThread: Thread finished: Ticket intake 1-13
2026-10-08 21:35:38,478 INFO o.a.j.t.JMeterThread: Thread started: Ticket intake 1-14
2026-10-08 21:35:39,557 INFO o.a.j.t.JMeterThread: Thread is done: Ticket intake 1-14
2026-10-08 21:35:39,557 INFO o.a.j.t.JMeterThread: Thread finished: Ticket intake 1-14
2026-10-08 21:35:41,447 INFO o.a.j.t.JMeterThread: Thread started: Ticket intake 1-15
2026-10-08 21:35:43,149 INFO o.a.j.t.JMeterThread: Thread is done: Ticket intake 1-15
2026-10-08 21:35:43,149 INFO o.a.j.t.JMeterThread: Thread finished: Ticket intake 1-15
2026-10-08 21:36:04,041 INFO o.a.j.t.JMeterThread: Thread started: Ticket intake 1-16
2026-10-08 21:36:05,327 INFO o.a.j.r.Summariser: summary +     16 in 00:02:30 =    0.1/s Avg:  2262 Min:  1042 Max:  4743 Err:     0 (0.00%) Active: 1 Started: 16 Finished: 15
2026-10-08 21:36:05,328 INFO o.a.j.t.JMeterThread: Thread is done: Ticket intake 1-16
2026-10-08 21:36:05,328 INFO o.a.j.t.JMeterThread: Thread finished: Ticket intake 1-16
2026-10-08 21:36:15,073 INFO o.a.j.t.JMeterThread: Thread started: Ticket intake 1-17
2026-10-08 21:36:16,185 INFO o.a.j.t.JMeterThread: Thread started: Ticket intake 1-18
2026-10-08 21:36:16,378 INFO o.a.j.t.JMeterThread: Thread is done: Ticket intake 1-17
2026-10-08 21:36:16,379 INFO o.a.j.t.JMeterThread: Thread finished: Ticket intake 1-17
2026-10-08 21:36:19,113 INFO o.a.j.t.JMeterThread: Thread is done: Ticket intake 1-18
2026-10-08 21:36:19,113 INFO o.a.j.t.JMeterThread: Thread finished: Ticket intake 1-18
2026-10-08 21:36:19,864 INFO o.a.j.t.JMeterThread: Thread started: Ticket intake 1-19
2026-10-08 21:36:20,947 INFO o.a.j.t.JMeterThread: Thread is done: Ticket intake 1-19
2026-10-08 21:36:20,947 INFO o.a.j.t.JMeterThread: Thread finished: Ticket intake 1-19
2026-10-08 21:36:44,716 INFO o.a.j.t.JMeterThread: Thread started: Ticket intake 1-20
2026-10-08 21:36:46,299 INFO o.a.j.t.JMeterThread: Thread is done: Ticket intake 1-20
2026-10-08 21:36:46,299 INFO o.a.j.t.JMeterThread: Thread finished: Ticket intake 1-20
2026-10-08 21:36:46,664 INFO o.a.j.t.JMeterThread: Thread started: Ticket intake 1-21
2026-10-08 21:36:48,587 INFO o.a.j.t.JMeterThread: Thread is done: Ticket intake 1-21
2026-10-08 21:36:48,587 INFO o.a.j.t.JMeterThread: Thread finished: Ticket intake 1-21
2026-10-08 21:36:50,868 INFO o.a.j.t.JMeterThread: Thread started: Ticket intake 1-22
2026-10-08 21:36:52,734 INFO o.a.j.t.JMeterThread: Thread is done: Ticket intake 1-22
2026-10-08 21:36:52,734 INFO o.a.j.t.JMeterThread: Thread finished: Ticket intake 1-22
2026-10-08 21:36:57,327 INFO o.a.j.t.JMeterThread: Thread started: Ticket intake 1-23
2026-10-08 21:36:59,330 INFO o.a.j.t.JMeterThread: Thread is done: Ticket intake 1-23
2026-10-08 21:36:59,330 INFO o.a.j.t.JMeterThread: Thread finished: Ticket intake 1-23
2026-10-08 21:37:01,674 INFO o.a.j.t.JMeterThread: Thread started: Ticket intake 1-24
2026-10-08 21:37:03,227 INFO o.a.j.r.Summariser: summary +      8 in 00:00:58 =    0.1/s Avg:  1779 Min:  1081 Max:  2927 Err:     0 (0.00%) Active: 1 Started: 24 Finished: 23
2026-10-08 21:37:03,227 INFO o.a.j.r.Summariser: summary =     24 in 00:03:28 =    0.1/s Avg:  2101 Min:  1042 Max:  4743 Err:     0 (0.00%)
2026-10-08 21:37:03,228 INFO o.a.j.t.JMeterThread: Thread is done: Ticket intake 1-24
2026-10-08 21:37:03,228 INFO o.a.j.t.JMeterThread: Thread finished: Ticket intake 1-24
2026-10-08 21:37:04,841 INFO o.a.j.t.JMeterThread: Thread started: Ticket intake 1-25
2026-10-08 21:37:06,523 INFO o.a.j.t.JMeterThread: Thread is done: Ticket intake 1-25
2026-10-08 21:37:06,523 INFO o.a.j.t.JMeterThread: Thread finished: Ticket intake 1-25
2026-10-08 21:37:07,370 INFO o.a.j.t.JMeterThread: Thread started: Ticket intake 1-26
2026-10-08 21:37:08,713 INFO o.a.j.t.JMeterThread: Thread is done: Ticket intake 1-26
2026-10-08 21:37:08,713 INFO o.a.j.t.JMeterThread: Thread finished: Ticket intake 1-26
2026-10-08 21:37:52,817 INFO o.a.j.t.JMeterThread: Thread started: Ticket intake 1-27
2026-10-08 21:37:53,312 INFO o.a.j.t.JMeterThread: Thread started: Ticket intake 1-28
2026-10-08 21:37:55,143 INFO o.a.j.t.JMeterThread: Thread is done: Ticket intake 1-27
2026-10-08 21:37:55,143 INFO o.a.j.t.JMeterThread: Thread finished: Ticket intake 1-27
2026-10-08 21:37:57,177 INFO o.a.j.t.JMeterThread: Thread is done: Ticket intake 1-28
2026-10-08 21:37:57,177 INFO o.a.j.t.JMeterThread: Thread finished: Ticket intake 1-28
2026-10-08 21:38:19,533 INFO o.a.j.t.JMeterThread: Thread started: Ticket intake 1-29
2026-10-08 21:38:20,541 INFO o.a.j.t.JMeterThread: Thread is done: Ticket intake 1-29
2026-10-08 21:38:20,541 INFO o.a.j.t.JMeterThread: Thread finished: Ticket intake 1-29
2026-10-08 21:38:20,944 INFO o.a.j.t.o.EvenArrivalsRamp: Generating 0 events, beginRate = 0.0 / sec, endRate = 0.0 / sec, duration = 60.0 sec
2026-10-08 21:38:20,944 INFO o.a.j.t.o.OpenModelThreadGroup: There will be no more events, so will wait for 74 sec till the end of the schedule
2026-10-08 21:38:20,944 INFO o.a.j.t.JMeterThread: Thread started: Ticket intake 1-30
2026-10-08 21:38:22,218 INFO o.a.j.t.JMeterThread: Thread is done: Ticket intake 1-30
2026-10-08 21:38:22,218 INFO o.a.j.t.JMeterThread: Thread finished: Ticket intake 1-30
2026-10-08 21:39:35,460 INFO o.a.j.t.o.OpenModelThreadGroup: There will be no more events, will shutdown the thread pool
2026-10-08 21:39:35,460 INFO o.a.j.t.o.OpenModelThreadGroup: Thread starting done
2026-10-08 21:39:35,460 INFO o.a.j.e.StandardJMeterEngine: Notifying test listeners of end of test
2026-10-08 21:39:35,460 INFO o.a.j.s.FileServer: Close: run1.data.txt
2026-10-08 21:39:35,460 INFO o.a.j.r.Summariser: summary +      6 in 00:02:32 =    0.0/s Avg:  1917 Min:  1010 Max:  3875 Err:     0 (0.00%) Active: 0 Started: 30 Finished: 30
2026-10-08 21:39:35,460 INFO o.a.j.r.Summariser: summary =     30 in 00:06:00 =    0.1/s Avg:  2064 Min:  1010 Max:  4743 Err:     0 (0.00%)
