2026-10-08 17:16:19,671 INFO o.a.j.u.JMeterUtils: Setting Locale to en_EN
2026-10-08 17:16:19,682 INFO o.a.j.JMeter: Loading user properties from: C:\meter\bin\user.properties
2026-10-08 17:16:19,682 INFO o.a.j.JMeter: Loading system properties from: C:\meter\bin\system.properties
2026-10-08 17:16:19,682 INFO o.a.j.JMeter: Setting JMeter property: host=192.168.86.33
2026-10-08 17:16:19,683 INFO o.a.j.JMeter: Copyright (c) 1998-2024 The Apache Software Foundation
2026-10-08 17:16:19,683 INFO o.a.j.JMeter: Version 5.6.3
2026-10-08 17:16:19,683 INFO o.a.j.JMeter: java.version=1.8.0_431
2026-10-08 17:16:19,683 INFO o.a.j.JMeter: java.vm.name=Java HotSpot(TM) Client VM
2026-10-08 17:16:19,683 INFO o.a.j.JMeter: os.name=Windows 11
2026-10-08 17:16:19,688 INFO o.a.j.JMeter: os.arch=x86
2026-10-08 17:16:19,688 INFO o.a.j.JMeter: os.version=10.0
2026-10-08 17:16:19,688 INFO o.a.j.JMeter: file.encoding=Cp1252
2026-10-08 17:16:19,688 INFO o.a.j.JMeter: java.awt.headless=true
2026-10-08 17:16:19,688 INFO o.a.j.JMeter: Max memory     =1073741824
2026-10-08 17:16:19,688 INFO o.a.j.JMeter: Available Processors =16
2026-10-08 17:16:19,690 INFO o.a.j.JMeter: Default Locale=English (EN)
2026-10-08 17:16:19,690 INFO o.a.j.JMeter: JMeter  Locale=English (EN)
2026-10-08 17:16:19,690 INFO o.a.j.JMeter: JMeterHome=C:\meter
2026-10-08 17:16:19,690 INFO o.a.j.JMeter: user.dir  =C:\Projects\ICT3113-A1-Team8
2026-10-08 17:16:19,690 INFO o.a.j.JMeter: PWD       =C:\Projects\ICT3113-A1-Team8
2026-10-08 17:16:19,694 INFO o.a.j.JMeter: IP: 192.168.86.25 Name: Samuel-Laptop FullName: Samuel-Laptop.lan
2026-10-08 17:16:19,711 INFO o.a.j.s.FileServer: Default base='C:\Projects\ICT3113-A1-Team8'
2026-10-08 17:16:19,711 INFO o.a.j.s.FileServer: Set new base='C:\Projects\ICT3113-A1-Team8\results\load\gemma3_1b\0.10rps'
2026-10-08 17:16:19,848 INFO o.a.j.s.SaveService: Testplan (JMX) version: 2.2. Testlog (JTL) version: 2.2
2026-10-08 17:16:19,867 INFO o.a.j.s.SaveService: Using SaveService properties file encoding UTF-8
2026-10-08 17:16:19,874 INFO o.a.j.s.SaveService: Using SaveService properties version 5.0
2026-10-08 17:16:19,879 INFO o.a.j.s.SaveService: Loading file: C:\Projects\ICT3113-A1-Team8\results\load\gemma3_1b\0.10rps\run2.jmx
2026-10-08 17:16:19,946 INFO o.a.j.p.h.s.HTTPSamplerBase: Parser for text/html is org.apache.jmeter.protocol.http.parser.LagartoBasedHtmlParser
2026-10-08 17:16:19,946 INFO o.a.j.p.h.s.HTTPSamplerBase: Parser for application/xhtml+xml is org.apache.jmeter.protocol.http.parser.LagartoBasedHtmlParser
2026-10-08 17:16:19,946 INFO o.a.j.p.h.s.HTTPSamplerBase: Parser for application/xml is org.apache.jmeter.protocol.http.parser.LagartoBasedHtmlParser
2026-10-08 17:16:19,946 INFO o.a.j.p.h.s.HTTPSamplerBase: Parser for text/xml is org.apache.jmeter.protocol.http.parser.LagartoBasedHtmlParser
2026-10-08 17:16:19,946 INFO o.a.j.p.h.s.HTTPSamplerBase: Parser for text/vnd.wap.wml is org.apache.jmeter.protocol.http.parser.RegexpHTMLParser
2026-10-08 17:16:19,946 INFO o.a.j.p.h.s.HTTPSamplerBase: Parser for text/css is org.apache.jmeter.protocol.http.parser.CssParser
2026-10-08 17:16:20,129 INFO o.a.j.JMeter: Creating summariser <summary>
2026-10-08 17:16:20,145 INFO o.a.j.e.StandardJMeterEngine: Running the test!
2026-10-08 17:16:20,145 INFO o.a.j.s.SampleEvent: List of sample_variables: []
2026-10-08 17:16:20,145 INFO o.a.j.s.SampleEvent: List of sample_variables: []
2026-10-08 17:16:20,150 INFO o.a.j.e.u.CompoundVariable: Note: Function class names must contain the string: '.functions.'
2026-10-08 17:16:20,150 INFO o.a.j.e.u.CompoundVariable: Note: Function class names must not contain the string: '.gui.'
2026-10-08 17:16:20,389 INFO o.a.j.JMeter: Running test (1791450980389)
2026-10-08 17:16:20,425 INFO o.a.j.e.StandardJMeterEngine: Starting ThreadGroup: 1 : Ticket intake
2026-10-08 17:16:20,425 INFO o.a.j.e.StandardJMeterEngine: Starting 0 threads for group Ticket intake.
2026-10-08 17:16:20,425 INFO o.a.j.e.StandardJMeterEngine: Thread will continue on error
2026-10-08 17:16:20,425 INFO o.a.j.t.o.OpenModelThreadGroup: Starting OpenModelThreadGroup#1 with schedule rate(6/min) random_arrivals(5 min) rate(6/min) pause(1 min)
2026-10-08 17:16:20,457 INFO o.a.j.e.StandardJMeterEngine: All thread groups have been started
2026-10-08 17:16:20,457 INFO o.a.j.t.o.OpenModelThreadGroup: Thread starting init
2026-10-08 17:16:20,466 INFO o.a.j.t.o.PoissonArrivalsRamp: Generating 30 events, beginRate = 0.1 / sec, endRate = 0.1 / sec, duration = 300.0 sec
2026-10-08 17:16:30,312 INFO o.a.j.t.JMeterThread: Thread started: Ticket intake 1-1
2026-10-08 17:16:30,314 INFO o.a.j.s.FileServer: Stored: run2.data.txt
2026-10-08 17:16:30,320 INFO o.a.j.t.JMeterThread: Thread started: Ticket intake 1-2
2026-10-08 17:16:30,337 INFO o.a.j.p.h.s.HTTPHCAbstractImpl: Local host = Samuel-Laptop
2026-10-08 17:16:30,342 INFO o.a.j.p.h.s.HTTPHC4Impl: HTTP request retry count = 0
2026-10-08 17:16:30,343 INFO o.a.j.s.SampleResult: Note: Sample TimeStamps are START times
2026-10-08 17:16:30,343 INFO o.a.j.s.SampleResult: sampleresult.default.encoding is set to UTF-8
2026-10-08 17:16:30,343 INFO o.a.j.s.SampleResult: sampleresult.useNanoTime=true
2026-10-08 17:16:30,343 INFO o.a.j.s.SampleResult: sampleresult.nanoThreadSleep=5000
2026-10-08 17:16:31,478 INFO o.a.j.r.Summariser: summary +      1 in 00:00:11 =    0.1/s Avg:  1079 Min:  1079 Max:  1079 Err:     0 (0.00%) Active: 2 Started: 2 Finished: 0
2026-10-08 17:16:31,479 INFO o.a.j.t.JMeterThread: Thread is done: Ticket intake 1-2
2026-10-08 17:16:31,479 INFO o.a.j.t.JMeterThread: Thread finished: Ticket intake 1-2
2026-10-08 17:16:33,129 INFO o.a.j.t.JMeterThread: Thread is done: Ticket intake 1-1
2026-10-08 17:16:33,130 INFO o.a.j.t.JMeterThread: Thread finished: Ticket intake 1-1
2026-10-08 17:16:44,603 INFO o.a.j.t.JMeterThread: Thread started: Ticket intake 1-3
2026-10-08 17:16:45,699 INFO o.a.j.t.JMeterThread: Thread is done: Ticket intake 1-3
2026-10-08 17:16:45,699 INFO o.a.j.t.JMeterThread: Thread finished: Ticket intake 1-3
2026-10-08 17:16:51,581 INFO o.a.j.t.JMeterThread: Thread started: Ticket intake 1-4
2026-10-08 17:16:54,353 INFO o.a.j.t.JMeterThread: Thread is done: Ticket intake 1-4
2026-10-08 17:16:54,353 INFO o.a.j.t.JMeterThread: Thread finished: Ticket intake 1-4
2026-10-08 17:17:15,587 INFO o.a.j.t.JMeterThread: Thread started: Ticket intake 1-5
2026-10-08 17:17:15,716 INFO o.a.j.t.JMeterThread: Thread started: Ticket intake 1-6
2026-10-08 17:17:16,638 INFO o.a.j.t.JMeterThread: Thread is done: Ticket intake 1-5
2026-10-08 17:17:16,638 INFO o.a.j.t.JMeterThread: Thread finished: Ticket intake 1-5
2026-10-08 17:17:17,989 INFO o.a.j.t.JMeterThread: Thread is done: Ticket intake 1-6
2026-10-08 17:17:17,990 INFO o.a.j.t.JMeterThread: Thread finished: Ticket intake 1-6
2026-10-08 17:17:35,774 INFO o.a.j.t.JMeterThread: Thread started: Ticket intake 1-7
2026-10-08 17:17:36,173 INFO o.a.j.t.JMeterThread: Thread started: Ticket intake 1-8
2026-10-08 17:17:38,304 INFO o.a.j.t.JMeterThread: Thread is done: Ticket intake 1-7
2026-10-08 17:17:38,304 INFO o.a.j.t.JMeterThread: Thread finished: Ticket intake 1-7
2026-10-08 17:17:39,395 INFO o.a.j.t.JMeterThread: Thread is done: Ticket intake 1-8
2026-10-08 17:17:39,395 INFO o.a.j.t.JMeterThread: Thread finished: Ticket intake 1-8
2026-10-08 17:17:40,318 INFO o.a.j.t.JMeterThread: Thread started: Ticket intake 1-9
2026-10-08 17:17:42,858 INFO o.a.j.t.JMeterThread: Thread is done: Ticket intake 1-9
2026-10-08 17:17:42,858 INFO o.a.j.t.JMeterThread: Thread finished: Ticket intake 1-9
2026-10-08 17:17:48,666 INFO o.a.j.t.JMeterThread: Thread started: Ticket intake 1-10
2026-10-08 17:17:51,161 INFO o.a.j.t.JMeterThread: Thread is done: Ticket intake 1-10
2026-10-08 17:17:51,161 INFO o.a.j.t.JMeterThread: Thread finished: Ticket intake 1-10
2026-10-08 17:18:08,728 INFO o.a.j.t.JMeterThread: Thread started: Ticket intake 1-11
2026-10-08 17:18:10,097 INFO o.a.j.t.JMeterThread: Thread is done: Ticket intake 1-11
2026-10-08 17:18:10,097 INFO o.a.j.t.JMeterThread: Thread finished: Ticket intake 1-11
2026-10-08 17:18:25,018 INFO o.a.j.t.JMeterThread: Thread started: Ticket intake 1-12
2026-10-08 17:18:27,679 INFO o.a.j.t.JMeterThread: Thread is done: Ticket intake 1-12
2026-10-08 17:18:27,681 INFO o.a.j.t.JMeterThread: Thread finished: Ticket intake 1-12
2026-10-08 17:18:53,468 INFO o.a.j.t.JMeterThread: Thread started: Ticket intake 1-13
2026-10-08 17:18:55,304 INFO o.a.j.t.JMeterThread: Thread started: Ticket intake 1-14
2026-10-08 17:18:55,339 INFO o.a.j.t.JMeterThread: Thread is done: Ticket intake 1-13
2026-10-08 17:18:55,339 INFO o.a.j.t.JMeterThread: Thread finished: Ticket intake 1-13
2026-10-08 17:18:57,202 INFO o.a.j.t.JMeterThread: Thread is done: Ticket intake 1-14
2026-10-08 17:18:57,202 INFO o.a.j.t.JMeterThread: Thread finished: Ticket intake 1-14
2026-10-08 17:18:58,904 INFO o.a.j.t.JMeterThread: Thread started: Ticket intake 1-15
2026-10-08 17:19:00,615 INFO o.a.j.t.JMeterThread: Thread started: Ticket intake 1-16
2026-10-08 17:19:01,760 INFO o.a.j.r.Summariser: summary +     14 in 00:02:30 =    0.1/s Avg:  2240 Min:  1050 Max:  3221 Err:     0 (0.00%) Active: 2 Started: 16 Finished: 14
2026-10-08 17:19:01,761 INFO o.a.j.r.Summariser: summary =     15 in 00:02:41 =    0.1/s Avg:  2162 Min:  1050 Max:  3221 Err:     0 (0.00%)
2026-10-08 17:19:01,762 INFO o.a.j.t.JMeterThread: Thread is done: Ticket intake 1-15
2026-10-08 17:19:01,762 INFO o.a.j.t.JMeterThread: Thread finished: Ticket intake 1-15
2026-10-08 17:19:01,857 INFO o.a.j.t.JMeterThread: Thread started: Ticket intake 1-17
2026-10-08 17:19:04,257 INFO o.a.j.t.JMeterThread: Thread is done: Ticket intake 1-16
2026-10-08 17:19:04,257 INFO o.a.j.t.JMeterThread: Thread finished: Ticket intake 1-16
2026-10-08 17:19:06,947 INFO o.a.j.t.JMeterThread: Thread is done: Ticket intake 1-17
2026-10-08 17:19:06,947 INFO o.a.j.t.JMeterThread: Thread finished: Ticket intake 1-17
2026-10-08 17:19:14,078 INFO o.a.j.t.JMeterThread: Thread started: Ticket intake 1-18
2026-10-08 17:19:15,328 INFO o.a.j.t.JMeterThread: Thread is done: Ticket intake 1-18
2026-10-08 17:19:15,328 INFO o.a.j.t.JMeterThread: Thread finished: Ticket intake 1-18
2026-10-08 17:19:30,571 INFO o.a.j.t.JMeterThread: Thread started: Ticket intake 1-19
2026-10-08 17:19:33,166 INFO o.a.j.r.Summariser: summary +      4 in 00:00:31 =    0.1/s Avg:  3144 Min:  1255 Max:  5088 Err:     0 (0.00%) Active: 1 Started: 19 Finished: 18
2026-10-08 17:19:33,167 INFO o.a.j.r.Summariser: summary =     19 in 00:03:13 =    0.1/s Avg:  2369 Min:  1050 Max:  5088 Err:     0 (0.00%)
2026-10-08 17:19:33,167 INFO o.a.j.t.JMeterThread: Thread is done: Ticket intake 1-19
2026-10-08 17:19:33,167 INFO o.a.j.t.JMeterThread: Thread finished: Ticket intake 1-19
2026-10-08 17:19:40,854 INFO o.a.j.t.JMeterThread: Thread started: Ticket intake 1-20
2026-10-08 17:19:42,743 INFO o.a.j.t.JMeterThread: Thread is done: Ticket intake 1-20
2026-10-08 17:19:42,743 INFO o.a.j.t.JMeterThread: Thread finished: Ticket intake 1-20
2026-10-08 17:19:55,495 INFO o.a.j.t.JMeterThread: Thread started: Ticket intake 1-21
2026-10-08 17:19:57,247 INFO o.a.j.t.JMeterThread: Thread is done: Ticket intake 1-21
2026-10-08 17:19:57,248 INFO o.a.j.t.JMeterThread: Thread finished: Ticket intake 1-21
2026-10-08 17:20:06,619 INFO o.a.j.t.JMeterThread: Thread started: Ticket intake 1-22
2026-10-08 17:20:07,659 INFO o.a.j.t.JMeterThread: Thread is done: Ticket intake 1-22
2026-10-08 17:20:07,659 INFO o.a.j.t.JMeterThread: Thread finished: Ticket intake 1-22
2026-10-08 17:20:35,518 INFO o.a.j.t.JMeterThread: Thread started: Ticket intake 1-23
2026-10-08 17:20:36,657 INFO o.a.j.t.JMeterThread: Thread started: Ticket intake 1-24
2026-10-08 17:20:37,367 INFO o.a.j.t.JMeterThread: Thread is done: Ticket intake 1-23
2026-10-08 17:20:37,367 INFO o.a.j.t.JMeterThread: Thread finished: Ticket intake 1-23
2026-10-08 17:20:39,677 INFO o.a.j.t.JMeterThread: Thread is done: Ticket intake 1-24
2026-10-08 17:20:39,678 INFO o.a.j.t.JMeterThread: Thread finished: Ticket intake 1-24
2026-10-08 17:20:48,593 INFO o.a.j.t.JMeterThread: Thread started: Ticket intake 1-25
2026-10-08 17:20:50,665 INFO o.a.j.t.JMeterThread: Thread is done: Ticket intake 1-25
2026-10-08 17:20:50,665 INFO o.a.j.t.JMeterThread: Thread finished: Ticket intake 1-25
2026-10-08 17:20:51,877 INFO o.a.j.t.JMeterThread: Thread started: Ticket intake 1-26
2026-10-08 17:20:53,902 INFO o.a.j.t.JMeterThread: Thread started: Ticket intake 1-27
2026-10-08 17:20:54,068 INFO o.a.j.t.JMeterThread: Thread is done: Ticket intake 1-26
2026-10-08 17:20:54,069 INFO o.a.j.t.JMeterThread: Thread finished: Ticket intake 1-26
2026-10-08 17:20:55,470 INFO o.a.j.t.JMeterThread: Thread is done: Ticket intake 1-27
2026-10-08 17:20:55,470 INFO o.a.j.t.JMeterThread: Thread finished: Ticket intake 1-27
2026-10-08 17:21:10,988 INFO o.a.j.t.JMeterThread: Thread started: Ticket intake 1-28
2026-10-08 17:21:13,207 INFO o.a.j.t.JMeterThread: Thread is done: Ticket intake 1-28
2026-10-08 17:21:13,207 INFO o.a.j.t.JMeterThread: Thread finished: Ticket intake 1-28
2026-10-08 17:21:15,150 INFO o.a.j.t.JMeterThread: Thread started: Ticket intake 1-29
2026-10-08 17:21:16,717 INFO o.a.j.t.JMeterThread: Thread is done: Ticket intake 1-29
2026-10-08 17:21:16,717 INFO o.a.j.t.JMeterThread: Thread finished: Ticket intake 1-29
2026-10-08 17:21:17,926 INFO o.a.j.t.o.EvenArrivalsRamp: Generating 0 events, beginRate = 0.0 / sec, endRate = 0.0 / sec, duration = 60.0 sec
2026-10-08 17:21:17,926 INFO o.a.j.t.o.OpenModelThreadGroup: There will be no more events, so will wait for 62 sec till the end of the schedule
2026-10-08 17:21:17,927 INFO o.a.j.t.JMeterThread: Thread started: Ticket intake 1-30
2026-10-08 17:21:19,742 INFO o.a.j.t.JMeterThread: Thread is done: Ticket intake 1-30
2026-10-08 17:21:19,742 INFO o.a.j.t.JMeterThread: Thread finished: Ticket intake 1-30
2026-10-08 17:22:20,149 INFO o.a.j.t.o.OpenModelThreadGroup: There will be no more events, will shutdown the thread pool
2026-10-08 17:22:20,149 INFO o.a.j.t.o.OpenModelThreadGroup: Thread starting done
2026-10-08 17:22:20,149 INFO o.a.j.e.StandardJMeterEngine: Notifying test listeners of end of test
2026-10-08 17:22:20,149 INFO o.a.j.s.FileServer: Close: run2.data.txt
2026-10-08 17:22:20,149 INFO o.a.j.r.Summariser: summary +     11 in 00:02:47 =    0.1/s Avg:  1906 Min:  1038 Max:  3019 Err:     0 (0.00%) Active: 0 Started: 30 Finished: 30
2026-10-08 17:22:20,149 INFO o.a.j.r.Summariser: summary =     30 in 00:06:00 =    0.1/s Avg:  2199 Min:  1038 Max:  5088 Err:     0 (0.00%)
