2026-10-08 17:30:23,735 INFO o.a.j.u.JMeterUtils: Setting Locale to en_EN
2026-10-08 17:30:23,749 INFO o.a.j.JMeter: Loading user properties from: C:\meter\bin\user.properties
2026-10-08 17:30:23,750 INFO o.a.j.JMeter: Loading system properties from: C:\meter\bin\system.properties
2026-10-08 17:30:23,750 INFO o.a.j.JMeter: Setting JMeter property: host=192.168.86.33
2026-10-08 17:30:23,755 INFO o.a.j.JMeter: Copyright (c) 1998-2024 The Apache Software Foundation
2026-10-08 17:30:23,756 INFO o.a.j.JMeter: Version 5.6.3
2026-10-08 17:30:23,756 INFO o.a.j.JMeter: java.version=1.8.0_431
2026-10-08 17:30:23,756 INFO o.a.j.JMeter: java.vm.name=Java HotSpot(TM) Client VM
2026-10-08 17:30:23,756 INFO o.a.j.JMeter: os.name=Windows 11
2026-10-08 17:30:23,756 INFO o.a.j.JMeter: os.arch=x86
2026-10-08 17:30:23,756 INFO o.a.j.JMeter: os.version=10.0
2026-10-08 17:30:23,756 INFO o.a.j.JMeter: file.encoding=Cp1252
2026-10-08 17:30:23,756 INFO o.a.j.JMeter: java.awt.headless=true
2026-10-08 17:30:23,756 INFO o.a.j.JMeter: Max memory     =1073741824
2026-10-08 17:30:23,756 INFO o.a.j.JMeter: Available Processors =16
2026-10-08 17:30:23,760 INFO o.a.j.JMeter: Default Locale=English (EN)
2026-10-08 17:30:23,760 INFO o.a.j.JMeter: JMeter  Locale=English (EN)
2026-10-08 17:30:23,760 INFO o.a.j.JMeter: JMeterHome=C:\meter
2026-10-08 17:30:23,760 INFO o.a.j.JMeter: user.dir  =C:\Projects\ICT3113-A1-Team8
2026-10-08 17:30:23,760 INFO o.a.j.JMeter: PWD       =C:\Projects\ICT3113-A1-Team8
2026-10-08 17:30:23,772 INFO o.a.j.JMeter: IP: 192.168.86.25 Name: Samuel-Laptop FullName: Samuel-Laptop.lan
2026-10-08 17:30:23,789 INFO o.a.j.s.FileServer: Default base='C:\Projects\ICT3113-A1-Team8'
2026-10-08 17:30:23,789 INFO o.a.j.s.FileServer: Set new base='C:\Projects\ICT3113-A1-Team8\results\load\gemma3_1b\0.10rps'
2026-10-08 17:30:23,916 INFO o.a.j.s.SaveService: Testplan (JMX) version: 2.2. Testlog (JTL) version: 2.2
2026-10-08 17:30:23,940 INFO o.a.j.s.SaveService: Using SaveService properties file encoding UTF-8
2026-10-08 17:30:23,944 INFO o.a.j.s.SaveService: Using SaveService properties version 5.0
2026-10-08 17:30:23,950 INFO o.a.j.s.SaveService: Loading file: C:\Projects\ICT3113-A1-Team8\results\load\gemma3_1b\0.10rps\run3.jmx
2026-10-08 17:30:24,012 INFO o.a.j.p.h.s.HTTPSamplerBase: Parser for text/html is org.apache.jmeter.protocol.http.parser.LagartoBasedHtmlParser
2026-10-08 17:30:24,012 INFO o.a.j.p.h.s.HTTPSamplerBase: Parser for application/xhtml+xml is org.apache.jmeter.protocol.http.parser.LagartoBasedHtmlParser
2026-10-08 17:30:24,012 INFO o.a.j.p.h.s.HTTPSamplerBase: Parser for application/xml is org.apache.jmeter.protocol.http.parser.LagartoBasedHtmlParser
2026-10-08 17:30:24,012 INFO o.a.j.p.h.s.HTTPSamplerBase: Parser for text/xml is org.apache.jmeter.protocol.http.parser.LagartoBasedHtmlParser
2026-10-08 17:30:24,012 INFO o.a.j.p.h.s.HTTPSamplerBase: Parser for text/vnd.wap.wml is org.apache.jmeter.protocol.http.parser.RegexpHTMLParser
2026-10-08 17:30:24,012 INFO o.a.j.p.h.s.HTTPSamplerBase: Parser for text/css is org.apache.jmeter.protocol.http.parser.CssParser
2026-10-08 17:30:24,184 INFO o.a.j.JMeter: Creating summariser <summary>
2026-10-08 17:30:24,211 INFO o.a.j.e.StandardJMeterEngine: Running the test!
2026-10-08 17:30:24,212 INFO o.a.j.s.SampleEvent: List of sample_variables: []
2026-10-08 17:30:24,212 INFO o.a.j.s.SampleEvent: List of sample_variables: []
2026-10-08 17:30:24,216 INFO o.a.j.e.u.CompoundVariable: Note: Function class names must contain the string: '.functions.'
2026-10-08 17:30:24,216 INFO o.a.j.e.u.CompoundVariable: Note: Function class names must not contain the string: '.gui.'
2026-10-08 17:30:24,444 INFO o.a.j.JMeter: Running test (1791451824444)
2026-10-08 17:30:24,483 INFO o.a.j.e.StandardJMeterEngine: Starting ThreadGroup: 1 : Ticket intake
2026-10-08 17:30:24,483 INFO o.a.j.e.StandardJMeterEngine: Starting 0 threads for group Ticket intake.
2026-10-08 17:30:24,483 INFO o.a.j.e.StandardJMeterEngine: Thread will continue on error
2026-10-08 17:30:24,483 INFO o.a.j.t.o.OpenModelThreadGroup: Starting OpenModelThreadGroup#1 with schedule rate(6/min) random_arrivals(5 min) rate(6/min) pause(1 min)
2026-10-08 17:30:24,508 INFO o.a.j.e.StandardJMeterEngine: All thread groups have been started
2026-10-08 17:30:24,523 INFO o.a.j.t.o.OpenModelThreadGroup: Thread starting init
2026-10-08 17:30:24,523 INFO o.a.j.t.o.PoissonArrivalsRamp: Generating 30 events, beginRate = 0.1 / sec, endRate = 0.1 / sec, duration = 300.0 sec
2026-10-08 17:30:31,101 INFO o.a.j.t.JMeterThread: Thread started: Ticket intake 1-1
2026-10-08 17:30:31,102 INFO o.a.j.s.FileServer: Stored: run3.data.txt
2026-10-08 17:30:31,124 INFO o.a.j.p.h.s.HTTPHCAbstractImpl: Local host = Samuel-Laptop
2026-10-08 17:30:31,129 INFO o.a.j.p.h.s.HTTPHC4Impl: HTTP request retry count = 0
2026-10-08 17:30:31,131 INFO o.a.j.s.SampleResult: Note: Sample TimeStamps are START times
2026-10-08 17:30:31,131 INFO o.a.j.s.SampleResult: sampleresult.default.encoding is set to UTF-8
2026-10-08 17:30:31,131 INFO o.a.j.s.SampleResult: sampleresult.useNanoTime=true
2026-10-08 17:30:31,131 INFO o.a.j.s.SampleResult: sampleresult.nanoThreadSleep=5000
2026-10-08 17:30:32,577 INFO o.a.j.r.Summariser: summary +      1 in 00:00:08 =    0.1/s Avg:  1397 Min:  1397 Max:  1397 Err:     0 (0.00%) Active: 1 Started: 1 Finished: 0
2026-10-08 17:30:32,578 INFO o.a.j.t.JMeterThread: Thread is done: Ticket intake 1-1
2026-10-08 17:30:32,578 INFO o.a.j.t.JMeterThread: Thread finished: Ticket intake 1-1
2026-10-08 17:30:35,587 INFO o.a.j.t.JMeterThread: Thread started: Ticket intake 1-2
2026-10-08 17:30:36,495 INFO o.a.j.t.JMeterThread: Thread started: Ticket intake 1-3
2026-10-08 17:30:37,297 INFO o.a.j.t.JMeterThread: Thread is done: Ticket intake 1-2
2026-10-08 17:30:37,297 INFO o.a.j.t.JMeterThread: Thread finished: Ticket intake 1-2
2026-10-08 17:30:38,907 INFO o.a.j.t.JMeterThread: Thread is done: Ticket intake 1-3
2026-10-08 17:30:38,907 INFO o.a.j.t.JMeterThread: Thread finished: Ticket intake 1-3
2026-10-08 17:30:39,340 INFO o.a.j.t.JMeterThread: Thread started: Ticket intake 1-4
2026-10-08 17:30:40,331 INFO o.a.j.t.JMeterThread: Thread is done: Ticket intake 1-4
2026-10-08 17:30:40,332 INFO o.a.j.t.JMeterThread: Thread finished: Ticket intake 1-4
2026-10-08 17:30:52,087 INFO o.a.j.t.JMeterThread: Thread started: Ticket intake 1-5
2026-10-08 17:30:54,460 INFO o.a.j.t.JMeterThread: Thread is done: Ticket intake 1-5
2026-10-08 17:30:54,460 INFO o.a.j.t.JMeterThread: Thread finished: Ticket intake 1-5
2026-10-08 17:30:56,765 INFO o.a.j.t.JMeterThread: Thread started: Ticket intake 1-6
2026-10-08 17:30:58,642 INFO o.a.j.t.JMeterThread: Thread is done: Ticket intake 1-6
2026-10-08 17:30:58,642 INFO o.a.j.t.JMeterThread: Thread finished: Ticket intake 1-6
2026-10-08 17:31:15,840 INFO o.a.j.t.JMeterThread: Thread started: Ticket intake 1-7
2026-10-08 17:31:17,221 INFO o.a.j.t.JMeterThread: Thread is done: Ticket intake 1-7
2026-10-08 17:31:17,221 INFO o.a.j.t.JMeterThread: Thread finished: Ticket intake 1-7
2026-10-08 17:31:24,339 INFO o.a.j.t.JMeterThread: Thread started: Ticket intake 1-8
2026-10-08 17:31:25,539 INFO o.a.j.t.JMeterThread: Thread is done: Ticket intake 1-8
2026-10-08 17:31:25,539 INFO o.a.j.t.JMeterThread: Thread finished: Ticket intake 1-8
2026-10-08 17:31:30,980 INFO o.a.j.t.JMeterThread: Thread started: Ticket intake 1-9
2026-10-08 17:31:32,464 INFO o.a.j.r.Summariser: summary +      8 in 00:01:00 =    0.1/s Avg:  1676 Min:   990 Max:  2409 Err:     0 (0.00%) Active: 1 Started: 9 Finished: 8
2026-10-08 17:31:32,465 INFO o.a.j.r.Summariser: summary =      9 in 00:01:08 =    0.1/s Avg:  1645 Min:   990 Max:  2409 Err:     0 (0.00%)
2026-10-08 17:31:32,466 INFO o.a.j.t.JMeterThread: Thread is done: Ticket intake 1-9
2026-10-08 17:31:32,466 INFO o.a.j.t.JMeterThread: Thread finished: Ticket intake 1-9
2026-10-08 17:31:44,300 INFO o.a.j.t.JMeterThread: Thread started: Ticket intake 1-10
2026-10-08 17:31:45,808 INFO o.a.j.t.JMeterThread: Thread is done: Ticket intake 1-10
2026-10-08 17:31:45,808 INFO o.a.j.t.JMeterThread: Thread finished: Ticket intake 1-10
2026-10-08 17:32:10,356 INFO o.a.j.t.JMeterThread: Thread started: Ticket intake 1-11
2026-10-08 17:32:10,893 INFO o.a.j.t.JMeterThread: Thread started: Ticket intake 1-12
2026-10-08 17:32:11,337 INFO o.a.j.t.JMeterThread: Thread is done: Ticket intake 1-11
2026-10-08 17:32:11,337 INFO o.a.j.t.JMeterThread: Thread finished: Ticket intake 1-11
2026-10-08 17:32:12,660 INFO o.a.j.t.JMeterThread: Thread is done: Ticket intake 1-12
2026-10-08 17:32:12,660 INFO o.a.j.t.JMeterThread: Thread finished: Ticket intake 1-12
2026-10-08 17:32:13,458 INFO o.a.j.t.JMeterThread: Thread started: Ticket intake 1-13
2026-10-08 17:32:14,814 INFO o.a.j.t.JMeterThread: Thread is done: Ticket intake 1-13
2026-10-08 17:32:14,814 INFO o.a.j.t.JMeterThread: Thread finished: Ticket intake 1-13
2026-10-08 17:32:23,368 INFO o.a.j.t.JMeterThread: Thread started: Ticket intake 1-14
2026-10-08 17:32:26,244 INFO o.a.j.t.JMeterThread: Thread started: Ticket intake 1-15
2026-10-08 17:32:26,402 INFO o.a.j.t.JMeterThread: Thread is done: Ticket intake 1-14
2026-10-08 17:32:26,403 INFO o.a.j.t.JMeterThread: Thread finished: Ticket intake 1-14
2026-10-08 17:32:27,799 INFO o.a.j.t.JMeterThread: Thread is done: Ticket intake 1-15
2026-10-08 17:32:27,799 INFO o.a.j.t.JMeterThread: Thread finished: Ticket intake 1-15
2026-10-08 17:32:56,603 INFO o.a.j.t.JMeterThread: Thread started: Ticket intake 1-16
2026-10-08 17:32:58,261 INFO o.a.j.t.JMeterThread: Thread is done: Ticket intake 1-16
2026-10-08 17:32:58,261 INFO o.a.j.t.JMeterThread: Thread finished: Ticket intake 1-16
2026-10-08 17:33:22,301 INFO o.a.j.t.JMeterThread: Thread started: Ticket intake 1-17
2026-10-08 17:33:24,373 INFO o.a.j.t.JMeterThread: Thread is done: Ticket intake 1-17
2026-10-08 17:33:24,373 INFO o.a.j.t.JMeterThread: Thread finished: Ticket intake 1-17
2026-10-08 17:33:27,116 INFO o.a.j.t.JMeterThread: Thread started: Ticket intake 1-18
2026-10-08 17:33:28,438 INFO o.a.j.t.JMeterThread: Thread is done: Ticket intake 1-18
2026-10-08 17:33:28,438 INFO o.a.j.t.JMeterThread: Thread finished: Ticket intake 1-18
2026-10-08 17:33:33,075 INFO o.a.j.t.JMeterThread: Thread started: Ticket intake 1-19
2026-10-08 17:33:34,629 INFO o.a.j.r.Summariser: summary +     10 in 00:02:02 =    0.1/s Avg:  1679 Min:   979 Max:  3034 Err:     0 (0.00%) Active: 1 Started: 19 Finished: 18
2026-10-08 17:33:34,630 INFO o.a.j.r.Summariser: summary =     19 in 00:03:10 =    0.1/s Avg:  1663 Min:   979 Max:  3034 Err:     0 (0.00%)
2026-10-08 17:33:34,631 INFO o.a.j.t.JMeterThread: Thread is done: Ticket intake 1-19
2026-10-08 17:33:34,631 INFO o.a.j.t.JMeterThread: Thread finished: Ticket intake 1-19
2026-10-08 17:33:47,377 INFO o.a.j.t.JMeterThread: Thread started: Ticket intake 1-20
2026-10-08 17:33:48,325 INFO o.a.j.t.JMeterThread: Thread is done: Ticket intake 1-20
2026-10-08 17:33:48,325 INFO o.a.j.t.JMeterThread: Thread finished: Ticket intake 1-20
2026-10-08 17:33:56,056 INFO o.a.j.t.JMeterThread: Thread started: Ticket intake 1-21
2026-10-08 17:33:57,864 INFO o.a.j.t.JMeterThread: Thread is done: Ticket intake 1-21
2026-10-08 17:33:57,864 INFO o.a.j.t.JMeterThread: Thread finished: Ticket intake 1-21
2026-10-08 17:34:01,930 INFO o.a.j.t.JMeterThread: Thread started: Ticket intake 1-22
2026-10-08 17:34:03,362 INFO o.a.j.r.Summariser: summary +      3 in 00:00:29 =    0.1/s Avg:  1397 Min:   947 Max:  1815 Err:     0 (0.00%) Active: 1 Started: 22 Finished: 21
2026-10-08 17:34:03,363 INFO o.a.j.r.Summariser: summary =     22 in 00:03:39 =    0.1/s Avg:  1627 Min:   947 Max:  3034 Err:     0 (0.00%)
2026-10-08 17:34:03,364 INFO o.a.j.t.JMeterThread: Thread is done: Ticket intake 1-22
2026-10-08 17:34:03,364 INFO o.a.j.t.JMeterThread: Thread finished: Ticket intake 1-22
2026-10-08 17:34:10,132 INFO o.a.j.t.JMeterThread: Thread started: Ticket intake 1-23
2026-10-08 17:34:11,129 INFO o.a.j.t.JMeterThread: Thread is done: Ticket intake 1-23
2026-10-08 17:34:11,129 INFO o.a.j.t.JMeterThread: Thread finished: Ticket intake 1-23
2026-10-08 17:34:28,843 INFO o.a.j.t.JMeterThread: Thread started: Ticket intake 1-24
2026-10-08 17:34:30,265 INFO o.a.j.r.Summariser: summary +      2 in 00:00:27 =    0.1/s Avg:  1207 Min:   995 Max:  1420 Err:     0 (0.00%) Active: 1 Started: 24 Finished: 23
2026-10-08 17:34:30,266 INFO o.a.j.r.Summariser: summary =     24 in 00:04:06 =    0.1/s Avg:  1592 Min:   947 Max:  3034 Err:     0 (0.00%)
2026-10-08 17:34:30,266 INFO o.a.j.t.JMeterThread: Thread is done: Ticket intake 1-24
2026-10-08 17:34:30,266 INFO o.a.j.t.JMeterThread: Thread finished: Ticket intake 1-24
2026-10-08 17:34:35,186 INFO o.a.j.t.JMeterThread: Thread started: Ticket intake 1-25
2026-10-08 17:34:36,650 INFO o.a.j.t.JMeterThread: Thread is done: Ticket intake 1-25
2026-10-08 17:34:36,650 INFO o.a.j.t.JMeterThread: Thread finished: Ticket intake 1-25
2026-10-08 17:34:51,299 INFO o.a.j.t.JMeterThread: Thread started: Ticket intake 1-26
2026-10-08 17:34:53,618 INFO o.a.j.t.JMeterThread: Thread is done: Ticket intake 1-26
2026-10-08 17:34:53,618 INFO o.a.j.t.JMeterThread: Thread finished: Ticket intake 1-26
2026-10-08 17:35:14,155 INFO o.a.j.t.JMeterThread: Thread started: Ticket intake 1-27
2026-10-08 17:35:14,606 INFO o.a.j.t.JMeterThread: Thread started: Ticket intake 1-28
2026-10-08 17:35:14,704 INFO o.a.j.t.JMeterThread: Thread started: Ticket intake 1-29
2026-10-08 17:35:16,713 INFO o.a.j.t.JMeterThread: Thread is done: Ticket intake 1-27
2026-10-08 17:35:16,713 INFO o.a.j.t.JMeterThread: Thread finished: Ticket intake 1-27
2026-10-08 17:35:18,505 INFO o.a.j.t.JMeterThread: Thread is done: Ticket intake 1-28
2026-10-08 17:35:18,505 INFO o.a.j.t.JMeterThread: Thread finished: Ticket intake 1-28
2026-10-08 17:35:20,170 INFO o.a.j.t.JMeterThread: Thread is done: Ticket intake 1-29
2026-10-08 17:35:20,170 INFO o.a.j.t.JMeterThread: Thread finished: Ticket intake 1-29
2026-10-08 17:35:23,063 INFO o.a.j.t.o.EvenArrivalsRamp: Generating 0 events, beginRate = 0.0 / sec, endRate = 0.0 / sec, duration = 60.0 sec
2026-10-08 17:35:23,063 INFO o.a.j.t.o.OpenModelThreadGroup: There will be no more events, so will wait for 61 sec till the end of the schedule
2026-10-08 17:35:23,063 INFO o.a.j.t.JMeterThread: Thread started: Ticket intake 1-30
2026-10-08 17:35:24,411 INFO o.a.j.t.JMeterThread: Thread is done: Ticket intake 1-30
2026-10-08 17:35:24,411 INFO o.a.j.t.JMeterThread: Thread finished: Ticket intake 1-30
2026-10-08 17:36:24,222 INFO o.a.j.t.o.OpenModelThreadGroup: There will be no more events, will shutdown the thread pool
2026-10-08 17:36:24,222 INFO o.a.j.t.o.OpenModelThreadGroup: Thread starting done
2026-10-08 17:36:24,222 INFO o.a.j.e.StandardJMeterEngine: Notifying test listeners of end of test
2026-10-08 17:36:24,222 INFO o.a.j.s.FileServer: Close: run3.data.txt
2026-10-08 17:36:24,222 INFO o.a.j.r.Summariser: summary +      6 in 00:01:54 =    0.1/s Avg:  2840 Min:  1345 Max:  5465 Err:     0 (0.00%) Active: 0 Started: 30 Finished: 30
2026-10-08 17:36:24,222 INFO o.a.j.r.Summariser: summary =     30 in 00:06:00 =    0.1/s Avg:  1841 Min:   947 Max:  5465 Err:     0 (0.00%)
