2026-10-08 22:01:42,902 INFO o.a.j.u.JMeterUtils: Setting Locale to en_EN
2026-10-08 22:01:42,913 INFO o.a.j.JMeter: Loading user properties from: C:\meter\bin\user.properties
2026-10-08 22:01:42,913 INFO o.a.j.JMeter: Loading system properties from: C:\meter\bin\system.properties
2026-10-08 22:01:42,913 INFO o.a.j.JMeter: Setting JMeter property: host=192.168.86.33
2026-10-08 22:01:42,917 INFO o.a.j.JMeter: Copyright (c) 1998-2024 The Apache Software Foundation
2026-10-08 22:01:42,917 INFO o.a.j.JMeter: Version 5.6.3
2026-10-08 22:01:42,917 INFO o.a.j.JMeter: java.version=1.8.0_431
2026-10-08 22:01:42,917 INFO o.a.j.JMeter: java.vm.name=Java HotSpot(TM) Client VM
2026-10-08 22:01:42,917 INFO o.a.j.JMeter: os.name=Windows 11
2026-10-08 22:01:42,917 INFO o.a.j.JMeter: os.arch=x86
2026-10-08 22:01:42,917 INFO o.a.j.JMeter: os.version=10.0
2026-10-08 22:01:42,917 INFO o.a.j.JMeter: file.encoding=Cp1252
2026-10-08 22:01:42,917 INFO o.a.j.JMeter: java.awt.headless=true
2026-10-08 22:01:42,917 INFO o.a.j.JMeter: Max memory     =1073741824
2026-10-08 22:01:42,917 INFO o.a.j.JMeter: Available Processors =16
2026-10-08 22:01:42,925 INFO o.a.j.JMeter: Default Locale=English (EN)
2026-10-08 22:01:42,925 INFO o.a.j.JMeter: JMeter  Locale=English (EN)
2026-10-08 22:01:42,925 INFO o.a.j.JMeter: JMeterHome=C:\meter
2026-10-08 22:01:42,925 INFO o.a.j.JMeter: user.dir  =C:\Projects\ICT3113-A1-Team8
2026-10-08 22:01:42,925 INFO o.a.j.JMeter: PWD       =C:\Projects\ICT3113-A1-Team8
2026-10-08 22:01:42,934 INFO o.a.j.JMeter: IP: 192.168.86.25 Name: Samuel-Laptop FullName: Samuel-Laptop.lan
2026-10-08 22:01:42,949 INFO o.a.j.s.FileServer: Default base='C:\Projects\ICT3113-A1-Team8'
2026-10-08 22:01:42,949 INFO o.a.j.s.FileServer: Set new base='C:\Projects\ICT3113-A1-Team8\results\load\gemma3_4b\0.20rps'
2026-10-08 22:01:43,081 INFO o.a.j.s.SaveService: Testplan (JMX) version: 2.2. Testlog (JTL) version: 2.2
2026-10-08 22:01:43,086 INFO o.a.j.s.SaveService: Using SaveService properties file encoding UTF-8
2026-10-08 22:01:43,102 INFO o.a.j.s.SaveService: Using SaveService properties version 5.0
2026-10-08 22:01:43,102 INFO o.a.j.s.SaveService: Loading file: C:\Projects\ICT3113-A1-Team8\results\load\gemma3_4b\0.20rps\run1.jmx
2026-10-08 22:01:43,163 INFO o.a.j.p.h.s.HTTPSamplerBase: Parser for text/html is org.apache.jmeter.protocol.http.parser.LagartoBasedHtmlParser
2026-10-08 22:01:43,163 INFO o.a.j.p.h.s.HTTPSamplerBase: Parser for application/xhtml+xml is org.apache.jmeter.protocol.http.parser.LagartoBasedHtmlParser
2026-10-08 22:01:43,163 INFO o.a.j.p.h.s.HTTPSamplerBase: Parser for application/xml is org.apache.jmeter.protocol.http.parser.LagartoBasedHtmlParser
2026-10-08 22:01:43,163 INFO o.a.j.p.h.s.HTTPSamplerBase: Parser for text/xml is org.apache.jmeter.protocol.http.parser.LagartoBasedHtmlParser
2026-10-08 22:01:43,163 INFO o.a.j.p.h.s.HTTPSamplerBase: Parser for text/vnd.wap.wml is org.apache.jmeter.protocol.http.parser.RegexpHTMLParser
2026-10-08 22:01:43,163 INFO o.a.j.p.h.s.HTTPSamplerBase: Parser for text/css is org.apache.jmeter.protocol.http.parser.CssParser
2026-10-08 22:01:43,336 INFO o.a.j.JMeter: Creating summariser <summary>
2026-10-08 22:01:43,365 INFO o.a.j.e.StandardJMeterEngine: Running the test!
2026-10-08 22:01:43,365 INFO o.a.j.s.SampleEvent: List of sample_variables: []
2026-10-08 22:01:43,365 INFO o.a.j.s.SampleEvent: List of sample_variables: []
2026-10-08 22:01:43,369 INFO o.a.j.e.u.CompoundVariable: Note: Function class names must contain the string: '.functions.'
2026-10-08 22:01:43,369 INFO o.a.j.e.u.CompoundVariable: Note: Function class names must not contain the string: '.gui.'
2026-10-08 22:01:43,601 INFO o.a.j.JMeter: Running test (1791468103601)
2026-10-08 22:01:43,640 INFO o.a.j.e.StandardJMeterEngine: Starting ThreadGroup: 1 : Ticket intake
2026-10-08 22:01:43,640 INFO o.a.j.e.StandardJMeterEngine: Starting 0 threads for group Ticket intake.
2026-10-08 22:01:43,640 INFO o.a.j.e.StandardJMeterEngine: Thread will continue on error
2026-10-08 22:01:43,640 INFO o.a.j.t.o.OpenModelThreadGroup: Starting OpenModelThreadGroup#1 with schedule rate(12/min) random_arrivals(5 min) rate(12/min) pause(2 min)
2026-10-08 22:01:43,679 INFO o.a.j.e.StandardJMeterEngine: All thread groups have been started
2026-10-08 22:01:43,679 INFO o.a.j.t.o.OpenModelThreadGroup: Thread starting init
2026-10-08 22:01:43,679 INFO o.a.j.t.o.PoissonArrivalsRamp: Generating 60 events, beginRate = 0.2 / sec, endRate = 0.2 / sec, duration = 300.0 sec
2026-10-08 22:01:45,091 INFO o.a.j.t.JMeterThread: Thread started: Ticket intake 1-1
2026-10-08 22:01:45,092 INFO o.a.j.s.FileServer: Stored: run1.data.txt
2026-10-08 22:01:45,114 INFO o.a.j.p.h.s.HTTPHCAbstractImpl: Local host = Samuel-Laptop
2026-10-08 22:01:45,119 INFO o.a.j.p.h.s.HTTPHC4Impl: HTTP request retry count = 0
2026-10-08 22:01:45,120 INFO o.a.j.s.SampleResult: Note: Sample TimeStamps are START times
2026-10-08 22:01:45,120 INFO o.a.j.s.SampleResult: sampleresult.default.encoding is set to UTF-8
2026-10-08 22:01:45,120 INFO o.a.j.s.SampleResult: sampleresult.useNanoTime=true
2026-10-08 22:01:45,120 INFO o.a.j.s.SampleResult: sampleresult.nanoThreadSleep=5000
2026-10-08 22:01:49,309 INFO o.a.j.t.JMeterThread: Thread started: Ticket intake 1-2
2026-10-08 22:01:49,326 INFO o.a.j.t.JMeterThread: Thread started: Ticket intake 1-3
2026-10-08 22:01:51,844 INFO o.a.j.t.JMeterThread: Thread is done: Ticket intake 1-1
2026-10-08 22:01:51,844 INFO o.a.j.t.JMeterThread: Thread finished: Ticket intake 1-1
2026-10-08 22:01:52,216 INFO o.a.j.t.JMeterThread: Thread started: Ticket intake 1-4
2026-10-08 22:01:55,774 INFO o.a.j.t.JMeterThread: Thread is done: Ticket intake 1-2
2026-10-08 22:01:55,774 INFO o.a.j.t.JMeterThread: Thread finished: Ticket intake 1-2
2026-10-08 22:01:58,255 INFO o.a.j.t.JMeterThread: Thread started: Ticket intake 1-5
2026-10-08 22:02:00,647 INFO o.a.j.r.Summariser: summary +      3 in 00:00:17 =    0.2/s Avg:  8153 Min:  6463 Max: 11319 Err:     0 (0.00%) Active: 3 Started: 5 Finished: 2
2026-10-08 22:02:00,649 INFO o.a.j.t.JMeterThread: Thread is done: Ticket intake 1-3
2026-10-08 22:02:00,649 INFO o.a.j.t.JMeterThread: Thread finished: Ticket intake 1-3
2026-10-08 22:02:04,473 INFO o.a.j.t.JMeterThread: Thread is done: Ticket intake 1-4
2026-10-08 22:02:04,473 INFO o.a.j.t.JMeterThread: Thread finished: Ticket intake 1-4
2026-10-08 22:02:07,402 INFO o.a.j.t.JMeterThread: Thread is done: Ticket intake 1-5
2026-10-08 22:02:07,402 INFO o.a.j.t.JMeterThread: Thread finished: Ticket intake 1-5
2026-10-08 22:02:07,553 INFO o.a.j.t.JMeterThread: Thread started: Ticket intake 1-6
2026-10-08 22:02:09,790 INFO o.a.j.t.JMeterThread: Thread started: Ticket intake 1-7
2026-10-08 22:02:11,113 INFO o.a.j.t.JMeterThread: Thread started: Ticket intake 1-8
2026-10-08 22:02:12,719 INFO o.a.j.t.JMeterThread: Thread is done: Ticket intake 1-6
2026-10-08 22:02:12,720 INFO o.a.j.t.JMeterThread: Thread finished: Ticket intake 1-6
2026-10-08 22:02:16,712 INFO o.a.j.t.JMeterThread: Thread is done: Ticket intake 1-7
2026-10-08 22:02:16,712 INFO o.a.j.t.JMeterThread: Thread finished: Ticket intake 1-7
2026-10-08 22:02:19,892 INFO o.a.j.t.JMeterThread: Thread is done: Ticket intake 1-8
2026-10-08 22:02:19,892 INFO o.a.j.t.JMeterThread: Thread finished: Ticket intake 1-8
2026-10-08 22:02:32,707 INFO o.a.j.t.JMeterThread: Thread started: Ticket intake 1-9
2026-10-08 22:02:32,785 INFO o.a.j.t.JMeterThread: Thread started: Ticket intake 1-10
2026-10-08 22:02:38,408 INFO o.a.j.t.JMeterThread: Thread is done: Ticket intake 1-9
2026-10-08 22:02:38,408 INFO o.a.j.t.JMeterThread: Thread finished: Ticket intake 1-9
2026-10-08 22:02:39,660 INFO o.a.j.t.JMeterThread: Thread started: Ticket intake 1-11
2026-10-08 22:02:42,240 INFO o.a.j.t.JMeterThread: Thread is done: Ticket intake 1-10
2026-10-08 22:02:42,240 INFO o.a.j.t.JMeterThread: Thread finished: Ticket intake 1-10
2026-10-08 22:02:42,739 INFO o.a.j.t.JMeterThread: Thread started: Ticket intake 1-12
2026-10-08 22:02:43,444 INFO o.a.j.t.JMeterThread: Thread started: Ticket intake 1-13
2026-10-08 22:02:46,406 INFO o.a.j.t.JMeterThread: Thread is done: Ticket intake 1-11
2026-10-08 22:02:46,406 INFO o.a.j.t.JMeterThread: Thread finished: Ticket intake 1-11
2026-10-08 22:02:48,933 INFO o.a.j.t.JMeterThread: Thread started: Ticket intake 1-14
2026-10-08 22:02:50,795 INFO o.a.j.t.JMeterThread: Thread is done: Ticket intake 1-12
2026-10-08 22:02:50,796 INFO o.a.j.t.JMeterThread: Thread finished: Ticket intake 1-12
2026-10-08 22:02:51,251 INFO o.a.j.t.JMeterThread: Thread started: Ticket intake 1-15
2026-10-08 22:02:53,670 INFO o.a.j.t.JMeterThread: Thread is done: Ticket intake 1-13
2026-10-08 22:02:53,670 INFO o.a.j.t.JMeterThread: Thread finished: Ticket intake 1-13
2026-10-08 22:03:00,465 INFO o.a.j.r.Summariser: summary +     11 in 00:01:00 =    0.2/s Avg:  8543 Min:  5165 Max: 12256 Err:     0 (0.00%) Active: 2 Started: 15 Finished: 13
2026-10-08 22:03:00,465 INFO o.a.j.r.Summariser: summary =     14 in 00:01:17 =    0.2/s Avg:  8459 Min:  5165 Max: 12256 Err:     0 (0.00%)
2026-10-08 22:03:00,466 INFO o.a.j.t.JMeterThread: Thread is done: Ticket intake 1-14
2026-10-08 22:03:00,466 INFO o.a.j.t.JMeterThread: Thread finished: Ticket intake 1-14
2026-10-08 22:03:02,995 INFO o.a.j.t.JMeterThread: Thread is done: Ticket intake 1-15
2026-10-08 22:03:02,995 INFO o.a.j.t.JMeterThread: Thread finished: Ticket intake 1-15
2026-10-08 22:03:03,860 INFO o.a.j.t.JMeterThread: Thread started: Ticket intake 1-16
2026-10-08 22:03:06,849 INFO o.a.j.t.JMeterThread: Thread is done: Ticket intake 1-16
2026-10-08 22:03:06,849 INFO o.a.j.t.JMeterThread: Thread finished: Ticket intake 1-16
2026-10-08 22:03:08,398 INFO o.a.j.t.JMeterThread: Thread started: Ticket intake 1-17
2026-10-08 22:03:10,043 INFO o.a.j.t.JMeterThread: Thread started: Ticket intake 1-18
2026-10-08 22:03:11,500 INFO o.a.j.t.JMeterThread: Thread is done: Ticket intake 1-17
2026-10-08 22:03:11,500 INFO o.a.j.t.JMeterThread: Thread finished: Ticket intake 1-17
2026-10-08 22:03:16,817 INFO o.a.j.t.JMeterThread: Thread started: Ticket intake 1-19
2026-10-08 22:03:18,347 INFO o.a.j.t.JMeterThread: Thread is done: Ticket intake 1-18
2026-10-08 22:03:18,347 INFO o.a.j.t.JMeterThread: Thread finished: Ticket intake 1-18
2026-10-08 22:03:19,199 INFO o.a.j.t.JMeterThread: Thread started: Ticket intake 1-20
2026-10-08 22:03:24,022 INFO o.a.j.t.JMeterThread: Thread is done: Ticket intake 1-19
2026-10-08 22:03:24,022 INFO o.a.j.t.JMeterThread: Thread finished: Ticket intake 1-19
2026-10-08 22:03:28,991 INFO o.a.j.t.JMeterThread: Thread started: Ticket intake 1-21
2026-10-08 22:03:32,163 INFO o.a.j.r.Summariser: summary +      6 in 00:00:32 =    0.2/s Avg:  7716 Min:  2988 Max: 12963 Err:     0 (0.00%) Active: 2 Started: 21 Finished: 19
2026-10-08 22:03:32,164 INFO o.a.j.r.Summariser: summary =     20 in 00:01:49 =    0.2/s Avg:  8236 Min:  2988 Max: 12963 Err:     0 (0.00%)
2026-10-08 22:03:32,165 INFO o.a.j.t.JMeterThread: Thread is done: Ticket intake 1-20
2026-10-08 22:03:32,165 INFO o.a.j.t.JMeterThread: Thread finished: Ticket intake 1-20
2026-10-08 22:03:35,384 INFO o.a.j.t.JMeterThread: Thread is done: Ticket intake 1-21
2026-10-08 22:03:35,385 INFO o.a.j.t.JMeterThread: Thread finished: Ticket intake 1-21
2026-10-08 22:03:35,765 INFO o.a.j.t.JMeterThread: Thread started: Ticket intake 1-22
2026-10-08 22:03:38,145 INFO o.a.j.t.JMeterThread: Thread started: Ticket intake 1-23
2026-10-08 22:03:38,685 INFO o.a.j.t.JMeterThread: Thread is done: Ticket intake 1-22
2026-10-08 22:03:38,685 INFO o.a.j.t.JMeterThread: Thread finished: Ticket intake 1-22
2026-10-08 22:03:38,927 INFO o.a.j.t.JMeterThread: Thread started: Ticket intake 1-24
2026-10-08 22:03:42,478 INFO o.a.j.t.JMeterThread: Thread is done: Ticket intake 1-23
2026-10-08 22:03:42,478 INFO o.a.j.t.JMeterThread: Thread finished: Ticket intake 1-23
2026-10-08 22:03:45,158 INFO o.a.j.t.JMeterThread: Thread started: Ticket intake 1-25
2026-10-08 22:03:46,926 INFO o.a.j.t.JMeterThread: Thread is done: Ticket intake 1-24
2026-10-08 22:03:46,926 INFO o.a.j.t.JMeterThread: Thread finished: Ticket intake 1-24
2026-10-08 22:03:48,060 INFO o.a.j.t.JMeterThread: Thread started: Ticket intake 1-26
2026-10-08 22:03:50,060 INFO o.a.j.t.JMeterThread: Thread is done: Ticket intake 1-25
2026-10-08 22:03:50,060 INFO o.a.j.t.JMeterThread: Thread finished: Ticket intake 1-25
2026-10-08 22:03:51,190 INFO o.a.j.t.JMeterThread: Thread started: Ticket intake 1-27
2026-10-08 22:03:54,596 INFO o.a.j.t.JMeterThread: Thread is done: Ticket intake 1-26
2026-10-08 22:03:54,597 INFO o.a.j.t.JMeterThread: Thread finished: Ticket intake 1-26
2026-10-08 22:03:58,214 INFO o.a.j.t.JMeterThread: Thread is done: Ticket intake 1-27
2026-10-08 22:03:58,214 INFO o.a.j.t.JMeterThread: Thread finished: Ticket intake 1-27
2026-10-08 22:04:06,017 INFO o.a.j.t.JMeterThread: Thread started: Ticket intake 1-28
2026-10-08 22:04:06,706 INFO o.a.j.t.JMeterThread: Thread started: Ticket intake 1-29
2026-10-08 22:04:09,161 INFO o.a.j.t.JMeterThread: Thread is done: Ticket intake 1-28
2026-10-08 22:04:09,161 INFO o.a.j.t.JMeterThread: Thread finished: Ticket intake 1-28
2026-10-08 22:04:13,665 INFO o.a.j.t.JMeterThread: Thread is done: Ticket intake 1-29
2026-10-08 22:04:13,665 INFO o.a.j.t.JMeterThread: Thread finished: Ticket intake 1-29
2026-10-08 22:04:18,940 INFO o.a.j.t.JMeterThread: Thread started: Ticket intake 1-30
2026-10-08 22:04:21,979 INFO o.a.j.t.JMeterThread: Thread started: Ticket intake 1-31
2026-10-08 22:04:22,672 INFO o.a.j.t.JMeterThread: Thread is done: Ticket intake 1-30
2026-10-08 22:04:22,672 INFO o.a.j.t.JMeterThread: Thread finished: Ticket intake 1-30
2026-10-08 22:04:24,974 INFO o.a.j.t.JMeterThread: Thread started: Ticket intake 1-32
2026-10-08 22:04:25,376 INFO o.a.j.t.JMeterThread: Thread is done: Ticket intake 1-31
2026-10-08 22:04:25,376 INFO o.a.j.t.JMeterThread: Thread finished: Ticket intake 1-31
2026-10-08 22:04:26,653 INFO o.a.j.t.JMeterThread: Thread started: Ticket intake 1-33
2026-10-08 22:04:26,916 INFO o.a.j.t.JMeterThread: Thread started: Ticket intake 1-34
2026-10-08 22:04:27,575 INFO o.a.j.t.JMeterThread: Thread started: Ticket intake 1-35
2026-10-08 22:04:33,536 INFO o.a.j.r.Summariser: summary +     12 in 00:01:01 =    0.2/s Avg:  5491 Min:  2918 Max:  8559 Err:     0 (0.00%) Active: 4 Started: 35 Finished: 31
2026-10-08 22:04:33,537 INFO o.a.j.r.Summariser: summary =     32 in 00:02:50 =    0.2/s Avg:  7207 Min:  2918 Max: 12963 Err:     0 (0.00%)
2026-10-08 22:04:33,538 INFO o.a.j.t.JMeterThread: Thread is done: Ticket intake 1-32
2026-10-08 22:04:33,538 INFO o.a.j.t.JMeterThread: Thread finished: Ticket intake 1-32
2026-10-08 22:04:33,708 INFO o.a.j.t.JMeterThread: Thread started: Ticket intake 1-36
2026-10-08 22:04:37,989 INFO o.a.j.t.JMeterThread: Thread is done: Ticket intake 1-33
2026-10-08 22:04:37,989 INFO o.a.j.t.JMeterThread: Thread finished: Ticket intake 1-33
2026-10-08 22:04:40,412 INFO o.a.j.t.JMeterThread: Thread started: Ticket intake 1-37
2026-10-08 22:04:40,459 INFO o.a.j.t.JMeterThread: Thread is done: Ticket intake 1-34
2026-10-08 22:04:40,459 INFO o.a.j.t.JMeterThread: Thread finished: Ticket intake 1-34
2026-10-08 22:04:43,362 INFO o.a.j.t.JMeterThread: Thread is done: Ticket intake 1-35
2026-10-08 22:04:43,362 INFO o.a.j.t.JMeterThread: Thread finished: Ticket intake 1-35
2026-10-08 22:04:44,184 INFO o.a.j.t.JMeterThread: Thread started: Ticket intake 1-38
2026-10-08 22:04:49,189 INFO o.a.j.t.JMeterThread: Thread is done: Ticket intake 1-36
2026-10-08 22:04:49,189 INFO o.a.j.t.JMeterThread: Thread finished: Ticket intake 1-36
2026-10-08 22:04:54,070 INFO o.a.j.t.JMeterThread: Thread started: Ticket intake 1-39
2026-10-08 22:04:55,321 INFO o.a.j.t.JMeterThread: Thread is done: Ticket intake 1-37
2026-10-08 22:04:55,321 INFO o.a.j.t.JMeterThread: Thread finished: Ticket intake 1-37
2026-10-08 22:04:59,120 INFO o.a.j.t.JMeterThread: Thread is done: Ticket intake 1-38
2026-10-08 22:04:59,120 INFO o.a.j.t.JMeterThread: Thread finished: Ticket intake 1-38
2026-10-08 22:05:01,986 INFO o.a.j.r.Summariser: summary +      7 in 00:00:28 =    0.2/s Avg: 13416 Min:  7915 Max: 15798 Err:     0 (0.00%) Active: 1 Started: 39 Finished: 38
2026-10-08 22:05:01,986 INFO o.a.j.r.Summariser: summary =     39 in 00:03:18 =    0.2/s Avg:  8321 Min:  2918 Max: 15798 Err:     0 (0.00%)
2026-10-08 22:05:01,987 INFO o.a.j.t.JMeterThread: Thread is done: Ticket intake 1-39
2026-10-08 22:05:01,987 INFO o.a.j.t.JMeterThread: Thread finished: Ticket intake 1-39
2026-10-08 22:05:05,344 INFO o.a.j.t.JMeterThread: Thread started: Ticket intake 1-40
2026-10-08 22:05:11,281 INFO o.a.j.t.JMeterThread: Thread is done: Ticket intake 1-40
2026-10-08 22:05:11,281 INFO o.a.j.t.JMeterThread: Thread finished: Ticket intake 1-40
2026-10-08 22:05:13,598 INFO o.a.j.t.JMeterThread: Thread started: Ticket intake 1-41
2026-10-08 22:05:14,786 INFO o.a.j.t.JMeterThread: Thread started: Ticket intake 1-42
2026-10-08 22:05:15,184 INFO o.a.j.t.JMeterThread: Thread started: Ticket intake 1-43
2026-10-08 22:05:20,956 INFO o.a.j.t.JMeterThread: Thread started: Ticket intake 1-44
2026-10-08 22:05:21,189 INFO o.a.j.t.JMeterThread: Thread is done: Ticket intake 1-41
2026-10-08 22:05:21,189 INFO o.a.j.t.JMeterThread: Thread finished: Ticket intake 1-41
2026-10-08 22:05:24,441 INFO o.a.j.t.JMeterThread: Thread is done: Ticket intake 1-42
2026-10-08 22:05:24,442 INFO o.a.j.t.JMeterThread: Thread finished: Ticket intake 1-42
2026-10-08 22:05:28,190 INFO o.a.j.t.JMeterThread: Thread is done: Ticket intake 1-43
2026-10-08 22:05:28,190 INFO o.a.j.t.JMeterThread: Thread finished: Ticket intake 1-43
2026-10-08 22:05:29,205 INFO o.a.j.t.JMeterThread: Thread started: Ticket intake 1-45
2026-10-08 22:05:29,729 INFO o.a.j.t.JMeterThread: Thread started: Ticket intake 1-46
2026-10-08 22:05:31,535 INFO o.a.j.t.JMeterThread: Thread started: Ticket intake 1-47
2026-10-08 22:05:33,781 INFO o.a.j.t.JMeterThread: Thread started: Ticket intake 1-48
2026-10-08 22:05:34,579 INFO o.a.j.r.Summariser: summary +      5 in 00:00:33 =    0.2/s Avg:  9961 Min:  5938 Max: 13621 Err:     0 (0.00%) Active: 5 Started: 48 Finished: 43
2026-10-08 22:05:34,579 INFO o.a.j.r.Summariser: summary =     44 in 00:03:51 =    0.2/s Avg:  8508 Min:  2918 Max: 15798 Err:     0 (0.00%)
2026-10-08 22:05:34,580 INFO o.a.j.t.JMeterThread: Thread is done: Ticket intake 1-44
2026-10-08 22:05:34,580 INFO o.a.j.t.JMeterThread: Thread finished: Ticket intake 1-44
2026-10-08 22:05:38,779 INFO o.a.j.t.JMeterThread: Thread is done: Ticket intake 1-45
2026-10-08 22:05:38,779 INFO o.a.j.t.JMeterThread: Thread finished: Ticket intake 1-45
2026-10-08 22:05:46,640 INFO o.a.j.t.JMeterThread: Thread is done: Ticket intake 1-46
2026-10-08 22:05:46,640 INFO o.a.j.t.JMeterThread: Thread finished: Ticket intake 1-46
2026-10-08 22:05:50,598 INFO o.a.j.t.JMeterThread: Thread is done: Ticket intake 1-47
2026-10-08 22:05:50,598 INFO o.a.j.t.JMeterThread: Thread finished: Ticket intake 1-47
2026-10-08 22:05:50,602 INFO o.a.j.t.JMeterThread: Thread started: Ticket intake 1-49
2026-10-08 22:05:51,972 INFO o.a.j.t.JMeterThread: Thread started: Ticket intake 1-50
2026-10-08 22:05:55,786 INFO o.a.j.t.JMeterThread: Thread started: Ticket intake 1-51
2026-10-08 22:05:57,615 INFO o.a.j.t.JMeterThread: Thread started: Ticket intake 1-52
2026-10-08 22:05:57,846 INFO o.a.j.t.JMeterThread: Thread is done: Ticket intake 1-48
2026-10-08 22:05:57,847 INFO o.a.j.t.JMeterThread: Thread finished: Ticket intake 1-48
2026-10-08 22:05:59,525 INFO o.a.j.t.JMeterThread: Thread started: Ticket intake 1-53
2026-10-08 22:06:01,231 INFO o.a.j.r.Summariser: summary +      5 in 00:00:27 =    0.2/s Avg: 16047 Min:  9574 Max: 24064 Err:     0 (0.00%) Active: 5 Started: 53 Finished: 48
2026-10-08 22:06:01,231 INFO o.a.j.r.Summariser: summary =     49 in 00:04:18 =    0.2/s Avg:  9277 Min:  2918 Max: 24064 Err:     0 (0.00%)
2026-10-08 22:06:01,232 INFO o.a.j.t.JMeterThread: Thread is done: Ticket intake 1-49
2026-10-08 22:06:01,232 INFO o.a.j.t.JMeterThread: Thread finished: Ticket intake 1-49
2026-10-08 22:06:05,230 INFO o.a.j.t.JMeterThread: Thread started: Ticket intake 1-54
2026-10-08 22:06:05,462 INFO o.a.j.t.JMeterThread: Thread is done: Ticket intake 1-50
2026-10-08 22:06:05,462 INFO o.a.j.t.JMeterThread: Thread finished: Ticket intake 1-50
2026-10-08 22:06:11,079 INFO o.a.j.t.JMeterThread: Thread is done: Ticket intake 1-51
2026-10-08 22:06:11,079 INFO o.a.j.t.JMeterThread: Thread finished: Ticket intake 1-51
2026-10-08 22:06:14,351 INFO o.a.j.t.JMeterThread: Thread is done: Ticket intake 1-52
2026-10-08 22:06:14,351 INFO o.a.j.t.JMeterThread: Thread finished: Ticket intake 1-52
2026-10-08 22:06:16,700 INFO o.a.j.t.JMeterThread: Thread started: Ticket intake 1-55
2026-10-08 22:06:21,025 INFO o.a.j.t.JMeterThread: Thread is done: Ticket intake 1-53
2026-10-08 22:06:21,025 INFO o.a.j.t.JMeterThread: Thread finished: Ticket intake 1-53
2026-10-08 22:06:27,780 INFO o.a.j.t.JMeterThread: Thread is done: Ticket intake 1-54
2026-10-08 22:06:27,780 INFO o.a.j.t.JMeterThread: Thread finished: Ticket intake 1-54
2026-10-08 22:06:32,084 INFO o.a.j.r.Summariser: summary +      6 in 00:00:31 =    0.2/s Avg: 17490 Min: 13488 Max: 22548 Err:     0 (0.00%) Active: 1 Started: 55 Finished: 54
2026-10-08 22:06:32,085 INFO o.a.j.r.Summariser: summary =     55 in 00:04:48 =    0.2/s Avg: 10173 Min:  2918 Max: 24064 Err:     0 (0.00%)
2026-10-08 22:06:32,085 INFO o.a.j.t.JMeterThread: Thread is done: Ticket intake 1-55
2026-10-08 22:06:32,085 INFO o.a.j.t.JMeterThread: Thread finished: Ticket intake 1-55
2026-10-08 22:06:33,353 INFO o.a.j.t.JMeterThread: Thread started: Ticket intake 1-56
2026-10-08 22:06:33,707 INFO o.a.j.t.JMeterThread: Thread started: Ticket intake 1-57
2026-10-08 22:06:37,825 INFO o.a.j.t.JMeterThread: Thread is done: Ticket intake 1-56
2026-10-08 22:06:37,825 INFO o.a.j.t.JMeterThread: Thread finished: Ticket intake 1-56
2026-10-08 22:06:40,802 INFO o.a.j.t.JMeterThread: Thread started: Ticket intake 1-58
2026-10-08 22:06:40,809 INFO o.a.j.t.JMeterThread: Thread started: Ticket intake 1-59
2026-10-08 22:06:42,776 INFO o.a.j.t.o.EvenArrivalsRamp: Generating 0 events, beginRate = 0.0 / sec, endRate = 0.0 / sec, duration = 120.0 sec
2026-10-08 22:06:42,776 INFO o.a.j.t.o.OpenModelThreadGroup: There will be no more events, so will wait for 120 sec till the end of the schedule
2026-10-08 22:06:42,777 INFO o.a.j.t.JMeterThread: Thread started: Ticket intake 1-60
2026-10-08 22:06:42,853 INFO o.a.j.t.JMeterThread: Thread is done: Ticket intake 1-57
2026-10-08 22:06:42,853 INFO o.a.j.t.JMeterThread: Thread finished: Ticket intake 1-57
2026-10-08 22:06:47,938 INFO o.a.j.t.JMeterThread: Thread is done: Ticket intake 1-58
2026-10-08 22:06:47,938 INFO o.a.j.t.JMeterThread: Thread finished: Ticket intake 1-58
2026-10-08 22:06:54,607 INFO o.a.j.t.JMeterThread: Thread is done: Ticket intake 1-59
2026-10-08 22:06:54,607 INFO o.a.j.t.JMeterThread: Thread finished: Ticket intake 1-59
2026-10-08 22:06:58,700 INFO o.a.j.t.JMeterThread: Thread is done: Ticket intake 1-60
2026-10-08 22:06:58,700 INFO o.a.j.t.JMeterThread: Thread finished: Ticket intake 1-60
2026-10-08 22:08:43,367 INFO o.a.j.t.o.OpenModelThreadGroup: There will be no more events, will shutdown the thread pool
2026-10-08 22:08:43,367 INFO o.a.j.t.o.OpenModelThreadGroup: Thread starting done
2026-10-08 22:08:43,367 INFO o.a.j.e.StandardJMeterEngine: Notifying test listeners of end of test
2026-10-08 22:08:43,367 INFO o.a.j.s.FileServer: Close: run1.data.txt
2026-10-08 22:08:43,368 INFO o.a.j.r.Summariser: summary +      5 in 00:02:11 =    0.0/s Avg: 10093 Min:  4471 Max: 15922 Err:     0 (0.00%) Active: 0 Started: 60 Finished: 60
2026-10-08 22:08:43,368 INFO o.a.j.r.Summariser: summary =     60 in 00:07:00 =    0.1/s Avg: 10166 Min:  2918 Max: 24064 Err:     0 (0.00%)
