2026-10-08 22:17:46,918 INFO o.a.j.u.JMeterUtils: Setting Locale to en_EN
2026-10-08 22:17:46,933 INFO o.a.j.JMeter: Loading user properties from: C:\meter\bin\user.properties
2026-10-08 22:17:46,934 INFO o.a.j.JMeter: Loading system properties from: C:\meter\bin\system.properties
2026-10-08 22:17:46,934 INFO o.a.j.JMeter: Setting JMeter property: host=192.168.86.33
2026-10-08 22:17:46,940 INFO o.a.j.JMeter: Copyright (c) 1998-2024 The Apache Software Foundation
2026-10-08 22:17:46,940 INFO o.a.j.JMeter: Version 5.6.3
2026-10-08 22:17:46,941 INFO o.a.j.JMeter: java.version=1.8.0_431
2026-10-08 22:17:46,941 INFO o.a.j.JMeter: java.vm.name=Java HotSpot(TM) Client VM
2026-10-08 22:17:46,941 INFO o.a.j.JMeter: os.name=Windows 11
2026-10-08 22:17:46,941 INFO o.a.j.JMeter: os.arch=x86
2026-10-08 22:17:46,941 INFO o.a.j.JMeter: os.version=10.0
2026-10-08 22:17:46,941 INFO o.a.j.JMeter: file.encoding=Cp1252
2026-10-08 22:17:46,941 INFO o.a.j.JMeter: java.awt.headless=true
2026-10-08 22:17:46,941 INFO o.a.j.JMeter: Max memory     =1073741824
2026-10-08 22:17:46,941 INFO o.a.j.JMeter: Available Processors =16
2026-10-08 22:17:46,944 INFO o.a.j.JMeter: Default Locale=English (EN)
2026-10-08 22:17:46,944 INFO o.a.j.JMeter: JMeter  Locale=English (EN)
2026-10-08 22:17:46,944 INFO o.a.j.JMeter: JMeterHome=C:\meter
2026-10-08 22:17:46,944 INFO o.a.j.JMeter: user.dir  =C:\Projects\ICT3113-A1-Team8
2026-10-08 22:17:46,944 INFO o.a.j.JMeter: PWD       =C:\Projects\ICT3113-A1-Team8
2026-10-08 22:17:46,956 INFO o.a.j.JMeter: IP: 192.168.86.25 Name: Samuel-Laptop FullName: Samuel-Laptop.lan
2026-10-08 22:17:46,973 INFO o.a.j.s.FileServer: Default base='C:\Projects\ICT3113-A1-Team8'
2026-10-08 22:17:46,973 INFO o.a.j.s.FileServer: Set new base='C:\Projects\ICT3113-A1-Team8\results\load\gemma3_4b\0.20rps'
2026-10-08 22:17:47,089 INFO o.a.j.s.SaveService: Testplan (JMX) version: 2.2. Testlog (JTL) version: 2.2
2026-10-08 22:17:47,117 INFO o.a.j.s.SaveService: Using SaveService properties file encoding UTF-8
2026-10-08 22:17:47,124 INFO o.a.j.s.SaveService: Using SaveService properties version 5.0
2026-10-08 22:17:47,131 INFO o.a.j.s.SaveService: Loading file: C:\Projects\ICT3113-A1-Team8\results\load\gemma3_4b\0.20rps\run2.jmx
2026-10-08 22:17:47,200 INFO o.a.j.p.h.s.HTTPSamplerBase: Parser for text/html is org.apache.jmeter.protocol.http.parser.LagartoBasedHtmlParser
2026-10-08 22:17:47,200 INFO o.a.j.p.h.s.HTTPSamplerBase: Parser for application/xhtml+xml is org.apache.jmeter.protocol.http.parser.LagartoBasedHtmlParser
2026-10-08 22:17:47,200 INFO o.a.j.p.h.s.HTTPSamplerBase: Parser for application/xml is org.apache.jmeter.protocol.http.parser.LagartoBasedHtmlParser
2026-10-08 22:17:47,200 INFO o.a.j.p.h.s.HTTPSamplerBase: Parser for text/xml is org.apache.jmeter.protocol.http.parser.LagartoBasedHtmlParser
2026-10-08 22:17:47,200 INFO o.a.j.p.h.s.HTTPSamplerBase: Parser for text/vnd.wap.wml is org.apache.jmeter.protocol.http.parser.RegexpHTMLParser
2026-10-08 22:17:47,200 INFO o.a.j.p.h.s.HTTPSamplerBase: Parser for text/css is org.apache.jmeter.protocol.http.parser.CssParser
2026-10-08 22:17:47,369 INFO o.a.j.JMeter: Creating summariser <summary>
2026-10-08 22:17:47,391 INFO o.a.j.e.StandardJMeterEngine: Running the test!
2026-10-08 22:17:47,391 INFO o.a.j.s.SampleEvent: List of sample_variables: []
2026-10-08 22:17:47,391 INFO o.a.j.s.SampleEvent: List of sample_variables: []
2026-10-08 22:17:47,397 INFO o.a.j.e.u.CompoundVariable: Note: Function class names must contain the string: '.functions.'
2026-10-08 22:17:47,397 INFO o.a.j.e.u.CompoundVariable: Note: Function class names must not contain the string: '.gui.'
2026-10-08 22:17:47,617 INFO o.a.j.JMeter: Running test (1791469067617)
2026-10-08 22:17:47,659 INFO o.a.j.e.StandardJMeterEngine: Starting ThreadGroup: 1 : Ticket intake
2026-10-08 22:17:47,659 INFO o.a.j.e.StandardJMeterEngine: Starting 0 threads for group Ticket intake.
2026-10-08 22:17:47,659 INFO o.a.j.e.StandardJMeterEngine: Thread will continue on error
2026-10-08 22:17:47,659 INFO o.a.j.t.o.OpenModelThreadGroup: Starting OpenModelThreadGroup#1 with schedule rate(12/min) random_arrivals(5 min) rate(12/min) pause(2 min)
2026-10-08 22:17:47,685 INFO o.a.j.e.StandardJMeterEngine: All thread groups have been started
2026-10-08 22:17:47,685 INFO o.a.j.t.o.OpenModelThreadGroup: Thread starting init
2026-10-08 22:17:47,700 INFO o.a.j.t.o.PoissonArrivalsRamp: Generating 60 events, beginRate = 0.2 / sec, endRate = 0.2 / sec, duration = 300.0 sec
2026-10-08 22:17:49,841 INFO o.a.j.t.JMeterThread: Thread started: Ticket intake 1-1
2026-10-08 22:17:49,842 INFO o.a.j.s.FileServer: Stored: run2.data.txt
2026-10-08 22:17:49,864 INFO o.a.j.p.h.s.HTTPHCAbstractImpl: Local host = Samuel-Laptop
2026-10-08 22:17:49,870 INFO o.a.j.p.h.s.HTTPHC4Impl: HTTP request retry count = 0
2026-10-08 22:17:49,872 INFO o.a.j.s.SampleResult: Note: Sample TimeStamps are START times
2026-10-08 22:17:49,872 INFO o.a.j.s.SampleResult: sampleresult.default.encoding is set to UTF-8
2026-10-08 22:17:49,872 INFO o.a.j.s.SampleResult: sampleresult.useNanoTime=true
2026-10-08 22:17:49,872 INFO o.a.j.s.SampleResult: sampleresult.nanoThreadSleep=5000
2026-10-08 22:17:50,992 INFO o.a.j.t.JMeterThread: Thread started: Ticket intake 1-2
2026-10-08 22:17:51,099 INFO o.a.j.t.JMeterThread: Thread started: Ticket intake 1-3
2026-10-08 22:17:54,408 INFO o.a.j.t.JMeterThread: Thread is done: Ticket intake 1-1
2026-10-08 22:17:54,408 INFO o.a.j.t.JMeterThread: Thread finished: Ticket intake 1-1
2026-10-08 22:17:55,904 INFO o.a.j.t.JMeterThread: Thread started: Ticket intake 1-4
2026-10-08 22:18:00,494 INFO o.a.j.r.Summariser: summary +      2 in 00:00:13 =    0.2/s Avg:  6991 Min:  4484 Max:  9499 Err:     0 (0.00%) Active: 3 Started: 4 Finished: 1
2026-10-08 22:18:00,495 INFO o.a.j.t.JMeterThread: Thread is done: Ticket intake 1-2
2026-10-08 22:18:00,495 INFO o.a.j.t.JMeterThread: Thread finished: Ticket intake 1-2
2026-10-08 22:18:03,009 INFO o.a.j.t.JMeterThread: Thread is done: Ticket intake 1-3
2026-10-08 22:18:03,009 INFO o.a.j.t.JMeterThread: Thread finished: Ticket intake 1-3
2026-10-08 22:18:08,375 INFO o.a.j.t.JMeterThread: Thread is done: Ticket intake 1-4
2026-10-08 22:18:08,375 INFO o.a.j.t.JMeterThread: Thread finished: Ticket intake 1-4
2026-10-08 22:18:14,949 INFO o.a.j.t.JMeterThread: Thread started: Ticket intake 1-5
2026-10-08 22:18:18,794 INFO o.a.j.t.JMeterThread: Thread started: Ticket intake 1-6
2026-10-08 22:18:18,951 INFO o.a.j.t.JMeterThread: Thread is done: Ticket intake 1-5
2026-10-08 22:18:18,951 INFO o.a.j.t.JMeterThread: Thread finished: Ticket intake 1-5
2026-10-08 22:18:22,937 INFO o.a.j.t.JMeterThread: Thread is done: Ticket intake 1-6
2026-10-08 22:18:22,938 INFO o.a.j.t.JMeterThread: Thread finished: Ticket intake 1-6
2026-10-08 22:18:27,283 INFO o.a.j.t.JMeterThread: Thread started: Ticket intake 1-7
2026-10-08 22:18:30,128 INFO o.a.j.t.JMeterThread: Thread started: Ticket intake 1-8
2026-10-08 22:18:34,379 INFO o.a.j.r.Summariser: summary +      5 in 00:00:34 =    0.1/s Avg:  7923 Min:  4000 Max: 12470 Err:     0 (0.00%) Active: 2 Started: 8 Finished: 6
2026-10-08 22:18:34,380 INFO o.a.j.r.Summariser: summary =      7 in 00:00:47 =    0.1/s Avg:  7657 Min:  4000 Max: 12470 Err:     0 (0.00%)
2026-10-08 22:18:34,381 INFO o.a.j.t.JMeterThread: Thread is done: Ticket intake 1-7
2026-10-08 22:18:34,381 INFO o.a.j.t.JMeterThread: Thread finished: Ticket intake 1-7
2026-10-08 22:18:35,257 INFO o.a.j.t.JMeterThread: Thread started: Ticket intake 1-9
2026-10-08 22:18:40,047 INFO o.a.j.t.JMeterThread: Thread is done: Ticket intake 1-8
2026-10-08 22:18:40,047 INFO o.a.j.t.JMeterThread: Thread finished: Ticket intake 1-8
2026-10-08 22:18:42,821 INFO o.a.j.t.JMeterThread: Thread started: Ticket intake 1-10
2026-10-08 22:18:46,448 INFO o.a.j.t.JMeterThread: Thread is done: Ticket intake 1-9
2026-10-08 22:18:46,448 INFO o.a.j.t.JMeterThread: Thread finished: Ticket intake 1-9
2026-10-08 22:18:49,044 INFO o.a.j.t.JMeterThread: Thread started: Ticket intake 1-11
2026-10-08 22:18:49,582 INFO o.a.j.t.JMeterThread: Thread started: Ticket intake 1-12
2026-10-08 22:18:52,980 INFO o.a.j.t.JMeterThread: Thread is done: Ticket intake 1-10
2026-10-08 22:18:52,981 INFO o.a.j.t.JMeterThread: Thread finished: Ticket intake 1-10
2026-10-08 22:18:58,749 INFO o.a.j.t.JMeterThread: Thread is done: Ticket intake 1-11
2026-10-08 22:18:58,749 INFO o.a.j.t.JMeterThread: Thread finished: Ticket intake 1-11
2026-10-08 22:19:00,516 INFO o.a.j.t.JMeterThread: Thread started: Ticket intake 1-13
2026-10-08 22:19:04,015 INFO o.a.j.r.Summariser: summary +      5 in 00:00:30 =    0.2/s Avg: 11080 Min:  9704 Max: 14431 Err:     0 (0.00%) Active: 2 Started: 13 Finished: 11
2026-10-08 22:19:04,016 INFO o.a.j.r.Summariser: summary =     12 in 00:01:16 =    0.2/s Avg:  9083 Min:  4000 Max: 14431 Err:     0 (0.00%)
2026-10-08 22:19:04,016 INFO o.a.j.t.JMeterThread: Thread is done: Ticket intake 1-12
2026-10-08 22:19:04,016 INFO o.a.j.t.JMeterThread: Thread finished: Ticket intake 1-12
2026-10-08 22:19:04,769 INFO o.a.j.t.JMeterThread: Thread started: Ticket intake 1-14
2026-10-08 22:19:06,556 INFO o.a.j.t.JMeterThread: Thread started: Ticket intake 1-15
2026-10-08 22:19:07,288 INFO o.a.j.t.JMeterThread: Thread is done: Ticket intake 1-13
2026-10-08 22:19:07,288 INFO o.a.j.t.JMeterThread: Thread finished: Ticket intake 1-13
2026-10-08 22:19:08,569 INFO o.a.j.t.JMeterThread: Thread started: Ticket intake 1-16
2026-10-08 22:19:13,396 INFO o.a.j.t.JMeterThread: Thread is done: Ticket intake 1-14
2026-10-08 22:19:13,396 INFO o.a.j.t.JMeterThread: Thread finished: Ticket intake 1-14
2026-10-08 22:19:15,020 INFO o.a.j.t.JMeterThread: Thread started: Ticket intake 1-17
2026-10-08 22:19:17,034 INFO o.a.j.t.JMeterThread: Thread is done: Ticket intake 1-15
2026-10-08 22:19:17,034 INFO o.a.j.t.JMeterThread: Thread finished: Ticket intake 1-15
2026-10-08 22:19:19,705 INFO o.a.j.t.JMeterThread: Thread started: Ticket intake 1-18
2026-10-08 22:19:21,864 INFO o.a.j.t.JMeterThread: Thread is done: Ticket intake 1-16
2026-10-08 22:19:21,864 INFO o.a.j.t.JMeterThread: Thread finished: Ticket intake 1-16
2026-10-08 22:19:25,964 INFO o.a.j.t.JMeterThread: Thread is done: Ticket intake 1-17
2026-10-08 22:19:25,964 INFO o.a.j.t.JMeterThread: Thread finished: Ticket intake 1-17
2026-10-08 22:19:30,449 INFO o.a.j.t.JMeterThread: Thread started: Ticket intake 1-19
2026-10-08 22:19:30,627 INFO o.a.j.t.JMeterThread: Thread started: Ticket intake 1-20
2026-10-08 22:19:30,746 INFO o.a.j.t.JMeterThread: Thread started: Ticket intake 1-21
2026-10-08 22:19:30,821 INFO o.a.j.t.JMeterThread: Thread started: Ticket intake 1-22
2026-10-08 22:19:32,266 INFO o.a.j.r.Summariser: summary +      6 in 00:00:28 =    0.2/s Avg: 10444 Min:  6770 Max: 13293 Err:     0 (0.00%) Active: 5 Started: 22 Finished: 17
2026-10-08 22:19:32,267 INFO o.a.j.r.Summariser: summary =     18 in 00:01:45 =    0.2/s Avg:  9537 Min:  4000 Max: 14431 Err:     0 (0.00%)
2026-10-08 22:19:32,267 INFO o.a.j.t.JMeterThread: Thread is done: Ticket intake 1-18
2026-10-08 22:19:32,267 INFO o.a.j.t.JMeterThread: Thread finished: Ticket intake 1-18
2026-10-08 22:19:32,424 INFO o.a.j.t.JMeterThread: Thread started: Ticket intake 1-23
2026-10-08 22:19:35,441 INFO o.a.j.t.JMeterThread: Thread is done: Ticket intake 1-19
2026-10-08 22:19:35,443 INFO o.a.j.t.JMeterThread: Thread finished: Ticket intake 1-19
2026-10-08 22:19:35,974 INFO o.a.j.t.JMeterThread: Thread started: Ticket intake 1-24
2026-10-08 22:19:39,609 INFO o.a.j.t.JMeterThread: Thread is done: Ticket intake 1-20
2026-10-08 22:19:39,609 INFO o.a.j.t.JMeterThread: Thread finished: Ticket intake 1-20
2026-10-08 22:19:43,673 INFO o.a.j.t.JMeterThread: Thread is done: Ticket intake 1-21
2026-10-08 22:19:43,674 INFO o.a.j.t.JMeterThread: Thread finished: Ticket intake 1-21
2026-10-08 22:19:45,750 INFO o.a.j.t.JMeterThread: Thread started: Ticket intake 1-25
2026-10-08 22:19:46,127 INFO o.a.j.t.JMeterThread: Thread started: Ticket intake 1-26
2026-10-08 22:19:49,643 INFO o.a.j.t.JMeterThread: Thread started: Ticket intake 1-27
2026-10-08 22:19:50,185 INFO o.a.j.t.JMeterThread: Thread is done: Ticket intake 1-22
2026-10-08 22:19:50,185 INFO o.a.j.t.JMeterThread: Thread finished: Ticket intake 1-22
2026-10-08 22:19:53,137 INFO o.a.j.t.JMeterThread: Thread is done: Ticket intake 1-23
2026-10-08 22:19:53,137 INFO o.a.j.t.JMeterThread: Thread finished: Ticket intake 1-23
2026-10-08 22:19:54,636 INFO o.a.j.t.JMeterThread: Thread started: Ticket intake 1-28
2026-10-08 22:19:55,904 INFO o.a.j.t.JMeterThread: Thread is done: Ticket intake 1-24
2026-10-08 22:19:55,904 INFO o.a.j.t.JMeterThread: Thread finished: Ticket intake 1-24
2026-10-08 22:19:59,958 INFO o.a.j.t.JMeterThread: Thread is done: Ticket intake 1-25
2026-10-08 22:19:59,958 INFO o.a.j.t.JMeterThread: Thread finished: Ticket intake 1-25
2026-10-08 22:20:02,904 INFO o.a.j.r.Summariser: summary +      8 in 00:00:31 =    0.3/s Avg: 14735 Min:  4992 Max: 20711 Err:     0 (0.00%) Active: 3 Started: 28 Finished: 25
2026-10-08 22:20:02,905 INFO o.a.j.r.Summariser: summary =     26 in 00:02:15 =    0.2/s Avg: 11136 Min:  4000 Max: 20711 Err:     0 (0.00%)
2026-10-08 22:20:02,905 INFO o.a.j.t.JMeterThread: Thread is done: Ticket intake 1-26
2026-10-08 22:20:02,906 INFO o.a.j.t.JMeterThread: Thread finished: Ticket intake 1-26
2026-10-08 22:20:08,259 INFO o.a.j.t.JMeterThread: Thread is done: Ticket intake 1-27
2026-10-08 22:20:08,259 INFO o.a.j.t.JMeterThread: Thread finished: Ticket intake 1-27
2026-10-08 22:20:11,483 INFO o.a.j.t.JMeterThread: Thread started: Ticket intake 1-29
2026-10-08 22:20:14,735 INFO o.a.j.t.JMeterThread: Thread is done: Ticket intake 1-28
2026-10-08 22:20:14,735 INFO o.a.j.t.JMeterThread: Thread finished: Ticket intake 1-28
2026-10-08 22:20:15,752 INFO o.a.j.t.JMeterThread: Thread started: Ticket intake 1-30
2026-10-08 22:20:19,075 INFO o.a.j.t.JMeterThread: Thread is done: Ticket intake 1-29
2026-10-08 22:20:19,075 INFO o.a.j.t.JMeterThread: Thread finished: Ticket intake 1-29
2026-10-08 22:20:20,604 INFO o.a.j.t.JMeterThread: Thread started: Ticket intake 1-31
2026-10-08 22:20:21,994 INFO o.a.j.t.JMeterThread: Thread started: Ticket intake 1-32
2026-10-08 22:20:22,427 INFO o.a.j.t.JMeterThread: Thread is done: Ticket intake 1-30
2026-10-08 22:20:22,427 INFO o.a.j.t.JMeterThread: Thread finished: Ticket intake 1-30
2026-10-08 22:20:25,785 INFO o.a.j.t.JMeterThread: Thread is done: Ticket intake 1-31
2026-10-08 22:20:25,785 INFO o.a.j.t.JMeterThread: Thread finished: Ticket intake 1-31
2026-10-08 22:20:26,242 INFO o.a.j.t.JMeterThread: Thread started: Ticket intake 1-33
2026-10-08 22:20:26,513 INFO o.a.j.t.JMeterThread: Thread started: Ticket intake 1-34
2026-10-08 22:20:28,801 INFO o.a.j.t.JMeterThread: Thread started: Ticket intake 1-35
2026-10-08 22:20:28,866 INFO o.a.j.t.JMeterThread: Thread started: Ticket intake 1-36
2026-10-08 22:20:31,239 INFO o.a.j.r.Summariser: summary +      6 in 00:00:28 =    0.2/s Avg: 11233 Min:  5179 Max: 20096 Err:     0 (0.00%) Active: 5 Started: 36 Finished: 31
2026-10-08 22:20:31,240 INFO o.a.j.r.Summariser: summary =     32 in 00:02:44 =    0.2/s Avg: 11154 Min:  4000 Max: 20711 Err:     0 (0.00%)
2026-10-08 22:20:31,240 INFO o.a.j.t.JMeterThread: Thread is done: Ticket intake 1-32
2026-10-08 22:20:31,240 INFO o.a.j.t.JMeterThread: Thread finished: Ticket intake 1-32
2026-10-08 22:20:33,694 INFO o.a.j.t.JMeterThread: Thread started: Ticket intake 1-37
2026-10-08 22:20:35,874 INFO o.a.j.t.JMeterThread: Thread is done: Ticket intake 1-33
2026-10-08 22:20:35,874 INFO o.a.j.t.JMeterThread: Thread finished: Ticket intake 1-33
2026-10-08 22:20:36,038 INFO o.a.j.t.JMeterThread: Thread started: Ticket intake 1-38
2026-10-08 22:20:40,031 INFO o.a.j.t.JMeterThread: Thread is done: Ticket intake 1-34
2026-10-08 22:20:40,031 INFO o.a.j.t.JMeterThread: Thread finished: Ticket intake 1-34
2026-10-08 22:20:42,268 INFO o.a.j.t.JMeterThread: Thread started: Ticket intake 1-39
2026-10-08 22:20:42,554 INFO o.a.j.t.JMeterThread: Thread started: Ticket intake 1-40
2026-10-08 22:20:45,893 INFO o.a.j.t.JMeterThread: Thread is done: Ticket intake 1-35
2026-10-08 22:20:45,893 INFO o.a.j.t.JMeterThread: Thread finished: Ticket intake 1-35
2026-10-08 22:20:47,218 INFO o.a.j.t.JMeterThread: Thread started: Ticket intake 1-41
2026-10-08 22:20:50,052 INFO o.a.j.t.JMeterThread: Thread is done: Ticket intake 1-36
2026-10-08 22:20:50,053 INFO o.a.j.t.JMeterThread: Thread finished: Ticket intake 1-36
2026-10-08 22:20:54,977 INFO o.a.j.t.JMeterThread: Thread is done: Ticket intake 1-37
2026-10-08 22:20:54,977 INFO o.a.j.t.JMeterThread: Thread finished: Ticket intake 1-37
2026-10-08 22:20:58,372 INFO o.a.j.t.JMeterThread: Thread started: Ticket intake 1-42
2026-10-08 22:21:01,542 INFO o.a.j.r.Summariser: summary +      6 in 00:00:30 =    0.2/s Avg: 18037 Min:  9641 Max: 25502 Err:     0 (0.00%) Active: 5 Started: 42 Finished: 37
2026-10-08 22:21:01,543 INFO o.a.j.r.Summariser: summary =     38 in 00:03:14 =    0.2/s Avg: 12241 Min:  4000 Max: 25502 Err:     0 (0.00%)
2026-10-08 22:21:01,543 INFO o.a.j.t.JMeterThread: Thread is done: Ticket intake 1-38
2026-10-08 22:21:01,543 INFO o.a.j.t.JMeterThread: Thread finished: Ticket intake 1-38
2026-10-08 22:21:02,276 INFO o.a.j.t.JMeterThread: Thread started: Ticket intake 1-43
2026-10-08 22:21:06,768 INFO o.a.j.t.JMeterThread: Thread is done: Ticket intake 1-39
2026-10-08 22:21:06,768 INFO o.a.j.t.JMeterThread: Thread finished: Ticket intake 1-39
2026-10-08 22:21:13,745 INFO o.a.j.t.JMeterThread: Thread is done: Ticket intake 1-40
2026-10-08 22:21:13,745 INFO o.a.j.t.JMeterThread: Thread finished: Ticket intake 1-40
2026-10-08 22:21:19,485 INFO o.a.j.t.JMeterThread: Thread is done: Ticket intake 1-41
2026-10-08 22:21:19,486 INFO o.a.j.t.JMeterThread: Thread finished: Ticket intake 1-41
2026-10-08 22:21:25,901 INFO o.a.j.t.JMeterThread: Thread started: Ticket intake 1-44
2026-10-08 22:21:26,126 INFO o.a.j.t.JMeterThread: Thread started: Ticket intake 1-45
2026-10-08 22:21:27,679 INFO o.a.j.t.JMeterThread: Thread started: Ticket intake 1-46
2026-10-08 22:21:28,415 INFO o.a.j.t.JMeterThread: Thread is done: Ticket intake 1-42
2026-10-08 22:21:28,415 INFO o.a.j.t.JMeterThread: Thread finished: Ticket intake 1-42
2026-10-08 22:21:35,593 INFO o.a.j.r.Summariser: summary +      5 in 00:00:34 =    0.1/s Avg: 30262 Min: 24499 Max: 33315 Err:     0 (0.00%) Active: 4 Started: 46 Finished: 42
2026-10-08 22:21:35,593 INFO o.a.j.r.Summariser: summary =     43 in 00:03:48 =    0.2/s Avg: 14336 Min:  4000 Max: 33315 Err:     0 (0.00%)
2026-10-08 22:21:35,593 INFO o.a.j.t.JMeterThread: Thread is done: Ticket intake 1-43
2026-10-08 22:21:35,595 INFO o.a.j.t.JMeterThread: Thread finished: Ticket intake 1-43
2026-10-08 22:21:37,853 INFO o.a.j.t.JMeterThread: Thread started: Ticket intake 1-47
2026-10-08 22:21:41,611 INFO o.a.j.t.JMeterThread: Thread is done: Ticket intake 1-44
2026-10-08 22:21:41,611 INFO o.a.j.t.JMeterThread: Thread finished: Ticket intake 1-44
2026-10-08 22:21:44,815 INFO o.a.j.t.JMeterThread: Thread started: Ticket intake 1-48
2026-10-08 22:21:49,560 INFO o.a.j.t.JMeterThread: Thread is done: Ticket intake 1-45
2026-10-08 22:21:49,560 INFO o.a.j.t.JMeterThread: Thread finished: Ticket intake 1-45
2026-10-08 22:21:51,411 INFO o.a.j.t.JMeterThread: Thread started: Ticket intake 1-49
2026-10-08 22:21:53,057 INFO o.a.j.t.JMeterThread: Thread is done: Ticket intake 1-46
2026-10-08 22:21:53,057 INFO o.a.j.t.JMeterThread: Thread finished: Ticket intake 1-46
2026-10-08 22:21:53,621 INFO o.a.j.t.JMeterThread: Thread started: Ticket intake 1-50
2026-10-08 22:21:56,701 INFO o.a.j.t.JMeterThread: Thread is done: Ticket intake 1-47
2026-10-08 22:21:56,701 INFO o.a.j.t.JMeterThread: Thread finished: Ticket intake 1-47
2026-10-08 22:21:57,858 INFO o.a.j.t.JMeterThread: Thread started: Ticket intake 1-51
2026-10-08 22:21:58,736 INFO o.a.j.t.JMeterThread: Thread started: Ticket intake 1-52
2026-10-08 22:22:00,088 INFO o.a.j.r.Summariser: summary +      5 in 00:00:24 =    0.2/s Avg: 19727 Min: 15272 Max: 25377 Err:     0 (0.00%) Active: 5 Started: 52 Finished: 47
2026-10-08 22:22:00,089 INFO o.a.j.r.Summariser: summary =     48 in 00:04:12 =    0.2/s Avg: 14898 Min:  4000 Max: 33315 Err:     0 (0.00%)
2026-10-08 22:22:00,089 INFO o.a.j.t.JMeterThread: Thread is done: Ticket intake 1-48
2026-10-08 22:22:00,089 INFO o.a.j.t.JMeterThread: Thread finished: Ticket intake 1-48
2026-10-08 22:22:04,192 INFO o.a.j.t.JMeterThread: Thread started: Ticket intake 1-53
2026-10-08 22:22:04,475 INFO o.a.j.t.JMeterThread: Thread is done: Ticket intake 1-49
2026-10-08 22:22:04,475 INFO o.a.j.t.JMeterThread: Thread finished: Ticket intake 1-49
2026-10-08 22:22:07,637 INFO o.a.j.t.JMeterThread: Thread started: Ticket intake 1-54
2026-10-08 22:22:07,639 INFO o.a.j.t.JMeterThread: Thread started: Ticket intake 1-55
2026-10-08 22:22:08,146 INFO o.a.j.t.JMeterThread: Thread started: Ticket intake 1-56
2026-10-08 22:22:08,863 INFO o.a.j.t.JMeterThread: Thread is done: Ticket intake 1-50
2026-10-08 22:22:08,863 INFO o.a.j.t.JMeterThread: Thread finished: Ticket intake 1-50
2026-10-08 22:22:13,435 INFO o.a.j.t.JMeterThread: Thread is done: Ticket intake 1-51
2026-10-08 22:22:13,435 INFO o.a.j.t.JMeterThread: Thread finished: Ticket intake 1-51
2026-10-08 22:22:20,798 INFO o.a.j.t.JMeterThread: Thread is done: Ticket intake 1-52
2026-10-08 22:22:20,798 INFO o.a.j.t.JMeterThread: Thread finished: Ticket intake 1-52
2026-10-08 22:22:22,980 INFO o.a.j.t.JMeterThread: Thread started: Ticket intake 1-57
2026-10-08 22:22:28,277 INFO o.a.j.t.JMeterThread: Thread is done: Ticket intake 1-53
2026-10-08 22:22:28,277 INFO o.a.j.t.JMeterThread: Thread finished: Ticket intake 1-53
2026-10-08 22:22:28,554 INFO o.a.j.t.JMeterThread: Thread started: Ticket intake 1-58
2026-10-08 22:22:32,047 INFO o.a.j.r.Summariser: summary +      6 in 00:00:32 =    0.2/s Avg: 19071 Min: 13063 Max: 24408 Err:     0 (0.00%) Active: 5 Started: 58 Finished: 53
2026-10-08 22:22:32,048 INFO o.a.j.r.Summariser: summary =     54 in 00:04:44 =    0.2/s Avg: 15362 Min:  4000 Max: 33315 Err:     0 (0.00%)
2026-10-08 22:22:32,048 INFO o.a.j.t.JMeterThread: Thread is done: Ticket intake 1-54
2026-10-08 22:22:32,048 INFO o.a.j.t.JMeterThread: Thread finished: Ticket intake 1-54
2026-10-08 22:22:37,609 INFO o.a.j.t.JMeterThread: Thread is done: Ticket intake 1-55
2026-10-08 22:22:37,609 INFO o.a.j.t.JMeterThread: Thread finished: Ticket intake 1-55
2026-10-08 22:22:40,157 INFO o.a.j.t.JMeterThread: Thread started: Ticket intake 1-59
2026-10-08 22:22:43,049 INFO o.a.j.t.JMeterThread: Thread is done: Ticket intake 1-56
2026-10-08 22:22:43,049 INFO o.a.j.t.JMeterThread: Thread finished: Ticket intake 1-56
2026-10-08 22:22:44,872 INFO o.a.j.t.o.EvenArrivalsRamp: Generating 0 events, beginRate = 0.0 / sec, endRate = 0.0 / sec, duration = 120.0 sec
2026-10-08 22:22:44,872 INFO o.a.j.t.o.OpenModelThreadGroup: There will be no more events, so will wait for 122 sec till the end of the schedule
2026-10-08 22:22:44,872 INFO o.a.j.t.JMeterThread: Thread started: Ticket intake 1-60
2026-10-08 22:22:46,081 INFO o.a.j.t.JMeterThread: Thread is done: Ticket intake 1-57
2026-10-08 22:22:46,082 INFO o.a.j.t.JMeterThread: Thread finished: Ticket intake 1-57
2026-10-08 22:22:51,620 INFO o.a.j.t.JMeterThread: Thread is done: Ticket intake 1-58
2026-10-08 22:22:51,620 INFO o.a.j.t.JMeterThread: Thread finished: Ticket intake 1-58
2026-10-08 22:22:56,182 INFO o.a.j.t.JMeterThread: Thread is done: Ticket intake 1-59
2026-10-08 22:22:56,182 INFO o.a.j.t.JMeterThread: Thread finished: Ticket intake 1-59
2026-10-08 22:23:00,706 INFO o.a.j.r.Summariser: summary +      6 in 00:00:29 =    0.2/s Avg: 23814 Min: 15831 Max: 34902 Err:     0 (0.00%) Active: 1 Started: 60 Finished: 59
2026-10-08 22:23:00,707 INFO o.a.j.r.Summariser: summary =     60 in 00:05:13 =    0.2/s Avg: 16207 Min:  4000 Max: 34902 Err:     0 (0.00%)
2026-10-08 22:23:00,707 INFO o.a.j.t.JMeterThread: Thread is done: Ticket intake 1-60
2026-10-08 22:23:00,707 INFO o.a.j.t.JMeterThread: Thread finished: Ticket intake 1-60
2026-10-08 22:24:47,394 INFO o.a.j.t.o.OpenModelThreadGroup: There will be no more events, will shutdown the thread pool
2026-10-08 22:24:47,394 INFO o.a.j.t.o.OpenModelThreadGroup: Thread starting done
2026-10-08 22:24:47,394 INFO o.a.j.e.StandardJMeterEngine: Notifying test listeners of end of test
2026-10-08 22:24:47,394 INFO o.a.j.s.FileServer: Close: run2.data.txt
2026-10-08 22:24:47,394 INFO o.a.j.r.Summariser: summary =     60 in 00:07:00 =    0.1/s Avg: 16207 Min:  4000 Max: 34902 Err:     0 (0.00%)
