2026-10-08 22:33:50,988 INFO o.a.j.u.JMeterUtils: Setting Locale to en_EN
2026-10-08 22:33:51,004 INFO o.a.j.JMeter: Loading user properties from: C:\meter\bin\user.properties
2026-10-08 22:33:51,004 INFO o.a.j.JMeter: Loading system properties from: C:\meter\bin\system.properties
2026-10-08 22:33:51,004 INFO o.a.j.JMeter: Setting JMeter property: host=192.168.86.33
2026-10-08 22:33:51,004 INFO o.a.j.JMeter: Copyright (c) 1998-2024 The Apache Software Foundation
2026-10-08 22:33:51,004 INFO o.a.j.JMeter: Version 5.6.3
2026-10-08 22:33:51,004 INFO o.a.j.JMeter: java.version=1.8.0_431
2026-10-08 22:33:51,004 INFO o.a.j.JMeter: java.vm.name=Java HotSpot(TM) Client VM
2026-10-08 22:33:51,004 INFO o.a.j.JMeter: os.name=Windows 11
2026-10-08 22:33:51,004 INFO o.a.j.JMeter: os.arch=x86
2026-10-08 22:33:51,004 INFO o.a.j.JMeter: os.version=10.0
2026-10-08 22:33:51,004 INFO o.a.j.JMeter: file.encoding=Cp1252
2026-10-08 22:33:51,004 INFO o.a.j.JMeter: java.awt.headless=true
2026-10-08 22:33:51,004 INFO o.a.j.JMeter: Max memory     =1073741824
2026-10-08 22:33:51,004 INFO o.a.j.JMeter: Available Processors =16
2026-10-08 22:33:51,017 INFO o.a.j.JMeter: Default Locale=English (EN)
2026-10-08 22:33:51,017 INFO o.a.j.JMeter: JMeter  Locale=English (EN)
2026-10-08 22:33:51,017 INFO o.a.j.JMeter: JMeterHome=C:\meter
2026-10-08 22:33:51,017 INFO o.a.j.JMeter: user.dir  =C:\Projects\ICT3113-A1-Team8
2026-10-08 22:33:51,017 INFO o.a.j.JMeter: PWD       =C:\Projects\ICT3113-A1-Team8
2026-10-08 22:33:51,032 INFO o.a.j.JMeter: IP: 192.168.86.25 Name: Samuel-Laptop FullName: Samuel-Laptop.lan
2026-10-08 22:33:51,056 INFO o.a.j.s.FileServer: Default base='C:\Projects\ICT3113-A1-Team8'
2026-10-08 22:33:51,056 INFO o.a.j.s.FileServer: Set new base='C:\Projects\ICT3113-A1-Team8\results\load\gemma3_4b\0.20rps'
2026-10-08 22:33:51,174 INFO o.a.j.s.SaveService: Testplan (JMX) version: 2.2. Testlog (JTL) version: 2.2
2026-10-08 22:33:51,206 INFO o.a.j.s.SaveService: Using SaveService properties file encoding UTF-8
2026-10-08 22:33:51,212 INFO o.a.j.s.SaveService: Using SaveService properties version 5.0
2026-10-08 22:33:51,218 INFO o.a.j.s.SaveService: Loading file: C:\Projects\ICT3113-A1-Team8\results\load\gemma3_4b\0.20rps\run3.jmx
2026-10-08 22:33:51,281 INFO o.a.j.p.h.s.HTTPSamplerBase: Parser for text/html is org.apache.jmeter.protocol.http.parser.LagartoBasedHtmlParser
2026-10-08 22:33:51,281 INFO o.a.j.p.h.s.HTTPSamplerBase: Parser for application/xhtml+xml is org.apache.jmeter.protocol.http.parser.LagartoBasedHtmlParser
2026-10-08 22:33:51,281 INFO o.a.j.p.h.s.HTTPSamplerBase: Parser for application/xml is org.apache.jmeter.protocol.http.parser.LagartoBasedHtmlParser
2026-10-08 22:33:51,281 INFO o.a.j.p.h.s.HTTPSamplerBase: Parser for text/xml is org.apache.jmeter.protocol.http.parser.LagartoBasedHtmlParser
2026-10-08 22:33:51,281 INFO o.a.j.p.h.s.HTTPSamplerBase: Parser for text/vnd.wap.wml is org.apache.jmeter.protocol.http.parser.RegexpHTMLParser
2026-10-08 22:33:51,281 INFO o.a.j.p.h.s.HTTPSamplerBase: Parser for text/css is org.apache.jmeter.protocol.http.parser.CssParser
2026-10-08 22:33:51,455 INFO o.a.j.JMeter: Creating summariser <summary>
2026-10-08 22:33:51,481 INFO o.a.j.e.StandardJMeterEngine: Running the test!
2026-10-08 22:33:51,483 INFO o.a.j.s.SampleEvent: List of sample_variables: []
2026-10-08 22:33:51,483 INFO o.a.j.s.SampleEvent: List of sample_variables: []
2026-10-08 22:33:51,489 INFO o.a.j.e.u.CompoundVariable: Note: Function class names must contain the string: '.functions.'
2026-10-08 22:33:51,489 INFO o.a.j.e.u.CompoundVariable: Note: Function class names must not contain the string: '.gui.'
2026-10-08 22:33:51,718 INFO o.a.j.JMeter: Running test (1791470031718)
2026-10-08 22:33:51,757 INFO o.a.j.e.StandardJMeterEngine: Starting ThreadGroup: 1 : Ticket intake
2026-10-08 22:33:51,757 INFO o.a.j.e.StandardJMeterEngine: Starting 0 threads for group Ticket intake.
2026-10-08 22:33:51,757 INFO o.a.j.e.StandardJMeterEngine: Thread will continue on error
2026-10-08 22:33:51,759 INFO o.a.j.t.o.OpenModelThreadGroup: Starting OpenModelThreadGroup#1 with schedule rate(12/min) random_arrivals(5 min) rate(12/min) pause(2 min)
2026-10-08 22:33:51,785 INFO o.a.j.e.StandardJMeterEngine: All thread groups have been started
2026-10-08 22:33:51,785 INFO o.a.j.t.o.OpenModelThreadGroup: Thread starting init
2026-10-08 22:33:51,801 INFO o.a.j.t.o.PoissonArrivalsRamp: Generating 60 events, beginRate = 0.2 / sec, endRate = 0.2 / sec, duration = 300.0 sec
2026-10-08 22:33:53,814 INFO o.a.j.t.JMeterThread: Thread started: Ticket intake 1-1
2026-10-08 22:33:53,815 INFO o.a.j.s.FileServer: Stored: run3.data.txt
2026-10-08 22:33:53,838 INFO o.a.j.p.h.s.HTTPHCAbstractImpl: Local host = Samuel-Laptop
2026-10-08 22:33:53,843 INFO o.a.j.p.h.s.HTTPHC4Impl: HTTP request retry count = 0
2026-10-08 22:33:53,844 INFO o.a.j.s.SampleResult: Note: Sample TimeStamps are START times
2026-10-08 22:33:53,844 INFO o.a.j.s.SampleResult: sampleresult.default.encoding is set to UTF-8
2026-10-08 22:33:53,844 INFO o.a.j.s.SampleResult: sampleresult.useNanoTime=true
2026-10-08 22:33:53,844 INFO o.a.j.s.SampleResult: sampleresult.nanoThreadSleep=5000
2026-10-08 22:33:55,239 INFO o.a.j.t.JMeterThread: Thread started: Ticket intake 1-2
2026-10-08 22:33:59,948 INFO o.a.j.t.JMeterThread: Thread started: Ticket intake 1-3
2026-10-08 22:34:02,122 INFO o.a.j.r.Summariser: summary +      1 in 00:00:10 =    0.1/s Avg:  8230 Min:  8230 Max:  8230 Err:     0 (0.00%) Active: 3 Started: 3 Finished: 0
2026-10-08 22:34:02,123 INFO o.a.j.t.JMeterThread: Thread is done: Ticket intake 1-1
2026-10-08 22:34:02,123 INFO o.a.j.t.JMeterThread: Thread finished: Ticket intake 1-1
2026-10-08 22:34:04,530 INFO o.a.j.t.JMeterThread: Thread is done: Ticket intake 1-2
2026-10-08 22:34:04,530 INFO o.a.j.t.JMeterThread: Thread finished: Ticket intake 1-2
2026-10-08 22:34:04,847 INFO o.a.j.t.JMeterThread: Thread started: Ticket intake 1-4
2026-10-08 22:34:06,951 INFO o.a.j.t.JMeterThread: Thread started: Ticket intake 1-5
2026-10-08 22:34:07,176 INFO o.a.j.t.JMeterThread: Thread started: Ticket intake 1-6
2026-10-08 22:34:10,827 INFO o.a.j.t.JMeterThread: Thread is done: Ticket intake 1-3
2026-10-08 22:34:10,827 INFO o.a.j.t.JMeterThread: Thread finished: Ticket intake 1-3
2026-10-08 22:34:15,950 INFO o.a.j.t.JMeterThread: Thread is done: Ticket intake 1-4
2026-10-08 22:34:15,950 INFO o.a.j.t.JMeterThread: Thread finished: Ticket intake 1-4
2026-10-08 22:34:23,006 INFO o.a.j.t.JMeterThread: Thread is done: Ticket intake 1-5
2026-10-08 22:34:23,006 INFO o.a.j.t.JMeterThread: Thread finished: Ticket intake 1-5
2026-10-08 22:34:29,910 INFO o.a.j.t.JMeterThread: Thread started: Ticket intake 1-7
2026-10-08 22:34:30,427 INFO o.a.j.r.Summariser: summary +      5 in 00:00:28 =    0.2/s Avg: 14114 Min:  9289 Max: 23250 Err:     0 (0.00%) Active: 2 Started: 7 Finished: 5
2026-10-08 22:34:30,427 INFO o.a.j.r.Summariser: summary =      6 in 00:00:39 =    0.2/s Avg: 13133 Min:  8230 Max: 23250 Err:     0 (0.00%)
2026-10-08 22:34:30,428 INFO o.a.j.t.JMeterThread: Thread is done: Ticket intake 1-6
2026-10-08 22:34:30,428 INFO o.a.j.t.JMeterThread: Thread finished: Ticket intake 1-6
2026-10-08 22:34:33,814 INFO o.a.j.t.JMeterThread: Thread is done: Ticket intake 1-7
2026-10-08 22:34:33,814 INFO o.a.j.t.JMeterThread: Thread finished: Ticket intake 1-7
2026-10-08 22:34:35,674 INFO o.a.j.t.JMeterThread: Thread started: Ticket intake 1-8
2026-10-08 22:34:37,263 INFO o.a.j.t.JMeterThread: Thread started: Ticket intake 1-9
2026-10-08 22:34:37,487 INFO o.a.j.t.JMeterThread: Thread started: Ticket intake 1-10
2026-10-08 22:34:40,151 INFO o.a.j.t.JMeterThread: Thread started: Ticket intake 1-11
2026-10-08 22:34:43,196 INFO o.a.j.t.JMeterThread: Thread is done: Ticket intake 1-8
2026-10-08 22:34:43,196 INFO o.a.j.t.JMeterThread: Thread finished: Ticket intake 1-8
2026-10-08 22:34:47,979 INFO o.a.j.t.JMeterThread: Thread started: Ticket intake 1-12
2026-10-08 22:34:48,488 INFO o.a.j.t.JMeterThread: Thread is done: Ticket intake 1-9
2026-10-08 22:34:48,488 INFO o.a.j.t.JMeterThread: Thread finished: Ticket intake 1-9
2026-10-08 22:34:49,092 INFO o.a.j.t.JMeterThread: Thread started: Ticket intake 1-13
2026-10-08 22:34:50,470 INFO o.a.j.t.JMeterThread: Thread started: Ticket intake 1-14
2026-10-08 22:34:51,431 INFO o.a.j.t.JMeterThread: Thread started: Ticket intake 1-15
2026-10-08 22:34:51,546 INFO o.a.j.t.JMeterThread: Thread is done: Ticket intake 1-10
2026-10-08 22:34:51,546 INFO o.a.j.t.JMeterThread: Thread finished: Ticket intake 1-10
2026-10-08 22:34:56,253 INFO o.a.j.t.JMeterThread: Thread is done: Ticket intake 1-11
2026-10-08 22:34:56,253 INFO o.a.j.t.JMeterThread: Thread finished: Ticket intake 1-11
2026-10-08 22:34:58,535 INFO o.a.j.t.JMeterThread: Thread started: Ticket intake 1-16
2026-10-08 22:35:00,462 INFO o.a.j.r.Summariser: summary +      6 in 00:00:30 =    0.2/s Avg: 10880 Min:  3902 Max: 16101 Err:     0 (0.00%) Active: 5 Started: 16 Finished: 11
2026-10-08 22:35:00,462 INFO o.a.j.r.Summariser: summary =     12 in 00:01:09 =    0.2/s Avg: 12007 Min:  3902 Max: 23250 Err:     0 (0.00%)
2026-10-08 22:35:00,463 INFO o.a.j.t.JMeterThread: Thread is done: Ticket intake 1-12
2026-10-08 22:35:00,463 INFO o.a.j.t.JMeterThread: Thread finished: Ticket intake 1-12
2026-10-08 22:35:03,371 INFO o.a.j.t.JMeterThread: Thread started: Ticket intake 1-17
2026-10-08 22:35:06,190 INFO o.a.j.t.JMeterThread: Thread is done: Ticket intake 1-13
2026-10-08 22:35:06,190 INFO o.a.j.t.JMeterThread: Thread finished: Ticket intake 1-13
2026-10-08 22:35:10,542 INFO o.a.j.t.JMeterThread: Thread is done: Ticket intake 1-14
2026-10-08 22:35:10,542 INFO o.a.j.t.JMeterThread: Thread finished: Ticket intake 1-14
2026-10-08 22:35:13,565 INFO o.a.j.t.JMeterThread: Thread started: Ticket intake 1-18
2026-10-08 22:35:14,208 INFO o.a.j.t.JMeterThread: Thread is done: Ticket intake 1-15
2026-10-08 22:35:14,208 INFO o.a.j.t.JMeterThread: Thread finished: Ticket intake 1-15
2026-10-08 22:35:23,372 INFO o.a.j.t.JMeterThread: Thread is done: Ticket intake 1-16
2026-10-08 22:35:23,372 INFO o.a.j.t.JMeterThread: Thread finished: Ticket intake 1-16
2026-10-08 22:35:26,581 INFO o.a.j.t.JMeterThread: Thread is done: Ticket intake 1-17
2026-10-08 22:35:26,582 INFO o.a.j.t.JMeterThread: Thread finished: Ticket intake 1-17
2026-10-08 22:35:28,961 INFO o.a.j.t.JMeterThread: Thread started: Ticket intake 1-19
2026-10-08 22:35:30,097 INFO o.a.j.r.Summariser: summary +      6 in 00:00:30 =    0.2/s Avg: 20753 Min: 16531 Max: 24836 Err:     0 (0.00%) Active: 2 Started: 19 Finished: 17
2026-10-08 22:35:30,098 INFO o.a.j.r.Summariser: summary =     18 in 00:01:38 =    0.2/s Avg: 14922 Min:  3902 Max: 24836 Err:     0 (0.00%)
2026-10-08 22:35:30,098 INFO o.a.j.t.JMeterThread: Thread is done: Ticket intake 1-18
2026-10-08 22:35:30,099 INFO o.a.j.t.JMeterThread: Thread finished: Ticket intake 1-18
2026-10-08 22:35:32,948 INFO o.a.j.t.JMeterThread: Thread is done: Ticket intake 1-19
2026-10-08 22:35:32,949 INFO o.a.j.t.JMeterThread: Thread finished: Ticket intake 1-19
2026-10-08 22:35:34,159 INFO o.a.j.t.JMeterThread: Thread started: Ticket intake 1-20
2026-10-08 22:35:38,746 INFO o.a.j.t.JMeterThread: Thread started: Ticket intake 1-21
2026-10-08 22:35:42,013 INFO o.a.j.t.JMeterThread: Thread is done: Ticket intake 1-20
2026-10-08 22:35:42,013 INFO o.a.j.t.JMeterThread: Thread finished: Ticket intake 1-20
2026-10-08 22:35:43,529 INFO o.a.j.t.JMeterThread: Thread started: Ticket intake 1-22
2026-10-08 22:35:45,938 INFO o.a.j.t.JMeterThread: Thread is done: Ticket intake 1-21
2026-10-08 22:35:45,938 INFO o.a.j.t.JMeterThread: Thread finished: Ticket intake 1-21
2026-10-08 22:35:46,075 INFO o.a.j.t.JMeterThread: Thread started: Ticket intake 1-23
2026-10-08 22:35:46,658 INFO o.a.j.t.JMeterThread: Thread started: Ticket intake 1-24
2026-10-08 22:35:46,828 INFO o.a.j.t.JMeterThread: Thread started: Ticket intake 1-25
2026-10-08 22:35:48,965 INFO o.a.j.t.JMeterThread: Thread started: Ticket intake 1-26
2026-10-08 22:35:53,884 INFO o.a.j.t.JMeterThread: Thread is done: Ticket intake 1-22
2026-10-08 22:35:53,884 INFO o.a.j.t.JMeterThread: Thread finished: Ticket intake 1-22
2026-10-08 22:35:57,420 INFO o.a.j.t.JMeterThread: Thread is done: Ticket intake 1-23
2026-10-08 22:35:57,420 INFO o.a.j.t.JMeterThread: Thread finished: Ticket intake 1-23
2026-10-08 22:36:02,481 INFO o.a.j.r.Summariser: summary +      6 in 00:00:32 =    0.2/s Avg:  9424 Min:  3987 Max: 15820 Err:     0 (0.00%) Active: 3 Started: 26 Finished: 23
2026-10-08 22:36:02,481 INFO o.a.j.r.Summariser: summary =     24 in 00:02:11 =    0.2/s Avg: 13547 Min:  3902 Max: 24836 Err:     0 (0.00%)
2026-10-08 22:36:02,482 INFO o.a.j.t.JMeterThread: Thread is done: Ticket intake 1-24
2026-10-08 22:36:02,482 INFO o.a.j.t.JMeterThread: Thread finished: Ticket intake 1-24
2026-10-08 22:36:05,812 INFO o.a.j.t.JMeterThread: Thread is done: Ticket intake 1-25
2026-10-08 22:36:05,812 INFO o.a.j.t.JMeterThread: Thread finished: Ticket intake 1-25
2026-10-08 22:36:09,304 INFO o.a.j.t.JMeterThread: Thread started: Ticket intake 1-27
2026-10-08 22:36:09,913 INFO o.a.j.t.JMeterThread: Thread is done: Ticket intake 1-26
2026-10-08 22:36:09,913 INFO o.a.j.t.JMeterThread: Thread finished: Ticket intake 1-26
2026-10-08 22:36:10,118 INFO o.a.j.t.JMeterThread: Thread started: Ticket intake 1-28
2026-10-08 22:36:12,220 INFO o.a.j.t.JMeterThread: Thread started: Ticket intake 1-29
2026-10-08 22:36:12,826 INFO o.a.j.t.JMeterThread: Thread is done: Ticket intake 1-27
2026-10-08 22:36:12,826 INFO o.a.j.t.JMeterThread: Thread finished: Ticket intake 1-27
2026-10-08 22:36:18,180 INFO o.a.j.t.JMeterThread: Thread is done: Ticket intake 1-28
2026-10-08 22:36:18,181 INFO o.a.j.t.JMeterThread: Thread finished: Ticket intake 1-28
2026-10-08 22:36:22,429 INFO o.a.j.t.JMeterThread: Thread is done: Ticket intake 1-29
2026-10-08 22:36:22,429 INFO o.a.j.t.JMeterThread: Thread finished: Ticket intake 1-29
2026-10-08 22:36:23,393 INFO o.a.j.t.JMeterThread: Thread started: Ticket intake 1-30
2026-10-08 22:36:23,583 INFO o.a.j.t.JMeterThread: Thread started: Ticket intake 1-31
2026-10-08 22:36:26,035 INFO o.a.j.t.JMeterThread: Thread started: Ticket intake 1-32
2026-10-08 22:36:30,509 INFO o.a.j.r.Summariser: summary +      6 in 00:00:28 =    0.2/s Avg: 11472 Min:  3520 Max: 20947 Err:     0 (0.00%) Active: 3 Started: 32 Finished: 29
2026-10-08 22:36:30,509 INFO o.a.j.r.Summariser: summary =     30 in 00:02:39 =    0.2/s Avg: 13132 Min:  3520 Max: 24836 Err:     0 (0.00%)
2026-10-08 22:36:30,510 INFO o.a.j.t.JMeterThread: Thread is done: Ticket intake 1-30
2026-10-08 22:36:30,510 INFO o.a.j.t.JMeterThread: Thread finished: Ticket intake 1-30
2026-10-08 22:36:35,114 INFO o.a.j.t.JMeterThread: Thread is done: Ticket intake 1-31
2026-10-08 22:36:35,114 INFO o.a.j.t.JMeterThread: Thread finished: Ticket intake 1-31
2026-10-08 22:36:36,849 INFO o.a.j.t.JMeterThread: Thread started: Ticket intake 1-33
2026-10-08 22:36:41,794 INFO o.a.j.t.JMeterThread: Thread is done: Ticket intake 1-32
2026-10-08 22:36:41,795 INFO o.a.j.t.JMeterThread: Thread finished: Ticket intake 1-32
2026-10-08 22:36:44,102 INFO o.a.j.t.JMeterThread: Thread started: Ticket intake 1-34
2026-10-08 22:36:49,094 INFO o.a.j.t.JMeterThread: Thread is done: Ticket intake 1-33
2026-10-08 22:36:49,094 INFO o.a.j.t.JMeterThread: Thread finished: Ticket intake 1-33
2026-10-08 22:36:54,512 INFO o.a.j.t.JMeterThread: Thread is done: Ticket intake 1-34
2026-10-08 22:36:54,512 INFO o.a.j.t.JMeterThread: Thread finished: Ticket intake 1-34
2026-10-08 22:36:56,453 INFO o.a.j.t.JMeterThread: Thread started: Ticket intake 1-35
2026-10-08 22:36:56,479 INFO o.a.j.t.JMeterThread: Thread started: Ticket intake 1-36
2026-10-08 22:36:56,493 INFO o.a.j.t.JMeterThread: Thread started: Ticket intake 1-37
2026-10-08 22:37:01,882 INFO o.a.j.r.Summariser: summary +      5 in 00:00:31 =    0.2/s Avg: 11073 Min:  5428 Max: 15758 Err:     0 (0.00%) Active: 3 Started: 37 Finished: 34
2026-10-08 22:37:01,883 INFO o.a.j.r.Summariser: summary =     35 in 00:03:10 =    0.2/s Avg: 12838 Min:  3520 Max: 24836 Err:     0 (0.00%)
2026-10-08 22:37:01,883 INFO o.a.j.t.JMeterThread: Thread is done: Ticket intake 1-35
2026-10-08 22:37:01,883 INFO o.a.j.t.JMeterThread: Thread finished: Ticket intake 1-35
2026-10-08 22:37:02,481 INFO o.a.j.t.JMeterThread: Thread started: Ticket intake 1-38
2026-10-08 22:37:02,593 INFO o.a.j.t.JMeterThread: Thread started: Ticket intake 1-39
2026-10-08 22:37:05,545 INFO o.a.j.t.JMeterThread: Thread is done: Ticket intake 1-36
2026-10-08 22:37:05,545 INFO o.a.j.t.JMeterThread: Thread finished: Ticket intake 1-36
2026-10-08 22:37:08,189 INFO o.a.j.t.JMeterThread: Thread started: Ticket intake 1-40
2026-10-08 22:37:12,054 INFO o.a.j.t.JMeterThread: Thread is done: Ticket intake 1-37
2026-10-08 22:37:12,054 INFO o.a.j.t.JMeterThread: Thread finished: Ticket intake 1-37
2026-10-08 22:37:13,811 INFO o.a.j.t.JMeterThread: Thread started: Ticket intake 1-41
2026-10-08 22:37:19,820 INFO o.a.j.t.JMeterThread: Thread is done: Ticket intake 1-38
2026-10-08 22:37:19,820 INFO o.a.j.t.JMeterThread: Thread finished: Ticket intake 1-38
2026-10-08 22:37:25,280 INFO o.a.j.t.JMeterThread: Thread is done: Ticket intake 1-39
2026-10-08 22:37:25,280 INFO o.a.j.t.JMeterThread: Thread finished: Ticket intake 1-39
2026-10-08 22:37:25,420 INFO o.a.j.t.JMeterThread: Thread started: Ticket intake 1-42
2026-10-08 22:37:26,654 INFO o.a.j.t.JMeterThread: Thread started: Ticket intake 1-43
2026-10-08 22:37:27,836 INFO o.a.j.t.JMeterThread: Thread started: Ticket intake 1-44
2026-10-08 22:37:29,525 INFO o.a.j.t.JMeterThread: Thread is done: Ticket intake 1-40
2026-10-08 22:37:29,525 INFO o.a.j.t.JMeterThread: Thread finished: Ticket intake 1-40
2026-10-08 22:37:29,845 INFO o.a.j.t.JMeterThread: Thread started: Ticket intake 1-45
2026-10-08 22:37:35,245 INFO o.a.j.r.Summariser: summary +      6 in 00:00:33 =    0.2/s Avg: 17902 Min:  9065 Max: 22684 Err:     0 (0.00%) Active: 5 Started: 45 Finished: 40
2026-10-08 22:37:35,246 INFO o.a.j.r.Summariser: summary =     41 in 00:03:44 =    0.2/s Avg: 13579 Min:  3520 Max: 24836 Err:     0 (0.00%)
2026-10-08 22:37:35,246 INFO o.a.j.t.JMeterThread: Thread is done: Ticket intake 1-41
2026-10-08 22:37:35,246 INFO o.a.j.t.JMeterThread: Thread finished: Ticket intake 1-41
2026-10-08 22:37:36,507 INFO o.a.j.t.JMeterThread: Thread started: Ticket intake 1-46
2026-10-08 22:37:39,297 INFO o.a.j.t.JMeterThread: Thread started: Ticket intake 1-47
2026-10-08 22:37:39,912 INFO o.a.j.t.JMeterThread: Thread started: Ticket intake 1-48
2026-10-08 22:37:40,528 INFO o.a.j.t.JMeterThread: Thread started: Ticket intake 1-49
2026-10-08 22:37:41,303 INFO o.a.j.t.JMeterThread: Thread is done: Ticket intake 1-42
2026-10-08 22:37:41,303 INFO o.a.j.t.JMeterThread: Thread finished: Ticket intake 1-42
2026-10-08 22:37:48,150 INFO o.a.j.t.JMeterThread: Thread is done: Ticket intake 1-43
2026-10-08 22:37:48,150 INFO o.a.j.t.JMeterThread: Thread finished: Ticket intake 1-43
2026-10-08 22:37:50,595 INFO o.a.j.t.JMeterThread: Thread started: Ticket intake 1-50
2026-10-08 22:37:54,349 INFO o.a.j.t.JMeterThread: Thread is done: Ticket intake 1-44
2026-10-08 22:37:54,349 INFO o.a.j.t.JMeterThread: Thread finished: Ticket intake 1-44
2026-10-08 22:37:57,241 INFO o.a.j.t.JMeterThread: Thread started: Ticket intake 1-51
2026-10-08 22:37:58,539 INFO o.a.j.t.JMeterThread: Thread started: Ticket intake 1-52
2026-10-08 22:37:59,836 INFO o.a.j.t.JMeterThread: Thread is done: Ticket intake 1-45
2026-10-08 22:37:59,836 INFO o.a.j.t.JMeterThread: Thread finished: Ticket intake 1-45
2026-10-08 22:38:05,178 INFO o.a.j.t.JMeterThread: Thread started: Ticket intake 1-53
2026-10-08 22:38:05,651 INFO o.a.j.t.JMeterThread: Thread started: Ticket intake 1-54
2026-10-08 22:38:07,320 INFO o.a.j.t.JMeterThread: Thread is done: Ticket intake 1-46
2026-10-08 22:38:07,320 INFO o.a.j.t.JMeterThread: Thread finished: Ticket intake 1-46
2026-10-08 22:38:13,926 INFO o.a.j.t.JMeterThread: Thread is done: Ticket intake 1-47
2026-10-08 22:38:13,926 INFO o.a.j.t.JMeterThread: Thread finished: Ticket intake 1-47
2026-10-08 22:38:17,931 INFO o.a.j.t.JMeterThread: Thread started: Ticket intake 1-55
2026-10-08 22:38:17,980 INFO o.a.j.t.JMeterThread: Thread is done: Ticket intake 1-48
2026-10-08 22:38:17,981 INFO o.a.j.t.JMeterThread: Thread finished: Ticket intake 1-48
2026-10-08 22:38:18,770 INFO o.a.j.t.JMeterThread: Thread started: Ticket intake 1-56
2026-10-08 22:38:23,207 INFO o.a.j.t.JMeterThread: Thread is done: Ticket intake 1-49
2026-10-08 22:38:23,207 INFO o.a.j.t.JMeterThread: Thread finished: Ticket intake 1-49
2026-10-08 22:38:28,563 INFO o.a.j.t.JMeterThread: Thread is done: Ticket intake 1-50
2026-10-08 22:38:28,563 INFO o.a.j.t.JMeterThread: Thread finished: Ticket intake 1-50
2026-10-08 22:38:32,600 INFO o.a.j.r.Summariser: summary +     10 in 00:00:57 =    0.2/s Avg: 31339 Min: 15881 Max: 42687 Err:     0 (0.00%) Active: 6 Started: 56 Finished: 50
2026-10-08 22:38:32,601 INFO o.a.j.r.Summariser: summary =     51 in 00:04:41 =    0.2/s Avg: 17061 Min:  3520 Max: 42687 Err:     0 (0.00%)
2026-10-08 22:38:32,601 INFO o.a.j.t.JMeterThread: Thread is done: Ticket intake 1-51
2026-10-08 22:38:32,601 INFO o.a.j.t.JMeterThread: Thread finished: Ticket intake 1-51
2026-10-08 22:38:35,259 INFO o.a.j.t.JMeterThread: Thread started: Ticket intake 1-57
2026-10-08 22:38:35,595 INFO o.a.j.t.JMeterThread: Thread is done: Ticket intake 1-52
2026-10-08 22:38:35,595 INFO o.a.j.t.JMeterThread: Thread finished: Ticket intake 1-52
2026-10-08 22:38:36,229 INFO o.a.j.t.JMeterThread: Thread started: Ticket intake 1-58
2026-10-08 22:38:36,823 INFO o.a.j.t.JMeterThread: Thread started: Ticket intake 1-59
2026-10-08 22:38:39,248 INFO o.a.j.t.o.EvenArrivalsRamp: Generating 0 events, beginRate = 0.0 / sec, endRate = 0.0 / sec, duration = 120.0 sec
2026-10-08 22:38:39,248 INFO o.a.j.t.o.OpenModelThreadGroup: There will be no more events, so will wait for 132 sec till the end of the schedule
2026-10-08 22:38:39,248 INFO o.a.j.t.JMeterThread: Thread started: Ticket intake 1-60
2026-10-08 22:38:41,443 INFO o.a.j.t.JMeterThread: Thread is done: Ticket intake 1-53
2026-10-08 22:38:41,443 INFO o.a.j.t.JMeterThread: Thread finished: Ticket intake 1-53
2026-10-08 22:38:46,197 INFO o.a.j.t.JMeterThread: Thread is done: Ticket intake 1-54
2026-10-08 22:38:46,198 INFO o.a.j.t.JMeterThread: Thread finished: Ticket intake 1-54
2026-10-08 22:38:52,204 INFO o.a.j.t.JMeterThread: Thread is done: Ticket intake 1-55
2026-10-08 22:38:52,204 INFO o.a.j.t.JMeterThread: Thread finished: Ticket intake 1-55
2026-10-08 22:38:54,982 INFO o.a.j.t.JMeterThread: Thread is done: Ticket intake 1-56
2026-10-08 22:38:54,983 INFO o.a.j.t.JMeterThread: Thread finished: Ticket intake 1-56
2026-10-08 22:38:59,911 INFO o.a.j.t.JMeterThread: Thread is done: Ticket intake 1-57
2026-10-08 22:38:59,911 INFO o.a.j.t.JMeterThread: Thread finished: Ticket intake 1-57
2026-10-08 22:39:07,901 INFO o.a.j.t.JMeterThread: Thread is done: Ticket intake 1-58
2026-10-08 22:39:07,901 INFO o.a.j.t.JMeterThread: Thread finished: Ticket intake 1-58
2026-10-08 22:39:14,551 INFO o.a.j.t.JMeterThread: Thread is done: Ticket intake 1-59
2026-10-08 22:39:14,551 INFO o.a.j.t.JMeterThread: Thread finished: Ticket intake 1-59
2026-10-08 22:39:19,106 INFO o.a.j.t.JMeterThread: Thread is done: Ticket intake 1-60
2026-10-08 22:39:19,106 INFO o.a.j.t.JMeterThread: Thread finished: Ticket intake 1-60
2026-10-08 22:40:51,488 INFO o.a.j.t.o.OpenModelThreadGroup: There will be no more events, will shutdown the thread pool
2026-10-08 22:40:51,488 INFO o.a.j.t.o.OpenModelThreadGroup: Thread starting done
2026-10-08 22:40:51,488 INFO o.a.j.e.StandardJMeterEngine: Notifying test listeners of end of test
2026-10-08 22:40:51,488 INFO o.a.j.s.FileServer: Close: run3.data.txt
2026-10-08 22:40:51,490 INFO o.a.j.r.Summariser: summary +      9 in 00:02:19 =    0.1/s Avg: 35360 Min: 24650 Max: 40545 Err:     0 (0.00%) Active: 0 Started: 60 Finished: 60
2026-10-08 22:40:51,491 INFO o.a.j.r.Summariser: summary =     60 in 00:07:00 =    0.1/s Avg: 19806 Min:  3520 Max: 42687 Err:     0 (0.00%)
